Archive member included because of file (symbol)

contiki-sky.a(rimeaddr.o)     obj_sky/contiki-sky-main.o (rimeaddr_copy)
contiki-sky.a(rime.o)         obj_sky/contiki-sky-main.o (rime_driver)
contiki-sky.a(rimestats.o)    contiki-sky.a(rime.o) (rimestats)
contiki-sky.a(announcement.o)
                              contiki-sky.a(rime.o) (announcement_init)
contiki-sky.a(broadcast-annou)
                              contiki-sky.a(rime.o) (broadcast_announcement_init)
contiki-sky.a(broadcast.o)    attilio_send.co (broadcast_open)
contiki-sky.a(abc.o)          contiki-sky.a(broadcast.o) (abc_open)
contiki-sky.a(chameleon.o)    contiki-sky.a(rime.o) (chameleon_init)
contiki-sky.a(channel.o)      contiki-sky.a(chameleon.o) (channel_init)
contiki-sky.a(chameleon-bitop)
                              contiki-sky.a(chameleon.o) (chameleon_bitopt)
contiki-sky.a(csma.o)         obj_sky/contiki-sky-main.o (csma_driver)
contiki-sky.a(contikimac.o)   obj_sky/contiki-sky-main.o (contikimac_driver)
contiki-sky.a(phase.o)        contiki-sky.a(contikimac.o) (phase_update)
contiki-sky.a(process.o)      obj_sky/contiki-sky-main.o (process_init)
contiki-sky.a(autostart.o)    obj_sky/contiki-sky-main.o (autostart_start)
contiki-sky.a(compower.o)     contiki-sky.a(contikimac.o) (compower_idle_activity)
contiki-sky.a(serial-line.o)  obj_sky/contiki-sky-main.o (serial_line_input_byte)
contiki-sky.a(memb.o)         contiki-sky.a(csma.o) (memb_init)
contiki-sky.a(timer.o)        obj_sky/contiki-sky-main.o (timer_set)
contiki-sky.a(list.o)         contiki-sky.a(announcement.o) (list_init)
contiki-sky.a(etimer.o)       obj_sky/contiki-sky-main.o (etimer_process)
contiki-sky.a(ctimer.o)       obj_sky/contiki-sky-main.o (ctimer_init)
contiki-sky.a(energest.o)     obj_sky/contiki-sky-main.o (energest_init)
contiki-sky.a(rtimer.o)       obj_sky/contiki-sky-main.o (rtimer_init)
contiki-sky.a(random.o)       obj_sky/contiki-sky-main.o (random_init)
contiki-sky.a(ringbuf.o)      contiki-sky.a(serial-line.o) (ringbuf_init)
contiki-sky.a(packetbuf.o)    contiki-sky.a(contikimac.o) (packetbuf_hdr_remove)
contiki-sky.a(queuebuf.o)     contiki-sky.a(rime.o) (queuebuf_init)
contiki-sky.a(contiki-sky-pla)
                              obj_sky/contiki-sky-main.o (init_platform)
contiki-sky.a(button-sensor.o)
                              contiki-sky.a(contiki-sky-pla) (button_sensor)
contiki-sky.a(ds2411.o)       obj_sky/contiki-sky-main.o (ds2411_init)
contiki-sky.a(xmem.o)         obj_sky/contiki-sky-main.o (xmem_init)
contiki-sky.a(node-id.o)      obj_sky/contiki-sky-main.o (node_id_restore)
contiki-sky.a(sensors.o)      contiki-sky.a(button-sensor.o) (sensors_changed)
contiki-sky.a(cc2420.o)       obj_sky/contiki-sky-main.o (cc2420_set_channel)
contiki-sky.a(cc2420-arch.o)  contiki-sky.a(cc2420.o) (cc2420_arch_init)
contiki-sky.a(uart1.o)        obj_sky/contiki-sky-main.o (uart1_active)
contiki-sky.a(uart1-putchar.o)
                              obj_sky/contiki-sky-main.o (putchar)
contiki-sky.a(msp430.o)       contiki-sky.a(uart1.o) (msp430_add_lpm_req)
contiki-sky.a(clock.o)        contiki-sky.a(timer.o) (clock_time)
contiki-sky.a(leds.o)         obj_sky/contiki-sky-main.o (leds_init)
contiki-sky.a(leds-arch.o)    contiki-sky.a(leds.o) (leds_arch_init)
contiki-sky.a(watchdog.o)     obj_sky/contiki-sky-main.o (watchdog_start)
contiki-sky.a(rtimer-arch.o)  contiki-sky.a(rtimer.o) (rtimer_arch_init)
contiki-sky.a(mac.o)          contiki-sky.a(csma.o) (mac_call_sent_callback)
contiki-sky.a(framer-802154.o)
                              contiki-sky.a(contikimac.o) (framer_802154)
contiki-sky.a(spi.o)          contiki-sky.a(xmem.o) (spi_init)
contiki-sky.a(frame802154.o)  contiki-sky.a(framer-802154.o) (frame802154_hdrlen)
/usr/lib/gcc/msp430/4.5.3/mmpy-16/libgcc.a(_mulsi3.o)
                              contiki-sky.a(csma.o) (__mulsi3)
/usr/lib/gcc/msp430/4.5.3/mmpy-16/libgcc.a(_udivmodhi4.o)
                              contiki-sky.a(phase.o) (__udivmodhi4)
/usr/lib/gcc/msp430/4.5.3/mmpy-16/libgcc.a(_udivmodsi4.o)
                              obj_sky/contiki-sky-main.o (__udivmodsi4)
/usr/lib/gcc/msp430/4.5.3/../../../../msp430/lib/mmpy-16/libc.a(strncmp.o)
                              contiki-sky.a(sensors.o) (strncmp)
/usr/lib/gcc/msp430/4.5.3/../../../../msp430/lib/mmpy-16/libc.a(memcpy.o)
                              contiki-sky.a(broadcast-annou) (memcpy)
/usr/lib/gcc/msp430/4.5.3/../../../../msp430/lib/mmpy-16/libc.a(memset.o)
                              obj_sky/contiki-sky-main.o (memset)
/usr/lib/gcc/msp430/4.5.3/../../../../msp430/lib/mmpy-16/libc.a(printf.o)
                              obj_sky/contiki-sky-main.o (printf)
/usr/lib/gcc/msp430/4.5.3/../../../../msp430/lib/mmpy-16/libc.a(vuprintf.o)
                              /usr/lib/gcc/msp430/4.5.3/../../../../msp430/lib/mmpy-16/libc.a(printf.o) (vuprintf)
/usr/lib/gcc/msp430/4.5.3/../../../../msp430/lib/mmpy-16/libc.a(puts.o)
[...]
Memory Configuration

Name             Origin             Length             Attributes
sfr              0x00000000         0x00000010
peripheral_8bit  0x00000010         0x000000f0
peripheral_16bit 0x00000100         0x00000100
infomem          0x00001000         0x00000100
infob            0x00001000         0x00000080
infoa            0x00001080         0x00000080
ram              0x00001100         0x00002800         xw
rom              0x00004000         0x0000bfe0         xr
vectors          0x0000ffe0         0x00000020
bsl              0x00000000         0x00000000
infoc            0x00000000         0x00000000
infod            0x00000000         0x00000000
far_rom          0x00000000         0x00000000
*default*        0x00000000         0xffffffff

Linker script and memory map

LOAD /usr/lib/gcc/msp430/4.5.3/mmpy-16/crt0ivtbl16.o
LOAD attilio_send.co
LOAD obj_sky/contiki-sky-main.o
LOAD contiki-sky.a
LOAD /usr/lib/gcc/msp430/4.5.3/mmpy-16/libgcc.a
LOAD /usr/lib/gcc/msp430/4.5.3/../../../../msp430/lib/mmpy-16/libc.a
LOAD /usr/lib/gcc/msp430/4.5.3/mmpy-16/libgcc.a
LOAD /usr/lib/gcc/msp430/4.5.3/mmpy-16/libcrt0.a
                0x00000000                __IE1 = 0x0
                0x00000002                __IFG1 = 0x2
                0x00000004                __ME1 = 0x4
                0x00000001                __IE2 = 0x1
                0x00000003                __IFG2 = 0x3
                0x00000005                __ME2 = 0x5
                0x00000120                __WDTCTL = 0x120
                0x00000130                __MPY = 0x130
                0x00000132                __MPYS = 0x132
                0x00000134                __MAC = 0x134
                0x00000136                __MACS = 0x136
                0x00000138                __OP2 = 0x138
                0x0000013a                __RESLO = 0x13a
                0x0000013c                __RESHI = 0x13c
                0x0000013e                __SUMEXT = 0x13e
                0x00000020                __P1IN = 0x20
                0x00000021                __P1OUT = 0x21
                0x00000022                __P1DIR = 0x22
                0x00000023                __P1IFG = 0x23
                0x00000024                __P1IES = 0x24
                0x00000025                __P1IE = 0x25
                0x00000026                __P1SEL = 0x26
                0x00000028                __P2IN = 0x28
                0x00000029                __P2OUT = 0x29
                0x0000002a                __P2DIR = 0x2a
                0x0000002b                __P2IFG = 0x2b
                0x0000002c                __P2IES = 0x2c
                0x0000002d                __P2IE = 0x2d
                0x0000002e                __P2SEL = 0x2e
                0x00000018                __P3IN = 0x18
                0x00000019                __P3OUT = 0x19
                0x0000001a                __P3DIR = 0x1a
                0x0000001b                __P3SEL = 0x1b
                0x0000001c                __P4IN = 0x1c
                0x0000001d                __P4OUT = 0x1d
                0x0000001e                __P4DIR = 0x1e
                0x0000001f                __P4SEL = 0x1f
                0x00000030                __P5IN = 0x30
                0x00000031                __P5OUT = 0x31
                0x00000032                __P5DIR = 0x32
                0x00000033                __P5SEL = 0x33
                0x00000034                __P6IN = 0x34
                0x00000035                __P6OUT = 0x35
                0x00000036                __P6DIR = 0x36
                0x00000037                __P6SEL = 0x37
                0x00000070                __U0CTL = 0x70
                0x00000071                __U0TCTL = 0x71
                0x00000072                __U0RCTL = 0x72
                0x00000073                __U0MCTL = 0x73
                0x00000074                __U0BR0 = 0x74
                0x00000075                __U0BR1 = 0x75
                0x00000076                __U0RXBUF = 0x76
                0x00000077                __U0TXBUF = 0x77
                0x00000078                __U1CTL = 0x78
                0x00000079                __U1TCTL = 0x79
                0x0000007a                __U1RCTL = 0x7a
                0x0000007b                __U1MCTL = 0x7b
                0x0000007c                __U1BR0 = 0x7c
                0x0000007d                __U1BR1 = 0x7d
                0x0000007e                __U1RXBUF = 0x7e
                0x0000007f                __U1TXBUF = 0x7f
                0x00000050                __I2CIE = 0x50
                0x00000051                __I2CIFG = 0x51
                0x00000052                __I2CNDAT = 0x52
                0x00000071                __I2CTCTL = 0x71
                0x00000072                __I2CDCTL = 0x72
                0x00000073                __I2CPSC = 0x73
                0x00000074                __I2CSCLH = 0x74
                0x00000075                __I2CSCLL = 0x75
                0x00000076                __I2CDRB = 0x76
                0x00000076                __I2CDRW = 0x76
                0x00000118                __I2COA = 0x118
                0x0000011a                __I2CSA = 0x11a
                0x0000011c                __I2CIV = 0x11c
                0x0000012e                __TAIV = 0x12e
                0x00000160                __TACTL = 0x160
                0x00000162                __TACCTL0 = 0x162
                0x00000164                __TACCTL1 = 0x164
                0x00000166                __TACCTL2 = 0x166
                0x00000170                __TAR = 0x170
                0x00000172                __TACCR0 = 0x172
                0x00000174                __TACCR1 = 0x174
                0x00000176                __TACCR2 = 0x176
                0x0000011e                __TBIV = 0x11e
                0x00000180                __TBCTL = 0x180
                0x00000182                __TBCCTL0 = 0x182
                0x00000184                __TBCCTL1 = 0x184
                0x00000186                __TBCCTL2 = 0x186
                0x00000188                __TBCCTL3 = 0x188
                0x0000018a                __TBCCTL4 = 0x18a
                0x0000018c                __TBCCTL5 = 0x18c
                0x0000018e                __TBCCTL6 = 0x18e
                0x00000190                __TBR = 0x190
                0x00000192                __TBCCR0 = 0x192
                0x00000194                __TBCCR1 = 0x194
                0x00000196                __TBCCR2 = 0x196
                0x00000198                __TBCCR3 = 0x198
                0x0000019a                __TBCCR4 = 0x19a
                0x0000019c                __TBCCR5 = 0x19c
                0x0000019e                __TBCCR6 = 0x19e
                0x00000056                __DCOCTL = 0x56
                0x00000057                __BCSCTL1 = 0x57
                0x00000058                __BCSCTL2 = 0x58
                0x00000055                __SVSCTL = 0x55
                0x00000128                __FCTL1 = 0x128
                0x0000012a                __FCTL2 = 0x12a
                0x0000012c                __FCTL3 = 0x12c
                0x00000059                __CACTL1 = 0x59
                0x0000005a                __CACTL2 = 0x5a
                0x0000005b                __CAPD = 0x5b
                0x000001a0                __ADC12CTL0 = 0x1a0
                0x000001a2                __ADC12CTL1 = 0x1a2
                0x000001a4                __ADC12IFG = 0x1a4
                0x000001a6                __ADC12IE = 0x1a6
                0x000001a8                __ADC12IV = 0x1a8
                0x00000140                __ADC12MEM0 = 0x140
                0x00000142                __ADC12MEM1 = 0x142
                0x00000144                __ADC12MEM2 = 0x144
                0x00000146                __ADC12MEM3 = 0x146
                0x00000148                __ADC12MEM4 = 0x148
                0x0000014a                __ADC12MEM5 = 0x14a
                0x0000014c                __ADC12MEM6 = 0x14c
                0x0000014e                __ADC12MEM7 = 0x14e
                0x00000150                __ADC12MEM8 = 0x150
                0x00000152                __ADC12MEM9 = 0x152
                0x00000154                __ADC12MEM10 = 0x154
                0x00000156                __ADC12MEM11 = 0x156
                0x00000158                __ADC12MEM12 = 0x158
                0x0000015a                __ADC12MEM13 = 0x15a
                0x0000015c                __ADC12MEM14 = 0x15c
                0x0000015e                __ADC12MEM15 = 0x15e
                0x00000080                __ADC12MCTL0 = 0x80
                0x00000081                __ADC12MCTL1 = 0x81
                0x00000082                __ADC12MCTL2 = 0x82
                0x00000083                __ADC12MCTL3 = 0x83
                0x00000084                __ADC12MCTL4 = 0x84
                0x00000085                __ADC12MCTL5 = 0x85
                0x00000086                __ADC12MCTL6 = 0x86
                0x00000087                __ADC12MCTL7 = 0x87
                0x00000088                __ADC12MCTL8 = 0x88
                0x00000089                __ADC12MCTL9 = 0x89
                0x0000008a                __ADC12MCTL10 = 0x8a
                0x0000008b                __ADC12MCTL11 = 0x8b
                0x0000008c                __ADC12MCTL12 = 0x8c
                0x0000008d                __ADC12MCTL13 = 0x8d
                0x0000008e                __ADC12MCTL14 = 0x8e
                0x0000008f                __ADC12MCTL15 = 0x8f
                0x000001c0                __DAC12_0CTL = 0x1c0
                0x000001c2                __DAC12_1CTL = 0x1c2
                0x000001c8                __DAC12_0DAT = 0x1c8
                0x000001ca                __DAC12_1DAT = 0x1ca
                0x00000122                __DMACTL0 = 0x122
                0x00000124                __DMACTL1 = 0x124
                0x000001e0                __DMA0CTL = 0x1e0
                0x000001e8                __DMA1CTL = 0x1e8
                0x000001f0                __DMA2CTL = 0x1f0
                0x000001e2                __DMA0SA = 0x1e2
                0x000001e4                __DMA0DA = 0x1e4
                0x000001e6                __DMA0SZ = 0x1e6
                0x000001ea                __DMA1SA = 0x1ea
                0x000001ec                __DMA1DA = 0x1ec
                0x000001ee                __DMA1SZ = 0x1ee
                0x000001f2                __DMA2SA = 0x1f2
                0x000001f4                __DMA2DA = 0x1f4
                0x000001f6                __DMA2SZ = 0x1f6

.hash
 *(.hash)

.dynsym
 *(.dynsym)

.dynstr
 *(.dynstr)

.gnu.version
 *(.gnu.version)

.gnu.version_d
 *(.gnu.version_d)

.gnu.version_r
 *(.gnu.version_r)

.rel.init
 *(.rel.init)

.rela.init
 *(.rela.init)

.rel.text
 *(.rel.text)
 *(.rel.text.*)
 *(.rel.gnu.linkonce.t*)

.rela.text
 *(.rela.text)
 *(.rela.text.*)
 *(.rela.gnu.linkonce.t*)

.rel.fini
 *(.rel.fini)

.rela.fini
 *(.rela.fini)

.rel.rodata
 *(.rel.rodata)
 *(.rel.rodata.*)
 *(.rel.gnu.linkonce.r*)

.rela.rodata
 *(.rela.rodata)
 *(.rela.rodata.*)
 *(.rela.gnu.linkonce.r*)

.rel.data
 *(.rel.data)
 *(.rel.data.*)
 *(.rel.gnu.linkonce.d*)

.rela.data
 *(.rela.data)
 *(.rela.data.*)
 *(.rela.gnu.linkonce.d*)

.rel.ctors
 *(.rel.ctors)

.rela.ctors
 *(.rela.ctors)

.rel.dtors
 *(.rel.dtors)

.rela.dtors
 *(.rela.dtors)

.rel.got
 *(.rel.got)

.rela.got
 *(.rela.got)

.rel.bss
 *(.rel.bss)

.rela.bss
 *(.rela.bss)

.rel.plt
 *(.rel.plt)

.rela.plt
 *(.rela.plt)

.text           0x00004000     0x4dd4
                0x00004000                . = ALIGN (0x2)
 *(.init)
 *(.init0)
 .init0         0x00004000        0x0 /usr/lib/gcc/msp430/4.5.3/mmpy-16/libcrt0.a(_reset_vector__.o)
                0x00004000                _reset_vector__
 *(.init1)
 *(.init2)
 .init2         0x00004000        0x4 /usr/lib/gcc/msp430/4.5.3/mmpy-16/libcrt0.a(__init_stack.o)
                0x00004000                __init_stack
 *(.init3)
 .init3         0x00004004        0xa /usr/lib/gcc/msp430/4.5.3/mmpy-16/libcrt0.a(__low_level_init.o)
                0x00004004                __low_level_init
 *(.init4)
 .init4         0x0000400e       0x16 /usr/lib/gcc/msp430/4.5.3/mmpy-16/libcrt0.a(_copy_data.o)
                0x0000400e                __do_copy_data
 .init4         0x00004024       0x14 /usr/lib/gcc/msp430/4.5.3/mmpy-16/libcrt0.a(_clear_bss.o)
                0x00004024                __do_clear_bss
 *(.init5)
 *(.init6)
 *(.init7)
 *(.init8)
 *(.init9)
 .init9         0x00004038      0x302 obj_sky/contiki-sky-main.o
                0x00004038                main
 *(.fini9)
 .fini9         0x0000433a        0x0 /usr/lib/gcc/msp430/4.5.3/mmpy-16/libcrt0.a(__stop_progExec__.o)
                0x0000433a                __stop_progExec__
 *(.fini8)
 *(.fini7)
 *(.fini6)
 *(.fini5)
 *(.fini4)
 *(.fini3)
 *(.fini2)
 *(.fini1)
 *(.fini0)
 .fini0         0x0000433a        0x6 /usr/lib/gcc/msp430/4.5.3/mmpy-16/libcrt0.a(_endless_loop__.o)
                0x0000433a                _endless_loop__
 *(.fini)
                0x00004340                . = ALIGN (0x2)
                0x00004340                __ctors_start = .
 *(.ctors)
                0x00004340                __ctors_end = .
                0x00004340                __dtors_start = .
 *(.dtors)
                0x00004340                __dtors_end = .
                0x00004340                . = ALIGN (0x2)
 *(.text)
 .text          0x00004340        0x4 /usr/lib/gcc/msp430/4.5.3/mmpy-16/crt0ivtbl16.o
                0x00004340                __isr_14
                0x00004340                __isr_11
                0x00004340                __isr_2
                0x00004340                __isr_7
                0x00004340                __isr_0
                0x00004340                __isr_8
                0x00004340                __isr_3
                0x00004340                __isr_12
                0x00004340                __isr_13
                0x00004340                __isr_9
 .text          0x00004344       0x1a attilio_send.co
                0x00004356                autostart_processes
 .text          0x0000435e       0xd4 obj_sky/contiki-sky-main.o
 .text          0x00004432        0x2 contiki-sky.a(rimeaddr.o)
                0x00004432                rimeaddr_null
 .text          0x00004434        0xc contiki-sky.a(rime.o)
                0x0000443a                rime_driver
 .text          0x00004440        0x4 contiki-sky.a(broadcast-annou)
 .text          0x00004444        0x8 contiki-sky.a(broadcast.o)
 .text          0x0000444c        0x2 contiki-sky.a(abc.o)
 .text          0x0000444e       0x10 contiki-sky.a(chameleon-bitop)
                0x0000444e                chameleon_bitopt
 .text          0x0000445e       0x14 contiki-sky.a(csma.o)
                0x00004464                csma_driver
 .text          0x00004472       0x46 contiki-sky.a(contikimac.o)
                0x000044a8                contikimac_driver
 .text          0x000044b8        0xe contiki-sky.a(serial-line.o)
 .text          0x000044c6        0xc contiki-sky.a(etimer.o)
 .text          0x000044d2        0xf contiki-sky.a(ctimer.o)
 *fill*         0x000044e1        0x1 00
 .text          0x000044e2       0x10 contiki-sky.a(button-sensor.o)
                0x000044ea                button_sensor
 .text          0x000044f2        0x8 contiki-sky.a(sensors.o)
 .text          0x000044fa       0x22 contiki-sky.a(cc2420.o)
                0x00004508                cc2420_driver
 .text          0x0000451c        0x4 contiki-sky.a(framer-802154.o)
                0x0000451c                framer_802154
 .text          0x00004520        0x2 contiki-sky.a(frame802154.o)
 .text          0x00004522      0x104 /usr/lib/gcc/msp430/4.5.3/../../../../msp430/lib/mmpy-16/libc.a(memcpy.o)
                0x00004522                memcpy
 .text          0x00004626       0x66 /usr/lib/gcc/msp430/4.5.3/../../../../msp430/lib/mmpy-16/libc.a(memset.o)
                0x00004626                memset
 .text          0x0000468c       0x20 /usr/lib/gcc/msp430/4.5.3/../../../../msp430/lib/mmpy-16/libc.a(printf.o)
                0x0000468c                printf
                0x0000469e                vprintf
 .text          0x000046ac      0x476 /usr/lib/gcc/msp430/4.5.3/../../../../msp430/lib/mmpy-16/libc.a(vuprintf.o)
                0x000047b8                vuprintf
 .text          0x00004b22       0x2c /usr/lib/gcc/msp430/4.5.3/../../../../msp430/lib/mmpy-16/libc.a(puts.o)
                0x00004b22                puts
 .text          0x00004b4e      0x134 /usr/lib/gcc/msp430/4.5.3/../../../../msp430/lib/mmpy-16/libc.a(rand.o)
                0x00004b4e                rand_r
                0x00004be2                rand
                0x00004c78                srand
                0x00004c82                . = ALIGN (0x2)
 *(.text.*)
 .text.broadcast_recv
                0x00004c82        0x2 attilio_send.co
 .text.send_start_pkg_broad
                0x00004c84       0x2a attilio_send.co
                0x00004c84                send_start_pkg_broad
 .text.process_thread_example_broadcast_process
                0x00004cae       0x6c attilio_send.co
 .text.rimeaddr_copy
                0x00004d1a        0xc contiki-sky.a(rimeaddr.o)
                0x00004d1a                rimeaddr_copy
 .text.rimeaddr_cmp
                0x00004d26       0x1a contiki-sky.a(rimeaddr.o)
                0x00004d26                rimeaddr_cmp
 .text.rimeaddr_set_node_addr
                0x00004d40       0x10 contiki-sky.a(rimeaddr.o)
                0x00004d40                rimeaddr_set_node_addr
 .text.input    0x00004d50       0x42 contiki-sky.a(rime.o)
 .text.init     0x00004d92       0x2e contiki-sky.a(rime.o)
 .text.packet_sent
                0x00004dc0       0x44 contiki-sky.a(rime.o)
 .text.rime_output
                0x00004e04       0x28 contiki-sky.a(rime.o)
                0x00004e04                rime_output
 .text.announcement_init
                0x00004e2c        0xa contiki-sky.a(announcement.o)
                0x00004e2c                announcement_init
 .text.announcement_register_observer_callback
                0x00004e36        0x6 contiki-sky.a(announcement.o)
                0x00004e36                announcement_register_observer_callback
 .text.announcement_list
                0x00004e3c        0xa contiki-sky.a(announcement.o)
                0x00004e3c                announcement_list
 .text.announcement_heard
                0x00004e46       0x42 contiki-sky.a(announcement.o)
                0x00004e46                announcement_heard
 .text.adv_packet_sent
                0x00004e88        0x2 contiki-sky.a(broadcast-annou)
 .text.adv_packet_received
                0x00004e8a       0x6c contiki-sky.a(broadcast-annou)
 .text.set_timers
                0x00004ef6       0x60 contiki-sky.a(broadcast-annou)
 .text.new_announcement
                0x00004f56       0x18 contiki-sky.a(broadcast-annou)
 .text.send_timer
                0x00004f6e       0x38 contiki-sky.a(broadcast-annou)
 .text.send_adv
                0x00004fa6       0x66 contiki-sky.a(broadcast-annou)
 .text.broadcast_announcement_init
                0x0000500c       0x48 contiki-sky.a(broadcast-annou)
                0x0000500c                broadcast_announcement_init
 .text.sent_by_abc
                0x00005054       0x10 contiki-sky.a(broadcast.o)
 .text.recv_from_abc
                0x00005064       0x20 contiki-sky.a(broadcast.o)
 .text.broadcast_open
                0x00005084       0x2a contiki-sky.a(broadcast.o)
                0x00005084                broadcast_open
 .text.broadcast_close
                0x000050ae        0x6 contiki-sky.a(broadcast.o)
                0x000050ae                broadcast_close
 .text.broadcast_send
                0x000050b4       0x1a contiki-sky.a(broadcast.o)
                0x000050b4                broadcast_send
 .text.abc_open
                0x000050ce       0x26 contiki-sky.a(abc.o)
                0x000050ce                abc_open
 .text.abc_close
                0x000050f4        0x6 contiki-sky.a(abc.o)
                0x000050f4                abc_close
 .text.abc_send
                0x000050fa        0x6 contiki-sky.a(abc.o)
                0x000050fa                abc_send
 .text.abc_input
                0x00005100        0x8 contiki-sky.a(abc.o)
                0x00005100                abc_input
 .text.abc_sent
                0x00005108       0x10 contiki-sky.a(abc.o)
                0x00005108                abc_sent
 .text.chameleon_init
                0x00005118        0x6 contiki-sky.a(chameleon.o)
                0x00005118                chameleon_init
 .text.chameleon_parse
                0x0000511e       0x10 contiki-sky.a(chameleon.o)
                0x0000511e                chameleon_parse
 .text.chameleon_create
                0x0000512e       0x1c contiki-sky.a(chameleon.o)
                0x0000512e                chameleon_create
 .text.chameleon_hdrsize
                0x0000514a        0x6 contiki-sky.a(chameleon.o)
                0x0000514a                chameleon_hdrsize
 .text.channel_init
                0x00005150        0xa contiki-sky.a(channel.o)
                0x00005150                channel_init
 .text.channel_open
                0x0000515a       0x10 contiki-sky.a(channel.o)
                0x0000515a                channel_open
 .text.channel_close
                0x0000516a        0xc contiki-sky.a(channel.o)
                0x0000516a                channel_close
 .text.channel_lookup
                0x00005176       0x20 contiki-sky.a(channel.o)
                0x00005176                channel_lookup
 .text.channel_set_attributes
                0x00005196       0x24 contiki-sky.a(channel.o)
                0x00005196                channel_set_attributes
 .text.header_size
                0x000051ba       0x16 contiki-sky.a(chameleon-bitop)
 .text.get_bits_in_byte
                0x000051d0       0x30 contiki-sky.a(chameleon-bitop)
                0x000051d0                get_bits_in_byte
 .text.get_bits
                0x00005200       0xaa contiki-sky.a(chameleon-bitop)
                0x00005200                get_bits
 .text.unpack_header
                0x000052aa       0xde contiki-sky.a(chameleon-bitop)
 .text.set_bits_in_byte
                0x00005388       0x26 contiki-sky.a(chameleon-bitop)
                0x00005388                set_bits_in_byte
 .text.set_bits
                0x000053ae       0xb0 contiki-sky.a(chameleon-bitop)
                0x000053ae                set_bits
 .text.pack_header
                0x0000545e       0xb8 contiki-sky.a(chameleon-bitop)
 .text.input_packet
                0x00005516        0x6 contiki-sky.a(csma.o)
 .text.on       0x0000551c        0x6 contiki-sky.a(csma.o)
 .text.off      0x00005522        0x6 contiki-sky.a(csma.o)
 .text.channel_check_interval
                0x00005528        0xc contiki-sky.a(csma.o)
 .text.transmit_packet_list
                0x00005534       0x24 contiki-sky.a(csma.o)
 .text.send_packet
                0x00005558      0x172 contiki-sky.a(csma.o)
 .text.free_first_packet
                0x000056ca       0x98 contiki-sky.a(csma.o)
 .text.packet_sent
                0x00005762       0xfe contiki-sky.a(csma.o)
 .text.init     0x00005860       0x1a contiki-sky.a(csma.o)
 .text.on       0x0000587a       0x16 contiki-sky.a(contikimac.o)
 .text.off      0x00005890       0x1e contiki-sky.a(contikimac.o)
 .text.recv_burst_off
                0x000058ae        0xa contiki-sky.a(contikimac.o)
 .text.turn_off
                0x000058b8       0x20 contiki-sky.a(contikimac.o)
 .text.duty_cycle
                0x000058d8        0x6 contiki-sky.a(contikimac.o)
 .text.turn_on  0x000058de       0x30 contiki-sky.a(contikimac.o)
 .text.schedule_powercycle_fixed
                0x0000590e       0x4c contiki-sky.a(contikimac.o)
 .text.powercycle_turn_radio_off
                0x0000595a       0x2c contiki-sky.a(contikimac.o)
 .text.powercycle
                0x00005986      0x1cc contiki-sky.a(contikimac.o)
 .text.input_packet
                0x00005b52      0x118 contiki-sky.a(contikimac.o)
 .text.send_packet
                0x00005c6a      0x2e2 contiki-sky.a(contikimac.o)
 .text.qsend_list
                0x00005f4c       0x88 contiki-sky.a(contikimac.o)
 .text.qsend_packet
                0x00005fd4       0x26 contiki-sky.a(contikimac.o)
 .text.init     0x00005ffa       0x32 contiki-sky.a(contikimac.o)
 .text.send_packet
                0x0000602c       0x44 contiki-sky.a(phase.o)
 .text.find_neighbor
                0x00006070       0x32 contiki-sky.a(phase.o)
                0x00006070                find_neighbor
 .text.phase_update
                0x000060a2       0xb8 contiki-sky.a(phase.o)
                0x000060a2                phase_update
 .text.phase_wait
                0x0000615a      0x114 contiki-sky.a(phase.o)
                0x0000615a                phase_wait
 .text.phase_init
                0x0000626e       0x20 contiki-sky.a(phase.o)
                0x0000626e                phase_init
 .text.call_process
                0x0000628e       0x4c contiki-sky.a(process.o)
 .text.exit_process
                0x000062da       0x94 contiki-sky.a(process.o)
 .text.do_poll  0x0000636e       0x30 contiki-sky.a(process.o)
 .text.process_alloc_event
                0x0000639e        0xe contiki-sky.a(process.o)
                0x0000639e                process_alloc_event
 .text.process_init
                0x000063ac       0x1c contiki-sky.a(process.o)
                0x000063ac                process_init
 .text.process_run
                0x000063c8       0x9c contiki-sky.a(process.o)
                0x000063c8                process_run
 .text.process_nevents
                0x00006464        0xc contiki-sky.a(process.o)
                0x00006464                process_nevents
 .text.process_post
                0x00006470       0x54 contiki-sky.a(process.o)
                0x00006470                process_post
 .text.process_post_synch
                0x000064c4       0x12 contiki-sky.a(process.o)
                0x000064c4                process_post_synch
 .text.process_start
                0x000064d6       0x32 contiki-sky.a(process.o)
                0x000064d6                process_start
 .text.process_poll
                0x00006508       0x1a contiki-sky.a(process.o)
                0x00006508                process_poll
 .text.autostart_start
                0x00006522       0x18 contiki-sky.a(autostart.o)
                0x00006522                autostart_start
 .text.compower_accumulate
                0x0000653a       0x72 contiki-sky.a(compower.o)
                0x0000653a                compower_accumulate
 .text.compower_clear
                0x000065ac       0x12 contiki-sky.a(compower.o)
                0x000065ac                compower_clear
 .text.compower_attrconv
                0x000065be       0x10 contiki-sky.a(compower.o)
                0x000065be                compower_attrconv
 .text.process_thread_serial_line_process
                0x000065ce       0xa6 contiki-sky.a(serial-line.o)
 .text.serial_line_input_byte
                0x00006674       0x46 contiki-sky.a(serial-line.o)
                0x00006674                serial_line_input_byte
 .text.serial_line_init
                0x000066ba       0x1c contiki-sky.a(serial-line.o)
                0x000066ba                serial_line_init
 .text.memb_init
                0x000066d6       0x36 contiki-sky.a(memb.o)
                0x000066d6                memb_init
 .text.memb_alloc
                0x0000670c       0x3e contiki-sky.a(memb.o)
                0x0000670c                memb_alloc
 .text.memb_free
                0x0000674a       0x3a contiki-sky.a(memb.o)
                0x0000674a                memb_free
 .text.memb_inmemb
                0x00006784       0x2e contiki-sky.a(memb.o)
                0x00006784                memb_inmemb
 .text.timer_set
                0x000067b2       0x1c contiki-sky.a(timer.o)
                0x000067b2                timer_set
 .text.timer_reset
                0x000067ce        0xe contiki-sky.a(timer.o)
                0x000067ce                timer_reset
 .text.timer_expired
                0x000067dc       0x2e contiki-sky.a(timer.o)
                0x000067dc                timer_expired
 .text.list_init
                0x0000680a        0x6 contiki-sky.a(list.o)
                0x0000680a                list_init
 .text.list_head
                0x00006810        0x4 contiki-sky.a(list.o)
                0x00006810                list_head
 .text.list_tail
                0x00006814       0x14 contiki-sky.a(list.o)
                0x00006814                list_tail
 .text.list_chop
                0x00006828       0x2a contiki-sky.a(list.o)
                0x00006828                list_chop
 .text.list_pop
                0x00006852        0xe contiki-sky.a(list.o)
                0x00006852                list_pop
 .text.list_remove
                0x00006860       0x2e contiki-sky.a(list.o)
                0x00006860                list_remove
 .text.list_push
                0x0000688e       0x1a contiki-sky.a(list.o)
                0x0000688e                list_push
 .text.list_add
                0x000068a8       0x2a contiki-sky.a(list.o)
                0x000068a8                list_add
 .text.list_length
                0x000068d2       0x10 contiki-sky.a(list.o)
                0x000068d2                list_length
 .text.list_item_next
                0x000068e2        0x8 contiki-sky.a(list.o)
                0x000068e2                list_item_next
 .text.update_time
                0x000068ea       0x78 contiki-sky.a(etimer.o)
 .text.etimer_request_poll
                0x00006962        0xa contiki-sky.a(etimer.o)
                0x00006962                etimer_request_poll
 .text.process_thread_etimer_process
                0x0000696c       0xce contiki-sky.a(etimer.o)
 .text.add_timer
                0x00006a3a       0x38 contiki-sky.a(etimer.o)
 .text.etimer_set
                0x00006a72       0x12 contiki-sky.a(etimer.o)
                0x00006a72                etimer_set
 .text.etimer_reset
                0x00006a84       0x12 contiki-sky.a(etimer.o)
                0x00006a84                etimer_reset
 .text.etimer_expired
                0x00006a96        0xe contiki-sky.a(etimer.o)
                0x00006a96                etimer_expired
 .text.etimer_pending
                0x00006aa4        0xe contiki-sky.a(etimer.o)
                0x00006aa4                etimer_pending
 .text.etimer_next_expiration_time
                0x00006ab2       0x16 contiki-sky.a(etimer.o)
                0x00006ab2                etimer_next_expiration_time
 .text.etimer_stop
                0x00006ac8       0x3c contiki-sky.a(etimer.o)
                0x00006ac8                etimer_stop
 .text.process_thread_ctimer_process
                0x00006b04       0xa4 contiki-sky.a(ctimer.o)
 .text.ctimer_init
                0x00006ba8       0x18 contiki-sky.a(ctimer.o)
                0x00006ba8                ctimer_init
 .text.ctimer_set
                0x00006bc0       0x5a contiki-sky.a(ctimer.o)
                0x00006bc0                ctimer_set
 .text.ctimer_reset
                0x00006c1a       0x3a contiki-sky.a(ctimer.o)
                0x00006c1a                ctimer_reset
 .text.ctimer_stop
                0x00006c54       0x28 contiki-sky.a(ctimer.o)
                0x00006c54                ctimer_stop
 .text.energest_init
                0x00006c7c       0x2a contiki-sky.a(energest.o)
                0x00006c7c                energest_init
 .text.energest_type_time
                0x00006ca6       0x44 contiki-sky.a(energest.o)
                0x00006ca6                energest_type_time
 .text.energest_type_set
                0x00006cea        0xe contiki-sky.a(energest.o)
                0x00006cea                energest_type_set
 .text.energest_flush
                0x00006cf8       0x4a contiki-sky.a(energest.o)
                0x00006cf8                energest_flush
 .text.rtimer_init
                0x00006d42        0x6 contiki-sky.a(rtimer.o)
                0x00006d42                rtimer_init
 .text.rtimer_set
                0x00006d48       0x24 contiki-sky.a(rtimer.o)
                0x00006d48                rtimer_set
 .text.rtimer_run_next
                0x00006d6c       0x26 contiki-sky.a(rtimer.o)
                0x00006d6c                rtimer_run_next
 .text.random_init
                0x00006d92        0x6 contiki-sky.a(random.o)
                0x00006d92                random_init
 .text.random_rand
                0x00006d98        0x6 contiki-sky.a(random.o)
                0x00006d98                random_rand
 .text.ringbuf_init
                0x00006d9e       0x14 contiki-sky.a(ringbuf.o)
                0x00006d9e                ringbuf_init
 .text.ringbuf_put
                0x00006db2       0x3c contiki-sky.a(ringbuf.o)
                0x00006db2                ringbuf_put
 .text.ringbuf_get
                0x00006dee       0x32 contiki-sky.a(ringbuf.o)
                0x00006dee                ringbuf_get
 .text.packetbuf_copyto_hdr
                0x00006e20       0x1c contiki-sky.a(packetbuf.o)
                0x00006e20                packetbuf_copyto_hdr
 .text.packetbuf_copyto
                0x00006e3c       0x52 contiki-sky.a(packetbuf.o)
                0x00006e3c                packetbuf_copyto
 .text.packetbuf_hdr_remove
                0x00006e8e        0x6 contiki-sky.a(packetbuf.o)
                0x00006e8e                packetbuf_hdr_remove
 .text.packetbuf_hdrreduce
                0x00006e94       0x1a contiki-sky.a(packetbuf.o)
                0x00006e94                packetbuf_hdrreduce
 .text.packetbuf_set_datalen
                0x00006eae        0x6 contiki-sky.a(packetbuf.o)
                0x00006eae                packetbuf_set_datalen
 .text.packetbuf_dataptr
                0x00006eb4        0xa contiki-sky.a(packetbuf.o)
                0x00006eb4                packetbuf_dataptr
 .text.packetbuf_hdrptr
                0x00006ebe        0xa contiki-sky.a(packetbuf.o)
                0x00006ebe                packetbuf_hdrptr
 .text.packetbuf_is_reference
                0x00006ec8        0xe contiki-sky.a(packetbuf.o)
                0x00006ec8                packetbuf_is_reference
 .text.packetbuf_compact
                0x00006ed6       0x48 contiki-sky.a(packetbuf.o)
                0x00006ed6                packetbuf_compact
 .text.packetbuf_reference_ptr
                0x00006f1e        0x6 contiki-sky.a(packetbuf.o)
                0x00006f1e                packetbuf_reference_ptr
 .text.packetbuf_datalen
                0x00006f24        0x6 contiki-sky.a(packetbuf.o)
                0x00006f24                packetbuf_datalen
 .text.packetbuf_totlen
                0x00006f2a       0x10 contiki-sky.a(packetbuf.o)
                0x00006f2a                packetbuf_totlen
 .text.packetbuf_hdralloc
                0x00006f3a       0x2e contiki-sky.a(packetbuf.o)
                0x00006f3a                packetbuf_hdralloc
 .text.packetbuf_attr_clear
                0x00006f68       0x2e contiki-sky.a(packetbuf.o)
                0x00006f68                packetbuf_attr_clear
 .text.packetbuf_clear
                0x00006f96       0x20 contiki-sky.a(packetbuf.o)
                0x00006f96                packetbuf_clear
 .text.packetbuf_copyfrom
                0x00006fb6       0x2e contiki-sky.a(packetbuf.o)
                0x00006fb6                packetbuf_copyfrom
 .text.packetbuf_attr_copyto
                0x00006fe4       0x20 contiki-sky.a(packetbuf.o)
                0x00006fe4                packetbuf_attr_copyto
 .text.packetbuf_attr_copyfrom
                0x00007004       0x2c contiki-sky.a(packetbuf.o)
                0x00007004                packetbuf_attr_copyfrom
 .text.queuebuf_init
                0x00007030       0x1a contiki-sky.a(queuebuf.o)
                0x00007030                queuebuf_init
 .text.queuebuf_new_from_packetbuf
                0x0000704a       0x80 contiki-sky.a(queuebuf.o)
                0x0000704a                queuebuf_new_from_packetbuf
 .text.queuebuf_update_attr_from_packetbuf
                0x000070ca       0x12 contiki-sky.a(queuebuf.o)
                0x000070ca                queuebuf_update_attr_from_packetbuf
 .text.queuebuf_free
                0x000070dc       0x46 contiki-sky.a(queuebuf.o)
                0x000070dc                queuebuf_free
 .text.queuebuf_to_packetbuf
                0x00007122       0x70 contiki-sky.a(queuebuf.o)
                0x00007122                queuebuf_to_packetbuf
 .text.init_platform
                0x00007192        0xc contiki-sky.a(contiki-sky-pla)
                0x00007192                init_platform
 .text.status   0x0000719e       0x16 contiki-sky.a(button-sensor.o)
 .text.configure
                0x000071b4       0x4a contiki-sky.a(button-sensor.o)
 .text.value    0x000071fe       0x26 contiki-sky.a(button-sensor.o)
 .text.irq_p2   0x00007224       0x92 contiki-sky.a(button-sensor.o)
                0x00007224                irq_p2
                0x00007224                __isr_1
 .text.crc8_add
                0x000072b6       0x1a contiki-sky.a(ds2411.o)
 .text.owreadb  0x000072d0       0x56 contiki-sky.a(ds2411.o)
 .text.ds2411_init
                0x00007326      0x10a contiki-sky.a(ds2411.o)
                0x00007326                ds2411_init
 .text.wait_ready
                0x00007430       0x4e contiki-sky.a(xmem.o)
 .text.xmem_init
                0x0000747e       0x3c contiki-sky.a(xmem.o)
                0x0000747e                xmem_init
 .text.xmem_pread
                0x000074ba       0xdc contiki-sky.a(xmem.o)
                0x000074ba                xmem_pread
 .text.node_id_restore
                0x00007596       0x38 contiki-sky.a(node-id.o)
                0x00007596                node_id_restore
 .text.get_sensor_index
                0x000075ce       0x22 contiki-sky.a(sensors.o)
 .text.process_thread_sensors_process
                0x000075f0       0xc2 contiki-sky.a(sensors.o)
 .text.sensors_changed
                0x000076b2       0x14 contiki-sky.a(sensors.o)
                0x000076b2                sensors_changed
 .text.strobe   0x000076c6       0x1e contiki-sky.a(cc2420.o)
 .text.status   0x000076e4       0x24 contiki-sky.a(cc2420.o)
 .text.getreg   0x00007708       0x50 contiki-sky.a(cc2420.o)
 .text.setreg   0x00007758       0x48 contiki-sky.a(cc2420.o)
 .text.set_txpower
                0x000077a0       0x2a contiki-sky.a(cc2420.o)
 .text.cc2420_receiving_packet
                0x000077ca       0x10 contiki-sky.a(cc2420.o)
 .text.pending_packet
                0x000077da        0x8 contiki-sky.a(cc2420.o)
 .text.on       0x000077e2       0x46 contiki-sky.a(cc2420.o)
 .text.flushrx  0x00007828       0x74 contiki-sky.a(cc2420.o)
 .text.off      0x0000789c       0x78 contiki-sky.a(cc2420.o)
 .text.RELEASE_LOCK
                0x00007914       0x28 contiki-sky.a(cc2420.o)
 .text.cc2420_prepare
                0x0000793c       0x8a contiki-sky.a(cc2420.o)
 .text.cc2420_on
                0x000079c6       0x22 contiki-sky.a(cc2420.o)
                0x000079c6                cc2420_on
 .text.cc2420_off
                0x000079e8       0x30 contiki-sky.a(cc2420.o)
                0x000079e8                cc2420_off
 .text.cc2420_cca
                0x00007a18       0x7a contiki-sky.a(cc2420.o)
 .text.getrxdata
                0x00007a92       0x4e contiki-sky.a(cc2420.o)
 .text.cc2420_read
                0x00007ae0      0x11a contiki-sky.a(cc2420.o)
 .text.process_thread_cc2420_process
                0x00007bfa       0x50 contiki-sky.a(cc2420.o)
 .text.cc2420_set_channel
                0x00007c4a       0x7a contiki-sky.a(cc2420.o)
                0x00007c4a                cc2420_set_channel
 .text.cc2420_set_pan_addr
                0x00007cc4      0x13a contiki-sky.a(cc2420.o)
                0x00007cc4                cc2420_set_pan_addr
 .text.cc2420_init
                0x00007dfe       0xd4 contiki-sky.a(cc2420.o)
                0x00007dfe                cc2420_init
 .text.cc2420_interrupt
                0x00007ed2       0x20 contiki-sky.a(cc2420.o)
                0x00007ed2                cc2420_interrupt
 .text.cc2420_get_txpower
                0x00007ef2       0x1e contiki-sky.a(cc2420.o)
                0x00007ef2                cc2420_get_txpower
 .text.cc2420_transmit
                0x00007f10      0x1ac contiki-sky.a(cc2420.o)
 .text.cc2420_send
                0x000080bc       0x12 contiki-sky.a(cc2420.o)
 .text.cc2420_port1_interrupt
                0x000080ce       0x6a contiki-sky.a(cc2420-arch.o)
                0x000080ce                __isr_4
                0x000080ce                cc2420_port1_interrupt
 .text.cc2420_arch_init
                0x00008138       0x1a contiki-sky.a(cc2420-arch.o)
                0x00008138                cc2420_arch_init
 .text.handle_rxdma_timer
                0x00008152       0x42 contiki-sky.a(uart1.o)
 .text.uart1_active
                0x00008194       0x18 contiki-sky.a(uart1.o)
                0x00008194                uart1_active
 .text.uart1_set_input
                0x000081ac       0x20 contiki-sky.a(uart1.o)
                0x000081ac                uart1_set_input
 .text.uart1_writeb
                0x000081cc       0x1a contiki-sky.a(uart1.o)
                0x000081cc                uart1_writeb
 .text.uart1_init
                0x000081e6       0xee contiki-sky.a(uart1.o)
                0x000081e6                uart1_init
 .text.putchar  0x000082d4        0xe contiki-sky.a(uart1-putchar.o)
                0x000082d4                putchar
 .text.msp430_init_dco
                0x000082e2       0x74 contiki-sky.a(msp430.o)
                0x000082e2                msp430_init_dco
 .text.msp430_add_lpm_req
                0x00008356        0xa contiki-sky.a(msp430.o)
                0x00008356                msp430_add_lpm_req
 .text.msp430_cpu_init
                0x00008360       0x2a contiki-sky.a(msp430.o)
                0x00008360                msp430_cpu_init
 .text.splhigh_
                0x0000838a        0x8 contiki-sky.a(msp430.o)
                0x0000838a                splhigh_
 .text.msp430_sync_dco
                0x00008392       0x60 contiki-sky.a(msp430.o)
                0x00008392                msp430_sync_dco
 .text.timera1  0x000083f2       0xee contiki-sky.a(clock.o)
                0x000083f2                __isr_5
                0x000083f2                timera1
 .text.clock_time
                0x000084e0       0x1a contiki-sky.a(clock.o)
                0x000084e0                clock_time
 .text.clock_init
                0x000084fa       0x28 contiki-sky.a(clock.o)
                0x000084fa                clock_init
 .text.clock_delay
                0x00008522        0xc contiki-sky.a(clock.o)
                0x00008522                clock_delay
 .text.show_leds
                0x0000852e      0x10c contiki-sky.a(leds.o)
 .text.leds_init
                0x0000863a        0xe contiki-sky.a(leds.o)
                0x0000863a                leds_init
 .text.leds_on  0x00008648       0x14 contiki-sky.a(leds.o)
                0x00008648                leds_on
 .text.leds_off
                0x0000865c       0x14 contiki-sky.a(leds.o)
                0x0000865c                leds_off
 .text.leds_arch_init
                0x00008670        0xe contiki-sky.a(leds-arch.o)
                0x00008670                leds_arch_init
 .text.leds_arch_set
                0x0000867e       0x3a contiki-sky.a(leds-arch.o)
                0x0000867e                leds_arch_set
 .text.watchdog_interrupt
                0x000086b8        0x6 contiki-sky.a(watchdog.o)
                0x000086b8                __isr_10
                0x000086b8                watchdog_interrupt
 .text.watchdog_start
                0x000086be       0x14 contiki-sky.a(watchdog.o)
                0x000086be                watchdog_start
 .text.watchdog_periodic
                0x000086d2       0x12 contiki-sky.a(watchdog.o)
                0x000086d2                watchdog_periodic
 .text.watchdog_stop
                0x000086e4       0x16 contiki-sky.a(watchdog.o)
                0x000086e4                watchdog_stop
 .text.watchdog_init
                0x000086fa       0x14 contiki-sky.a(watchdog.o)
                0x000086fa                watchdog_init
 .text.rtimer_arch_init
                0x0000870e        0xe contiki-sky.a(rtimer-arch.o)
                0x0000870e                rtimer_arch_init
 .text.rtimer_arch_now
                0x0000871c        0xe contiki-sky.a(rtimer-arch.o)
                0x0000871c                rtimer_arch_now
 .text.timera0  0x0000872a       0x76 contiki-sky.a(rtimer-arch.o)
                0x0000872a                __isr_6
                0x0000872a                timera0
 .text.rtimer_arch_schedule
                0x000087a0        0x6 contiki-sky.a(rtimer-arch.o)
                0x000087a0                rtimer_arch_schedule
 .text.mac_call_sent_callback
                0x000087a6       0x14 contiki-sky.a(mac.o)
                0x000087a6                mac_call_sent_callback
 .text.parse    0x000087ba       0xa8 contiki-sky.a(framer-802154.o)
 .text.create   0x00008862      0x10e contiki-sky.a(framer-802154.o)
 .text.spi_init
                0x00008970       0x32 contiki-sky.a(spi.o)
                0x00008970                spi_init
 .text.field_len
                0x000089a2       0x98 contiki-sky.a(frame802154.o)
 .text.frame802154_hdrlen
                0x00008a3a       0x26 contiki-sky.a(frame802154.o)
                0x00008a3a                frame802154_hdrlen
 .text.frame802154_create
                0x00008a60      0x16c contiki-sky.a(frame802154.o)
                0x00008a60                frame802154_create
 .text.frame802154_parse
                0x00008bcc      0x1a0 contiki-sky.a(frame802154.o)
                0x00008bcc                frame802154_parse
 .text.libgcc   0x00008d6c       0x20 /usr/lib/gcc/msp430/4.5.3/mmpy-16/libgcc.a(_mulsi3.o)
                0x00008d6c                __mulsi3
 .text.libgcc   0x00008d8c       0x1c /usr/lib/gcc/msp430/4.5.3/mmpy-16/libgcc.a(_udivmodhi4.o)
                0x00008d8c                __udivmodhi4
 .text.libgcc   0x00008da8       0x2a /usr/lib/gcc/msp430/4.5.3/mmpy-16/libgcc.a(_udivmodsi4.o)
                0x00008da8                __udivmodsi4
 .text.crt0     0x00008dd2        0x2 /usr/lib/gcc/msp430/4.5.3/mmpy-16/libcrt0.a(_unexpected_.o)
                0x00008dd2                _unexpected_

.rodata         0x00008dd4        0x0
                0x00008dd4                . = ALIGN (0x2)
 *(.rodata .rodata.* .gnu.linkonce.r.*)
                0x00008dd4                . = ALIGN (0x2)
                0x00008dd4                _etext = .

.data           0x00001100       0x8c load address 0x00008dd4
                0x00001100                . = ALIGN (0x2)
                0x00001100                PROVIDE (__data_start, .)
 *(.data)
 .data          0x00001100        0xa attilio_send.co
                0x00001100                example_broadcast_process
 .data          0x0000110a       0x18 contiki-sky.a(csma.o)
 .data          0x00001122        0xe contiki-sky.a(contikimac.o)
                0x00001122                phase_list
 .data          0x00001130        0x8 contiki-sky.a(phase.o)
 .data          0x00001138        0xa contiki-sky.a(serial-line.o)
                0x00001138                serial_line_process
 .data          0x00001142        0xa contiki-sky.a(etimer.o)
                0x00001142                etimer_process
 .data          0x0000114c        0xa contiki-sky.a(ctimer.o)
                0x0000114c                ctimer_process
 .data          0x00001156       0x18 contiki-sky.a(queuebuf.o)
 .data          0x0000116e        0x4 contiki-sky.a(contiki-sky-pla)
                0x0000116e                sensors
 .data          0x00001172        0xa contiki-sky.a(sensors.o)
                0x00001172                sensors_process
 .data          0x0000117c        0xa contiki-sky.a(cc2420.o)
                0x0000117c                cc2420_process
 .data          0x00001186        0x2 contiki-sky.a(msp430.o)
 .data          0x00001188        0x4 /usr/lib/gcc/msp430/4.5.3/../../../../msp430/lib/mmpy-16/libc.a(rand.o)
 *(SORT(.data.*))
                0x0000118c                . = ALIGN (0x2)
 *(.gnu.linkonce.d*)
                0x0000118c                . = ALIGN (0x2)
                0x0000118c                _edata = .
                0x00008dd4                PROVIDE (__data_load_start, LOADADDR (.data))
                0x0000008c                PROVIDE (__data_size, SIZEOF (.data))

.bss            0x0000118c     0x152e load address 0x00008e60
                0x0000118c                PROVIDE (__bss_start, .)
 *(.bss)
 .bss           0x0000118c       0x18 attilio_send.co
 .bss           0x000011a4        0xc obj_sky/contiki-sky-main.o
 .bss           0x000011b0        0x2 contiki-sky.a(rime.o)
 .bss           0x000011b2        0x6 contiki-sky.a(announcement.o)
 .bss           0x000011b8       0x46 contiki-sky.a(broadcast-annou)
 .bss           0x000011fe        0x2 contiki-sky.a(channel.o)
 .bss           0x00001200      0x126 contiki-sky.a(csma.o)
 .bss           0x00001326      0x27a contiki-sky.a(contikimac.o)
 .bss           0x000015a0       0xe8 contiki-sky.a(phase.o)
 .bss           0x00001688       0x42 contiki-sky.a(process.o)
                0x00001688                process_list
                0x0000168a                process_current
 .bss           0x000016ca        0x8 contiki-sky.a(compower.o)
 .bss           0x000016d2      0x10a contiki-sky.a(serial-line.o)
 .bss           0x000017dc        0x6 contiki-sky.a(etimer.o)
 .bss           0x000017e2        0x4 contiki-sky.a(ctimer.o)
 .bss           0x000017e6        0x2 contiki-sky.a(rtimer.o)
 .bss           0x000017e8       0xba contiki-sky.a(packetbuf.o)
 .bss           0x000018a2      0xc4e contiki-sky.a(queuebuf.o)
 .bss           0x000024f0        0x8 contiki-sky.a(button-sensor.o)
 .bss           0x000024f8        0x2 contiki-sky.a(node-id.o)
                0x000024f8                node_id
 .bss           0x000024fa        0x6 contiki-sky.a(sensors.o)
 .bss           0x00002500        0xa contiki-sky.a(cc2420.o)
 .bss           0x0000250a       0x9a contiki-sky.a(uart1.o)
 .bss           0x000025a4        0xa contiki-sky.a(clock.o)
 .bss           0x000025ae        0x2 contiki-sky.a(leds.o)
 .bss           0x000025b0        0x2 contiki-sky.a(watchdog.o)
 .bss           0x000025b2        0x2 contiki-sky.a(framer-802154.o)
 *(SORT(.bss.*))
 *(COMMON)
 COMMON         0x000025b4        0x2 contiki-sky.a(rimeaddr.o)
                0x000025b4                rimeaddr_node_addr
 COMMON         0x000025b6       0x48 contiki-sky.a(rimestats.o)
                0x000025b6                rimestats
 COMMON         0x000025fe        0x1 contiki-sky.a(process.o)
                0x000025fe                process_maxevents
 *fill*         0x000025ff        0x1 00
 COMMON         0x00002600        0x8 contiki-sky.a(compower.o)
                0x00002600                compower_idle_activity
 COMMON         0x00002608        0x1 contiki-sky.a(serial-line.o)
                0x00002608                serial_line_event_message
 *fill*         0x00002609        0x1 00
 COMMON         0x0000260a       0x56 contiki-sky.a(energest.o)
                0x0000260a                energest_total_time
                0x0000263a                energest_total_count
                0x0000263c                energest_current_mode
                0x00002648                energest_current_time
 COMMON         0x00002660       0x38 contiki-sky.a(packetbuf.o)
                0x00002660                packetbuf_addrs
                0x00002668                packetbuf_attrs
 COMMON         0x00002698        0x2 contiki-sky.a(contiki-sky-pla)
                0x00002698                sensors_flags
 COMMON         0x0000269a        0x8 contiki-sky.a(ds2411.o)
                0x0000269a                ds2411_id
 COMMON         0x000026a2        0x1 contiki-sky.a(sensors.o)
                0x000026a2                sensors_event
 *fill*         0x000026a3        0x1 00
 COMMON         0x000026a4       0x14 contiki-sky.a(cc2420.o)
                0x000026a4                cc2420_last_rssi
                0x000026a6                cc2420_packets_read
                0x000026a8                cc2420_packets_seen
                0x000026aa                cc2420_sfd_start_time
                0x000026ac                cc2420_time_of_departure
                0x000026ae                cc2420_time_of_arrival
                0x000026b0                cc2420_last_correlation
                0x000026b2                cc2420_authority_level_of_sender
                0x000026b4                cc2420_sfd_counter
                0x000026b6                cc2420_sfd_end_time
 COMMON         0x000026b8        0x2 contiki-sky.a(msp430.o)
                0x000026b8                msp430_dco_required
                0x000026ba                PROVIDE (__bss_end, .)
                0x000026ba                _end = .
                0x0000152e                PROVIDE (__bss_size, SIZEOF (.bss))

.noinit         0x000026ba        0x0 load address 0x00008e60
                0x000026ba                PROVIDE (__noinit_start, .)
 *(.noinit)
 *(.noinit.*)
 *(COMMON)
                0x000026ba                PROVIDE (__noinit_end, .)
                0x000026ba                _end = .

.infomem        0x00001000        0x0
 *(.infomem)
                0x00001000                . = ALIGN (0x2)
 *(.infomem.*)

.infomemnobits  0x00001000        0x0
                0x00001000                . = ALIGN (0x2)
 *(.infomemnobits)
                0x00001000                . = ALIGN (0x2)
 *(.infomemnobits.*)

.vectors        0x0000ffe0       0x20
                0x0000ffe0                PROVIDE (__vectors_start, .)
 *(.vectors*)
 .vectors       0x0000ffe0       0x20 /usr/lib/gcc/msp430/4.5.3/mmpy-16/crt0ivtbl16.o
                0x0000ffe0                __ivtbl_16
                0x00010000                _vectors_end = .

.fartext        0x00000000        0x0
                0x00000000                . = ALIGN (0x2)
 *(.fartext)
                0x00000000                . = ALIGN (0x2)
 *(.fartext.*)
                0x00000000                _efartext = .

.profiler
 *(.profiler)

.stab
 *(.stab)

.stabstr
 *(.stabstr)

.stab.excl
 *(.stab.excl)

.stab.exclstr
 *(.stab.exclstr)

.stab.index
 *(.stab.index)

.stab.indexstr
 *(.stab.indexstr)

.comment
 *(.comment)

.debug
 *(.debug)

.line
 *(.line)

.debug_srcinfo
 *(.debug_srcinfo)

.debug_sfnames
 *(.debug_sfnames)

.debug_aranges  0x00000000      0x90c
 *(.debug_aranges)
 .debug_aranges
                0x00000000       0x1c attilio_send.co
 .debug_aranges
                0x0000001c       0x18 obj_sky/contiki-sky-main.o
 .debug_aranges
                0x00000034       0x1c contiki-sky.a(rimeaddr.o)
 .debug_aranges
                0x00000050       0x28 contiki-sky.a(rime.o)
 .debug_aranges
                0x00000078       0x3c contiki-sky.a(announcement.o)
 .debug_aranges
                0x000000b4       0x34 contiki-sky.a(broadcast-annou)
 .debug_aranges
                0x000000e8       0x24 contiki-sky.a(broadcast.o)
 .debug_aranges
                0x0000010c       0x24 contiki-sky.a(abc.o)
 .debug_aranges
                0x00000130       0x20 contiki-sky.a(chameleon.o)
 .debug_aranges
                0x00000150       0x24 contiki-sky.a(channel.o)
 .debug_aranges
                0x00000174       0x2c contiki-sky.a(chameleon-bitop)
 .debug_aranges
                0x000001a0       0x34 contiki-sky.a(csma.o)
 .debug_aranges
                0x000001d4       0x4c contiki-sky.a(contikimac.o)
 .debug_aranges
                0x00000220       0x28 contiki-sky.a(phase.o)
 .debug_aranges
                0x00000248       0x44 contiki-sky.a(process.o)
 .debug_aranges
                0x0000028c       0x18 contiki-sky.a(autostart.o)
 .debug_aranges
                0x000002a4       0x24 contiki-sky.a(compower.o)
 .debug_aranges
                0x000002c8       0x1c contiki-sky.a(serial-line.o)
 .debug_aranges
                0x000002e4       0x20 contiki-sky.a(memb.o)
 .debug_aranges
                0x00000304       0x24 contiki-sky.a(timer.o)
 .debug_aranges
                0x00000328       0x40 contiki-sky.a(list.o)
 .debug_aranges
                0x00000368       0x48 contiki-sky.a(etimer.o)
 .debug_aranges
                0x000003b0       0x2c contiki-sky.a(ctimer.o)
 .debug_aranges
                0x000003dc       0x24 contiki-sky.a(energest.o)
 .debug_aranges
                0x00000400       0x1c contiki-sky.a(rtimer.o)
 .debug_aranges
                0x0000041c       0x18 contiki-sky.a(random.o)
 .debug_aranges
                0x00000434       0x24 contiki-sky.a(ringbuf.o)
 .debug_aranges
                0x00000458       0x64 contiki-sky.a(packetbuf.o)
 .debug_aranges
                0x000004bc       0x38 contiki-sky.a(queuebuf.o)
 .debug_aranges
                0x000004f4       0x14 contiki-sky.a(contiki-sky-pla)
 .debug_aranges
                0x00000508       0x20 contiki-sky.a(button-sensor.o)
 .debug_aranges
                0x00000528       0x1c contiki-sky.a(ds2411.o)
 .debug_aranges
                0x00000544       0x28 contiki-sky.a(xmem.o)
 .debug_aranges
                0x0000056c       0x18 contiki-sky.a(node-id.o)
 .debug_aranges
                0x00000584       0x28 contiki-sky.a(sensors.o)
 .debug_aranges
                0x000005ac       0x88 contiki-sky.a(cc2420.o)
 .debug_aranges
                0x00000634       0x18 contiki-sky.a(cc2420-arch.o)
 .debug_aranges
                0x0000064c       0x24 contiki-sky.a(uart1.o)
 .debug_aranges
                0x00000670       0x14 contiki-sky.a(uart1-putchar.o)
 .debug_aranges
                0x00000684       0x2c contiki-sky.a(msp430.o)
 .debug_aranges
                0x000006b0       0x3c contiki-sky.a(clock.o)
 .debug_aranges
                0x000006ec       0x30 contiki-sky.a(leds.o)
 .debug_aranges
                0x0000071c       0x1c contiki-sky.a(leds-arch.o)
 .debug_aranges
                0x00000738       0x28 contiki-sky.a(watchdog.o)
 .debug_aranges
                0x00000760       0x20 contiki-sky.a(rtimer-arch.o)
 .debug_aranges
                0x00000780       0x14 contiki-sky.a(mac.o)
 .debug_aranges
                0x00000794       0x18 contiki-sky.a(framer-802154.o)
 .debug_aranges
                0x000007ac       0x14 contiki-sky.a(spi.o)
 .debug_aranges
                0x000007c0       0x20 contiki-sky.a(frame802154.o)
 .debug_aranges
                0x000007e0       0x14 /usr/lib/gcc/msp430/4.5.3/mmpy-16/libgcc.a(_mulsi3.o)
 .debug_aranges
                0x000007f4       0x14 /usr/lib/gcc/msp430/4.5.3/mmpy-16/libgcc.a(_udivmodhi4.o)
 .debug_aranges
                0x00000808       0x14 /usr/lib/gcc/msp430/4.5.3/mmpy-16/libgcc.a(_udivmodsi4.o)
 .debug_aranges
                0x0000081c       0x14 /usr/lib/gcc/msp430/4.5.3/../../../../msp430/lib/mmpy-16/libc.a(memcpy.o)
 .debug_aranges
                0x00000830       0x14 /usr/lib/gcc/msp430/4.5.3/../../../../msp430/lib/mmpy-16/libc.a(memset.o)
 .debug_aranges
                0x00000844       0x14 /usr/lib/gcc/msp430/4.5.3/../../../../msp430/lib/mmpy-16/libc.a(printf.o)
 .debug_aranges
                0x00000858       0x14 /usr/lib/gcc/msp430/4.5.3/../../../../msp430/lib/mmpy-16/libc.a(vuprintf.o)
 .debug_aranges
                0x0000086c       0x14 /usr/lib/gcc/msp430/4.5.3/../../../../msp430/lib/mmpy-16/libc.a(puts.o)
 .debug_aranges
                0x00000880       0x14 /usr/lib/gcc/msp430/4.5.3/../../../../msp430/lib/mmpy-16/libc.a(rand.o)
 .debug_aranges
                0x00000894       0x14 /usr/lib/gcc/msp430/4.5.3/mmpy-16/libcrt0.a(__init_stack.o)
 .debug_aranges
                0x000008a8       0x14 /usr/lib/gcc/msp430/4.5.3/mmpy-16/libcrt0.a(__low_level_init.o)
 .debug_aranges
                0x000008bc       0x14 /usr/lib/gcc/msp430/4.5.3/mmpy-16/libcrt0.a(_copy_data.o)
 .debug_aranges
                0x000008d0       0x14 /usr/lib/gcc/msp430/4.5.3/mmpy-16/libcrt0.a(_clear_bss.o)
 .debug_aranges
                0x000008e4       0x14 /usr/lib/gcc/msp430/4.5.3/mmpy-16/libcrt0.a(_endless_loop__.o)
 .debug_aranges
                0x000008f8       0x14 /usr/lib/gcc/msp430/4.5.3/mmpy-16/libcrt0.a(_unexpected_.o)

.debug_pubnames
                0x00000000     0x19b5
 *(.debug_pubnames)
 .debug_pubnames
                0x00000000       0x61 attilio_send.co
 .debug_pubnames
                0x00000061       0x27 obj_sky/contiki-sky-main.o
 .debug_pubnames
                0x00000088       0x79 contiki-sky.a(rimeaddr.o)
 .debug_pubnames
                0x00000101       0x5f contiki-sky.a(rime.o)
 .debug_pubnames
                0x00000160       0x20 contiki-sky.a(rimestats.o)
 .debug_pubnames
                0x00000180      0x144 contiki-sky.a(announcement.o)
 .debug_pubnames
                0x000002c4       0x7d contiki-sky.a(broadcast-annou)
 .debug_pubnames
                0x00000341       0x4c contiki-sky.a(broadcast.o)
 .debug_pubnames
                0x0000038d       0x55 contiki-sky.a(abc.o)
 .debug_pubnames
                0x000003e2       0x64 contiki-sky.a(chameleon.o)
 .debug_pubnames
                0x00000446       0x74 contiki-sky.a(channel.o)
 .debug_pubnames
                0x000004ba       0x6b contiki-sky.a(chameleon-bitop)
 .debug_pubnames
                0x00000525       0x22 contiki-sky.a(csma.o)
 .debug_pubnames
                0x00000547       0x52 contiki-sky.a(contikimac.o)
 .debug_pubnames
                0x00000599       0x64 contiki-sky.a(phase.o)
 .debug_pubnames
                0x000005fd      0x10d contiki-sky.a(process.o)
 .debug_pubnames
                0x0000070a       0x39 contiki-sky.a(autostart.o)
 .debug_pubnames
                0x00000743       0x9e contiki-sky.a(compower.o)
 .debug_pubnames
                0x000007e1       0x78 contiki-sky.a(serial-line.o)
 .debug_pubnames
                0x00000859       0x4d contiki-sky.a(memb.o)
 .debug_pubnames
                0x000008a6       0x68 contiki-sky.a(timer.o)
 .debug_pubnames
                0x0000090e       0xc3 contiki-sky.a(list.o)
 .debug_pubnames
                0x000009d1      0x109 contiki-sky.a(etimer.o)
 .debug_pubnames
                0x00000ada       0x8b contiki-sky.a(ctimer.o)
 .debug_pubnames
                0x00000b65       0xec contiki-sky.a(energest.o)
 .debug_pubnames
                0x00000c51       0x45 contiki-sky.a(rtimer.o)
 .debug_pubnames
                0x00000c96       0x32 contiki-sky.a(random.o)
 .debug_pubnames
                0x00000cc8       0x69 contiki-sky.a(ringbuf.o)
 .debug_pubnames
                0x00000d31      0x22c contiki-sky.a(packetbuf.o)
 .debug_pubnames
                0x00000f5d       0xff contiki-sky.a(queuebuf.o)
 .debug_pubnames
                0x0000105c       0x42 contiki-sky.a(contiki-sky-pla)
 .debug_pubnames
                0x0000109e       0x2f contiki-sky.a(button-sensor.o)
 .debug_pubnames
                0x000010cd       0x30 contiki-sky.a(ds2411.o)
 .debug_pubnames
                0x000010fd       0x4e contiki-sky.a(xmem.o)
 .debug_pubnames
                0x0000114b       0x43 contiki-sky.a(node-id.o)
 .debug_pubnames
                0x0000118e       0x80 contiki-sky.a(sensors.o)
 .debug_pubnames
                0x0000120e      0x236 contiki-sky.a(cc2420.o)
 .debug_pubnames
                0x00001444       0x42 contiki-sky.a(cc2420-arch.o)
 .debug_pubnames
                0x00001486       0x57 contiki-sky.a(uart1.o)
 .debug_pubnames
                0x000014dd       0x1e contiki-sky.a(uart1-putchar.o)
 .debug_pubnames
                0x000014fb       0xad contiki-sky.a(msp430.o)
 .debug_pubnames
                0x000015a8       0xc5 contiki-sky.a(clock.o)
 .debug_pubnames
                0x0000166d       0x75 contiki-sky.a(leds.o)
 .debug_pubnames
                0x000016e2       0x49 contiki-sky.a(leds-arch.o)
 .debug_pubnames
                0x0000172b       0x8a contiki-sky.a(watchdog.o)
 .debug_pubnames
                0x000017b5       0x60 contiki-sky.a(rtimer-arch.o)
 .debug_pubnames
                0x00001815       0x2d contiki-sky.a(mac.o)
 .debug_pubnames
                0x00001842       0x24 contiki-sky.a(framer-802154.o)
 .debug_pubnames
                0x00001866       0x2c contiki-sky.a(spi.o)
 .debug_pubnames
                0x00001892       0x56 contiki-sky.a(frame802154.o)
 .debug_pubnames
                0x000018e8       0x1d /usr/lib/gcc/msp430/4.5.3/../../../../msp430/lib/mmpy-16/libc.a(memcpy.o)
 .debug_pubnames
                0x00001905       0x1d /usr/lib/gcc/msp430/4.5.3/../../../../msp430/lib/mmpy-16/libc.a(memset.o)
 .debug_pubnames
                0x00001922       0x29 /usr/lib/gcc/msp430/4.5.3/../../../../msp430/lib/mmpy-16/libc.a(printf.o)
 .debug_pubnames
                0x0000194b       0x1f /usr/lib/gcc/msp430/4.5.3/../../../../msp430/lib/mmpy-16/libc.a(vuprintf.o)
 .debug_pubnames
                0x0000196a       0x1b /usr/lib/gcc/msp430/4.5.3/../../../../msp430/lib/mmpy-16/libc.a(puts.o)
 .debug_pubnames
                0x00001985       0x30 /usr/lib/gcc/msp430/4.5.3/../../../../msp430/lib/mmpy-16/libc.a(rand.o)

.debug_info     0x00000000     0xf15c
 *(.debug_info)
 .debug_info    0x00000000      0x622 attilio_send.co
 .debug_info    0x00000622      0x7e0 obj_sky/contiki-sky-main.o
 .debug_info    0x00000e02      0x1c0 contiki-sky.a(rimeaddr.o)
 .debug_info    0x00000fc2      0x5f3 contiki-sky.a(rime.o)
 .debug_info    0x000015b5      0x140 contiki-sky.a(rimestats.o)
 .debug_info    0x000016f5      0x3a9 contiki-sky.a(announcement.o)
 .debug_info    0x00001a9e      0x88f contiki-sky.a(broadcast-annou)
 .debug_info    0x0000232d      0x5c6 contiki-sky.a(broadcast.o)
 .debug_info    0x000028f3      0x495 contiki-sky.a(abc.o)
 .debug_info    0x00002d88      0x409 contiki-sky.a(chameleon.o)
 .debug_info    0x00003191      0x2d7 contiki-sky.a(channel.o)
 .debug_info    0x00003468      0x785 contiki-sky.a(chameleon-bitop)
 .debug_info    0x00003bed      0xbc8 contiki-sky.a(csma.o)
 .debug_info    0x000047b5     0x110c contiki-sky.a(contikimac.o)
 .debug_info    0x000058c1      0x89e contiki-sky.a(phase.o)
 .debug_info    0x0000615f      0x51f contiki-sky.a(process.o)
 .debug_info    0x0000667e      0x1b1 contiki-sky.a(autostart.o)
 .debug_info    0x0000682f      0x423 contiki-sky.a(compower.o)
 .debug_info    0x00006c52      0x35b contiki-sky.a(serial-line.o)
 .debug_info    0x00006fad      0x198 contiki-sky.a(memb.o)
 .debug_info    0x00007145      0x16d contiki-sky.a(timer.o)
 .debug_info    0x000072b2      0x2f3 contiki-sky.a(list.o)
 .debug_info    0x000075a5      0x498 contiki-sky.a(etimer.o)
 .debug_info    0x00007a3d      0x4a7 contiki-sky.a(ctimer.o)
 .debug_info    0x00007ee4      0x272 contiki-sky.a(energest.o)
 .debug_info    0x00008156      0x207 contiki-sky.a(rtimer.o)
 .debug_info    0x0000835d       0xa4 contiki-sky.a(random.o)
 .debug_info    0x00008401      0x1ad contiki-sky.a(ringbuf.o)
 .debug_info    0x000085ae      0x5ff contiki-sky.a(packetbuf.o)
 .debug_info    0x00008bad      0x6e3 contiki-sky.a(queuebuf.o)
 .debug_info    0x00009290      0x2b9 contiki-sky.a(contiki-sky-pla)
 .debug_info    0x00009549      0x496 contiki-sky.a(button-sensor.o)
 .debug_info    0x000099df      0x2cf contiki-sky.a(ds2411.o)
 .debug_info    0x00009cae      0x52b contiki-sky.a(xmem.o)
 .debug_info    0x0000a1d9       0xe8 contiki-sky.a(node-id.o)
 .debug_info    0x0000a2c1      0x405 contiki-sky.a(sensors.o)
 .debug_info    0x0000a6c6     0x1424 contiki-sky.a(cc2420.o)
 .debug_info    0x0000baea      0x2ad contiki-sky.a(cc2420-arch.o)
 .debug_info    0x0000bd97      0x632 contiki-sky.a(uart1.o)
 .debug_info    0x0000c3c9       0x8f contiki-sky.a(uart1-putchar.o)
 .debug_info    0x0000c458      0x40b contiki-sky.a(msp430.o)
 .debug_info    0x0000c863      0x43a contiki-sky.a(clock.o)
 .debug_info    0x0000cc9d      0x2a0 contiki-sky.a(leds.o)
 .debug_info    0x0000cf3d      0x111 contiki-sky.a(leds-arch.o)
 .debug_info    0x0000d04e      0x1bc contiki-sky.a(watchdog.o)
 .debug_info    0x0000d20a      0x255 contiki-sky.a(rtimer-arch.o)
 .debug_info    0x0000d45f      0x110 contiki-sky.a(mac.o)
 .debug_info    0x0000d56f      0x640 contiki-sky.a(framer-802154.o)
 .debug_info    0x0000dbaf      0x1a8 contiki-sky.a(spi.o)
 .debug_info    0x0000dd57      0x494 contiki-sky.a(frame802154.o)
 .debug_info    0x0000e1eb       0xd7 /usr/lib/gcc/msp430/4.5.3/mmpy-16/libgcc.a(_mulsi3.o)
 .debug_info    0x0000e2c2       0xd7 /usr/lib/gcc/msp430/4.5.3/mmpy-16/libgcc.a(_udivmodhi4.o)
 .debug_info    0x0000e399       0xd7 /usr/lib/gcc/msp430/4.5.3/mmpy-16/libgcc.a(_udivmodsi4.o)
 .debug_info    0x0000e470      0x113 /usr/lib/gcc/msp430/4.5.3/../../../../msp430/lib/mmpy-16/libc.a(memcpy.o)
 .debug_info    0x0000e583       0xfe /usr/lib/gcc/msp430/4.5.3/../../../../msp430/lib/mmpy-16/libc.a(memset.o)
 .debug_info    0x0000e681      0x103 /usr/lib/gcc/msp430/4.5.3/../../../../msp430/lib/mmpy-16/libc.a(printf.o)
 .debug_info    0x0000e784      0x3b5 /usr/lib/gcc/msp430/4.5.3/../../../../msp430/lib/mmpy-16/libc.a(vuprintf.o)
 .debug_info    0x0000eb39       0x96 /usr/lib/gcc/msp430/4.5.3/../../../../msp430/lib/mmpy-16/libc.a(puts.o)
 .debug_info    0x0000ebcf      0x137 /usr/lib/gcc/msp430/4.5.3/../../../../msp430/lib/mmpy-16/libc.a(rand.o)
 .debug_info    0x0000ed06       0xb9 /usr/lib/gcc/msp430/4.5.3/mmpy-16/libcrt0.a(__init_stack.o)
 .debug_info    0x0000edbf       0xb9 /usr/lib/gcc/msp430/4.5.3/mmpy-16/libcrt0.a(__low_level_init.o)
 .debug_info    0x0000ee78       0xb9 /usr/lib/gcc/msp430/4.5.3/mmpy-16/libcrt0.a(_copy_data.o)
 .debug_info    0x0000ef31       0xb9 /usr/lib/gcc/msp430/4.5.3/mmpy-16/libcrt0.a(_clear_bss.o)
 .debug_info    0x0000efea       0xb9 /usr/lib/gcc/msp430/4.5.3/mmpy-16/libcrt0.a(_endless_loop__.o)
 .debug_info    0x0000f0a3       0xb9 /usr/lib/gcc/msp430/4.5.3/mmpy-16/libcrt0.a(_unexpected_.o)
 *(.gnu.linkonce.wi.*)

.debug_abbrev   0x00000000     0x5911
 *(.debug_abbrev)
 .debug_abbrev  0x00000000      0x22c attilio_send.co
 .debug_abbrev  0x0000022c      0x274 obj_sky/contiki-sky-main.o
 .debug_abbrev  0x000004a0      0x176 contiki-sky.a(rimeaddr.o)
 .debug_abbrev  0x00000616      0x1f0 contiki-sky.a(rime.o)
 .debug_abbrev  0x00000806       0x5d contiki-sky.a(rimestats.o)
 .debug_abbrev  0x00000863      0x183 contiki-sky.a(announcement.o)
 .debug_abbrev  0x000009e6      0x254 contiki-sky.a(broadcast-annou)
 .debug_abbrev  0x00000c3a      0x224 contiki-sky.a(broadcast.o)
 .debug_abbrev  0x00000e5e      0x1aa contiki-sky.a(abc.o)
 .debug_abbrev  0x00001008      0x1e7 contiki-sky.a(chameleon.o)
 .debug_abbrev  0x000011ef      0x182 contiki-sky.a(channel.o)
 .debug_abbrev  0x00001371      0x28e contiki-sky.a(chameleon-bitop)
 .debug_abbrev  0x000015ff      0x36e contiki-sky.a(csma.o)
 .debug_abbrev  0x0000196d      0x3ac contiki-sky.a(contikimac.o)
 .debug_abbrev  0x00001d19      0x231 contiki-sky.a(phase.o)
 .debug_abbrev  0x00001f4a      0x2f8 contiki-sky.a(process.o)
 .debug_abbrev  0x00002242       0xf7 contiki-sky.a(autostart.o)
 .debug_abbrev  0x00002339      0x211 contiki-sky.a(compower.o)
 .debug_abbrev  0x0000254a      0x1d7 contiki-sky.a(serial-line.o)
 .debug_abbrev  0x00002721       0xec contiki-sky.a(memb.o)
 .debug_abbrev  0x0000280d       0xfa contiki-sky.a(timer.o)
 .debug_abbrev  0x00002907      0x153 contiki-sky.a(list.o)
 .debug_abbrev  0x00002a5a      0x22b contiki-sky.a(etimer.o)
 .debug_abbrev  0x00002c85      0x1de contiki-sky.a(ctimer.o)
 .debug_abbrev  0x00002e63      0x146 contiki-sky.a(energest.o)
 .debug_abbrev  0x00002fa9      0x13b contiki-sky.a(rtimer.o)
 .debug_abbrev  0x000030e4       0x69 contiki-sky.a(random.o)
 .debug_abbrev  0x0000314d      0x10b contiki-sky.a(ringbuf.o)
 .debug_abbrev  0x00003258      0x25d contiki-sky.a(packetbuf.o)
 .debug_abbrev  0x000034b5      0x234 contiki-sky.a(queuebuf.o)
 .debug_abbrev  0x000036e9      0x12c contiki-sky.a(contiki-sky-pla)
 .debug_abbrev  0x00003815      0x18a contiki-sky.a(button-sensor.o)
 .debug_abbrev  0x0000399f      0x1b5 contiki-sky.a(ds2411.o)
 .debug_abbrev  0x00003b54      0x206 contiki-sky.a(xmem.o)
 .debug_abbrev  0x00003d5a       0x95 contiki-sky.a(node-id.o)
 .debug_abbrev  0x00003def      0x1ed contiki-sky.a(sensors.o)
 .debug_abbrev  0x00003fdc      0x412 contiki-sky.a(cc2420.o)
 .debug_abbrev  0x000043ee      0x13f contiki-sky.a(cc2420-arch.o)
 .debug_abbrev  0x0000452d      0x1d7 contiki-sky.a(uart1.o)
 .debug_abbrev  0x00004704       0x52 contiki-sky.a(uart1-putchar.o)
 .debug_abbrev  0x00004756      0x192 contiki-sky.a(msp430.o)
 .debug_abbrev  0x000048e8      0x1b5 contiki-sky.a(clock.o)
 .debug_abbrev  0x00004a9d      0x139 contiki-sky.a(leds.o)
 .debug_abbrev  0x00004bd6       0xa8 contiki-sky.a(leds-arch.o)
 .debug_abbrev  0x00004c7e       0xdb contiki-sky.a(watchdog.o)
 .debug_abbrev  0x00004d59      0x137 contiki-sky.a(rtimer-arch.o)
 .debug_abbrev  0x00004e90       0xa2 contiki-sky.a(mac.o)
 .debug_abbrev  0x00004f32      0x222 contiki-sky.a(framer-802154.o)
 .debug_abbrev  0x00005154       0x81 contiki-sky.a(spi.o)
 .debug_abbrev  0x000051d5      0x18f contiki-sky.a(frame802154.o)
 .debug_abbrev  0x00005364       0x14 /usr/lib/gcc/msp430/4.5.3/mmpy-16/libgcc.a(_mulsi3.o)
 .debug_abbrev  0x00005378       0x14 /usr/lib/gcc/msp430/4.5.3/mmpy-16/libgcc.a(_udivmodhi4.o)
 .debug_abbrev  0x0000538c       0x14 /usr/lib/gcc/msp430/4.5.3/mmpy-16/libgcc.a(_udivmodsi4.o)
 .debug_abbrev  0x000053a0       0x97 /usr/lib/gcc/msp430/4.5.3/../../../../msp430/lib/mmpy-16/libc.a(memcpy.o)
 .debug_abbrev  0x00005437       0x8d /usr/lib/gcc/msp430/4.5.3/../../../../msp430/lib/mmpy-16/libc.a(memset.o)
 .debug_abbrev  0x000054c4       0xce /usr/lib/gcc/msp430/4.5.3/../../../../msp430/lib/mmpy-16/libc.a(printf.o)
 .debug_abbrev  0x00005592      0x1cb /usr/lib/gcc/msp430/4.5.3/../../../../msp430/lib/mmpy-16/libc.a(vuprintf.o)
 .debug_abbrev  0x0000575d       0x60 /usr/lib/gcc/msp430/4.5.3/../../../../msp430/lib/mmpy-16/libc.a(puts.o)
 .debug_abbrev  0x000057bd       0xdc /usr/lib/gcc/msp430/4.5.3/../../../../msp430/lib/mmpy-16/libc.a(rand.o)
 .debug_abbrev  0x00005899       0x14 /usr/lib/gcc/msp430/4.5.3/mmpy-16/libcrt0.a(__init_stack.o)
 .debug_abbrev  0x000058ad       0x14 /usr/lib/gcc/msp430/4.5.3/mmpy-16/libcrt0.a(__low_level_init.o)
 .debug_abbrev  0x000058c1       0x14 /usr/lib/gcc/msp430/4.5.3/mmpy-16/libcrt0.a(_copy_data.o)
 .debug_abbrev  0x000058d5       0x14 /usr/lib/gcc/msp430/4.5.3/mmpy-16/libcrt0.a(_clear_bss.o)
 .debug_abbrev  0x000058e9       0x14 /usr/lib/gcc/msp430/4.5.3/mmpy-16/libcrt0.a(_endless_loop__.o)
 .debug_abbrev  0x000058fd       0x14 /usr/lib/gcc/msp430/4.5.3/mmpy-16/libcrt0.a(_unexpected_.o)

.debug_line     0x00000000     0x57c1
 *(.debug_line)
 .debug_line    0x00000000      0x1b2 attilio_send.co
 .debug_line    0x000001b2      0x292 obj_sky/contiki-sky-main.o
 .debug_line    0x00000444       0xd8 contiki-sky.a(rimeaddr.o)
 .debug_line    0x0000051c      0x1a5 contiki-sky.a(rime.o)
 .debug_line    0x000006c1       0x65 contiki-sky.a(rimestats.o)
 .debug_line    0x00000726      0x19d contiki-sky.a(announcement.o)
 .debug_line    0x000008c3      0x278 contiki-sky.a(broadcast-annou)
 .debug_line    0x00000b3b      0x167 contiki-sky.a(broadcast.o)
 .debug_line    0x00000ca2      0x146 contiki-sky.a(abc.o)
 .debug_line    0x00000de8      0x139 contiki-sky.a(chameleon.o)
 .debug_line    0x00000f21      0x146 contiki-sky.a(channel.o)
 .debug_line    0x00001067      0x260 contiki-sky.a(chameleon-bitop)
 .debug_line    0x000012c7      0x2b6 contiki-sky.a(csma.o)
 .debug_line    0x0000157d      0x53b contiki-sky.a(contikimac.o)
 .debug_line    0x00001ab8      0x261 contiki-sky.a(phase.o)
 .debug_line    0x00001d19      0x1d3 contiki-sky.a(process.o)
 .debug_line    0x00001eec       0xa3 contiki-sky.a(autostart.o)
 .debug_line    0x00001f8f      0x15e contiki-sky.a(compower.o)
 .debug_line    0x000020ed      0x163 contiki-sky.a(serial-line.o)
 .debug_line    0x00002250       0xc5 contiki-sky.a(memb.o)
 .debug_line    0x00002315       0xcf contiki-sky.a(timer.o)
 .debug_line    0x000023e4      0x15e contiki-sky.a(list.o)
 .debug_line    0x00002542      0x209 contiki-sky.a(etimer.o)
 .debug_line    0x0000274b      0x1ac contiki-sky.a(ctimer.o)
 .debug_line    0x000028f7       0xcf contiki-sky.a(energest.o)
 .debug_line    0x000029c6       0x9b contiki-sky.a(rtimer.o)
 .debug_line    0x00002a61       0x56 contiki-sky.a(random.o)
 .debug_line    0x00002ab7       0xf7 contiki-sky.a(ringbuf.o)
 .debug_line    0x00002bae      0x289 contiki-sky.a(packetbuf.o)
 .debug_line    0x00002e37      0x1cd contiki-sky.a(queuebuf.o)
 .debug_line    0x00003004       0xe0 contiki-sky.a(contiki-sky-pla)
 .debug_line    0x000030e4      0x1a3 contiki-sky.a(button-sensor.o)
 .debug_line    0x00003287      0x146 contiki-sky.a(ds2411.o)
 .debug_line    0x000033cd      0x209 contiki-sky.a(xmem.o)
 .debug_line    0x000035d6       0x7a contiki-sky.a(node-id.o)
 .debug_line    0x00003650      0x14c contiki-sky.a(sensors.o)
 .debug_line    0x0000379c      0x76c contiki-sky.a(cc2420.o)
 .debug_line    0x00003f08      0x131 contiki-sky.a(cc2420-arch.o)
 .debug_line    0x00004039      0x1b1 contiki-sky.a(uart1.o)
 .debug_line    0x000041ea       0x92 contiki-sky.a(uart1-putchar.o)
 .debug_line    0x0000427c      0x177 contiki-sky.a(msp430.o)
 .debug_line    0x000043f3      0x20b contiki-sky.a(clock.o)
 .debug_line    0x000045fe      0x110 contiki-sky.a(leds.o)
 .debug_line    0x0000470e       0xf3 contiki-sky.a(leds-arch.o)
 .debug_line    0x00004801      0x10d contiki-sky.a(watchdog.o)
 .debug_line    0x0000490e      0x114 contiki-sky.a(rtimer-arch.o)
 .debug_line    0x00004a22       0x69 contiki-sky.a(mac.o)
 .debug_line    0x00004a8b      0x17e contiki-sky.a(framer-802154.o)
 .debug_line    0x00004c09       0x9c contiki-sky.a(spi.o)
 .debug_line    0x00004ca5      0x1d0 contiki-sky.a(frame802154.o)
 .debug_line    0x00004e75       0x9d /usr/lib/gcc/msp430/4.5.3/mmpy-16/libgcc.a(_mulsi3.o)
 .debug_line    0x00004f12       0x9a /usr/lib/gcc/msp430/4.5.3/mmpy-16/libgcc.a(_udivmodhi4.o)
 .debug_line    0x00004fac       0xa1 /usr/lib/gcc/msp430/4.5.3/mmpy-16/libgcc.a(_udivmodsi4.o)
 .debug_line    0x0000504d       0xf3 /usr/lib/gcc/msp430/4.5.3/../../../../msp430/lib/mmpy-16/libc.a(memcpy.o)
 .debug_line    0x00005140       0xbd /usr/lib/gcc/msp430/4.5.3/../../../../msp430/lib/mmpy-16/libc.a(memset.o)
 .debug_line    0x000051fd       0x72 /usr/lib/gcc/msp430/4.5.3/../../../../msp430/lib/mmpy-16/libc.a(printf.o)
 .debug_line    0x0000526f      0x198 /usr/lib/gcc/msp430/4.5.3/../../../../msp430/lib/mmpy-16/libc.a(vuprintf.o)
 .debug_line    0x00005407       0x4d /usr/lib/gcc/msp430/4.5.3/../../../../msp430/lib/mmpy-16/libc.a(puts.o)
 .debug_line    0x00005454       0x52 /usr/lib/gcc/msp430/4.5.3/../../../../msp430/lib/mmpy-16/libc.a(rand.o)
 .debug_line    0x000054a6       0x82 /usr/lib/gcc/msp430/4.5.3/mmpy-16/libcrt0.a(__init_stack.o)
 .debug_line    0x00005528       0x84 /usr/lib/gcc/msp430/4.5.3/mmpy-16/libcrt0.a(__low_level_init.o)
 .debug_line    0x000055ac       0x88 /usr/lib/gcc/msp430/4.5.3/mmpy-16/libcrt0.a(_copy_data.o)
 .debug_line    0x00005634       0x88 /usr/lib/gcc/msp430/4.5.3/mmpy-16/libcrt0.a(_clear_bss.o)
 .debug_line    0x000056bc       0x83 /usr/lib/gcc/msp430/4.5.3/mmpy-16/libcrt0.a(_endless_loop__.o)
 .debug_line    0x0000573f       0x82 /usr/lib/gcc/msp430/4.5.3/mmpy-16/libcrt0.a(_unexpected_.o)

.debug_frame    0x00000000     0x1c4c
 *(.debug_frame)
 .debug_frame   0x00000000       0x44 attilio_send.co
 .debug_frame   0x00000044       0xb6 obj_sky/contiki-sky-main.o
 .debug_frame   0x000000fa       0x36 contiki-sky.a(rimeaddr.o)
 .debug_frame   0x00000130       0x8a contiki-sky.a(rime.o)
 .debug_frame   0x000001ba       0xe8 contiki-sky.a(announcement.o)
 .debug_frame   0x000002a2       0xea contiki-sky.a(broadcast-annou)
 .debug_frame   0x0000038c       0x6c contiki-sky.a(broadcast.o)
 .debug_frame   0x000003f8       0x5e contiki-sky.a(abc.o)
 .debug_frame   0x00000456       0x48 contiki-sky.a(chameleon.o)
 .debug_frame   0x0000049e       0x5e contiki-sky.a(channel.o)
 .debug_frame   0x000004fc       0xea contiki-sky.a(chameleon-bitop)
 .debug_frame   0x000005e6       0xf6 contiki-sky.a(csma.o)
 .debug_frame   0x000006dc      0x182 contiki-sky.a(contikimac.o)
 .debug_frame   0x0000085e       0xc4 contiki-sky.a(phase.o)
 .debug_frame   0x00000922       0xe8 contiki-sky.a(process.o)
 .debug_frame   0x00000a0a       0x36 contiki-sky.a(autostart.o)
 .debug_frame   0x00000a40       0x5e contiki-sky.a(compower.o)
 .debug_frame   0x00000a9e       0x40 contiki-sky.a(serial-line.o)
 .debug_frame   0x00000ade       0x60 contiki-sky.a(memb.o)
 .debug_frame   0x00000b3e       0x6a contiki-sky.a(timer.o)
 .debug_frame   0x00000ba8       0xb6 contiki-sky.a(list.o)
 .debug_frame   0x00000c5e       0xf8 contiki-sky.a(etimer.o)
 .debug_frame   0x00000d56       0xaa contiki-sky.a(ctimer.o)
 .debug_frame   0x00000e00       0x72 contiki-sky.a(energest.o)
 .debug_frame   0x00000e72       0x36 contiki-sky.a(rtimer.o)
 .debug_frame   0x00000ea8       0x2a contiki-sky.a(random.o)
 .debug_frame   0x00000ed2       0x62 contiki-sky.a(ringbuf.o)
 .debug_frame   0x00000f34      0x158 contiki-sky.a(packetbuf.o)
 .debug_frame   0x0000108c       0xb2 contiki-sky.a(queuebuf.o)
 .debug_frame   0x0000113e       0x1e contiki-sky.a(contiki-sky-pla)
 .debug_frame   0x0000115c       0x70 contiki-sky.a(button-sensor.o)
 .debug_frame   0x000011cc       0x54 contiki-sky.a(ds2411.o)
 .debug_frame   0x00001220       0xc4 contiki-sky.a(xmem.o)
 .debug_frame   0x000012e4       0x32 contiki-sky.a(node-id.o)
 .debug_frame   0x00001316       0x84 contiki-sky.a(sensors.o)
 .debug_frame   0x0000139a      0x24e contiki-sky.a(cc2420.o)
 .debug_frame   0x000015e8       0x52 contiki-sky.a(cc2420-arch.o)
 .debug_frame   0x0000163a       0x6c contiki-sky.a(uart1.o)
 .debug_frame   0x000016a6       0x24 contiki-sky.a(uart1-putchar.o)
 .debug_frame   0x000016ca       0x76 contiki-sky.a(msp430.o)
 .debug_frame   0x00001740       0xdc contiki-sky.a(clock.o)
 .debug_frame   0x0000181c       0x96 contiki-sky.a(leds.o)
 .debug_frame   0x000018b2       0x36 contiki-sky.a(leds-arch.o)
 .debug_frame   0x000018e8       0x5a contiki-sky.a(watchdog.o)
 .debug_frame   0x00001942       0x6a contiki-sky.a(rtimer-arch.o)
 .debug_frame   0x000019ac       0x24 contiki-sky.a(mac.o)
 .debug_frame   0x000019d0       0x40 contiki-sky.a(framer-802154.o)
 .debug_frame   0x00001a10       0x1e contiki-sky.a(spi.o)
 .debug_frame   0x00001a2e       0x9a contiki-sky.a(frame802154.o)
 .debug_frame   0x00001ac8       0x32 /usr/lib/gcc/msp430/4.5.3/../../../../msp430/lib/mmpy-16/libc.a(memcpy.o)
 .debug_frame   0x00001afa       0x32 /usr/lib/gcc/msp430/4.5.3/../../../../msp430/lib/mmpy-16/libc.a(memset.o)
 .debug_frame   0x00001b2c       0x2a /usr/lib/gcc/msp430/4.5.3/../../../../msp430/lib/mmpy-16/libc.a(printf.o)
 .debug_frame   0x00001b56       0x82 /usr/lib/gcc/msp430/4.5.3/../../../../msp430/lib/mmpy-16/libc.a(vuprintf.o)
 .debug_frame   0x00001bd8       0x24 /usr/lib/gcc/msp430/4.5.3/../../../../msp430/lib/mmpy-16/libc.a(puts.o)
 .debug_frame   0x00001bfc       0x50 /usr/lib/gcc/msp430/4.5.3/../../../../msp430/lib/mmpy-16/libc.a(rand.o)

.debug_str      0x00000000     0x37a8
 *(.debug_str)
 .debug_str     0x00000000      0x390 attilio_send.co
                                0x461 (size before relaxing)
 .debug_str     0x00000390      0x19a obj_sky/contiki-sky-main.o
                                0x4b3 (size before relaxing)
 .debug_str     0x0000052a       0x70 contiki-sky.a(rimeaddr.o)
                                0x14a (size before relaxing)
 .debug_str     0x0000059a      0x178 contiki-sky.a(rime.o)
                                0x36d (size before relaxing)
 .debug_str     0x00000712       0x20 contiki-sky.a(rimestats.o)
                                 0xff (size before relaxing)
 .debug_str     0x00000732      0x19f contiki-sky.a(announcement.o)
                                0x2d5 (size before relaxing)
 .debug_str     0x000008d1      0x188 contiki-sky.a(broadcast-annou)
                                0x554 (size before relaxing)
 .debug_str     0x00000a59      0x347 contiki-sky.a(broadcast.o)
                                0x658 (size before relaxing)
 .debug_str     0x00000da0       0x49 contiki-sky.a(abc.o)
                                0x5e9 (size before relaxing)
 .debug_str     0x00000de9       0x97 contiki-sky.a(chameleon.o)
                                0x4d9 (size before relaxing)
 .debug_str     0x00000e80       0x8b contiki-sky.a(channel.o)
                                0x1fb (size before relaxing)
 .debug_str     0x00000f0b       0xc4 contiki-sky.a(chameleon-bitop)
                                0x570 (size before relaxing)
 .debug_str     0x00000fcf      0x1fe contiki-sky.a(csma.o)
                                0x7fb (size before relaxing)
 .debug_str     0x000011cd      0x3ec contiki-sky.a(contikimac.o)
                                0xa7f (size before relaxing)
 .debug_str     0x000015b9      0x101 contiki-sky.a(phase.o)
                                0x430 (size before relaxing)
 .debug_str     0x000016ba      0x16f contiki-sky.a(process.o)
                                0x292 (size before relaxing)
 .debug_str     0x00001829       0x3a contiki-sky.a(autostart.o)
                                0x14a (size before relaxing)
 .debug_str     0x00001863       0x91 contiki-sky.a(compower.o)
                                0x602 (size before relaxing)
 .debug_str     0x000018f4       0xb4 contiki-sky.a(serial-line.o)
                                0x330 (size before relaxing)
 .debug_str     0x000019a8       0x46 contiki-sky.a(memb.o)
                                0x10f (size before relaxing)
 .debug_str     0x000019ee       0x27 contiki-sky.a(timer.o)
                                0x134 (size before relaxing)
 .debug_str     0x00001a15       0xa8 contiki-sky.a(list.o)
                                 0xfd (size before relaxing)
 .debug_str     0x00001abd      0x133 contiki-sky.a(etimer.o)
                                0x29f (size before relaxing)
 .debug_str     0x00001bf0       0xb9 contiki-sky.a(ctimer.o)
                                0x35a (size before relaxing)
 .debug_str     0x00001ca9       0x9b contiki-sky.a(energest.o)
                                0x2dd (size before relaxing)
 .debug_str     0x00001d44       0x54 contiki-sky.a(rtimer.o)
                                0x2b3 (size before relaxing)
 .debug_str     0x00001d98       0x35 contiki-sky.a(random.o)
                                 0xee (size before relaxing)
 .debug_str     0x00001dcd       0x5c contiki-sky.a(ringbuf.o)
                                0x147 (size before relaxing)
 .debug_str     0x00001e29      0x1df contiki-sky.a(packetbuf.o)
                                0x737 (size before relaxing)
 .debug_str     0x00002008      0x18a contiki-sky.a(queuebuf.o)
                                0x705 (size before relaxing)
 .debug_str     0x00002192       0x6f contiki-sky.a(contiki-sky-pla)
                                0x2c6 (size before relaxing)
 .debug_str     0x00002201      0x106 contiki-sky.a(button-sensor.o)
                                0x3cb (size before relaxing)
 .debug_str     0x00002307       0x59 contiki-sky.a(ds2411.o)
                                0x273 (size before relaxing)
 .debug_str     0x00002360       0xe8 contiki-sky.a(xmem.o)
                                0x35c (size before relaxing)
 .debug_str     0x00002448       0x3c contiki-sky.a(node-id.o)
                                 0xf8 (size before relaxing)
 .debug_str     0x00002484       0x9b contiki-sky.a(sensors.o)
                                0x345 (size before relaxing)
 .debug_str     0x0000251f      0x7bb contiki-sky.a(cc2420.o)
                                0xfe5 (size before relaxing)
 .debug_str     0x00002cda       0x49 contiki-sky.a(cc2420-arch.o)
                                0x311 (size before relaxing)
 .debug_str     0x00002d23      0x142 contiki-sky.a(uart1.o)
                                0x433 (size before relaxing)
 .debug_str     0x00002e65       0x2d contiki-sky.a(uart1-putchar.o)
                                 0xe6 (size before relaxing)
 .debug_str     0x00002e92      0x13c contiki-sky.a(msp430.o)
                                0x399 (size before relaxing)
 .debug_str     0x00002fce       0xda contiki-sky.a(clock.o)
                                0x36f (size before relaxing)
 .debug_str     0x000030a8       0x6c contiki-sky.a(leds.o)
                                0x2bd (size before relaxing)
 .debug_str     0x00003114       0x5c contiki-sky.a(leds-arch.o)
                                0x126 (size before relaxing)
 .debug_str     0x00003170       0x8f contiki-sky.a(watchdog.o)
                                0x28b (size before relaxing)
 .debug_str     0x000031ff       0x78 contiki-sky.a(rtimer-arch.o)
                                0x2d0 (size before relaxing)
 .debug_str     0x00003277       0x30 contiki-sky.a(mac.o)
                                0x15f (size before relaxing)
 .debug_str     0x000032a7      0x193 contiki-sky.a(framer-802154.o)
                                0x624 (size before relaxing)
 .debug_str     0x0000343a       0x5b contiki-sky.a(spi.o)
                                0x157 (size before relaxing)
 .debug_str     0x00003495       0xca contiki-sky.a(frame802154.o)
                                0x30d (size before relaxing)
 .debug_str     0x0000355f       0x5b /usr/lib/gcc/msp430/4.5.3/../../../../msp430/lib/mmpy-16/libc.a(memcpy.o)
                                 0xed (size before relaxing)
 .debug_str     0x000035ba       0x26 /usr/lib/gcc/msp430/4.5.3/../../../../msp430/lib/mmpy-16/libc.a(memset.o)
                                 0xeb (size before relaxing)
 .debug_str     0x000035e0       0x40 /usr/lib/gcc/msp430/4.5.3/../../../../msp430/lib/mmpy-16/libc.a(printf.o)
                                0x101 (size before relaxing)
 .debug_str     0x00003620      0x14e /usr/lib/gcc/msp430/4.5.3/../../../../msp430/lib/mmpy-16/libc.a(vuprintf.o)
                                0x25d (size before relaxing)
 .debug_str     0x0000376e       0x15 /usr/lib/gcc/msp430/4.5.3/../../../../msp430/lib/mmpy-16/libc.a(puts.o)
                                 0xc7 (size before relaxing)
 .debug_str     0x00003783       0x25 /usr/lib/gcc/msp430/4.5.3/../../../../msp430/lib/mmpy-16/libc.a(rand.o)
                                 0xe6 (size before relaxing)

.debug_loc      0x00000000     0x4780
 *(.debug_loc)
 .debug_loc     0x00000000       0x8e attilio_send.co
 .debug_loc     0x0000008e      0x1a2 obj_sky/contiki-sky-main.o
 .debug_loc     0x00000230       0x66 contiki-sky.a(rimeaddr.o)
 .debug_loc     0x00000296      0x142 contiki-sky.a(rime.o)
 .debug_loc     0x000003d8      0x1ae contiki-sky.a(announcement.o)
 .debug_loc     0x00000586      0x1db contiki-sky.a(broadcast-annou)
 .debug_loc     0x00000761       0xf0 contiki-sky.a(broadcast.o)
 .debug_loc     0x00000851       0xb2 contiki-sky.a(abc.o)
 .debug_loc     0x00000903       0x7a contiki-sky.a(chameleon.o)
 .debug_loc     0x0000097d       0xc2 contiki-sky.a(channel.o)
 .debug_loc     0x00000a3f      0x431 contiki-sky.a(chameleon-bitop)
 .debug_loc     0x00000e70      0x318 contiki-sky.a(csma.o)
 .debug_loc     0x00001188      0x653 contiki-sky.a(contikimac.o)
 .debug_loc     0x000017db      0x2f7 contiki-sky.a(phase.o)
 .debug_loc     0x00001ad2      0x224 contiki-sky.a(process.o)
 .debug_loc     0x00001cf6       0x56 contiki-sky.a(autostart.o)
 .debug_loc     0x00001d4c       0x58 contiki-sky.a(compower.o)
 .debug_loc     0x00001da4       0xbf contiki-sky.a(serial-line.o)
 .debug_loc     0x00001e63      0x12f contiki-sky.a(memb.o)
 .debug_loc     0x00001f92       0xb9 contiki-sky.a(timer.o)
 .debug_loc     0x0000204b      0x1c3 contiki-sky.a(list.o)
 .debug_loc     0x0000220e      0x285 contiki-sky.a(etimer.o)
 .debug_loc     0x00002493      0x21a contiki-sky.a(ctimer.o)
 .debug_loc     0x000026ad       0xa2 contiki-sky.a(energest.o)
 .debug_loc     0x0000274f       0x5b contiki-sky.a(rtimer.o)
 .debug_loc     0x000027aa        0xb contiki-sky.a(random.o)
 .debug_loc     0x000027b5       0xab contiki-sky.a(ringbuf.o)
 .debug_loc     0x00002860      0x1f7 contiki-sky.a(packetbuf.o)
 .debug_loc     0x00002a57      0x151 contiki-sky.a(queuebuf.o)
 .debug_loc     0x00002ba8       0xc3 contiki-sky.a(button-sensor.o)
 .debug_loc     0x00002c6b      0x151 contiki-sky.a(ds2411.o)
 .debug_loc     0x00002dbc      0x2da contiki-sky.a(xmem.o)
 .debug_loc     0x00003096       0x33 contiki-sky.a(node-id.o)
 .debug_loc     0x000030c9      0x155 contiki-sky.a(sensors.o)
 .debug_loc     0x0000321e      0x626 contiki-sky.a(cc2420.o)
 .debug_loc     0x00003844       0x4c contiki-sky.a(cc2420-arch.o)
 .debug_loc     0x00003890       0xa7 contiki-sky.a(uart1.o)
 .debug_loc     0x00003937       0x2d contiki-sky.a(uart1-putchar.o)
 .debug_loc     0x00003964       0x8c contiki-sky.a(msp430.o)
 .debug_loc     0x000039f0       0xf4 contiki-sky.a(clock.o)
 .debug_loc     0x00003ae4       0xc3 contiki-sky.a(leds.o)
 .debug_loc     0x00003ba7        0xb contiki-sky.a(leds-arch.o)
 .debug_loc     0x00003bb2       0x4c contiki-sky.a(rtimer-arch.o)
 .debug_loc     0x00003bfe       0x55 contiki-sky.a(mac.o)
 .debug_loc     0x00003c53       0xc3 contiki-sky.a(framer-802154.o)
 .debug_loc     0x00003d16      0x26a contiki-sky.a(frame802154.o)
 .debug_loc     0x00003f80      0x1d6 /usr/lib/gcc/msp430/4.5.3/../../../../msp430/lib/mmpy-16/libc.a(memcpy.o)
 .debug_loc     0x00004156       0xeb /usr/lib/gcc/msp430/4.5.3/../../../../msp430/lib/mmpy-16/libc.a(memset.o)
 .debug_loc     0x00004241       0x24 /usr/lib/gcc/msp430/4.5.3/../../../../msp430/lib/mmpy-16/libc.a(printf.o)