Archive member included because of file (symbol)

contiki-micaz.a(rimeaddr.o)   attilio_receive.co (rimeaddr_cmp)
contiki-micaz.a(broadcast.o)  attilio_receive.co (broadcast_open)
contiki-micaz.a(abc.o)        contiki-micaz.a(broadcast.o) (abc_open)
contiki-micaz.a(channel.o)    contiki-micaz.a(abc.o) (channel_open)
contiki-micaz.a(process.o)    attilio_receive.co (process_post)
contiki-micaz.a(list.o)       contiki-micaz.a(channel.o) (list_init)
contiki-micaz.a(etimer.o)     attilio_receive.co (etimer_set)
contiki-micaz.a(packetbuf.o)  attilio_receive.co (packetbuf_dataptr)
contiki-micaz.a(contiki-micaz-m)
                              /usr/lib/gcc/avr/4.5.3/../../../avr/lib/avr51/crtm128.o (main)
contiki-micaz.a(init-net.o)   contiki-micaz.a(contiki-micaz-m) (init_net)
contiki-micaz.a(node-id.o)    contiki-micaz.a(contiki-micaz-m) (node_id_restore)
contiki-micaz.a(clock.o)      contiki-micaz.a(contiki-micaz-m) (clock_init)
contiki-micaz.a(ds2401.o)     contiki-micaz.a(contiki-micaz-m) (ds2401_init)
contiki-micaz.a(packages.o)   attilio_receive.co (send_token_pkg)
contiki-micaz.a(eeprom.o)     contiki-micaz.a(node-id.o) (eeprom_write)
contiki-micaz.a(leds.o)       contiki-micaz.a(contiki-micaz-m) (leds_init)
contiki-micaz.a(rime.o)       contiki-micaz.a(abc.o) (rime_output)
contiki-micaz.a(rimestats.o)  contiki-micaz.a(rime.o) (rimestats)
contiki-micaz.a(announcement.o)
                              contiki-micaz.a(rime.o) (announcement_init)
contiki-micaz.a(broadcast-annou)
                              contiki-micaz.a(rime.o) (broadcast_announcement_init)
contiki-micaz.a(chameleon.o)  contiki-micaz.a(rime.o) (chameleon_init)
contiki-micaz.a(chameleon-bitop)
                              contiki-micaz.a(chameleon.o) (chameleon_bitopt)
contiki-micaz.a(cxmac.o)      contiki-micaz.a(init-net.o) (cxmac_driver)
contiki-micaz.a(nullmac.o)    contiki-micaz.a(init-net.o) (nullmac_driver)
contiki-micaz.a(mac.o)        contiki-micaz.a(cxmac.o) (mac_call_sent_callback)
contiki-micaz.a(framer-802154.o)
                              contiki-micaz.a(cxmac.o) (framer_802154)
contiki-micaz.a(autostart.o)  contiki-micaz.a(contiki-micaz-m) (autostart_start)
contiki-micaz.a(compower.o)   contiki-micaz.a(cxmac.o) (compower_idle_activity)
contiki-micaz.a(memb.o)       contiki-micaz.a(cxmac.o) (memb_init)
contiki-micaz.a(timer.o)      contiki-micaz.a(etimer.o) (timer_set)
contiki-micaz.a(ctimer.o)     contiki-micaz.a(contiki-micaz-m) (ctimer_init)
contiki-micaz.a(energest.o)   contiki-micaz.a(compower.o) (energest_type_time)
contiki-micaz.a(rtimer.o)     contiki-micaz.a(contiki-micaz-m) (rtimer_init)
contiki-micaz.a(random.o)     contiki-micaz.a(contiki-micaz-m) (random_init)
contiki-micaz.a(queuebuf.o)   contiki-micaz.a(rime.o) (queuebuf_init)
contiki-micaz.a(rs232.o)      contiki-micaz.a(contiki-micaz-m) (rs232_init)
contiki-micaz.a(leds-arch.o)  contiki-micaz.a(leds.o) (leds_arch_init)
contiki-micaz.a(cc2420.o)     contiki-micaz.a(init-net.o) (cc2420_set_channel)
contiki-micaz.a(cc2420-arch.o)
                              contiki-micaz.a(cc2420.o) (cc2420_arch_init)
contiki-micaz.a(rtimer-arch.o)
                              contiki-micaz.a(rtimer.o) (rtimer_arch_init)
contiki-micaz.a(watchdog.o)   contiki-micaz.a(cxmac.o) (watchdog_start)
contiki-micaz.a(frame802154.o)
                              contiki-micaz.a(framer-802154.o) (frame802154_hdrlen)
contiki-micaz.a(spi.o)        contiki-micaz.a(cc2420-arch.o) (spi_init)
/usr/lib/gcc/avr/4.5.3/avr51/libgcc.a(_udivmodhi4.o)
                              contiki-micaz.a(init-net.o) (__udivmodhi4)
/usr/lib/gcc/avr/4.5.3/avr51/libgcc.a(_exit.o)
                              /usr/lib/gcc/avr/4.5.3/../../../avr/lib/avr51/crtm128.o (exit)
/usr/lib/gcc/avr/4.5.3/avr51/libgcc.a(_copy_data.o)
                              attilio_receive.co (__do_copy_data)
/usr/lib/gcc/avr/4.5.3/avr51/libgcc.a(_clear_bss.o)
                              attilio_receive.co (__do_clear_bss)
/usr/lib/gcc/avr/4.5.3/avr51/libgcc.a(_fixunssfsi.o)
                              attilio_receive.co (__fixunssfsi)
/usr/lib/gcc/avr/4.5.3/avr51/libgcc.a(_addsub_sf.o)
                              /usr/lib/gcc/avr/4.5.3/avr51/libgcc.a(_fixunssfsi.o) (__subsf3)
/usr/lib/gcc/avr/4.5.3/avr51/libgcc.a(_eq_sf.o)
                              attilio_receive.co (__eqsf2)
/usr/lib/gcc/avr/4.5.3/avr51/libgcc.a(_ge_sf.o)
                              /usr/lib/gcc/avr/4.5.3/avr51/libgcc.a(_fixunssfsi.o) (__gesf2)
/usr/lib/gcc/avr/4.5.3/avr51/libgcc.a(_si_to_sf.o)
                              attilio_receive.co (__floatsisf)
/usr/lib/gcc/avr/4.5.3/avr51/libgcc.a(_sf_to_si.o)
                              /usr/lib/gcc/avr/4.5.3/avr51/libgcc.a(_fixunssfsi.o) (__fixsfsi)
/usr/lib/gcc/avr/4.5.3/avr51/libgcc.a(_thenan_sf.o)
                              /usr/lib/gcc/avr/4.5.3/avr51/libgcc.a(_addsub_sf.o) (__thenan_sf)
/usr/lib/gcc/avr/4.5.3/avr51/libgcc.a(_usi_to_sf.o)
                              attilio_receive.co (__floatunsisf)
/usr/lib/gcc/avr/4.5.3/avr51/libgcc.a(_prologue.o)
                              /usr/lib/gcc/avr/4.5.3/avr51/libgcc.a(_addsub_sf.o) (__prologue_saves__)
/usr/lib/gcc/avr/4.5.3/avr51/libgcc.a(_epilogue.o)
                              /usr/lib/gcc/avr/4.5.3/avr51/libgcc.a(_addsub_sf.o) (__epilogue_restores__)
/usr/lib/gcc/avr/4.5.3/avr51/libgcc.a(_clzsi2.o)
                              /usr/lib/gcc/avr/4.5.3/avr51/libgcc.a(_si_to_sf.o) (__clzsi2)
/usr/lib/gcc/avr/4.5.3/avr51/libgcc.a(_pack_sf.o)
                              /usr/lib/gcc/avr/4.5.3/avr51/libgcc.a(_addsub_sf.o) (__pack_f)
/usr/lib/gcc/avr/4.5.3/avr51/libgcc.a(_unpack_sf.o)
                              /usr/lib/gcc/avr/4.5.3/avr51/libgcc.a(_addsub_sf.o) (__unpack_f)
/usr/lib/gcc/avr/4.5.3/avr51/libgcc.a(_fpcmp_parts_sf.o)
                              /usr/lib/gcc/avr/4.5.3/avr51/libgcc.a(_eq_sf.o) (__fpcmp_parts_f)
/usr/lib/gcc/avr/4.5.3/avr51/libgcc.a(_clz.o)
                              /usr/lib/gcc/avr/4.5.3/avr51/libgcc.a(_clzsi2.o) (__clz_tab)
/usr/lib/gcc/avr/4.5.3/../../../avr/lib/avr51/libc.a(malloc.o)
                              attilio_receive.co (malloc)
/usr/lib/gcc/avr/4.5.3/../../../avr/lib/avr51/libc.a(rand.o)
                              contiki-micaz.a(random.o) (rand)
/usr/lib/gcc/avr/4.5.3/../../../avr/lib/avr51/libc.a(realloc.o)
                              attilio_receive.co (realloc)
/usr/lib/gcc/avr/4.5.3/../../../avr/lib/avr51/libc.a(memcpy.o)
                              attilio_receive.co (memcpy)
/usr/lib/gcc/avr/4.5.3/../../../avr/lib/avr51/libc.a(memset.o)
                              contiki-micaz.a(chameleon-bitop) (memset)
/usr/lib/gcc/avr/4.5.3/../../../avr/lib/avr51/libc.a(iob.o)
                              contiki-micaz.a(rs232.o) (__iob)
/usr/lib/gcc/avr/4.5.3/../../../avr/lib/avr51/libc.a(printf_p.o)
                              contiki-micaz.a(contiki-micaz-m) (printf_P)
/usr/lib/gcc/avr/4.5.3/../../../avr/lib/avr51/libc.a(sqrt.o)
                              attilio_receive.co (sqrt)
/usr/lib/gcc/avr/4.5.3/../../../avr/lib/avr51/libc.a(vfprintf_std.o)
                              /usr/lib/gcc/avr/4.5.3/../../../avr/lib/avr51/libc.a(printf_p.o) (vfprintf)
/usr/lib/gcc/avr/4.5.3/../../../avr/lib/avr51/libc.a(eerd_block_atmega128.o)
                              contiki-micaz.a(eeprom.o) (__eerd_block_m128)
/usr/lib/gcc/avr/4.5.3/../../../avr/lib/avr51/libc.a(eewr_block_atmega128.o)
                              contiki-micaz.a(eeprom.o) (__eewr_block_m128)
/usr/lib/gcc/avr/4.5.3/../../../avr/lib/avr51/libc.a(eewr_byte_atmega128.o)
                              /usr/lib/gcc/avr/4.5.3/../../../avr/lib/avr51/libc.a(eewr_block_atmega128.o) (__eewr_r18_m128)
/usr/lib/gcc/avr/4.5.3/../../../avr/lib/avr51/libc.a(strnlen_P.o)
                              /usr/lib/gcc/avr/4.5.3/../../../avr/lib/avr51/libc.a(vfprintf_std.o) (strnlen_P)
/usr/lib/gcc/avr/4.5.3/../../../avr/lib/avr51/libc.a(strnlen.o)
                              /usr/lib/gcc/avr/4.5.3/../../../avr/lib/avr51/libc.a(vfprintf_std.o) (strnlen)
/usr/lib/gcc/avr/4.5.3/../../../avr/lib/avr51/libc.a(fputc.o)
                              /usr/lib/gcc/avr/4.5.3/../../../avr/lib/avr51/libc.a(vfprintf_std.o) (fputc)
/usr/lib/gcc/avr/4.5.3/../../../avr/lib/avr51/libc.a(ultoa_invert.o)
                              /usr/lib/gcc/avr/4.5.3/../../../avr/lib/avr51/libc.a(vfprintf_std.o) (__ultoa_invert)
/usr/lib/gcc/avr/4.5.3/../../../avr/lib/avr51/libc.a(fp_mpack.o)
                              /usr/lib/gcc/avr/4.5.3/../../../avr/lib/avr51/libc.a(sqrt.o) (__fp_mpack)
/usr/lib/gcc/avr/4.5.3/../../../avr/lib/avr51/libc.a(fp_nan.o)
                              /usr/lib/gcc/avr/4.5.3/../../../avr/lib/avr51/libc.a(sqrt.o) (__fp_nan)
/usr/lib/gcc/avr/4.5.3/../../../avr/lib/avr51/libc.a(fp_norm2.o)
                              /usr/lib/gcc/avr/4.5.3/../../../avr/lib/avr51/libc.a(sqrt.o) (__fp_norm2)
/usr/lib/gcc/avr/4.5.3/../../../avr/lib/avr51/libc.a(fp_split3.o)
                              /usr/lib/gcc/avr/4.5.3/../../../avr/lib/avr51/libc.a(sqrt.o) (__fp_splitA)
/usr/lib/gcc/avr/4.5.3/avr51/libgcc.a(_mulsi3.o)
                              /usr/lib/gcc/avr/4.5.3/../../../avr/lib/avr51/libc.a(rand.o) (__mulsi3)
/usr/lib/gcc/avr/4.5.3/avr51/libgcc.a(_divmodsi4.o)
                              /usr/lib/gcc/avr/4.5.3/../../../avr/lib/avr51/libc.a(rand.o) (__divmodsi4)
/usr/lib/gcc/avr/4.5.3/avr51/libgcc.a(_udivmodsi4.o)
                              /usr/lib/gcc/avr/4.5.3/avr51/libgcc.a(_divmodsi4.o) (__udivmodsi4)

Allocating common symbols
Common symbol       size              file

compower_idle_activity
                    0x8               contiki-micaz.a(compower.o)
cc2420_last_rssi    0x1               contiki-micaz.a(cc2420.o)
cc2420_packets_read
                    0x2               contiki-micaz.a(cc2420.o)
cc2420_packets_seen
                    0x2               contiki-micaz.a(cc2420.o)
cc2420_sfd_start_time
                    0x2               contiki-micaz.a(cc2420.o)
cc2420_time_of_departure
                    0x2               contiki-micaz.a(cc2420.o)
input_handler_1     0x2               contiki-micaz.a(rs232.o)
cc2420_time_of_arrival
                    0x2               contiki-micaz.a(cc2420.o)
rimestats           0x48              contiki-micaz.a(rimestats.o)
packetbuf_addrs     0x8               contiki-micaz.a(packetbuf.o)
rimeaddr_node_addr  0x2               contiki-micaz.a(rimeaddr.o)
process_maxevents   0x1               contiki-micaz.a(process.o)
__brkval            0x2               /usr/lib/gcc/avr/4.5.3/../../../avr/lib/avr51/libc.a(malloc.o)
cc2420_last_correlation
                    0x1               contiki-micaz.a(cc2420.o)
cc2420_authority_level_of_sender
                    0x2               contiki-micaz.a(cc2420.o)
packetbuf_attrs     0x30              contiki-micaz.a(packetbuf.o)
cc2420_sfd_counter  0x1               contiki-micaz.a(cc2420.o)
ds2401_id           0x8               contiki-micaz.a(ds2401.o)
input_handler_0     0x2               contiki-micaz.a(rs232.o)
__flp               0x2               /usr/lib/gcc/avr/4.5.3/../../../avr/lib/avr51/libc.a(malloc.o)
cc2420_sfd_end_time
                    0x2               contiki-micaz.a(cc2420.o)
__iob               0x6               /usr/lib/gcc/avr/4.5.3/../../../avr/lib/avr51/libc.a(iob.o)
nodes_addr_list     0x20              attilio_receive.co

Memory Configuration

Name             Origin             Length             Attributes
text             0x00000000         0x00020000         xr
data             0x00800100         0x0000ff00         rw !x
eeprom           0x00810000         0x00010000         rw !x
fuse             0x00820000         0x00000400         rw !x
lock             0x00830000         0x00000400         rw !x
signature        0x00840000         0x00000400         rw !x
*default*        0x00000000         0xffffffff

Linker script and memory map

Address of section .data set to 0x800100
LOAD /usr/lib/gcc/avr/4.5.3/../../../avr/lib/avr51/crtm128.o
Address of section .bootloader set to 0x1f800
LOAD attilio_receive.co
LOAD contiki-micaz.a
LOAD /usr/lib/gcc/avr/4.5.3/avr51/libgcc.a
LOAD /usr/lib/gcc/avr/4.5.3/../../../avr/lib/avr51/libc.a
LOAD /usr/lib/gcc/avr/4.5.3/avr51/libgcc.a

.hash
 *(.hash)

.dynsym
 *(.dynsym)

.dynstr
 *(.dynstr)

.gnu.version
 *(.gnu.version)

.gnu.version_d
 *(.gnu.version_d)

.gnu.version_r
 *(.gnu.version_r)

.rel.init
 *(.rel.init)

.rela.init
 *(.rela.init)

.rel.text
 *(.rel.text)
 *(.rel.text.*)
 *(.rel.gnu.linkonce.t*)

.rela.text
 *(.rela.text)
 *(.rela.text.*)
 *(.rela.gnu.linkonce.t*)

.rel.fini
 *(.rel.fini)

.rela.fini
 *(.rela.fini)

.rel.rodata
 *(.rel.rodata)
 *(.rel.rodata.*)
 *(.rel.gnu.linkonce.r*)

.rela.rodata
 *(.rela.rodata)
 *(.rela.rodata.*)
 *(.rela.gnu.linkonce.r*)

.rel.data
 *(.rel.data)
 *(.rel.data.*)
 *(.rel.gnu.linkonce.d*)

.rela.data
 *(.rela.data)
 *(.rela.data.*)
 *(.rela.gnu.linkonce.d*)

.rel.ctors
 *(.rel.ctors)

.rela.ctors
 *(.rela.ctors)

.rel.dtors
 *(.rel.dtors)

.rela.dtors
 *(.rela.dtors)

.rel.got
 *(.rel.got)

.rela.got
 *(.rela.got)

.rel.bss
 *(.rel.bss)

.rela.bss
 *(.rela.bss)

.rel.plt
 *(.rel.plt)

.rela.plt
 *(.rela.plt)

.text           0x00000000     0x6256
 *(.vectors)
 .vectors       0x00000000       0x8c /usr/lib/gcc/avr/4.5.3/../../../avr/lib/avr51/crtm128.o
                0x00000000                __vectors
                0x00000000                __vector_default
 *(.vectors)
 *(.progmem.gcc*)
 *(.progmem*)
 .progmem.data  0x0000008c       0x21 contiki-micaz.a(contiki-micaz-m)
 .progmem.data  0x000000ad       0x83 contiki-micaz.a(init-net.o)
                0x00000130                . = ALIGN (0x2)
                0x00000130                __trampolines_start = .
 *(.trampolines)
 .trampolines   0x00000130        0x0 linker stubs
 *(.trampolines*)
                0x00000130                __trampolines_end = .
 *(.jumptables)
 *(.jumptables*)
 *(.lowtext)
 *(.lowtext*)
                0x00000130                __ctors_start = .
 *(.ctors)
                0x00000130                __ctors_end = .
                0x00000130                __dtors_start = .
 *(.dtors)
                0x00000130                __dtors_end = .
 SORT(*)(.ctors)
 SORT(*)(.dtors)
 *(.init0)
 .init0         0x00000130        0x0 /usr/lib/gcc/avr/4.5.3/../../../avr/lib/avr51/crtm128.o
                0x00000130                __init
 *(.init0)
 *(.init1)
 *(.init1)
 *(.init2)
 .init2         0x00000130        0xc /usr/lib/gcc/avr/4.5.3/../../../avr/lib/avr51/crtm128.o
 *(.init2)
 *(.init3)
 *(.init3)
 *(.init4)
 .init4         0x0000013c       0x1a /usr/lib/gcc/avr/4.5.3/avr51/libgcc.a(_copy_data.o)
                0x0000013c                __do_copy_data
 .init4         0x00000156       0x10 /usr/lib/gcc/avr/4.5.3/avr51/libgcc.a(_clear_bss.o)
                0x00000156                __do_clear_bss
 *(.init4)
 *(.init5)
 *(.init5)
 *(.init6)
 *(.init6)
 *(.init7)
 *(.init7)
 *(.init8)
 *(.init8)
 *(.init9)
 .init9         0x00000166        0x8 /usr/lib/gcc/avr/4.5.3/../../../avr/lib/avr51/crtm128.o
 *(.init9)
 *(.text)
 .text          0x0000016e        0x4 /usr/lib/gcc/avr/4.5.3/../../../avr/lib/avr51/crtm128.o
                0x0000016e                __vector_22
                0x0000016e                __vector_28
                0x0000016e                __vector_1
                0x0000016e                __vector_32
                0x0000016e                __vector_34
                0x0000016e                __vector_24
                0x0000016e                __vector_12
                0x0000016e                __bad_interrupt
                0x0000016e                __vector_6
                0x0000016e                __vector_31
                0x0000016e                __vector_3
                0x0000016e                __vector_23
                0x0000016e                __vector_25
                0x0000016e                __vector_11
                0x0000016e                __vector_13
                0x0000016e                __vector_17
                0x0000016e                __vector_19
                0x0000016e                __vector_27
                0x0000016e                __vector_5
                0x0000016e                __vector_33
                0x0000016e                __vector_4
                0x0000016e                __vector_9
                0x0000016e                __vector_2
                0x0000016e                __vector_21
                0x0000016e                __vector_29
                0x0000016e                __vector_8
                0x0000016e                __vector_14
                0x0000016e                __vector_10
                0x0000016e                __vector_16
                0x0000016e                __vector_20
 .text          0x00000172      0x27c attilio_receive.co
 .text          0x000003ee       0x46 contiki-micaz.a(rimeaddr.o)
                0x000003ee                rimeaddr_copy
                0x00000400                rimeaddr_cmp
                0x00000424                rimeaddr_set_node_addr
 .text          0x00000434       0xc0 contiki-micaz.a(broadcast.o)
                0x0000049a                broadcast_open
                0x000004d0                broadcast_close
                0x000004d6                broadcast_send
 .text          0x000004f4       0x66 contiki-micaz.a(abc.o)
                0x000004f4                abc_open
                0x00000526                abc_close
                0x0000052c                abc_send
                0x00000532                abc_input
                0x00000542                abc_sent
 .text          0x0000055a       0x82 contiki-micaz.a(channel.o)
                0x0000055a                channel_init
                0x00000564                channel_open
                0x00000576                channel_close
                0x00000582                channel_lookup
                0x000005b2                channel_set_attributes
 .text          0x000005dc      0x372 contiki-micaz.a(process.o)
                0x00000744                process_alloc_event
                0x00000752                process_exit
                0x00000760                process_init
                0x00000784                process_run
                0x00000856                process_nevents
                0x00000868                process_post
                0x000008be                process_post_synch
                0x000008dc                process_start
                0x00000922                process_poll
                0x0000093a                process_is_running
 .text          0x0000094e      0x1a8 contiki-micaz.a(list.o)
                0x0000094e                list_init
                0x00000956                list_head
                0x0000095e                list_copy
                0x0000096c                list_tail
                0x00000990                list_chop
                0x000009d8                list_pop
                0x000009f2                list_remove
                0x00000a3c                list_push
                0x00000a64                list_add
                0x00000aa2                list_length
                0x00000ac2                list_insert
                0x00000ae2                list_item_next
 .text          0x00000af6      0x2ea contiki-micaz.a(etimer.o)
                0x00000b5a                etimer_request_poll
                0x00000cd4                etimer_set
                0x00000cea                etimer_reset
                0x00000d00                etimer_restart
                0x00000d16                etimer_adjust
                0x00000d2a                etimer_expired
                0x00000d40                etimer_expiration_time
                0x00000d52                etimer_start_time
                0x00000d5a                etimer_pending
                0x00000d72                etimer_next_expiration_time
                0x00000d90                etimer_stop
 .text          0x00000de0      0x364 contiki-micaz.a(packetbuf.o)
                0x00000de0                packetbuf_clear_hdr
                0x00000de8                packetbuf_copyto_hdr
                0x00000e16                packetbuf_copyto
                0x00000e9e                packetbuf_hdr_remove
                0x00000eaa                packetbuf_hdrreduce
                0x00000ee8                packetbuf_set_datalen
                0x00000ef2                packetbuf_dataptr
                0x00000f02                packetbuf_hdrptr
                0x00000f10                packetbuf_is_reference
                0x00000f2c                packetbuf_compact
                0x00000f8c                packetbuf_reference_ptr
                0x00000f96                packetbuf_datalen
                0x00000fa0                packetbuf_hdrlen
                0x00000faa                packetbuf_totlen
                0x00000fc2                packetbuf_hdralloc
                0x00001000                packetbuf_attr_clear
                0x00001038                packetbuf_clear
                0x00001060                packetbuf_reference
                0x0000108a                packetbuf_copyfrom
                0x000010f0                packetbuf_attr_copyto
                0x0000111a                packetbuf_attr_copyfrom
 .text          0x00001144       0xa4 contiki-micaz.a(contiki-micaz-m)
                0x00001144                init_usart
                0x00001156                main
 .text          0x000011e8      0x20e contiki-micaz.a(init-net.o)
                0x000011e8                init_net
 .text          0x000013f6       0x9e contiki-micaz.a(node-id.o)
                0x000013f6                node_id_restore
                0x0000144e                node_id_burn
 .text          0x00001494      0x17a contiki-micaz.a(clock.o)
                0x00001494                __vector_15
                0x0000154c                clock_init
                0x00001584                clock_time
                0x0000159e                clock_delay
                0x000015b4                clock_wait
                0x000015dc                clock_set_seconds
                0x000015de                clock_seconds
 .text          0x0000160e      0x190 contiki-micaz.a(ds2401.o)
                0x00001678                ds2401_init
 .text          0x0000179e      0x1cc contiki-micaz.a(packages.o)
                0x0000179e                send_start_pkg_broad
                0x000017e4                send_stop_pkg_broad
                0x0000182a                send_adj_pkg_broad
                0x000018cc                send_token_pkg
 .text          0x0000196a       0x20 contiki-micaz.a(eeprom.o)
                0x0000196a                eeprom_write
                0x0000197a                eeprom_read
 .text          0x0000198a       0x82 contiki-micaz.a(leds.o)
                0x0000199a                leds_init
                0x000019a8                leds_get
                0x000019ae                leds_on
                0x000019be                leds_off
                0x000019d0                leds_invert
                0x000019e0                leds_toggle
                0x000019e6                leds_blink
 .text          0x00001a0c      0x16a contiki-micaz.a(rime.o)
                0x00001b02                rime_sniffer_add
                0x00001b0e                rime_sniffer_remove
                0x00001b1a                rime_output
 .text          0x00001b76        0x0 contiki-micaz.a(rimestats.o)
 .text          0x00001b76      0x17e contiki-micaz.a(announcement.o)
                0x00001b76                announcement_init
                0x00001b80                announcement_register
                0x00001bc2                announcement_remove
                0x00001bce                announcement_remove_value
                0x00001bfe                announcement_set_value
                0x00001c3a                announcement_bump
                0x00001c68                announcement_listen
                0x00001c78                announcement_register_listen_callback
                0x00001c82                announcement_register_observer_callback
                0x00001c8c                announcement_list
                0x00001c96                announcement_heard
 .text          0x00001cf4      0x23a contiki-micaz.a(broadcast-annou)
                0x00001eb0                broadcast_announcement_init
                0x00001f00                broadcast_announcement_stop
                0x00001f24                broadcast_announcement_beacon_interval
 .text          0x00001f2e       0x62 contiki-micaz.a(chameleon.o)
                0x00001f2e                chameleon_init
                0x00001f34                chameleon_parse
                0x00001f54                chameleon_create
                0x00001f84                chameleon_hdrsize
 .text          0x00001f90      0x4d2 contiki-micaz.a(chameleon-bitop)
                0x00001faa                get_bits_in_byte
                0x00001fe8                get_bits
                0x00002216                set_bits_in_byte
                0x0000223e                set_bits
 .text          0x00002462      0x82e contiki-micaz.a(cxmac.o)
                0x00002c5e                cxmac_init
                0x00002c8e                cxmac_set_announcement_radio_txpower
 .text          0x00002c90       0x38 contiki-micaz.a(nullmac.o)
 .text          0x00002cc8       0x10 contiki-micaz.a(mac.o)
                0x00002cc8                mac_call_sent_callback
 .text          0x00002cd8      0x216 contiki-micaz.a(framer-802154.o)
 .text          0x00002eee       0x58 contiki-micaz.a(autostart.o)
                0x00002eee                autostart_start
                0x00002f1c                autostart_exit
 .text          0x00002f46      0x16e contiki-micaz.a(compower.o)
                0x00002f46                compower_init
                0x00002f68                compower_accumulate
                0x00003020                compower_clear
                0x00003034                compower_attrconv
                0x00003068                compower_accumulate_attrs
 .text          0x000030b4      0x110 contiki-micaz.a(memb.o)
                0x000030b4                memb_init
                0x000030f4                memb_alloc
                0x00003140                memb_free
                0x0000318a                memb_inmemb
 .text          0x000031c4       0x98 contiki-micaz.a(timer.o)
                0x000031c4                timer_set
                0x000031dc                timer_reset
                0x000031f0                timer_restart
                0x00003204                timer_expired
                0x00003232                timer_remaining
 .text          0x0000325c      0x288 contiki-micaz.a(ctimer.o)
                0x00003342                ctimer_init
                0x0000335c                ctimer_set
                0x000033c2                ctimer_reset
                0x00003416                ctimer_restart
                0x0000346a                ctimer_stop
                0x0000349a                ctimer_expired
 .text          0x000034e4        0xe contiki-micaz.a(energest.o)
                0x000034e4                energest_type_set
                0x000034e6                energest_init
                0x000034e8                energest_type_time
                0x000034f0                energest_flush
 .text          0x000034f2       0x7c contiki-micaz.a(rtimer.o)
                0x000034f2                rtimer_init
                0x000034f8                rtimer_set
                0x00003530                rtimer_run_next
 .text          0x0000356e        0xc contiki-micaz.a(random.o)
                0x0000356e                random_init
                0x00003574                random_rand
 .text          0x0000357a      0x210 contiki-micaz.a(queuebuf.o)
                0x0000357a                queuebuf_init
                0x00003594                queuebuf_new_from_packetbuf
                0x00003632                queuebuf_update_attr_from_packetbuf
                0x00003648                queuebuf_free
                0x0000368c                queuebuf_to_packetbuf
                0x00003708                queuebuf_dataptr
                0x00003746                queuebuf_datalen
                0x00003754                queuebuf_addr
                0x0000376c                queuebuf_attr
                0x00003788                queuebuf_debug_print
 .text          0x0000378a      0x1b8 contiki-micaz.a(rs232.o)
                0x0000378a                __vector_18
                0x000037e6                __vector_30
                0x00003844                rs232_init
                0x00003880                rs232_send
                0x0000389e                rs232_stdout_putchar
                0x000038c8                rs232_set_input
                0x000038e4                rs232_print
                0x00003926                slip_arch_writeb
                0x00003930                rs232_redirect_stdout
 .text          0x00003942       0x56 contiki-micaz.a(leds-arch.o)
                0x00003942                leds_arch_init
                0x00003950                leds_arch_get
                0x00003970                leds_arch_set
 .text          0x00003998      0xb26 contiki-micaz.a(cc2420.o)
                0x00003bd2                cc2420_on
                0x00003bfe                cc2420_off
                0x00003f3a                cc2420_get_channel
                0x00003f44                cc2420_set_channel
                0x00003fe4                cc2420_set_pan_addr
                0x000040f8                cc2420_init
                0x000041c0                cc2420_interrupt
                0x000041fe                cc2420_set_txpower
                0x00004212                cc2420_get_txpower
                0x000043de                cc2420_rssi
                0x00004466                cc2420_cca_valid
                0x000044a2                cc2420_set_cca_threshold
 .text          0x000044be       0x6e contiki-micaz.a(cc2420-arch.o)
                0x000044be                cc2420_arch_init
                0x000044dc                __vector_7
 .text          0x0000452c       0xb6 contiki-micaz.a(rtimer-arch.o)
                0x0000452c                __vector_26
                0x00004586                rtimer_arch_init
                0x000045be                rtimer_arch_schedule
 .text          0x000045e2       0x50 contiki-micaz.a(watchdog.o)
                0x000045e2                watchdog_init
                0x000045f6                watchdog_start
                0x0000460a                watchdog_periodic
                0x0000460e                watchdog_stop
                0x0000461c                watchdog_reboot
 .text          0x00004632      0x452 contiki-micaz.a(frame802154.o)
                0x000046e4                frame802154_hdrlen
                0x00004720                frame802154_create
                0x000048f6                frame802154_parse
 .text          0x00004a84       0x16 contiki-micaz.a(spi.o)
                0x00004a84                spi_init
 .text          0x00004a9a        0x0 /usr/lib/gcc/avr/4.5.3/avr51/libgcc.a(_udivmodhi4.o)
 .text          0x00004a9a        0x0 /usr/lib/gcc/avr/4.5.3/avr51/libgcc.a(_exit.o)
 .text          0x00004a9a        0x0 /usr/lib/gcc/avr/4.5.3/avr51/libgcc.a(_copy_data.o)
 .text          0x00004a9a        0x0 /usr/lib/gcc/avr/4.5.3/avr51/libgcc.a(_clear_bss.o)
 .text          0x00004a9a       0x58 /usr/lib/gcc/avr/4.5.3/avr51/libgcc.a(_fixunssfsi.o)
                0x00004a9a                __fixunssfsi
 .text          0x00004af2      0x350 /usr/lib/gcc/avr/4.5.3/avr51/libgcc.a(_addsub_sf.o)
                0x00004d86                __addsf3
                0x00004de0                __subsf3
 .text          0x00004e42       0x60 /usr/lib/gcc/avr/4.5.3/avr51/libgcc.a(_eq_sf.o)
                0x00004e42                __eqsf2
 .text          0x00004ea2       0x60 /usr/lib/gcc/avr/4.5.3/avr51/libgcc.a(_ge_sf.o)
                0x00004ea2                __gesf2
 .text          0x00004f02       0xc0 /usr/lib/gcc/avr/4.5.3/avr51/libgcc.a(_si_to_sf.o)
                0x00004f02                __floatsisf
 .text          0x00004fc2       0xa4 /usr/lib/gcc/avr/4.5.3/avr51/libgcc.a(_sf_to_si.o)
                0x00004fc2                __fixsfsi
 .text          0x00005066        0x0 /usr/lib/gcc/avr/4.5.3/avr51/libgcc.a(_thenan_sf.o)
 .text          0x00005066       0xf0 /usr/lib/gcc/avr/4.5.3/avr51/libgcc.a(_usi_to_sf.o)
                0x00005066                __floatunsisf
 .text          0x00005156        0x0 /usr/lib/gcc/avr/4.5.3/avr51/libgcc.a(_prologue.o)
 .text          0x00005156        0x0 /usr/lib/gcc/avr/4.5.3/avr51/libgcc.a(_epilogue.o)
 .text          0x00005156       0xb4 /usr/lib/gcc/avr/4.5.3/avr51/libgcc.a(_clzsi2.o)
                0x00005156                __clzsi2
 .text          0x0000520a      0x19c /usr/lib/gcc/avr/4.5.3/avr51/libgcc.a(_pack_sf.o)
                0x0000520a                __pack_f
 .text          0x000053a6       0xd2 /usr/lib/gcc/avr/4.5.3/avr51/libgcc.a(_unpack_sf.o)
                0x000053a6                __unpack_f
 .text          0x00005478       0xb2 /usr/lib/gcc/avr/4.5.3/avr51/libgcc.a(_fpcmp_parts_sf.o)
                0x00005478                __fpcmp_parts_f
 .text          0x0000552a        0x0 /usr/lib/gcc/avr/4.5.3/avr51/libgcc.a(_clz.o)
 .text          0x0000552a        0x0 /usr/lib/gcc/avr/4.5.3/../../../avr/lib/avr51/libc.a(malloc.o)
 .text          0x0000552a        0x0 /usr/lib/gcc/avr/4.5.3/../../../avr/lib/avr51/libc.a(rand.o)
 .text          0x0000552a        0x0 /usr/lib/gcc/avr/4.5.3/../../../avr/lib/avr51/libc.a(realloc.o)
 .text          0x0000552a        0x0 /usr/lib/gcc/avr/4.5.3/../../../avr/lib/avr51/libc.a(memcpy.o)
 .text          0x0000552a        0x0 /usr/lib/gcc/avr/4.5.3/../../../avr/lib/avr51/libc.a(memset.o)
 .text          0x0000552a        0x0 /usr/lib/gcc/avr/4.5.3/../../../avr/lib/avr51/libc.a(iob.o)
 .text          0x0000552a        0x0 /usr/lib/gcc/avr/4.5.3/../../../avr/lib/avr51/libc.a(printf_p.o)
 .text          0x0000552a        0x0 /usr/lib/gcc/avr/4.5.3/../../../avr/lib/avr51/libc.a(sqrt.o)
 .text          0x0000552a        0x0 /usr/lib/gcc/avr/4.5.3/../../../avr/lib/avr51/libc.a(vfprintf_std.o)
 .text          0x0000552a        0x0 /usr/lib/gcc/avr/4.5.3/../../../avr/lib/avr51/libc.a(eerd_block_atmega128.o)
 .text          0x0000552a        0x0 /usr/lib/gcc/avr/4.5.3/../../../avr/lib/avr51/libc.a(eewr_block_atmega128.o)
 .text          0x0000552a        0x0 /usr/lib/gcc/avr/4.5.3/../../../avr/lib/avr51/libc.a(eewr_byte_atmega128.o)
 .text          0x0000552a        0x0 /usr/lib/gcc/avr/4.5.3/../../../avr/lib/avr51/libc.a(strnlen_P.o)
 .text          0x0000552a        0x0 /usr/lib/gcc/avr/4.5.3/../../../avr/lib/avr51/libc.a(strnlen.o)
 .text          0x0000552a        0x0 /usr/lib/gcc/avr/4.5.3/../../../avr/lib/avr51/libc.a(fputc.o)
 .text          0x0000552a        0x0 /usr/lib/gcc/avr/4.5.3/../../../avr/lib/avr51/libc.a(ultoa_invert.o)
 .text          0x0000552a        0x0 /usr/lib/gcc/avr/4.5.3/../../../avr/lib/avr51/libc.a(fp_mpack.o)
 .text          0x0000552a        0x0 /usr/lib/gcc/avr/4.5.3/../../../avr/lib/avr51/libc.a(fp_nan.o)
 .text          0x0000552a        0x0 /usr/lib/gcc/avr/4.5.3/../../../avr/lib/avr51/libc.a(fp_norm2.o)
 .text          0x0000552a        0x0 /usr/lib/gcc/avr/4.5.3/../../../avr/lib/avr51/libc.a(fp_split3.o)
 .text          0x0000552a        0x0 /usr/lib/gcc/avr/4.5.3/avr51/libgcc.a(_mulsi3.o)
 .text          0x0000552a        0x0 /usr/lib/gcc/avr/4.5.3/avr51/libgcc.a(_divmodsi4.o)
 .text          0x0000552a        0x0 /usr/lib/gcc/avr/4.5.3/avr51/libgcc.a(_udivmodsi4.o)
                0x0000552a                . = ALIGN (0x2)
 *(.text.*)
 .text.libgcc   0x0000552a       0x28 /usr/lib/gcc/avr/4.5.3/avr51/libgcc.a(_udivmodhi4.o)
                0x0000552a                __udivmodhi4
 .text.libgcc   0x00005552        0x0 /usr/lib/gcc/avr/4.5.3/avr51/libgcc.a(_exit.o)
 .text.libgcc   0x00005552        0x0 /usr/lib/gcc/avr/4.5.3/avr51/libgcc.a(_copy_data.o)
 .text.libgcc   0x00005552        0x0 /usr/lib/gcc/avr/4.5.3/avr51/libgcc.a(_clear_bss.o)
 .text.libgcc   0x00005552       0x38 /usr/lib/gcc/avr/4.5.3/avr51/libgcc.a(_prologue.o)
                0x00005552                __prologue_saves__
 .text.libgcc   0x0000558a       0x36 /usr/lib/gcc/avr/4.5.3/avr51/libgcc.a(_epilogue.o)
                0x0000558a                __epilogue_restores__
 .text.avr-libc
                0x000055c0      0x266 /usr/lib/gcc/avr/4.5.3/../../../avr/lib/avr51/libc.a(malloc.o)
                0x000055c0                malloc
                0x000056f4                free
 .text.avr-libc
                0x00005826       0xbc /usr/lib/gcc/avr/4.5.3/../../../avr/lib/avr51/libc.a(rand.o)
                0x000058bc                rand_r
                0x000058c2                rand
                0x000058cc                srand
 .text.avr-libc
                0x000058e2      0x1b2 /usr/lib/gcc/avr/4.5.3/../../../avr/lib/avr51/libc.a(realloc.o)
                0x000058e2                realloc
 .text.avr-libc
                0x00005a94       0x12 /usr/lib/gcc/avr/4.5.3/../../../avr/lib/avr51/libc.a(memcpy.o)
                0x00005a94                memcpy
 .text.avr-libc
                0x00005aa6        0xe /usr/lib/gcc/avr/4.5.3/../../../avr/lib/avr51/libc.a(memset.o)
                0x00005aa6                memset
 .text.avr-libc
                0x00005ab4       0x40 /usr/lib/gcc/avr/4.5.3/../../../avr/lib/avr51/libc.a(printf_p.o)
                0x00005ab4                printf_P
 .text.avr-libc.fplib
                0x00005af4       0x84 /usr/lib/gcc/avr/4.5.3/../../../avr/lib/avr51/libc.a(sqrt.o)
                0x00005afc                sqrt
 .text.avr-libc
                0x00005b78      0x420 /usr/lib/gcc/avr/4.5.3/../../../avr/lib/avr51/libc.a(vfprintf_std.o)
                0x00005b78                vfprintf
 .text.avr-libc
                0x00005f98       0x20 /usr/lib/gcc/avr/4.5.3/../../../avr/lib/avr51/libc.a(eerd_block_atmega128.o)
                0x00005f98                __eerd_block_m128
                0x00005f9c                __eerd_blraw_m128
 .text.avr-libc
                0x00005fb8       0x14 /usr/lib/gcc/avr/4.5.3/../../../avr/lib/avr51/libc.a(eewr_block_atmega128.o)
                0x00005fb8                __eewr_block_m128
 .text.avr-libc
                0x00005fcc       0x1a /usr/lib/gcc/avr/4.5.3/../../../avr/lib/avr51/libc.a(eewr_byte_atmega128.o)
                0x00005fcc                __eewr_byte_m128
                0x00005fce                __eewr_r18_m128
 .text.avr-libc
                0x00005fe6       0x16 /usr/lib/gcc/avr/4.5.3/../../../avr/lib/avr51/libc.a(strnlen_P.o)
                0x00005fe6                strnlen_P
 .text.avr-libc
                0x00005ffc       0x16 /usr/lib/gcc/avr/4.5.3/../../../avr/lib/avr51/libc.a(strnlen.o)
                0x00005ffc                strnlen
 .text.avr-libc
                0x00006012       0x58 /usr/lib/gcc/avr/4.5.3/../../../avr/lib/avr51/libc.a(fputc.o)
                0x00006012                fputc
 .text.avr-libc
                0x0000606a       0xbc /usr/lib/gcc/avr/4.5.3/../../../avr/lib/avr51/libc.a(ultoa_invert.o)
                0x0000606a                __ultoa_invert
 .text.avr-libc.fplib
                0x00006126       0x1c /usr/lib/gcc/avr/4.5.3/../../../avr/lib/avr51/libc.a(fp_mpack.o)
                0x00006126                __fp_mpack
                0x0000612a                __fp_mpack_finite
 .text.avr-libc.fplib
                0x00006142        0x6 /usr/lib/gcc/avr/4.5.3/../../../avr/lib/avr51/libc.a(fp_nan.o)
                0x00006142                __fp_nan
 .text.avr-libc.fplib
                0x00006148        0xe /usr/lib/gcc/avr/4.5.3/../../../avr/lib/avr51/libc.a(fp_norm2.o)
                0x00006148                __fp_norm2
 .text.avr-libc.fplib
                0x00006156       0x44 /usr/lib/gcc/avr/4.5.3/../../../avr/lib/avr51/libc.a(fp_split3.o)
                0x00006156                __fp_split3
                0x00006166                __fp_splitA
 .text.libgcc   0x0000619a       0x3e /usr/lib/gcc/avr/4.5.3/avr51/libgcc.a(_mulsi3.o)
                0x0000619a                __mulsi3
 .text.libgcc   0x000061d8       0x36 /usr/lib/gcc/avr/4.5.3/avr51/libgcc.a(_divmodsi4.o)
                0x000061d8                __divmodsi4
 .text.libgcc   0x0000620e       0x44 /usr/lib/gcc/avr/4.5.3/avr51/libgcc.a(_udivmodsi4.o)
                0x0000620e                __udivmodsi4
                0x00006252                . = ALIGN (0x2)
 *(.fini9)
 .fini9         0x00006252        0x0 /usr/lib/gcc/avr/4.5.3/avr51/libgcc.a(_exit.o)
                0x00006252                exit
                0x00006252                _exit
 *(.fini9)
 *(.fini8)
 *(.fini8)
 *(.fini7)
 *(.fini7)
 *(.fini6)
 *(.fini6)
 *(.fini5)
 *(.fini5)
 *(.fini4)
 *(.fini4)
 *(.fini3)
 *(.fini3)
 *(.fini2)
 *(.fini2)
 *(.fini1)
 *(.fini1)
 *(.fini0)
 .fini0         0x00006252        0x4 /usr/lib/gcc/avr/4.5.3/avr51/libgcc.a(_exit.o)
 *(.fini0)
                0x00006256                _etext = .

.data           0x00800100      0x1e2 load address 0x00006256
                0x00800100                PROVIDE (__data_start, .)
 *(.data)
 .data          0x00800100        0x0 /usr/lib/gcc/avr/4.5.3/../../../avr/lib/avr51/crtm128.o
 .data          0x00800100       0x11 attilio_receive.co
                0x00800100                example_broadcast_process
                0x00800108                autostart_processes
 .data          0x00800111        0x2 contiki-micaz.a(rimeaddr.o)
                0x00800111                rimeaddr_null
 .data          0x00800113        0x8 contiki-micaz.a(broadcast.o)
 .data          0x0080011b        0x2 contiki-micaz.a(abc.o)
 .data          0x0080011d        0x0 contiki-micaz.a(channel.o)
 .data          0x0080011d        0x0 contiki-micaz.a(process.o)
 .data          0x0080011d        0x0 contiki-micaz.a(list.o)
 .data          0x0080011d        0x8 contiki-micaz.a(etimer.o)
                0x0080011d                etimer_process
 .data          0x00800125        0x0 contiki-micaz.a(packetbuf.o)
 .data          0x00800125        0x0 contiki-micaz.a(contiki-micaz-m)
 .data          0x00800125        0x0 contiki-micaz.a(init-net.o)
 .data          0x00800125        0x0 contiki-micaz.a(node-id.o)
 .data          0x00800125        0x0 contiki-micaz.a(clock.o)
 .data          0x00800125        0x0 contiki-micaz.a(ds2401.o)
 .data          0x00800125        0x0 contiki-micaz.a(packages.o)
 .data          0x00800125        0x0 contiki-micaz.a(eeprom.o)
 .data          0x00800125        0x0 contiki-micaz.a(leds.o)
 .data          0x00800125        0xb contiki-micaz.a(rime.o)
                0x0080012a                rime_driver
 .data          0x00800130        0x0 contiki-micaz.a(rimestats.o)
 .data          0x00800130        0x0 contiki-micaz.a(announcement.o)
 .data          0x00800130        0x4 contiki-micaz.a(broadcast-annou)
 .data          0x00800134        0x0 contiki-micaz.a(chameleon.o)
 .data          0x00800134        0xf contiki-micaz.a(chameleon-bitop)
                0x00800134                chameleon_bitopt
 .data          0x00800143       0x27 contiki-micaz.a(cxmac.o)
                0x00800143                cxmac_config
                0x00800152                cxmac_driver
 .data          0x0080016a       0x16 contiki-micaz.a(nullmac.o)
                0x00800172                nullmac_driver
 .data          0x00800180        0x0 contiki-micaz.a(mac.o)
 .data          0x00800180        0x4 contiki-micaz.a(framer-802154.o)
                0x00800180                framer_802154
 .data          0x00800184        0x0 contiki-micaz.a(autostart.o)
 .data          0x00800184        0x0 contiki-micaz.a(compower.o)
 .data          0x00800184        0x0 contiki-micaz.a(memb.o)
 .data          0x00800184        0x0 contiki-micaz.a(timer.o)
 .data          0x00800184        0x8 contiki-micaz.a(ctimer.o)
                0x00800184                ctimer_process
 .data          0x0080018c        0x0 contiki-micaz.a(energest.o)
 .data          0x0080018c        0x0 contiki-micaz.a(rtimer.o)
 .data          0x0080018c        0x0 contiki-micaz.a(random.o)
 .data          0x0080018c       0x18 contiki-micaz.a(queuebuf.o)
 .data          0x008001a4        0xe contiki-micaz.a(rs232.o)
 .data          0x008001b2        0x0 contiki-micaz.a(leds-arch.o)
 .data          0x008001b2       0x1c contiki-micaz.a(cc2420.o)
                0x008001b2                cc2420_process
                0x008001ba                cc2420_driver
 .data          0x008001ce        0x0 contiki-micaz.a(cc2420-arch.o)
 .data          0x008001ce        0x0 contiki-micaz.a(rtimer-arch.o)
 .data          0x008001ce        0x0 contiki-micaz.a(watchdog.o)
 .data          0x008001ce        0x2 contiki-micaz.a(frame802154.o)
 .data          0x008001d0        0x0 contiki-micaz.a(spi.o)
 .data          0x008001d0        0x0 /usr/lib/gcc/avr/4.5.3/avr51/libgcc.a(_udivmodhi4.o)
 .data          0x008001d0        0x0 /usr/lib/gcc/avr/4.5.3/avr51/libgcc.a(_exit.o)
 .data          0x008001d0        0x0 /usr/lib/gcc/avr/4.5.3/avr51/libgcc.a(_copy_data.o)
 .data          0x008001d0        0x0 /usr/lib/gcc/avr/4.5.3/avr51/libgcc.a(_clear_bss.o)
 .data          0x008001d0        0x0 /usr/lib/gcc/avr/4.5.3/avr51/libgcc.a(_fixunssfsi.o)
 .data          0x008001d0        0x0 /usr/lib/gcc/avr/4.5.3/avr51/libgcc.a(_addsub_sf.o)
 .data          0x008001d0        0x0 /usr/lib/gcc/avr/4.5.3/avr51/libgcc.a(_eq_sf.o)
 .data          0x008001d0        0x0 /usr/lib/gcc/avr/4.5.3/avr51/libgcc.a(_ge_sf.o)
 .data          0x008001d0        0x0 /usr/lib/gcc/avr/4.5.3/avr51/libgcc.a(_si_to_sf.o)
 .data          0x008001d0        0x0 /usr/lib/gcc/avr/4.5.3/avr51/libgcc.a(_sf_to_si.o)
 .data          0x008001d0        0x8 /usr/lib/gcc/avr/4.5.3/avr51/libgcc.a(_thenan_sf.o)
                0x008001d0                __thenan_sf
 .data          0x008001d8        0x0 /usr/lib/gcc/avr/4.5.3/avr51/libgcc.a(_usi_to_sf.o)
 .data          0x008001d8        0x0 /usr/lib/gcc/avr/4.5.3/avr51/libgcc.a(_prologue.o)
 .data          0x008001d8        0x0 /usr/lib/gcc/avr/4.5.3/avr51/libgcc.a(_epilogue.o)
 .data          0x008001d8        0x0 /usr/lib/gcc/avr/4.5.3/avr51/libgcc.a(_clzsi2.o)
 .data          0x008001d8        0x0 /usr/lib/gcc/avr/4.5.3/avr51/libgcc.a(_pack_sf.o)
 .data          0x008001d8        0x0 /usr/lib/gcc/avr/4.5.3/avr51/libgcc.a(_unpack_sf.o)
 .data          0x008001d8        0x0 /usr/lib/gcc/avr/4.5.3/avr51/libgcc.a(_fpcmp_parts_sf.o)
 .data          0x008001d8      0x100 /usr/lib/gcc/avr/4.5.3/avr51/libgcc.a(_clz.o)
                0x008001d8                __clz_tab
 .data          0x008002d8        0x6 /usr/lib/gcc/avr/4.5.3/../../../avr/lib/avr51/libc.a(malloc.o)
                0x008002d8                __malloc_margin
                0x008002da                __malloc_heap_start
                0x008002dc                __malloc_heap_end
 .data          0x008002de        0x4 /usr/lib/gcc/avr/4.5.3/../../../avr/lib/avr51/libc.a(rand.o)
 .data          0x008002e2        0x0 /usr/lib/gcc/avr/4.5.3/../../../avr/lib/avr51/libc.a(realloc.o)
 .data          0x008002e2        0x0 /usr/lib/gcc/avr/4.5.3/../../../avr/lib/avr51/libc.a(memcpy.o)
 .data          0x008002e2        0x0 /usr/lib/gcc/avr/4.5.3/../../../avr/lib/avr51/libc.a(memset.o)
 .data          0x008002e2        0x0 /usr/lib/gcc/avr/4.5.3/../../../avr/lib/avr51/libc.a(iob.o)
 .data          0x008002e2        0x0 /usr/lib/gcc/avr/4.5.3/../../../avr/lib/avr51/libc.a(printf_p.o)
 .data          0x008002e2        0x0 /usr/lib/gcc/avr/4.5.3/../../../avr/lib/avr51/libc.a(sqrt.o)
 .data          0x008002e2        0x0 /usr/lib/gcc/avr/4.5.3/../../../avr/lib/avr51/libc.a(vfprintf_std.o)
 .data          0x008002e2        0x0 /usr/lib/gcc/avr/4.5.3/../../../avr/lib/avr51/libc.a(eerd_block_atmega128.o)
 .data          0x008002e2        0x0 /usr/lib/gcc/avr/4.5.3/../../../avr/lib/avr51/libc.a(eewr_block_atmega128.o)
 .data          0x008002e2        0x0 /usr/lib/gcc/avr/4.5.3/../../../avr/lib/avr51/libc.a(eewr_byte_atmega128.o)
 .data          0x008002e2        0x0 /usr/lib/gcc/avr/4.5.3/../../../avr/lib/avr51/libc.a(strnlen_P.o)
 .data          0x008002e2        0x0 /usr/lib/gcc/avr/4.5.3/../../../avr/lib/avr51/libc.a(strnlen.o)
 .data          0x008002e2        0x0 /usr/lib/gcc/avr/4.5.3/../../../avr/lib/avr51/libc.a(fputc.o)
 .data          0x008002e2        0x0 /usr/lib/gcc/avr/4.5.3/../../../avr/lib/avr51/libc.a(ultoa_invert.o)
 .data          0x008002e2        0x0 /usr/lib/gcc/avr/4.5.3/../../../avr/lib/avr51/libc.a(fp_mpack.o)
 .data          0x008002e2        0x0 /usr/lib/gcc/avr/4.5.3/../../../avr/lib/avr51/libc.a(fp_nan.o)
 .data          0x008002e2        0x0 /usr/lib/gcc/avr/4.5.3/../../../avr/lib/avr51/libc.a(fp_norm2.o)
 .data          0x008002e2        0x0 /usr/lib/gcc/avr/4.5.3/../../../avr/lib/avr51/libc.a(fp_split3.o)
 .data          0x008002e2        0x0 /usr/lib/gcc/avr/4.5.3/avr51/libgcc.a(_mulsi3.o)
 .data          0x008002e2        0x0 /usr/lib/gcc/avr/4.5.3/avr51/libgcc.a(_divmodsi4.o)
 .data          0x008002e2        0x0 /usr/lib/gcc/avr/4.5.3/avr51/libgcc.a(_udivmodsi4.o)
 *(.data*)
 *(.rodata)
 *(.rodata*)
 *(.gnu.linkonce.d*)
                0x008002e2                . = ALIGN (0x2)
                0x008002e2                _edata = .
                0x008002e2                PROVIDE (__data_end, .)

.bss            0x008002e2      0x8e4
                0x008002e2                PROVIDE (__bss_start, .)
 *(.bss)
 .bss           0x008002e2        0x0 /usr/lib/gcc/avr/4.5.3/../../../avr/lib/avr51/crtm128.o
 .bss           0x008002e2       0x18 attilio_receive.co
 .bss           0x008002fa        0x0 contiki-micaz.a(rimeaddr.o)
 .bss           0x008002fa        0x0 contiki-micaz.a(broadcast.o)
 .bss           0x008002fa        0x0 contiki-micaz.a(abc.o)
 .bss           0x008002fa        0x2 contiki-micaz.a(channel.o)
 .bss           0x008002fc       0x38 contiki-micaz.a(process.o)
                0x008002fc                process_list
                0x008002fe                process_current
 .bss           0x00800334        0x0 contiki-micaz.a(list.o)
 .bss           0x00800334        0x4 contiki-micaz.a(etimer.o)
 .bss           0x00800338       0xb9 contiki-micaz.a(packetbuf.o)
 .bss           0x008003f1        0x0 contiki-micaz.a(contiki-micaz-m)
 .bss           0x008003f1        0x0 contiki-micaz.a(init-net.o)
 .bss           0x008003f1        0x2 contiki-micaz.a(node-id.o)
                0x008003f1                node_id
 .bss           0x008003f3        0x8 contiki-micaz.a(clock.o)
 .bss           0x008003fb        0x0 contiki-micaz.a(ds2401.o)
 .bss           0x008003fb        0x0 contiki-micaz.a(packages.o)
 .bss           0x008003fb        0x0 contiki-micaz.a(eeprom.o)
 .bss           0x008003fb        0x2 contiki-micaz.a(leds.o)
 .bss           0x008003fd        0x2 contiki-micaz.a(rime.o)
 .bss           0x008003ff        0x0 contiki-micaz.a(rimestats.o)
 .bss           0x008003ff        0x6 contiki-micaz.a(announcement.o)
 .bss           0x00800405       0x35 contiki-micaz.a(broadcast-annou)
 .bss           0x0080043a        0x0 contiki-micaz.a(chameleon.o)
 .bss           0x0080043a        0x0 contiki-micaz.a(chameleon-bitop)
 .bss           0x0080043a       0x44 contiki-micaz.a(cxmac.o)
 .bss           0x0080047e        0x0 contiki-micaz.a(nullmac.o)
 .bss           0x0080047e        0x0 contiki-micaz.a(mac.o)
 .bss           0x0080047e        0x2 contiki-micaz.a(framer-802154.o)
 .bss           0x00800480        0x0 contiki-micaz.a(autostart.o)
 .bss           0x00800480        0x8 contiki-micaz.a(compower.o)
 .bss           0x00800488        0x0 contiki-micaz.a(memb.o)
 .bss           0x00800488        0x0 contiki-micaz.a(timer.o)
 .bss           0x00800488        0x3 contiki-micaz.a(ctimer.o)
 .bss           0x0080048b        0x0 contiki-micaz.a(energest.o)
 .bss           0x0080048b        0x2 contiki-micaz.a(rtimer.o)
 .bss           0x0080048d        0x0 contiki-micaz.a(random.o)
 .bss           0x0080048d      0x65c contiki-micaz.a(queuebuf.o)
 .bss           0x00800ae9        0x1 contiki-micaz.a(rs232.o)
 .bss           0x00800aea        0x0 contiki-micaz.a(leds-arch.o)
 .bss           0x00800aea        0x9 contiki-micaz.a(cc2420.o)
 .bss           0x00800af3        0x0 contiki-micaz.a(cc2420-arch.o)
 .bss           0x00800af3        0x0 contiki-micaz.a(rtimer-arch.o)
 .bss           0x00800af3        0x0 contiki-micaz.a(watchdog.o)
 .bss           0x00800af3        0x0 contiki-micaz.a(frame802154.o)
 .bss           0x00800af3        0x1 contiki-micaz.a(spi.o)
                0x00800af3                spi_busy
 .bss           0x00800af4        0x0 /usr/lib/gcc/avr/4.5.3/avr51/libgcc.a(_udivmodhi4.o)
 .bss           0x00800af4        0x0 /usr/lib/gcc/avr/4.5.3/avr51/libgcc.a(_exit.o)
 .bss           0x00800af4        0x0 /usr/lib/gcc/avr/4.5.3/avr51/libgcc.a(_copy_data.o)
 .bss           0x00800af4        0x0 /usr/lib/gcc/avr/4.5.3/avr51/libgcc.a(_clear_bss.o)
 .bss           0x00800af4        0x0 /usr/lib/gcc/avr/4.5.3/avr51/libgcc.a(_fixunssfsi.o)
 .bss           0x00800af4        0x0 /usr/lib/gcc/avr/4.5.3/avr51/libgcc.a(_addsub_sf.o)
 .bss           0x00800af4        0x0 /usr/lib/gcc/avr/4.5.3/avr51/libgcc.a(_eq_sf.o)
 .bss           0x00800af4        0x0 /usr/lib/gcc/avr/4.5.3/avr51/libgcc.a(_ge_sf.o)
 .bss           0x00800af4        0x0 /usr/lib/gcc/avr/4.5.3/avr51/libgcc.a(_si_to_sf.o)
 .bss           0x00800af4        0x0 /usr/lib/gcc/avr/4.5.3/avr51/libgcc.a(_sf_to_si.o)
 .bss           0x00800af4        0x0 /usr/lib/gcc/avr/4.5.3/avr51/libgcc.a(_thenan_sf.o)
 .bss           0x00800af4        0x0 /usr/lib/gcc/avr/4.5.3/avr51/libgcc.a(_usi_to_sf.o)
 .bss           0x00800af4        0x0 /usr/lib/gcc/avr/4.5.3/avr51/libgcc.a(_prologue.o)
 .bss           0x00800af4        0x0 /usr/lib/gcc/avr/4.5.3/avr51/libgcc.a(_epilogue.o)
 .bss           0x00800af4        0x0 /usr/lib/gcc/avr/4.5.3/avr51/libgcc.a(_clzsi2.o)
 .bss           0x00800af4        0x0 /usr/lib/gcc/avr/4.5.3/avr51/libgcc.a(_pack_sf.o)
 .bss           0x00800af4        0x0 /usr/lib/gcc/avr/4.5.3/avr51/libgcc.a(_unpack_sf.o)
 .bss           0x00800af4        0x0 /usr/lib/gcc/avr/4.5.3/avr51/libgcc.a(_fpcmp_parts_sf.o)
 .bss           0x00800af4        0x0 /usr/lib/gcc/avr/4.5.3/avr51/libgcc.a(_clz.o)
 .bss           0x00800af4        0x0 /usr/lib/gcc/avr/4.5.3/../../../avr/lib/avr51/libc.a(malloc.o)
 .bss           0x00800af4        0x0 /usr/lib/gcc/avr/4.5.3/../../../avr/lib/avr51/libc.a(rand.o)
 .bss           0x00800af4        0x0 /usr/lib/gcc/avr/4.5.3/../../../avr/lib/avr51/libc.a(realloc.o)
 .bss           0x00800af4        0x0 /usr/lib/gcc/avr/4.5.3/../../../avr/lib/avr51/libc.a(memcpy.o)
 .bss           0x00800af4        0x0 /usr/lib/gcc/avr/4.5.3/../../../avr/lib/avr51/libc.a(memset.o)
 .bss           0x00800af4        0x0 /usr/lib/gcc/avr/4.5.3/../../../avr/lib/avr51/libc.a(iob.o)
 .bss           0x00800af4        0x0 /usr/lib/gcc/avr/4.5.3/../../../avr/lib/avr51/libc.a(printf_p.o)
 .bss           0x00800af4        0x0 /usr/lib/gcc/avr/4.5.3/../../../avr/lib/avr51/libc.a(sqrt.o)
 .bss           0x00800af4        0x0 /usr/lib/gcc/avr/4.5.3/../../../avr/lib/avr51/libc.a(vfprintf_std.o)
 .bss           0x00800af4        0x0 /usr/lib/gcc/avr/4.5.3/../../../avr/lib/avr51/libc.a(eerd_block_atmega128.o)
 .bss           0x00800af4        0x0 /usr/lib/gcc/avr/4.5.3/../../../avr/lib/avr51/libc.a(eewr_block_atmega128.o)
 .bss           0x00800af4        0x0 /usr/lib/gcc/avr/4.5.3/../../../avr/lib/avr51/libc.a(eewr_byte_atmega128.o)
 .bss           0x00800af4        0x0 /usr/lib/gcc/avr/4.5.3/../../../avr/lib/avr51/libc.a(strnlen_P.o)
 .bss           0x00800af4        0x0 /usr/lib/gcc/avr/4.5.3/../../../avr/lib/avr51/libc.a(strnlen.o)
 .bss           0x00800af4        0x0 /usr/lib/gcc/avr/4.5.3/../../../avr/lib/avr51/libc.a(fputc.o)
 .bss           0x00800af4        0x0 /usr/lib/gcc/avr/4.5.3/../../../avr/lib/avr51/libc.a(ultoa_invert.o)
 .bss           0x00800af4        0x0 /usr/lib/gcc/avr/4.5.3/../../../avr/lib/avr51/libc.a(fp_mpack.o)
 .bss           0x00800af4        0x0 /usr/lib/gcc/avr/4.5.3/../../../avr/lib/avr51/libc.a(fp_nan.o)
 .bss           0x00800af4        0x0 /usr/lib/gcc/avr/4.5.3/../../../avr/lib/avr51/libc.a(fp_norm2.o)
 .bss           0x00800af4        0x0 /usr/lib/gcc/avr/4.5.3/../../../avr/lib/avr51/libc.a(fp_split3.o)
 .bss           0x00800af4        0x0 /usr/lib/gcc/avr/4.5.3/avr51/libgcc.a(_mulsi3.o)
 .bss           0x00800af4        0x0 /usr/lib/gcc/avr/4.5.3/avr51/libgcc.a(_divmodsi4.o)
 .bss           0x00800af4        0x0 /usr/lib/gcc/avr/4.5.3/avr51/libgcc.a(_udivmodsi4.o)
 *(.bss*)
 *(COMMON)
 COMMON         0x00800af4       0x20 attilio_receive.co
                0x00800af4                nodes_addr_list
 COMMON         0x00800b14        0x2 contiki-micaz.a(rimeaddr.o)
                0x00800b14                rimeaddr_node_addr
 COMMON         0x00800b16        0x1 contiki-micaz.a(process.o)
                0x00800b16                process_maxevents
 COMMON         0x00800b17       0x38 contiki-micaz.a(packetbuf.o)
                0x00800b17                packetbuf_addrs
                0x00800b1f                packetbuf_attrs
 COMMON         0x00800b4f        0x8 contiki-micaz.a(ds2401.o)
                0x00800b4f                ds2401_id
 COMMON         0x00800b57       0x48 contiki-micaz.a(rimestats.o)
                0x00800b57                rimestats
 COMMON         0x00800b9f        0x8 contiki-micaz.a(compower.o)
                0x00800b9f                compower_idle_activity
 COMMON         0x00800ba7        0x4 contiki-micaz.a(rs232.o)
                0x00800ba7                input_handler_1
                0x00800ba9                input_handler_0
 COMMON         0x00800bab       0x11 contiki-micaz.a(cc2420.o)
                0x00800bab                cc2420_last_rssi
                0x00800bac                cc2420_packets_read
                0x00800bae                cc2420_packets_seen
                0x00800bb0                cc2420_sfd_start_time
                0x00800bb2                cc2420_time_of_departure
                0x00800bb4                cc2420_time_of_arrival
                0x00800bb6                cc2420_last_correlation
                0x00800bb7                cc2420_authority_level_of_sender
                0x00800bb9                cc2420_sfd_counter
                0x00800bba                cc2420_sfd_end_time
 COMMON         0x00800bbc        0x4 /usr/lib/gcc/avr/4.5.3/../../../avr/lib/avr51/libc.a(malloc.o)
                0x00800bbc                __brkval
                0x00800bbe                __flp
 COMMON         0x00800bc0        0x6 /usr/lib/gcc/avr/4.5.3/../../../avr/lib/avr51/libc.a(iob.o)
                0x00800bc0                __iob
                0x00800bc6                PROVIDE (__bss_end, .)
                0x00006256                __data_load_start = LOADADDR (.data)
                0x00006438                __data_load_end = (__data_load_start + SIZEOF (.data))

.noinit         0x00800bc6        0x0
                0x00800bc6                PROVIDE (__noinit_start, .)
 *(.noinit*)
                0x00800bc6                PROVIDE (__noinit_end, .)
                0x00800bc6                _end = .
                0x00800bc6                PROVIDE (__heap_start, .)

.eeprom         0x00810000        0x0
 *(.eeprom*)
                0x00810000                __eeprom_end = .

.fuse
 *(.fuse)
 *(.lfuse)
 *(.hfuse)
 *(.efuse)

.lock
 *(.lock*)

.signature
 *(.signature*)

.stab           0x00000000     0x348c
 *(.stab)
 .stab          0x00000000      0x6cc /usr/lib/gcc/avr/4.5.3/../../../avr/lib/avr51/crtm128.o
 .stab          0x000006cc      0x750 /usr/lib/gcc/avr/4.5.3/../../../avr/lib/avr51/libc.a(malloc.o)
                                0x75c (size before relaxing)
 .stab          0x00000e1c      0x2d0 /usr/lib/gcc/avr/4.5.3/../../../avr/lib/avr51/libc.a(rand.o)
                                0x330 (size before relaxing)
 .stab          0x000010ec      0x3cc /usr/lib/gcc/avr/4.5.3/../../../avr/lib/avr51/libc.a(realloc.o)
                                0x5c4 (size before relaxing)
 .stab          0x000014b8       0x84 /usr/lib/gcc/avr/4.5.3/../../../avr/lib/avr51/libc.a(memcpy.o)
                                 0x90 (size before relaxing)
 .stab          0x0000153c       0x6c /usr/lib/gcc/avr/4.5.3/../../../avr/lib/avr51/libc.a(memset.o)
                                 0x78 (size before relaxing)
 .stab          0x000015a8      0x180 /usr/lib/gcc/avr/4.5.3/../../../avr/lib/avr51/libc.a(iob.o)
                                0x30c (size before relaxing)
 .stab          0x00001728      0x1a4 /usr/lib/gcc/avr/4.5.3/../../../avr/lib/avr51/libc.a(printf_p.o)
                                0x384 (size before relaxing)
 .stab          0x000018cc      0x354 /usr/lib/gcc/avr/4.5.3/../../../avr/lib/avr51/libc.a(sqrt.o)
                                0x360 (size before relaxing)
 .stab          0x00001c20      0xac8 /usr/lib/gcc/avr/4.5.3/../../../avr/lib/avr51/libc.a(vfprintf_std.o)
                                0xcd8 (size before relaxing)
 .stab          0x000026e8      0x108 /usr/lib/gcc/avr/4.5.3/../../../avr/lib/avr51/libc.a(eerd_block_atmega128.o)
                                0x114 (size before relaxing)
 .stab          0x000027f0       0x9c /usr/lib/gcc/avr/4.5.3/../../../avr/lib/avr51/libc.a(eewr_block_atmega128.o)
                                 0xa8 (size before relaxing)
 .stab          0x0000288c       0xd8 /usr/lib/gcc/avr/4.5.3/../../../avr/lib/avr51/libc.a(eewr_byte_atmega128.o)
                                 0xe4 (size before relaxing)
 .stab          0x00002964       0x9c /usr/lib/gcc/avr/4.5.3/../../../avr/lib/avr51/libc.a(strnlen_P.o)
                                 0xa8 (size before relaxing)
 .stab          0x00002a00       0x9c /usr/lib/gcc/avr/4.5.3/../../../avr/lib/avr51/libc.a(strnlen.o)
                                 0xa8 (size before relaxing)
 .stab          0x00002a9c      0x1e0 /usr/lib/gcc/avr/4.5.3/../../../avr/lib/avr51/libc.a(fputc.o)
                                0x3c0 (size before relaxing)
 .stab          0x00002c7c      0x480 /usr/lib/gcc/avr/4.5.3/../../../avr/lib/avr51/libc.a(ultoa_invert.o)
                                0x48c (size before relaxing)
 .stab          0x000030fc       0xe4 /usr/lib/gcc/avr/4.5.3/../../../avr/lib/avr51/libc.a(fp_mpack.o)
                                 0xf0 (size before relaxing)
 .stab          0x000031e0       0x54 /usr/lib/gcc/avr/4.5.3/../../../avr/lib/avr51/libc.a(fp_nan.o)
                                 0x60 (size before relaxing)
 .stab          0x00003234       0x84 /usr/lib/gcc/avr/4.5.3/../../../avr/lib/avr51/libc.a(fp_norm2.o)
                                 0x90 (size before relaxing)
 .stab          0x000032b8      0x1d4 /usr/lib/gcc/avr/4.5.3/../../../avr/lib/avr51/libc.a(fp_split3.o)
                                0x1e0 (size before relaxing)

.stabstr        0x00000000     0x1104
 *(.stabstr)
 .stabstr       0x00000000     0x1104 /usr/lib/gcc/avr/4.5.3/../../../avr/lib/avr51/crtm128.o

.stab.excl
 *(.stab.excl)

.stab.exclstr
 *(.stab.exclstr)

.stab.index
 *(.stab.index)

.stab.indexstr
 *(.stab.indexstr)

.comment
 *(.comment)

.debug
 *(.debug)

.line
 *(.line)

.debug_srcinfo
 *(.debug_srcinfo)

.debug_sfnames
 *(.debug_sfnames)

.debug_aranges  0x00000000      0x560
 *(.debug_aranges)
 .debug_aranges
                0x00000000       0x20 attilio_receive.co
 .debug_aranges
                0x00000020       0x20 contiki-micaz.a(rimeaddr.o)
 .debug_aranges
                0x00000040       0x20 contiki-micaz.a(broadcast.o)
 .debug_aranges
                0x00000060       0x20 contiki-micaz.a(abc.o)
 .debug_aranges
                0x00000080       0x20 contiki-micaz.a(channel.o)
 .debug_aranges
                0x000000a0       0x20 contiki-micaz.a(process.o)
 .debug_aranges
                0x000000c0       0x20 contiki-micaz.a(list.o)
 .debug_aranges
                0x000000e0       0x20 contiki-micaz.a(etimer.o)
 .debug_aranges
                0x00000100       0x20 contiki-micaz.a(packetbuf.o)
 .debug_aranges
                0x00000120       0x20 contiki-micaz.a(contiki-micaz-m)
 .debug_aranges
                0x00000140       0x20 contiki-micaz.a(init-net.o)
 .debug_aranges
                0x00000160       0x20 contiki-micaz.a(node-id.o)
 .debug_aranges
                0x00000180       0x20 contiki-micaz.a(clock.o)
 .debug_aranges
                0x000001a0       0x20 contiki-micaz.a(ds2401.o)
 .debug_aranges
                0x000001c0       0x20 contiki-micaz.a(packages.o)
 .debug_aranges
                0x000001e0       0x20 contiki-micaz.a(eeprom.o)
 .debug_aranges
                0x00000200       0x20 contiki-micaz.a(leds.o)
 .debug_aranges
                0x00000220       0x20 contiki-micaz.a(rime.o)
 .debug_aranges
                0x00000240       0x20 contiki-micaz.a(announcement.o)
 .debug_aranges
                0x00000260       0x20 contiki-micaz.a(broadcast-annou)
 .debug_aranges
                0x00000280       0x20 contiki-micaz.a(chameleon.o)
 .debug_aranges
                0x000002a0       0x20 contiki-micaz.a(chameleon-bitop)
 .debug_aranges
                0x000002c0       0x20 contiki-micaz.a(cxmac.o)
 .debug_aranges
                0x000002e0       0x20 contiki-micaz.a(nullmac.o)
 .debug_aranges
                0x00000300       0x20 contiki-micaz.a(mac.o)
 .debug_aranges
                0x00000320       0x20 contiki-micaz.a(framer-802154.o)
 .debug_aranges
                0x00000340       0x20 contiki-micaz.a(autostart.o)
 .debug_aranges
                0x00000360       0x20 contiki-micaz.a(compower.o)
 .debug_aranges
                0x00000380       0x20 contiki-micaz.a(memb.o)
 .debug_aranges
                0x000003a0       0x20 contiki-micaz.a(timer.o)
 .debug_aranges
                0x000003c0       0x20 contiki-micaz.a(ctimer.o)
 .debug_aranges
                0x000003e0       0x20 contiki-micaz.a(energest.o)
 .debug_aranges
                0x00000400       0x20 contiki-micaz.a(rtimer.o)
 .debug_aranges
                0x00000420       0x20 contiki-micaz.a(random.o)
 .debug_aranges
                0x00000440       0x20 contiki-micaz.a(queuebuf.o)
 .debug_aranges
                0x00000460       0x20 contiki-micaz.a(rs232.o)
 .debug_aranges
                0x00000480       0x20 contiki-micaz.a(leds-arch.o)
 .debug_aranges
                0x000004a0       0x20 contiki-micaz.a(cc2420.o)
 .debug_aranges
                0x000004c0       0x20 contiki-micaz.a(cc2420-arch.o)
 .debug_aranges
                0x000004e0       0x20 contiki-micaz.a(rtimer-arch.o)
 .debug_aranges
                0x00000500       0x20 contiki-micaz.a(watchdog.o)
 .debug_aranges
                0x00000520       0x20 contiki-micaz.a(frame802154.o)
 .debug_aranges
                0x00000540       0x20 contiki-micaz.a(spi.o)

.debug_pubnames
                0x00000000     0x1607
 *(.debug_pubnames)
 .debug_pubnames
                0x00000000       0x5c attilio_receive.co
 .debug_pubnames
                0x0000005c       0x79 contiki-micaz.a(rimeaddr.o)
 .debug_pubnames
                0x000000d5       0x4c contiki-micaz.a(broadcast.o)
 .debug_pubnames
                0x00000121       0x55 contiki-micaz.a(abc.o)
 .debug_pubnames
                0x00000176       0x74 contiki-micaz.a(channel.o)
 .debug_pubnames
                0x000001ea      0x10d contiki-micaz.a(process.o)
 .debug_pubnames
                0x000002f7       0xc3 contiki-micaz.a(list.o)
 .debug_pubnames
                0x000003ba      0x109 contiki-micaz.a(etimer.o)
 .debug_pubnames
                0x000004c3      0x22c contiki-micaz.a(packetbuf.o)
 .debug_pubnames
                0x000006ef       0x2a contiki-micaz.a(contiki-micaz-m)
 .debug_pubnames
                0x00000719       0x1f contiki-micaz.a(init-net.o)
 .debug_pubnames
                0x00000738       0x43 contiki-micaz.a(node-id.o)
 .debug_pubnames
                0x0000077b       0x87 contiki-micaz.a(clock.o)
 .debug_pubnames
                0x00000802       0x30 contiki-micaz.a(ds2401.o)
 .debug_pubnames
                0x00000832       0x6d contiki-micaz.a(packages.o)
 .debug_pubnames
                0x0000089f       0x33 contiki-micaz.a(eeprom.o)
 .debug_pubnames
                0x000008d2       0x75 contiki-micaz.a(leds.o)
 .debug_pubnames
                0x00000947       0x5f contiki-micaz.a(rime.o)
 .debug_pubnames
                0x000009a6       0x20 contiki-micaz.a(rimestats.o)
 .debug_pubnames
                0x000009c6      0x144 contiki-micaz.a(announcement.o)
 .debug_pubnames
                0x00000b0a       0x7d contiki-micaz.a(broadcast-annou)
 .debug_pubnames
                0x00000b87       0x64 contiki-micaz.a(chameleon.o)
 .debug_pubnames
                0x00000beb       0x6b contiki-micaz.a(chameleon-bitop)
 .debug_pubnames
                0x00000c56       0x6c contiki-micaz.a(cxmac.o)
 .debug_pubnames
                0x00000cc2       0x25 contiki-micaz.a(nullmac.o)
 .debug_pubnames
                0x00000ce7       0x2d contiki-micaz.a(mac.o)
 .debug_pubnames
                0x00000d14       0x24 contiki-micaz.a(framer-802154.o)
 .debug_pubnames
                0x00000d38       0x39 contiki-micaz.a(autostart.o)
 .debug_pubnames
                0x00000d71       0x9e contiki-micaz.a(compower.o)
 .debug_pubnames
                0x00000e0f       0x4d contiki-micaz.a(memb.o)
 .debug_pubnames
                0x00000e5c       0x68 contiki-micaz.a(timer.o)
 .debug_pubnames
                0x00000ec4       0x8b contiki-micaz.a(ctimer.o)
 .debug_pubnames
                0x00000f4f       0x64 contiki-micaz.a(energest.o)
 .debug_pubnames
                0x00000fb3       0x45 contiki-micaz.a(rtimer.o)
 .debug_pubnames
                0x00000ff8       0x32 contiki-micaz.a(random.o)
 .debug_pubnames
                0x0000102a       0xff contiki-micaz.a(queuebuf.o)
 .debug_pubnames
                0x00001129       0xe4 contiki-micaz.a(rs232.o)
 .debug_pubnames
                0x0000120d       0x49 contiki-micaz.a(leds-arch.o)
 .debug_pubnames
                0x00001256      0x236 contiki-micaz.a(cc2420.o)
 .debug_pubnames
                0x0000148c       0x36 contiki-micaz.a(cc2420-arch.o)
 .debug_pubnames
                0x000014c2       0x50 contiki-micaz.a(rtimer-arch.o)
 .debug_pubnames
                0x00001512       0x73 contiki-micaz.a(watchdog.o)
 .debug_pubnames
                0x00001585       0x56 contiki-micaz.a(frame802154.o)
 .debug_pubnames
                0x000015db       0x2c contiki-micaz.a(spi.o)

.debug_info     0x00000000     0xb325
 *(.debug_info)
 .debug_info    0x00000000      0x6d0 attilio_receive.co
 .debug_info    0x000006d0      0x1ed contiki-micaz.a(rimeaddr.o)
 .debug_info    0x000008bd      0x589 contiki-micaz.a(broadcast.o)
 .debug_info    0x00000e46      0x454 contiki-micaz.a(abc.o)
 .debug_info    0x0000129a      0x2f2 contiki-micaz.a(channel.o)
 .debug_info    0x0000158c      0x574 contiki-micaz.a(process.o)
 .debug_info    0x00001b00      0x349 contiki-micaz.a(list.o)
 .debug_info    0x00001e49      0x4d2 contiki-micaz.a(etimer.o)
 .debug_info    0x0000231b      0x629 contiki-micaz.a(packetbuf.o)
 .debug_info    0x00002944      0x2c2 contiki-micaz.a(contiki-micaz-m)
 .debug_info    0x00002c06      0x487 contiki-micaz.a(init-net.o)
 .debug_info    0x0000308d      0x149 contiki-micaz.a(node-id.o)
 .debug_info    0x000031d6      0x1f1 contiki-micaz.a(clock.o)
 .debug_info    0x000033c7      0x365 contiki-micaz.a(ds2401.o)
 .debug_info    0x0000372c      0x510 contiki-micaz.a(packages.o)
 .debug_info    0x00003c3c      0x11d contiki-micaz.a(eeprom.o)
 .debug_info    0x00003d59      0x1ca contiki-micaz.a(leds.o)
 .debug_info    0x00003f23      0x60f contiki-micaz.a(rime.o)
 .debug_info    0x00004532      0x146 contiki-micaz.a(rimestats.o)
 .debug_info    0x00004678      0x3ed contiki-micaz.a(announcement.o)
 .debug_info    0x00004a65      0x858 contiki-micaz.a(broadcast-annou)
 .debug_info    0x000052bd      0x424 contiki-micaz.a(chameleon.o)
 .debug_info    0x000056e1      0x7c7 contiki-micaz.a(chameleon-bitop)
 .debug_info    0x00005ea8     0x10bc contiki-micaz.a(cxmac.o)
 .debug_info    0x00006f64      0x44a contiki-micaz.a(nullmac.o)
 .debug_info    0x000073ae      0x114 contiki-micaz.a(mac.o)
 .debug_info    0x000074c2      0x657 contiki-micaz.a(framer-802154.o)
 .debug_info    0x00007b19      0x19f contiki-micaz.a(autostart.o)
 .debug_info    0x00007cb8      0x46a contiki-micaz.a(compower.o)
 .debug_info    0x00008122      0x1ad contiki-micaz.a(memb.o)
 .debug_info    0x000082cf      0x184 contiki-micaz.a(timer.o)
 .debug_info    0x00008453      0x46c contiki-micaz.a(ctimer.o)
 .debug_info    0x000088bf      0x103 contiki-micaz.a(energest.o)
 .debug_info    0x000089c2      0x1be contiki-micaz.a(rtimer.o)
 .debug_info    0x00008b80       0xa7 contiki-micaz.a(random.o)
 .debug_info    0x00008c27      0x6e6 contiki-micaz.a(queuebuf.o)
 .debug_info    0x0000930d      0x3b6 contiki-micaz.a(rs232.o)
 .debug_info    0x000096c3       0xc1 contiki-micaz.a(leds-arch.o)
 .debug_info    0x00009784     0x131e contiki-micaz.a(cc2420.o)
 .debug_info    0x0000aaa2      0x16e contiki-micaz.a(cc2420-arch.o)
 .debug_info    0x0000ac10       0xf9 contiki-micaz.a(rtimer-arch.o)
 .debug_info    0x0000ad09       0xdd contiki-micaz.a(watchdog.o)
 .debug_info    0x0000ade6      0x4a8 contiki-micaz.a(frame802154.o)
 .debug_info    0x0000b28e       0x97 contiki-micaz.a(spi.o)
 *(.gnu.linkonce.wi.*)

.debug_abbrev   0x00000000     0x40a8
 *(.debug_abbrev)
 .debug_abbrev  0x00000000      0x23f attilio_receive.co
 .debug_abbrev  0x0000023f      0x17d contiki-micaz.a(rimeaddr.o)
 .debug_abbrev  0x000003bc      0x1e7 contiki-micaz.a(broadcast.o)
 .debug_abbrev  0x000005a3      0x182 contiki-micaz.a(abc.o)
 .debug_abbrev  0x00000725      0x169 contiki-micaz.a(channel.o)
 .debug_abbrev  0x0000088e      0x2df contiki-micaz.a(process.o)
 .debug_abbrev  0x00000b6d      0x13a contiki-micaz.a(list.o)
 .debug_abbrev  0x00000ca7      0x20b contiki-micaz.a(etimer.o)
 .debug_abbrev  0x00000eb2      0x22b contiki-micaz.a(packetbuf.o)
 .debug_abbrev  0x000010dd      0x137 contiki-micaz.a(contiki-micaz-m)
 .debug_abbrev  0x00001214      0x1a2 contiki-micaz.a(init-net.o)
 .debug_abbrev  0x000013b6       0xcc contiki-micaz.a(node-id.o)
 .debug_abbrev  0x00001482       0xe4 contiki-micaz.a(clock.o)
 .debug_abbrev  0x00001566      0x196 contiki-micaz.a(ds2401.o)
 .debug_abbrev  0x000016fc      0x1a1 contiki-micaz.a(packages.o)
 .debug_abbrev  0x0000189d       0x8a contiki-micaz.a(eeprom.o)
 .debug_abbrev  0x00001927       0xd4 contiki-micaz.a(leds.o)
 .debug_abbrev  0x000019fb      0x1fb contiki-micaz.a(rime.o)
 .debug_abbrev  0x00001bf6       0x5d contiki-micaz.a(rimestats.o)
 .debug_abbrev  0x00001c53      0x16a contiki-micaz.a(announcement.o)
 .debug_abbrev  0x00001dbd      0x22e contiki-micaz.a(broadcast-annou)
 .debug_abbrev  0x00001feb      0x1cc contiki-micaz.a(chameleon.o)
 .debug_abbrev  0x000021b7      0x264 contiki-micaz.a(chameleon-bitop)
 .debug_abbrev  0x0000241b      0x3b6 contiki-micaz.a(cxmac.o)
 .debug_abbrev  0x000027d1      0x1d4 contiki-micaz.a(nullmac.o)
 .debug_abbrev  0x000029a5       0xa0 contiki-micaz.a(mac.o)
 .debug_abbrev  0x00002a45      0x227 contiki-micaz.a(framer-802154.o)
 .debug_abbrev  0x00002c6c       0xf5 contiki-micaz.a(autostart.o)
 .debug_abbrev  0x00002d61      0x203 contiki-micaz.a(compower.o)
 .debug_abbrev  0x00002f64       0xea contiki-micaz.a(memb.o)
 .debug_abbrev  0x0000304e       0xd2 contiki-micaz.a(timer.o)
 .debug_abbrev  0x00003120      0x1b5 contiki-micaz.a(ctimer.o)
 .debug_abbrev  0x000032d5       0x8d contiki-micaz.a(energest.o)
 .debug_abbrev  0x00003362      0x12a contiki-micaz.a(rtimer.o)
 .debug_abbrev  0x0000348c       0x67 contiki-micaz.a(random.o)
 .debug_abbrev  0x000034f3      0x1f3 contiki-micaz.a(queuebuf.o)
 .debug_abbrev  0x000036e6      0x186 contiki-micaz.a(rs232.o)
 .debug_abbrev  0x0000386c       0x87 contiki-micaz.a(leds-arch.o)
 .debug_abbrev  0x000038f3      0x412 contiki-micaz.a(cc2420.o)
 .debug_abbrev  0x00003d05       0xc8 contiki-micaz.a(cc2420-arch.o)
 .debug_abbrev  0x00003dcd       0x96 contiki-micaz.a(rtimer-arch.o)
 .debug_abbrev  0x00003e63       0x4c contiki-micaz.a(watchdog.o)
 .debug_abbrev  0x00003eaf      0x19c contiki-micaz.a(frame802154.o)
 .debug_abbrev  0x0000404b       0x5d contiki-micaz.a(spi.o)

.debug_line     0x00000000     0x6aef
 *(.debug_line)
 .debug_line    0x00000000      0x307 attilio_receive.co
 .debug_line    0x00000307       0xf8 contiki-micaz.a(rimeaddr.o)
 .debug_line    0x000003ff      0x19e contiki-micaz.a(broadcast.o)
 .debug_line    0x0000059d      0x181 contiki-micaz.a(abc.o)
 .debug_line    0x0000071e      0x1a2 contiki-micaz.a(channel.o)
 .debug_line    0x000008c0      0x44e contiki-micaz.a(process.o)
 .debug_line    0x00000d0e      0x2b8 contiki-micaz.a(list.o)
 .debug_line    0x00000fc6      0x3e1 contiki-micaz.a(etimer.o)
 .debug_line    0x000013a7      0x3d6 contiki-micaz.a(packetbuf.o)
 .debug_line    0x0000177d      0x228 contiki-micaz.a(contiki-micaz-m)
 .debug_line    0x000019a5      0x216 contiki-micaz.a(init-net.o)
 .debug_line    0x00001bbb      0x12f contiki-micaz.a(node-id.o)
 .debug_line    0x00001cea      0x21e contiki-micaz.a(clock.o)
 .debug_line    0x00001f08      0x2d5 contiki-micaz.a(ds2401.o)
 .debug_line    0x000021dd      0x262 contiki-micaz.a(packages.o)
 .debug_line    0x0000243f       0xef contiki-micaz.a(eeprom.o)
 .debug_line    0x0000252e      0x151 contiki-micaz.a(leds.o)
 .debug_line    0x0000267f      0x274 contiki-micaz.a(rime.o)
 .debug_line    0x000028f3       0x70 contiki-micaz.a(rimestats.o)
 .debug_line    0x00002963      0x25d contiki-micaz.a(announcement.o)
 .debug_line    0x00002bc0      0x33e contiki-micaz.a(broadcast-annou)
 .debug_line    0x00002efe      0x189 contiki-micaz.a(chameleon.o)
 .debug_line    0x00003087      0x459 contiki-micaz.a(chameleon-bitop)
 .debug_line    0x000034e0      0x95e contiki-micaz.a(cxmac.o)
 .debug_line    0x00003e3e      0x187 contiki-micaz.a(nullmac.o)
 .debug_line    0x00003fc5       0x7b contiki-micaz.a(mac.o)
 .debug_line    0x00004040      0x2e9 contiki-micaz.a(framer-802154.o)
 .debug_line    0x00004329       0xe0 contiki-micaz.a(autostart.o)
 .debug_line    0x00004409      0x1d2 contiki-micaz.a(compower.o)
 .debug_line    0x000045db      0x15b contiki-micaz.a(memb.o)
 .debug_line    0x00004736      0x113 contiki-micaz.a(timer.o)
 .debug_line    0x00004849      0x323 contiki-micaz.a(ctimer.o)
 .debug_line    0x00004b6c       0x9b contiki-micaz.a(energest.o)
 .debug_line    0x00004c07       0xf5 contiki-micaz.a(rtimer.o)
 .debug_line    0x00004cfc       0x89 contiki-micaz.a(random.o)
 .debug_line    0x00004d85      0x2d3 contiki-micaz.a(queuebuf.o)
 .debug_line    0x00005058      0x269 contiki-micaz.a(rs232.o)
 .debug_line    0x000052c1      0x126 contiki-micaz.a(leds-arch.o)
 .debug_line    0x000053e7      0xdf3 contiki-micaz.a(cc2420.o)
 .debug_line    0x000061da      0x165 contiki-micaz.a(cc2420-arch.o)
 .debug_line    0x0000633f      0x172 contiki-micaz.a(rtimer-arch.o)
 .debug_line    0x000064b1      0x114 contiki-micaz.a(watchdog.o)
 .debug_line    0x000065c5      0x46b contiki-micaz.a(frame802154.o)
 .debug_line    0x00006a30       0xbf contiki-micaz.a(spi.o)

.debug_frame    0x00000000     0x1360
 *(.debug_frame)
 .debug_frame   0x00000000       0x30 attilio_receive.co
 .debug_frame   0x00000030       0x40 contiki-micaz.a(rimeaddr.o)
 .debug_frame   0x00000070       0x60 contiki-micaz.a(broadcast.o)
 .debug_frame   0x000000d0       0x60 contiki-micaz.a(abc.o)
 .debug_frame   0x00000130       0x60 contiki-micaz.a(channel.o)
 .debug_frame   0x00000190       0xe0 contiki-micaz.a(process.o)
 .debug_frame   0x00000270       0xd0 contiki-micaz.a(list.o)
 .debug_frame   0x00000340       0xf0 contiki-micaz.a(etimer.o)
 .debug_frame   0x00000430      0x160 contiki-micaz.a(packetbuf.o)
 .debug_frame   0x00000590       0x30 contiki-micaz.a(contiki-micaz-m)
 .debug_frame   0x000005c0       0x20 contiki-micaz.a(init-net.o)
 .debug_frame   0x000005e0       0x30 contiki-micaz.a(node-id.o)
 .debug_frame   0x00000610       0x80 contiki-micaz.a(clock.o)
 .debug_frame   0x00000690       0x40 contiki-micaz.a(ds2401.o)
 .debug_frame   0x000006d0       0x50 contiki-micaz.a(packages.o)
 .debug_frame   0x00000720       0x30 contiki-micaz.a(eeprom.o)
 .debug_frame   0x00000750       0x90 contiki-micaz.a(leds.o)
 .debug_frame   0x000007e0       0x70 contiki-micaz.a(rime.o)
 .debug_frame   0x00000850       0xc0 contiki-micaz.a(announcement.o)
 .debug_frame   0x00000910       0xa0 contiki-micaz.a(broadcast-annou)
 .debug_frame   0x000009b0       0x50 contiki-micaz.a(chameleon.o)
 .debug_frame   0x00000a00       0x80 contiki-micaz.a(chameleon-bitop)
 .debug_frame   0x00000a80       0xe0 contiki-micaz.a(cxmac.o)
 .debug_frame   0x00000b60       0x70 contiki-micaz.a(nullmac.o)
 .debug_frame   0x00000bd0       0x20 contiki-micaz.a(mac.o)
 .debug_frame   0x00000bf0       0x30 contiki-micaz.a(framer-802154.o)
 .debug_frame   0x00000c20       0x30 contiki-micaz.a(autostart.o)
 .debug_frame   0x00000c50       0x60 contiki-micaz.a(compower.o)
 .debug_frame   0x00000cb0       0x50 contiki-micaz.a(memb.o)
 .debug_frame   0x00000d00       0x60 contiki-micaz.a(timer.o)
 .debug_frame   0x00000d60       0x80 contiki-micaz.a(ctimer.o)
 .debug_frame   0x00000de0       0x50 contiki-micaz.a(energest.o)
 .debug_frame   0x00000e30       0x40 contiki-micaz.a(rtimer.o)
 .debug_frame   0x00000e70       0x30 contiki-micaz.a(random.o)
 .debug_frame   0x00000ea0       0xb0 contiki-micaz.a(queuebuf.o)
 .debug_frame   0x00000f50       0xa0 contiki-micaz.a(rs232.o)
 .debug_frame   0x00000ff0       0x40 contiki-micaz.a(leds-arch.o)
 .debug_frame   0x00001030      0x1f0 contiki-micaz.a(cc2420.o)
 .debug_frame   0x00001220       0x30 contiki-micaz.a(cc2420-arch.o)
 .debug_frame   0x00001250       0x40 contiki-micaz.a(rtimer-arch.o)
 .debug_frame   0x00001290       0x60 contiki-micaz.a(watchdog.o)
 .debug_frame   0x000012f0       0x50 contiki-micaz.a(frame802154.o)
 .debug_frame   0x00001340       0x20 contiki-micaz.a(spi.o)

.debug_str      0x00000000     0x2c9b
 *(.debug_str)
 .debug_str     0x00000000      0x2e3 attilio_receive.co
                                0x39f (size before relaxing)
 .debug_str     0x000002e3       0x70 contiki-micaz.a(rimeaddr.o)
                                0x156 (size before relaxing)
 .debug_str     0x00000353      0x355 contiki-micaz.a(broadcast.o)
                                0x53d (size before relaxing)
 .debug_str     0x000006a8       0x49 contiki-micaz.a(abc.o)
                                0x4ce (size before relaxing)
 .debug_str     0x000006f1       0x92 contiki-micaz.a(channel.o)
                                0x207 (size before relaxing)
 .debug_str     0x00000783      0x16f contiki-micaz.a(process.o)
                                0x299 (size before relaxing)
 .debug_str     0x000008f2       0xa8 contiki-micaz.a(list.o)
                                0x109 (size before relaxing)
 .debug_str     0x0000099a      0x133 contiki-micaz.a(etimer.o)
                                0x2a6 (size before relaxing)
 .debug_str     0x00000acd      0x1df contiki-micaz.a(packetbuf.o)
                                0x61c (size before relaxing)
 .debug_str     0x00000cac       0x5a contiki-micaz.a(contiki-micaz-m)
                                0x1f2 (size before relaxing)
 .debug_str     0x00000d06       0xe5 contiki-micaz.a(init-net.o)
                                0x22b (size before relaxing)
 .debug_str     0x00000deb       0x62 contiki-micaz.a(node-id.o)
                                0x142 (size before relaxing)
 .debug_str     0x00000e4d       0x81 contiki-micaz.a(clock.o)
                                0x16f (size before relaxing)
 .debug_str     0x00000ece       0x72 contiki-micaz.a(ds2401.o)
                                0x162 (size before relaxing)
 .debug_str     0x00000f40       0x87 contiki-micaz.a(packages.o)
                                0x2c5 (size before relaxing)
 .debug_str     0x00000fc7       0x29 contiki-micaz.a(eeprom.o)
                                0x122 (size before relaxing)
 .debug_str     0x00000ff0       0x74 contiki-micaz.a(leds.o)
                                0x140 (size before relaxing)
 .debug_str     0x00001064      0x16a contiki-micaz.a(rime.o)
                                0x37c (size before relaxing)
 .debug_str     0x000011ce       0x20 contiki-micaz.a(rimestats.o)
                                0x10b (size before relaxing)
 .debug_str     0x000011ee      0x19f contiki-micaz.a(announcement.o)
                                0x2e1 (size before relaxing)
 .debug_str     0x0000138d      0x187 contiki-micaz.a(broadcast-annou)
                                0x434 (size before relaxing)
 .debug_str     0x00001514       0x97 contiki-micaz.a(chameleon.o)
                                0x4e5 (size before relaxing)
 .debug_str     0x000015ab       0xc4 contiki-micaz.a(chameleon-bitop)
                                0x57c (size before relaxing)
 .debug_str     0x0000166f      0x370 contiki-micaz.a(cxmac.o)
                                0xa44 (size before relaxing)
 .debug_str     0x000019df       0x2a contiki-micaz.a(nullmac.o)
                                0x223 (size before relaxing)
 .debug_str     0x00001a09       0x30 contiki-micaz.a(mac.o)
                                0x16b (size before relaxing)
 .debug_str     0x00001a39      0x1b3 contiki-micaz.a(framer-802154.o)
                                0x62b (size before relaxing)
 .debug_str     0x00001bec       0x3a contiki-micaz.a(autostart.o)
                                0x151 (size before relaxing)
 .debug_str     0x00001c26      0x1b8 contiki-micaz.a(compower.o)
                                0x60e (size before relaxing)
 .debug_str     0x00001dde       0x46 contiki-micaz.a(memb.o)
                                0x11b (size before relaxing)
 .debug_str     0x00001e24       0x27 contiki-micaz.a(timer.o)
                                0x140 (size before relaxing)
 .debug_str     0x00001e4b       0xad contiki-micaz.a(ctimer.o)
                                0x23a (size before relaxing)
 .debug_str     0x00001ef8       0x5c contiki-micaz.a(energest.o)
                                0x121 (size before relaxing)
 .debug_str     0x00001f54       0xb8 contiki-micaz.a(rtimer.o)
                                0x198 (size before relaxing)
 .debug_str     0x0000200c       0x35 contiki-micaz.a(random.o)
                                 0xf5 (size before relaxing)
 .debug_str     0x00002041      0x18a contiki-micaz.a(queuebuf.o)
                                0x5ea (size before relaxing)
 .debug_str     0x000021cb      0x10a contiki-micaz.a(rs232.o)
                                0x1ed (size before relaxing)
 .debug_str     0x000022d5       0x50 contiki-micaz.a(leds-arch.o)
                                0x11d (size before relaxing)
 .debug_str     0x00002325      0x789 contiki-micaz.a(cc2420.o)
                                0xded (size before relaxing)
 .debug_str     0x00002aae       0x43 contiki-micaz.a(cc2420-arch.o)
                                0x178 (size before relaxing)
 .debug_str     0x00002af1       0x50 contiki-micaz.a(rtimer-arch.o)
                                0x13a (size before relaxing)
 .debug_str     0x00002b41       0x68 contiki-micaz.a(watchdog.o)
                                0x126 (size before relaxing)
 .debug_str     0x00002ba9       0xca contiki-micaz.a(frame802154.o)
                                0x314 (size before relaxing)
 .debug_str     0x00002c73       0x28 contiki-micaz.a(spi.o)
                                 0xf0 (size before relaxing)

.debug_loc      0x00000000     0x4794
 *(.debug_loc)
 .debug_loc     0x00000000      0x143 attilio_receive.co
 .debug_loc     0x00000143      0x118 contiki-micaz.a(rimeaddr.o)
 .debug_loc     0x0000025b      0x158 contiki-micaz.a(broadcast.o)
 .debug_loc     0x000003b3      0x138 contiki-micaz.a(abc.o)
 .debug_loc     0x000004eb      0x12c contiki-micaz.a(channel.o)
 .debug_loc     0x00000617      0x38f contiki-micaz.a(process.o)
 .debug_loc     0x000009a6      0x41c contiki-micaz.a(list.o)
 .debug_loc     0x00000dc2      0x42e contiki-micaz.a(etimer.o)
 .debug_loc     0x000011f0      0x217 contiki-micaz.a(packetbuf.o)
 .debug_loc     0x00001407       0x5c contiki-micaz.a(init-net.o)
 .debug_loc     0x00001463       0x63 contiki-micaz.a(node-id.o)
 .debug_loc     0x000014c6       0x68 contiki-micaz.a(clock.o)
 .debug_loc     0x0000152e      0x2bb contiki-micaz.a(ds2401.o)
 .debug_loc     0x000017e9      0x1c6 contiki-micaz.a(packages.o)
 .debug_loc     0x000019af       0xd0 contiki-micaz.a(eeprom.o)
 .debug_loc     0x00001a7f       0xbe contiki-micaz.a(leds.o)
 .debug_loc     0x00001b3d      0x168 contiki-micaz.a(rime.o)
 .debug_loc     0x00001ca5      0x224 contiki-micaz.a(announcement.o)
 .debug_loc     0x00001ec9      0x26b contiki-micaz.a(broadcast-annou)
 .debug_loc     0x00002134       0xd4 contiki-micaz.a(chameleon.o)
 .debug_loc     0x00002208      0x688 contiki-micaz.a(chameleon-bitop)
 .debug_loc     0x00002890      0x7ae contiki-micaz.a(cxmac.o)
 .debug_loc     0x0000303e       0x48 contiki-micaz.a(nullmac.o)
 .debug_loc     0x00003086       0x90 contiki-micaz.a(mac.o)
 .debug_loc     0x00003116       0xd1 contiki-micaz.a(framer-802154.o)
 .debug_loc     0x000031e7       0x58 contiki-micaz.a(autostart.o)
 .debug_loc     0x0000323f       0xac contiki-micaz.a(compower.o)
 .debug_loc     0x000032eb      0x1b0 contiki-micaz.a(memb.o)
 .debug_loc     0x0000349b      0x10c contiki-micaz.a(timer.o)
 .debug_loc     0x000035a7      0x311 contiki-micaz.a(ctimer.o)
 .debug_loc     0x000038b8       0xc7 contiki-micaz.a(rtimer.o)
 .debug_loc     0x0000397f       0x18 contiki-micaz.a(random.o)
 .debug_loc     0x00003997      0x203 contiki-micaz.a(queuebuf.o)
 .debug_loc     0x00003b9a      0x123 contiki-micaz.a(rs232.o)
 .debug_loc     0x00003cbd      0x7a0 contiki-micaz.a(cc2420.o)
 .debug_loc     0x0000445d       0x24 contiki-micaz.a(rtimer-arch.o)
 .debug_loc     0x00004481      0x313 contiki-micaz.a(frame802154.o)

.debug_macinfo
 *(.debug_macinfo)
OUTPUT(attilio_receive.micaz elf32-avr)
LOAD linker stubs

.bootloader     0x0001f800        0x0

.debug_pubtypes
                0x00000000     0x171d
 .debug_pubtypes
                0x00000000      0x161 attilio_receive.co
 .debug_pubtypes
                0x00000161       0x2d contiki-micaz.a(rimeaddr.o)
 .debug_pubtypes
                0x0000018e       0xe2 contiki-micaz.a(broadcast.o)
 .debug_pubtypes
                0x00000270       0xb7 contiki-micaz.a(abc.o)
 .debug_pubtypes
                0x00000327       0xa3 contiki-micaz.a(channel.o)
 .debug_pubtypes
                0x000003ca       0x7d contiki-micaz.a(process.o)
 .debug_pubtypes
                0x00000447       0x26 contiki-micaz.a(list.o)
 .debug_pubtypes
                0x0000046d       0x7b contiki-micaz.a(etimer.o)
 .debug_pubtypes
                0x000004e8       0x75 contiki-micaz.a(packetbuf.o)
 .debug_pubtypes
                0x0000055d       0xac contiki-micaz.a(contiki-micaz-m)
 .debug_pubtypes
                0x00000609       0x8f contiki-micaz.a(init-net.o)
 .debug_pubtypes
                0x00000698       0x2b contiki-micaz.a(node-id.o)
 .debug_pubtypes
                0x000006c3       0x2f contiki-micaz.a(clock.o)
 .debug_pubtypes
                0x000006f2       0x2b contiki-micaz.a(ds2401.o)
 .debug_pubtypes
                0x0000071d       0xf8 contiki-micaz.a(packages.o)
 .debug_pubtypes
                0x00000815       0x3d contiki-micaz.a(eeprom.o)
 .debug_pubtypes
                0x00000852       0x12 contiki-micaz.a(leds.o)
 .debug_pubtypes
                0x00000864       0xf7 contiki-micaz.a(rime.o)
 .debug_pubtypes
                0x0000095b       0x20 contiki-micaz.a(rimestats.o)
 .debug_pubtypes
                0x0000097b       0x8c contiki-micaz.a(announcement.o)
 .debug_pubtypes
                0x00000a07      0x1cf contiki-micaz.a(broadcast-annou)
 .debug_pubtypes
                0x00000bd6       0xad contiki-micaz.a(chameleon.o)
 .debug_pubtypes
                0x00000c83       0xbc contiki-micaz.a(chameleon-bitop)
 .debug_pubtypes
                0x00000d3f      0x1cc contiki-micaz.a(cxmac.o)
 .debug_pubtypes
                0x00000f0b       0xbe contiki-micaz.a(nullmac.o)
 .debug_pubtypes
                0x00000fc9       0x25 contiki-micaz.a(mac.o)
 .debug_pubtypes
                0x00000fee       0xe5 contiki-micaz.a(framer-802154.o)
 .debug_pubtypes
                0x000010d3       0x55 contiki-micaz.a(autostart.o)
 .debug_pubtypes
                0x00001128       0xaa contiki-micaz.a(compower.o)
 .debug_pubtypes
                0x000011d2       0x1b contiki-micaz.a(memb.o)
 .debug_pubtypes
                0x000011ed       0x2d contiki-micaz.a(timer.o)
 .debug_pubtypes
                0x0000121a       0x91 contiki-micaz.a(ctimer.o)
 .debug_pubtypes
                0x000012ab       0x12 contiki-micaz.a(energest.o)
 .debug_pubtypes
                0x000012bd       0x46 contiki-micaz.a(rtimer.o)
 .debug_pubtypes
                0x00001303       0x12 contiki-micaz.a(random.o)
 .debug_pubtypes
                0x00001315       0xae contiki-micaz.a(queuebuf.o)
 .debug_pubtypes
                0x000013c3       0x29 contiki-micaz.a(rs232.o)
 .debug_pubtypes
                0x000013ec       0x1e contiki-micaz.a(leds-arch.o)
 .debug_pubtypes
                0x0000140a      0x165 contiki-micaz.a(cc2420.o)
 .debug_pubtypes
                0x0000156f       0x75 contiki-micaz.a(cc2420-arch.o)
 .debug_pubtypes
                0x000015e4       0x3e contiki-micaz.a(rtimer-arch.o)
 .debug_pubtypes
                0x00001622       0x2b contiki-micaz.a(watchdog.o)
 .debug_pubtypes
                0x0000164d       0xb2 contiki-micaz.a(frame802154.o)
 .debug_pubtypes
                0x000016ff       0x1e contiki-micaz.a(spi.o)

.debug_ranges   0x00000000      0x198
 .debug_ranges  0x00000000       0xa8 contiki-micaz.a(ds2401.o)
 .debug_ranges  0x000000a8       0x48 contiki-micaz.a(chameleon-bitop)
 .debug_ranges  0x000000f0       0x90 contiki-micaz.a(cxmac.o)
 .debug_ranges  0x00000180       0x18 contiki-micaz.a(cc2420.o)
