Archive member included because of file (symbol)

contiki-micaz.a(broadcast.o)  attilio_send.co (broadcast_open)
contiki-micaz.a(abc.o)        contiki-micaz.a(broadcast.o) (abc_open)
contiki-micaz.a(channel.o)    contiki-micaz.a(abc.o) (channel_open)
contiki-micaz.a(list.o)       contiki-micaz.a(channel.o) (list_init)
contiki-micaz.a(etimer.o)     attilio_send.co (etimer_set)
contiki-micaz.a(packetbuf.o)  contiki-micaz.a(broadcast.o) (packetbuf_addrs)
contiki-micaz.a(contiki-micaz-m)
                              /usr/lib/gcc/avr/4.5.3/../../../avr/lib/avr51/crtm128.o (main)
contiki-micaz.a(init-net.o)   contiki-micaz.a(contiki-micaz-m) (init_net)
contiki-micaz.a(node-id.o)    contiki-micaz.a(contiki-micaz-m) (node_id_restore)
contiki-micaz.a(clock.o)      contiki-micaz.a(contiki-micaz-m) (clock_init)
contiki-micaz.a(ds2401.o)     contiki-micaz.a(contiki-micaz-m) (ds2401_init)
contiki-micaz.a(eeprom.o)     contiki-micaz.a(node-id.o) (eeprom_write)
contiki-micaz.a(leds.o)       contiki-micaz.a(contiki-micaz-m) (leds_init)
contiki-micaz.a(rimeaddr.o)   contiki-micaz.a(broadcast.o) (rimeaddr_copy)
contiki-micaz.a(rime.o)       contiki-micaz.a(abc.o) (rime_output)
contiki-micaz.a(rimestats.o)  contiki-micaz.a(rime.o) (rimestats)
contiki-micaz.a(announcement.o)
                              contiki-micaz.a(rime.o) (announcement_init)
contiki-micaz.a(broadcast-annou)
                              contiki-micaz.a(rime.o) (broadcast_announcement_init)
contiki-micaz.a(chameleon.o)  contiki-micaz.a(rime.o) (chameleon_init)
contiki-micaz.a(chameleon-bitop)
                              contiki-micaz.a(chameleon.o) (chameleon_bitopt)
contiki-micaz.a(cxmac.o)      contiki-micaz.a(init-net.o) (cxmac_driver)
contiki-micaz.a(nullmac.o)    contiki-micaz.a(init-net.o) (nullmac_driver)
contiki-micaz.a(mac.o)        contiki-micaz.a(cxmac.o) (mac_call_sent_callback)
contiki-micaz.a(framer-802154.o)
                              contiki-micaz.a(cxmac.o) (framer_802154)
contiki-micaz.a(process.o)    contiki-micaz.a(etimer.o) (process_current)
contiki-micaz.a(autostart.o)  contiki-micaz.a(contiki-micaz-m) (autostart_start)
contiki-micaz.a(compower.o)   contiki-micaz.a(cxmac.o) (compower_idle_activity)
contiki-micaz.a(memb.o)       contiki-micaz.a(cxmac.o) (memb_init)
contiki-micaz.a(timer.o)      contiki-micaz.a(etimer.o) (timer_set)
contiki-micaz.a(ctimer.o)     contiki-micaz.a(contiki-micaz-m) (ctimer_init)
contiki-micaz.a(energest.o)   contiki-micaz.a(compower.o) (energest_type_time)
contiki-micaz.a(rtimer.o)     contiki-micaz.a(contiki-micaz-m) (rtimer_init)
contiki-micaz.a(random.o)     contiki-micaz.a(contiki-micaz-m) (random_init)
contiki-micaz.a(queuebuf.o)   contiki-micaz.a(rime.o) (queuebuf_init)
contiki-micaz.a(rs232.o)      contiki-micaz.a(contiki-micaz-m) (rs232_init)
contiki-micaz.a(leds-arch.o)  contiki-micaz.a(leds.o) (leds_arch_init)
contiki-micaz.a(cc2420.o)     contiki-micaz.a(init-net.o) (cc2420_set_channel)
contiki-micaz.a(cc2420-arch.o)
                              contiki-micaz.a(cc2420.o) (cc2420_arch_init)
contiki-micaz.a(rtimer-arch.o)
                              contiki-micaz.a(rtimer.o) (rtimer_arch_init)
contiki-micaz.a(watchdog.o)   contiki-micaz.a(cxmac.o) (watchdog_start)
contiki-micaz.a(frame802154.o)
                              contiki-micaz.a(framer-802154.o) (frame802154_hdrlen)
contiki-micaz.a(spi.o)        contiki-micaz.a(cc2420-arch.o) (spi_init)
/usr/lib/gcc/avr/4.5.3/avr51/libgcc.a(_udivmodhi4.o)
                              contiki-micaz.a(init-net.o) (__udivmodhi4)
/usr/lib/gcc/avr/4.5.3/avr51/libgcc.a(_exit.o)
                              /usr/lib/gcc/avr/4.5.3/../../../avr/lib/avr51/crtm128.o (exit)
/usr/lib/gcc/avr/4.5.3/avr51/libgcc.a(_copy_data.o)
                              attilio_send.co (__do_copy_data)
/usr/lib/gcc/avr/4.5.3/avr51/libgcc.a(_clear_bss.o)
                              attilio_send.co (__do_clear_bss)
/usr/lib/gcc/avr/4.5.3/../../../avr/lib/avr51/libc.a(malloc.o)
                              attilio_send.co (malloc)
/usr/lib/gcc/avr/4.5.3/../../../avr/lib/avr51/libc.a(rand.o)
                              contiki-micaz.a(random.o) (rand)
/usr/lib/gcc/avr/4.5.3/../../../avr/lib/avr51/libc.a(memcpy.o)
                              contiki-micaz.a(packetbuf.o) (memcpy)
/usr/lib/gcc/avr/4.5.3/../../../avr/lib/avr51/libc.a(memset.o)
                              contiki-micaz.a(chameleon-bitop) (memset)
/usr/lib/gcc/avr/4.5.3/../../../avr/lib/avr51/libc.a(iob.o)
                              contiki-micaz.a(rs232.o) (__iob)
/usr/lib/gcc/avr/4.5.3/../../../avr/lib/avr51/libc.a(printf.o)
                              attilio_send.co (printf)
/usr/lib/gcc/avr/4.5.3/../../../avr/lib/avr51/libc.a(printf_p.o)
                              contiki-micaz.a(contiki-micaz-m) (printf_P)
/usr/lib/gcc/avr/4.5.3/../../../avr/lib/avr51/libc.a(vfprintf_std.o)
                              /usr/lib/gcc/avr/4.5.3/../../../avr/lib/avr51/libc.a(printf.o) (vfprintf)
/usr/lib/gcc/avr/4.5.3/../../../avr/lib/avr51/libc.a(eerd_block_atmega128.o)
                              contiki-micaz.a(eeprom.o) (__eerd_block_m128)
/usr/lib/gcc/avr/4.5.3/../../../avr/lib/avr51/libc.a(eewr_block_atmega128.o)
                              contiki-micaz.a(eeprom.o) (__eewr_block_m128)
/usr/lib/gcc/avr/4.5.3/../../../avr/lib/avr51/libc.a(eewr_byte_atmega128.o)
                              /usr/lib/gcc/avr/4.5.3/../../../avr/lib/avr51/libc.a(eewr_block_atmega128.o) (__eewr_r18_m128)
/usr/lib/gcc/avr/4.5.3/../../../avr/lib/avr51/libc.a(strnlen_P.o)
                              /usr/lib/gcc/avr/4.5.3/../../../avr/lib/avr51/libc.a(vfprintf_std.o) (strnlen_P)
/usr/lib/gcc/avr/4.5.3/../../../avr/lib/avr51/libc.a(strnlen.o)
                              /usr/lib/gcc/avr/4.5.3/../../../avr/lib/avr51/libc.a(vfprintf_std.o) (strnlen)
/usr/lib/gcc/avr/4.5.3/../../../avr/lib/avr51/libc.a(fputc.o)
                              /usr/lib/gcc/avr/4.5.3/../../../avr/lib/avr51/libc.a(vfprintf_std.o) (fputc)
/usr/lib/gcc/avr/4.5.3/../../../avr/lib/avr51/libc.a(ultoa_invert.o)
                              /usr/lib/gcc/avr/4.5.3/../../../avr/lib/avr51/libc.a(vfprintf_std.o) (__ultoa_invert)
/usr/lib/gcc/avr/4.5.3/avr51/libgcc.a(_mulsi3.o)
                              /usr/lib/gcc/avr/4.5.3/../../../avr/lib/avr51/libc.a(rand.o) (__mulsi3)
/usr/lib/gcc/avr/4.5.3/avr51/libgcc.a(_divmodsi4.o)
                              /usr/lib/gcc/avr/4.5.3/../../../avr/lib/avr51/libc.a(rand.o) (__divmodsi4)
/usr/lib/gcc/avr/4.5.3/avr51/libgcc.a(_udivmodsi4.o)
                              /usr/lib/gcc/avr/4.5.3/avr51/libgcc.a(_divmodsi4.o) (__udivmodsi4)

Allocating common symbols
Common symbol       size              file

compower_idle_activity
                    0x8               contiki-micaz.a(compower.o)
cc2420_last_rssi    0x1               contiki-micaz.a(cc2420.o)
cc2420_packets_read
                    0x2               contiki-micaz.a(cc2420.o)
cc2420_packets_seen
                    0x2               contiki-micaz.a(cc2420.o)
cc2420_sfd_start_time
                    0x2               contiki-micaz.a(cc2420.o)
cc2420_time_of_departure
                    0x2               contiki-micaz.a(cc2420.o)
input_handler_1     0x2               contiki-micaz.a(rs232.o)
cc2420_time_of_arrival
                    0x2               contiki-micaz.a(cc2420.o)
rimestats           0x48              contiki-micaz.a(rimestats.o)
packetbuf_addrs     0x8               contiki-micaz.a(packetbuf.o)
rimeaddr_node_addr  0x2               contiki-micaz.a(rimeaddr.o)
process_maxevents   0x1               contiki-micaz.a(process.o)
__brkval            0x2               /usr/lib/gcc/avr/4.5.3/../../../avr/lib/avr51/libc.a(malloc.o)
cc2420_last_correlation
                    0x1               contiki-micaz.a(cc2420.o)
cc2420_authority_level_of_sender
                    0x2               contiki-micaz.a(cc2420.o)
packetbuf_attrs     0x30              contiki-micaz.a(packetbuf.o)
cc2420_sfd_counter  0x1               contiki-micaz.a(cc2420.o)
ds2401_id           0x8               contiki-micaz.a(ds2401.o)
input_handler_0     0x2               contiki-micaz.a(rs232.o)
__flp               0x2               /usr/lib/gcc/avr/4.5.3/../../../avr/lib/avr51/libc.a(malloc.o)
cc2420_sfd_end_time
                    0x2               contiki-micaz.a(cc2420.o)
__iob               0x6               /usr/lib/gcc/avr/4.5.3/../../../avr/lib/avr51/libc.a(iob.o)

Memory Configuration

Name             Origin             Length             Attributes
text             0x00000000         0x00020000         xr
data             0x00800100         0x0000ff00         rw !x
eeprom           0x00810000         0x00010000         rw !x
fuse             0x00820000         0x00000400         rw !x
lock             0x00830000         0x00000400         rw !x
signature        0x00840000         0x00000400         rw !x
*default*        0x00000000         0xffffffff

Linker script and memory map

Address of section .data set to 0x800100
LOAD /usr/lib/gcc/avr/4.5.3/../../../avr/lib/avr51/crtm128.o
Address of section .bootloader set to 0x1f800
LOAD attilio_send.co
LOAD symbols.o
LOAD contiki-micaz.a
LOAD /usr/lib/gcc/avr/4.5.3/avr51/libgcc.a
LOAD /usr/lib/gcc/avr/4.5.3/../../../avr/lib/avr51/libc.a
LOAD /usr/lib/gcc/avr/4.5.3/avr51/libgcc.a

.hash
 *(.hash)

.dynsym
 *(.dynsym)

.dynstr
 *(.dynstr)

.gnu.version
 *(.gnu.version)

.gnu.version_d
 *(.gnu.version_d)

.gnu.version_r
 *(.gnu.version_r)

.rel.init
 *(.rel.init)

.rela.init
 *(.rela.init)

.rel.text
 *(.rel.text)
 *(.rel.text.*)
 *(.rel.gnu.linkonce.t*)

.rela.text
 *(.rela.text)
 *(.rela.text.*)
 *(.rela.gnu.linkonce.t*)

.rel.fini
 *(.rel.fini)

.rela.fini
 *(.rela.fini)

.rel.rodata
 *(.rel.rodata)
 *(.rel.rodata.*)
 *(.rel.gnu.linkonce.r*)

.rela.rodata
 *(.rela.rodata)
 *(.rela.rodata.*)
 *(.rela.gnu.linkonce.r*)

.rel.data
 *(.rel.data)
 *(.rel.data.*)
 *(.rel.gnu.linkonce.d*)

.rela.data
 *(.rela.data)
 *(.rela.data.*)
 *(.rela.gnu.linkonce.d*)

.rel.ctors
 *(.rel.ctors)

.rela.ctors
 *(.rela.ctors)

.rel.dtors
 *(.rel.dtors)

.rela.dtors
 *(.rela.dtors)

.rel.got
 *(.rel.got)

.rela.got
 *(.rela.got)

.rel.bss
 *(.rel.bss)

.rela.bss
 *(.rela.bss)

.rel.plt
 *(.rel.plt)

.rela.plt
 *(.rela.plt)

.text           0x00000000     0x519c
 *(.vectors)
 .vectors       0x00000000       0x8c /usr/lib/gcc/avr/4.5.3/../../../avr/lib/avr51/crtm128.o
                0x00000000                __vectors
                0x00000000                __vector_default
 *(.vectors)
 *(.progmem.gcc*)
 *(.progmem*)
 .progmem.data  0x0000008c       0x21 contiki-micaz.a(contiki-micaz-m)
 .progmem.data  0x000000ad       0x83 contiki-micaz.a(init-net.o)
                0x00000130                . = ALIGN (0x2)
                0x00000130                __trampolines_start = .
 *(.trampolines)
 .trampolines   0x00000130        0x0 linker stubs
 *(.trampolines*)
                0x00000130                __trampolines_end = .
 *(.jumptables)
 *(.jumptables*)
 *(.lowtext)
 *(.lowtext*)
                0x00000130                __ctors_start = .
 *(.ctors)
                0x00000130                __ctors_end = .
                0x00000130                __dtors_start = .
 *(.dtors)
                0x00000130                __dtors_end = .
 SORT(*)(.ctors)
 SORT(*)(.dtors)
 *(.init0)
 .init0         0x00000130        0x0 /usr/lib/gcc/avr/4.5.3/../../../avr/lib/avr51/crtm128.o
                0x00000130                __init
 *(.init0)
 *(.init1)
 *(.init1)
 *(.init2)
 .init2         0x00000130        0xc /usr/lib/gcc/avr/4.5.3/../../../avr/lib/avr51/crtm128.o
 *(.init2)
 *(.init3)
 *(.init3)
 *(.init4)
 .init4         0x0000013c       0x1a /usr/lib/gcc/avr/4.5.3/avr51/libgcc.a(_copy_data.o)
                0x0000013c                __do_copy_data
 .init4         0x00000156       0x10 /usr/lib/gcc/avr/4.5.3/avr51/libgcc.a(_clear_bss.o)
                0x00000156                __do_clear_bss
 *(.init4)
 *(.init5)
 *(.init5)
 *(.init6)
 *(.init6)
 *(.init7)
 *(.init7)
 *(.init8)
 *(.init8)
 *(.init9)
 .init9         0x00000166        0x8 /usr/lib/gcc/avr/4.5.3/../../../avr/lib/avr51/crtm128.o
 *(.init9)
 *(.text)
 .text          0x0000016e        0x4 /usr/lib/gcc/avr/4.5.3/../../../avr/lib/avr51/crtm128.o
                0x0000016e                __vector_22
                0x0000016e                __vector_28
                0x0000016e                __vector_1
                0x0000016e                __vector_32
                0x0000016e                __vector_34
                0x0000016e                __vector_24
                0x0000016e                __vector_12
                0x0000016e                __bad_interrupt
                0x0000016e                __vector_6
                0x0000016e                __vector_31
                0x0000016e                __vector_3
                0x0000016e                __vector_23
                0x0000016e                __vector_25
                0x0000016e                __vector_11
                0x0000016e                __vector_13
                0x0000016e                __vector_17
                0x0000016e                __vector_19
                0x0000016e                __vector_27
                0x0000016e                __vector_5
                0x0000016e                __vector_33
                0x0000016e                __vector_4
                0x0000016e                __vector_9
                0x0000016e                __vector_2
                0x0000016e                __vector_21
                0x0000016e                __vector_29
                0x0000016e                __vector_8
                0x0000016e                __vector_14
                0x0000016e                __vector_10
                0x0000016e                __vector_16
                0x0000016e                __vector_20
 .text          0x00000172      0x112 attilio_send.co
 .text          0x00000284        0x0 symbols.o
 .text          0x00000284       0xc0 contiki-micaz.a(broadcast.o)
                0x000002ea                broadcast_open
                0x00000320                broadcast_close
                0x00000326                broadcast_send
 .text          0x00000344       0x66 contiki-micaz.a(abc.o)
                0x00000344                abc_open
                0x00000376                abc_close
                0x0000037c                abc_send
                0x00000382                abc_input
                0x00000392                abc_sent
 .text          0x000003aa       0x82 contiki-micaz.a(channel.o)
                0x000003aa                channel_init
                0x000003b4                channel_open
                0x000003c6                channel_close
                0x000003d2                channel_lookup
                0x00000402                channel_set_attributes
 .text          0x0000042c      0x1a8 contiki-micaz.a(list.o)
                0x0000042c                list_init
                0x00000434                list_head
                0x0000043c                list_copy
                0x0000044a                list_tail
                0x0000046e                list_chop
                0x000004b6                list_pop
                0x000004d0                list_remove
                0x0000051a                list_push
                0x00000542                list_add
                0x00000580                list_length
                0x000005a0                list_insert
                0x000005c0                list_item_next
 .text          0x000005d4      0x2ea contiki-micaz.a(etimer.o)
                0x00000638                etimer_request_poll
                0x000007b2                etimer_set
                0x000007c8                etimer_reset
                0x000007de                etimer_restart
                0x000007f4                etimer_adjust
                0x00000808                etimer_expired
                0x0000081e                etimer_expiration_time
                0x00000830                etimer_start_time
                0x00000838                etimer_pending
                0x00000850                etimer_next_expiration_time
                0x0000086e                etimer_stop
 .text          0x000008be      0x364 contiki-micaz.a(packetbuf.o)
                0x000008be                packetbuf_clear_hdr
                0x000008c6                packetbuf_copyto_hdr
                0x000008f4                packetbuf_copyto
                0x0000097c                packetbuf_hdr_remove
                0x00000988                packetbuf_hdrreduce
                0x000009c6                packetbuf_set_datalen
                0x000009d0                packetbuf_dataptr
                0x000009e0                packetbuf_hdrptr
                0x000009ee                packetbuf_is_reference
                0x00000a0a                packetbuf_compact
                0x00000a6a                packetbuf_reference_ptr
                0x00000a74                packetbuf_datalen
                0x00000a7e                packetbuf_hdrlen
                0x00000a88                packetbuf_totlen
                0x00000aa0                packetbuf_hdralloc
                0x00000ade                packetbuf_attr_clear
                0x00000b16                packetbuf_clear
                0x00000b3e                packetbuf_reference
                0x00000b68                packetbuf_copyfrom
                0x00000bce                packetbuf_attr_copyto
                0x00000bf8                packetbuf_attr_copyfrom
 .text          0x00000c22       0xa4 contiki-micaz.a(contiki-micaz-m)
                0x00000c22                init_usart
                0x00000c34                main
 .text          0x00000cc6      0x20e contiki-micaz.a(init-net.o)
                0x00000cc6                init_net
 .text          0x00000ed4       0x9e contiki-micaz.a(node-id.o)
                0x00000ed4                node_id_restore
                0x00000f2c                node_id_burn
 .text          0x00000f72      0x17a contiki-micaz.a(clock.o)
                0x00000f72                __vector_15
                0x0000102a                clock_init
                0x00001062                clock_time
                0x0000107c                clock_delay
                0x00001092                clock_wait
                0x000010ba                clock_set_seconds
                0x000010bc                clock_seconds
 .text          0x000010ec      0x190 contiki-micaz.a(ds2401.o)
                0x00001156                ds2401_init
 .text          0x0000127c       0x20 contiki-micaz.a(eeprom.o)
                0x0000127c                eeprom_write
                0x0000128c                eeprom_read
 .text          0x0000129c       0x82 contiki-micaz.a(leds.o)
                0x000012ac                leds_init
                0x000012ba                leds_get
                0x000012c0                leds_on
                0x000012d0                leds_off
                0x000012e2                leds_invert
                0x000012f2                leds_toggle
                0x000012f8                leds_blink
 .text          0x0000131e       0x46 contiki-micaz.a(rimeaddr.o)
                0x0000131e                rimeaddr_copy
                0x00001330                rimeaddr_cmp
                0x00001354                rimeaddr_set_node_addr
 .text          0x00001364      0x16a contiki-micaz.a(rime.o)
                0x0000145a                rime_sniffer_add
                0x00001466                rime_sniffer_remove
                0x00001472                rime_output
 .text          0x000014ce        0x0 contiki-micaz.a(rimestats.o)
 .text          0x000014ce      0x17e contiki-micaz.a(announcement.o)
                0x000014ce                announcement_init
                0x000014d8                announcement_register
                0x0000151a                announcement_remove
                0x00001526                announcement_remove_value
                0x00001556                announcement_set_value
                0x00001592                announcement_bump
                0x000015c0                announcement_listen
                0x000015d0                announcement_register_listen_callback
                0x000015da                announcement_register_observer_callback
                0x000015e4                announcement_list
                0x000015ee                announcement_heard
 .text          0x0000164c      0x23a contiki-micaz.a(broadcast-annou)
                0x00001808                broadcast_announcement_init
                0x00001858                broadcast_announcement_stop
                0x0000187c                broadcast_announcement_beacon_interval
 .text          0x00001886       0x62 contiki-micaz.a(chameleon.o)
                0x00001886                chameleon_init
                0x0000188c                chameleon_parse
                0x000018ac                chameleon_create
                0x000018dc                chameleon_hdrsize
 .text          0x000018e8      0x4d2 contiki-micaz.a(chameleon-bitop)
                0x00001902                get_bits_in_byte
                0x00001940                get_bits
                0x00001b6e                set_bits_in_byte
                0x00001b96                set_bits
 .text          0x00001dba      0x82e contiki-micaz.a(cxmac.o)
                0x000025b6                cxmac_init
                0x000025e6                cxmac_set_announcement_radio_txpower
 .text          0x000025e8       0x38 contiki-micaz.a(nullmac.o)
 .text          0x00002620       0x10 contiki-micaz.a(mac.o)
                0x00002620                mac_call_sent_callback
 .text          0x00002630      0x216 contiki-micaz.a(framer-802154.o)
 .text          0x00002846      0x372 contiki-micaz.a(process.o)
                0x000029ae                process_alloc_event
                0x000029bc                process_exit
                0x000029ca                process_init
                0x000029ee                process_run
                0x00002ac0                process_nevents
                0x00002ad2                process_post
                0x00002b28                process_post_synch
                0x00002b46                process_start
                0x00002b8c                process_poll
                0x00002ba4                process_is_running
 .text          0x00002bb8       0x58 contiki-micaz.a(autostart.o)
                0x00002bb8                autostart_start
                0x00002be6                autostart_exit
 .text          0x00002c10      0x16e contiki-micaz.a(compower.o)
                0x00002c10                compower_init
                0x00002c32                compower_accumulate
                0x00002cea                compower_clear
                0x00002cfe                compower_attrconv
                0x00002d32                compower_accumulate_attrs
 .text          0x00002d7e      0x110 contiki-micaz.a(memb.o)
                0x00002d7e                memb_init
                0x00002dbe                memb_alloc
                0x00002e0a                memb_free
                0x00002e54                memb_inmemb
 .text          0x00002e8e       0x98 contiki-micaz.a(timer.o)
                0x00002e8e                timer_set
                0x00002ea6                timer_reset
                0x00002eba                timer_restart
                0x00002ece                timer_expired
                0x00002efc                timer_remaining
 .text          0x00002f26      0x288 contiki-micaz.a(ctimer.o)
                0x0000300c                ctimer_init
                0x00003026                ctimer_set
                0x0000308c                ctimer_reset
                0x000030e0                ctimer_restart
                0x00003134                ctimer_stop
                0x00003164                ctimer_expired
 .text          0x000031ae        0xe contiki-micaz.a(energest.o)
                0x000031ae                energest_type_set
                0x000031b0                energest_init
                0x000031b2                energest_type_time
                0x000031ba                energest_flush
 .text          0x000031bc       0x7c contiki-micaz.a(rtimer.o)
                0x000031bc                rtimer_init
                0x000031c2                rtimer_set
                0x000031fa                rtimer_run_next
 .text          0x00003238        0xc contiki-micaz.a(random.o)
                0x00003238                random_init
                0x0000323e                random_rand
 .text          0x00003244      0x210 contiki-micaz.a(queuebuf.o)
                0x00003244                queuebuf_init
                0x0000325e                queuebuf_new_from_packetbuf
                0x000032fc                queuebuf_update_attr_from_packetbuf
                0x00003312                queuebuf_free
                0x00003356                queuebuf_to_packetbuf
                0x000033d2                queuebuf_dataptr
                0x00003410                queuebuf_datalen
                0x0000341e                queuebuf_addr
                0x00003436                queuebuf_attr
                0x00003452                queuebuf_debug_print
 .text          0x00003454      0x1b8 contiki-micaz.a(rs232.o)
                0x00003454                __vector_18
                0x000034b0                __vector_30
                0x0000350e                rs232_init
                0x0000354a                rs232_send
                0x00003568                rs232_stdout_putchar
                0x00003592                rs232_set_input
                0x000035ae                rs232_print
                0x000035f0                slip_arch_writeb
                0x000035fa                rs232_redirect_stdout
 .text          0x0000360c       0x56 contiki-micaz.a(leds-arch.o)
                0x0000360c                leds_arch_init
                0x0000361a                leds_arch_get
                0x0000363a                leds_arch_set
 .text          0x00003662      0xb26 contiki-micaz.a(cc2420.o)
                0x0000389c                cc2420_on
                0x000038c8                cc2420_off
                0x00003c04                cc2420_get_channel
                0x00003c0e                cc2420_set_channel
                0x00003cae                cc2420_set_pan_addr
                0x00003dc2                cc2420_init
                0x00003e8a                cc2420_interrupt
                0x00003ec8                cc2420_set_txpower
                0x00003edc                cc2420_get_txpower
                0x000040a8                cc2420_rssi
                0x00004130                cc2420_cca_valid
                0x0000416c                cc2420_set_cca_threshold
 .text          0x00004188       0x6e contiki-micaz.a(cc2420-arch.o)
                0x00004188                cc2420_arch_init
                0x000041a6                __vector_7
 .text          0x000041f6       0xb6 contiki-micaz.a(rtimer-arch.o)
                0x000041f6                __vector_26
                0x00004250                rtimer_arch_init
                0x00004288                rtimer_arch_schedule
 .text          0x000042ac       0x50 contiki-micaz.a(watchdog.o)
                0x000042ac                watchdog_init
                0x000042c0                watchdog_start
                0x000042d4                watchdog_periodic
                0x000042d8                watchdog_stop
                0x000042e6                watchdog_reboot
 .text          0x000042fc      0x452 contiki-micaz.a(frame802154.o)
                0x000043ae                frame802154_hdrlen
                0x000043ea                frame802154_create
                0x000045c0                frame802154_parse
 .text          0x0000474e       0x16 contiki-micaz.a(spi.o)
                0x0000474e                spi_init
 .text          0x00004764        0x0 /usr/lib/gcc/avr/4.5.3/avr51/libgcc.a(_udivmodhi4.o)
 .text          0x00004764        0x0 /usr/lib/gcc/avr/4.5.3/avr51/libgcc.a(_exit.o)
 .text          0x00004764        0x0 /usr/lib/gcc/avr/4.5.3/avr51/libgcc.a(_copy_data.o)
 .text          0x00004764        0x0 /usr/lib/gcc/avr/4.5.3/avr51/libgcc.a(_clear_bss.o)
 .text          0x00004764        0x0 /usr/lib/gcc/avr/4.5.3/../../../avr/lib/avr51/libc.a(malloc.o)
 .text          0x00004764        0x0 /usr/lib/gcc/avr/4.5.3/../../../avr/lib/avr51/libc.a(rand.o)
 .text          0x00004764        0x0 /usr/lib/gcc/avr/4.5.3/../../../avr/lib/avr51/libc.a(memcpy.o)
 .text          0x00004764        0x0 /usr/lib/gcc/avr/4.5.3/../../../avr/lib/avr51/libc.a(memset.o)
 .text          0x00004764        0x0 /usr/lib/gcc/avr/4.5.3/../../../avr/lib/avr51/libc.a(iob.o)
 .text          0x00004764        0x0 /usr/lib/gcc/avr/4.5.3/../../../avr/lib/avr51/libc.a(printf.o)
 .text          0x00004764        0x0 /usr/lib/gcc/avr/4.5.3/../../../avr/lib/avr51/libc.a(printf_p.o)
 .text          0x00004764        0x0 /usr/lib/gcc/avr/4.5.3/../../../avr/lib/avr51/libc.a(vfprintf_std.o)
 .text          0x00004764        0x0 /usr/lib/gcc/avr/4.5.3/../../../avr/lib/avr51/libc.a(eerd_block_atmega128.o)
 .text          0x00004764        0x0 /usr/lib/gcc/avr/4.5.3/../../../avr/lib/avr51/libc.a(eewr_block_atmega128.o)
 .text          0x00004764        0x0 /usr/lib/gcc/avr/4.5.3/../../../avr/lib/avr51/libc.a(eewr_byte_atmega128.o)
 .text          0x00004764        0x0 /usr/lib/gcc/avr/4.5.3/../../../avr/lib/avr51/libc.a(strnlen_P.o)
 .text          0x00004764        0x0 /usr/lib/gcc/avr/4.5.3/../../../avr/lib/avr51/libc.a(strnlen.o)
 .text          0x00004764        0x0 /usr/lib/gcc/avr/4.5.3/../../../avr/lib/avr51/libc.a(fputc.o)
 .text          0x00004764        0x0 /usr/lib/gcc/avr/4.5.3/../../../avr/lib/avr51/libc.a(ultoa_invert.o)
 .text          0x00004764        0x0 /usr/lib/gcc/avr/4.5.3/avr51/libgcc.a(_mulsi3.o)
 .text          0x00004764        0x0 /usr/lib/gcc/avr/4.5.3/avr51/libgcc.a(_divmodsi4.o)
 .text          0x00004764        0x0 /usr/lib/gcc/avr/4.5.3/avr51/libgcc.a(_udivmodsi4.o)
                0x00004764                . = ALIGN (0x2)
 *(.text.*)
 .text.libgcc   0x00004764       0x28 /usr/lib/gcc/avr/4.5.3/avr51/libgcc.a(_udivmodhi4.o)
                0x00004764                __udivmodhi4
 .text.libgcc   0x0000478c        0x0 /usr/lib/gcc/avr/4.5.3/avr51/libgcc.a(_exit.o)
 .text.libgcc   0x0000478c        0x0 /usr/lib/gcc/avr/4.5.3/avr51/libgcc.a(_copy_data.o)
 .text.libgcc   0x0000478c        0x0 /usr/lib/gcc/avr/4.5.3/avr51/libgcc.a(_clear_bss.o)
 .text.avr-libc
                0x0000478c      0x266 /usr/lib/gcc/avr/4.5.3/../../../avr/lib/avr51/libc.a(malloc.o)
                0x0000478c                malloc
                0x000048c0                free
 .text.avr-libc
                0x000049f2       0xbc /usr/lib/gcc/avr/4.5.3/../../../avr/lib/avr51/libc.a(rand.o)
                0x00004a88                rand_r
                0x00004a8e                rand
                0x00004a98                srand
 .text.avr-libc
                0x00004aae       0x12 /usr/lib/gcc/avr/4.5.3/../../../avr/lib/avr51/libc.a(memcpy.o)
                0x00004aae                memcpy
 .text.avr-libc
                0x00004ac0        0xe /usr/lib/gcc/avr/4.5.3/../../../avr/lib/avr51/libc.a(memset.o)
                0x00004ac0                memset
 .text.avr-libc
                0x00004ace       0x24 /usr/lib/gcc/avr/4.5.3/../../../avr/lib/avr51/libc.a(printf.o)
                0x00004ace                printf
 .text.avr-libc
                0x00004af2       0x40 /usr/lib/gcc/avr/4.5.3/../../../avr/lib/avr51/libc.a(printf_p.o)
                0x00004af2                printf_P
 .text.avr-libc
                0x00004b32      0x420 /usr/lib/gcc/avr/4.5.3/../../../avr/lib/avr51/libc.a(vfprintf_std.o)
                0x00004b32                vfprintf
 .text.avr-libc
                0x00004f52       0x20 /usr/lib/gcc/avr/4.5.3/../../../avr/lib/avr51/libc.a(eerd_block_atmega128.o)
                0x00004f52                __eerd_block_m128
                0x00004f56                __eerd_blraw_m128
 .text.avr-libc
                0x00004f72       0x14 /usr/lib/gcc/avr/4.5.3/../../../avr/lib/avr51/libc.a(eewr_block_atmega128.o)
                0x00004f72                __eewr_block_m128
 .text.avr-libc
                0x00004f86       0x1a /usr/lib/gcc/avr/4.5.3/../../../avr/lib/avr51/libc.a(eewr_byte_atmega128.o)
                0x00004f86                __eewr_byte_m128
                0x00004f88                __eewr_r18_m128
 .text.avr-libc
                0x00004fa0       0x16 /usr/lib/gcc/avr/4.5.3/../../../avr/lib/avr51/libc.a(strnlen_P.o)
                0x00004fa0                strnlen_P
 .text.avr-libc
                0x00004fb6       0x16 /usr/lib/gcc/avr/4.5.3/../../../avr/lib/avr51/libc.a(strnlen.o)
                0x00004fb6                strnlen
 .text.avr-libc
                0x00004fcc       0x58 /usr/lib/gcc/avr/4.5.3/../../../avr/lib/avr51/libc.a(fputc.o)
                0x00004fcc                fputc
 .text.avr-libc
                0x00005024       0xbc /usr/lib/gcc/avr/4.5.3/../../../avr/lib/avr51/libc.a(ultoa_invert.o)
                0x00005024                __ultoa_invert
 .text.libgcc   0x000050e0       0x3e /usr/lib/gcc/avr/4.5.3/avr51/libgcc.a(_mulsi3.o)
                0x000050e0                __mulsi3
 .text.libgcc   0x0000511e       0x36 /usr/lib/gcc/avr/4.5.3/avr51/libgcc.a(_divmodsi4.o)
                0x0000511e                __divmodsi4
 .text.libgcc   0x00005154       0x44 /usr/lib/gcc/avr/4.5.3/avr51/libgcc.a(_udivmodsi4.o)
                0x00005154                __udivmodsi4
                0x00005198                . = ALIGN (0x2)
 *(.fini9)
 .fini9         0x00005198        0x0 /usr/lib/gcc/avr/4.5.3/avr51/libgcc.a(_exit.o)
                0x00005198                exit
                0x00005198                _exit
 *(.fini9)
 *(.fini8)
 *(.fini8)
 *(.fini7)
 *(.fini7)
 *(.fini6)
 *(.fini6)
 *(.fini5)
 *(.fini5)
 *(.fini4)
 *(.fini4)
 *(.fini3)
 *(.fini3)
 *(.fini2)
 *(.fini2)
 *(.fini1)
 *(.fini1)
 *(.fini0)
 .fini0         0x00005198        0x4 /usr/lib/gcc/avr/4.5.3/avr51/libgcc.a(_exit.o)
 *(.fini0)
                0x0000519c                _etext = .

.data           0x00800100       0xee load address 0x0000519c
                0x00800100                PROVIDE (__data_start, .)
 *(.data)
 .data          0x00800100        0x0 /usr/lib/gcc/avr/4.5.3/../../../avr/lib/avr51/crtm128.o
 .data          0x00800100       0x1f attilio_send.co
                0x0080010f                example_broadcast_process
                0x00800117                autostart_processes
 .data          0x0080011f        0x6 symbols.o
                0x0080011f                symbols_nelts
                0x00800121                symbols
 .data          0x00800125        0x8 contiki-micaz.a(broadcast.o)
 .data          0x0080012d        0x2 contiki-micaz.a(abc.o)
 .data          0x0080012f        0x0 contiki-micaz.a(channel.o)
 .data          0x0080012f        0x0 contiki-micaz.a(list.o)
 .data          0x0080012f        0x8 contiki-micaz.a(etimer.o)
                0x0080012f                etimer_process
 .data          0x00800137        0x0 contiki-micaz.a(packetbuf.o)
 .data          0x00800137        0x0 contiki-micaz.a(contiki-micaz-m)
 .data          0x00800137        0x0 contiki-micaz.a(init-net.o)
 .data          0x00800137        0x0 contiki-micaz.a(node-id.o)
 .data          0x00800137        0x0 contiki-micaz.a(clock.o)
 .data          0x00800137        0x0 contiki-micaz.a(ds2401.o)
 .data          0x00800137        0x0 contiki-micaz.a(eeprom.o)
 .data          0x00800137        0x0 contiki-micaz.a(leds.o)
 .data          0x00800137        0x2 contiki-micaz.a(rimeaddr.o)
                0x00800137                rimeaddr_null
 .data          0x00800139        0xb contiki-micaz.a(rime.o)
                0x0080013e                rime_driver
 .data          0x00800144        0x0 contiki-micaz.a(rimestats.o)
 .data          0x00800144        0x0 contiki-micaz.a(announcement.o)
 .data          0x00800144        0x4 contiki-micaz.a(broadcast-annou)
 .data          0x00800148        0x0 contiki-micaz.a(chameleon.o)
 .data          0x00800148        0xf contiki-micaz.a(chameleon-bitop)
                0x00800148                chameleon_bitopt
 .data          0x00800157       0x27 contiki-micaz.a(cxmac.o)
                0x00800157                cxmac_config
                0x00800166                cxmac_driver
 .data          0x0080017e       0x16 contiki-micaz.a(nullmac.o)
                0x00800186                nullmac_driver
 .data          0x00800194        0x0 contiki-micaz.a(mac.o)
 .data          0x00800194        0x4 contiki-micaz.a(framer-802154.o)
                0x00800194                framer_802154
 .data          0x00800198        0x0 contiki-micaz.a(process.o)
 .data          0x00800198        0x0 contiki-micaz.a(autostart.o)
 .data          0x00800198        0x0 contiki-micaz.a(compower.o)
 .data          0x00800198        0x0 contiki-micaz.a(memb.o)
 .data          0x00800198        0x0 contiki-micaz.a(timer.o)
 .data          0x00800198        0x8 contiki-micaz.a(ctimer.o)
                0x00800198                ctimer_process
 .data          0x008001a0        0x0 contiki-micaz.a(energest.o)
 .data          0x008001a0        0x0 contiki-micaz.a(rtimer.o)
 .data          0x008001a0        0x0 contiki-micaz.a(random.o)
 .data          0x008001a0       0x18 contiki-micaz.a(queuebuf.o)
 .data          0x008001b8        0xe contiki-micaz.a(rs232.o)
 .data          0x008001c6        0x0 contiki-micaz.a(leds-arch.o)
 .data          0x008001c6       0x1c contiki-micaz.a(cc2420.o)
                0x008001c6                cc2420_process
                0x008001ce                cc2420_driver
 .data          0x008001e2        0x0 contiki-micaz.a(cc2420-arch.o)
 .data          0x008001e2        0x0 contiki-micaz.a(rtimer-arch.o)
 .data          0x008001e2        0x0 contiki-micaz.a(watchdog.o)
 .data          0x008001e2        0x2 contiki-micaz.a(frame802154.o)
 .data          0x008001e4        0x0 contiki-micaz.a(spi.o)
 .data          0x008001e4        0x0 /usr/lib/gcc/avr/4.5.3/avr51/libgcc.a(_udivmodhi4.o)
 .data          0x008001e4        0x0 /usr/lib/gcc/avr/4.5.3/avr51/libgcc.a(_exit.o)
 .data          0x008001e4        0x0 /usr/lib/gcc/avr/4.5.3/avr51/libgcc.a(_copy_data.o)
 .data          0x008001e4        0x0 /usr/lib/gcc/avr/4.5.3/avr51/libgcc.a(_clear_bss.o)
 .data          0x008001e4        0x6 /usr/lib/gcc/avr/4.5.3/../../../avr/lib/avr51/libc.a(malloc.o)
                0x008001e4                __malloc_margin
                0x008001e6                __malloc_heap_start
                0x008001e8                __malloc_heap_end
 .data          0x008001ea        0x4 /usr/lib/gcc/avr/4.5.3/../../../avr/lib/avr51/libc.a(rand.o)
 .data          0x008001ee        0x0 /usr/lib/gcc/avr/4.5.3/../../../avr/lib/avr51/libc.a(memcpy.o)
 .data          0x008001ee        0x0 /usr/lib/gcc/avr/4.5.3/../../../avr/lib/avr51/libc.a(memset.o)
 .data          0x008001ee        0x0 /usr/lib/gcc/avr/4.5.3/../../../avr/lib/avr51/libc.a(iob.o)
 .data          0x008001ee        0x0 /usr/lib/gcc/avr/4.5.3/../../../avr/lib/avr51/libc.a(printf.o)
 .data          0x008001ee        0x0 /usr/lib/gcc/avr/4.5.3/../../../avr/lib/avr51/libc.a(printf_p.o)
 .data          0x008001ee        0x0 /usr/lib/gcc/avr/4.5.3/../../../avr/lib/avr51/libc.a(vfprintf_std.o)
 .data          0x008001ee        0x0 /usr/lib/gcc/avr/4.5.3/../../../avr/lib/avr51/libc.a(eerd_block_atmega128.o)
 .data          0x008001ee        0x0 /usr/lib/gcc/avr/4.5.3/../../../avr/lib/avr51/libc.a(eewr_block_atmega128.o)
 .data          0x008001ee        0x0 /usr/lib/gcc/avr/4.5.3/../../../avr/lib/avr51/libc.a(eewr_byte_atmega128.o)
 .data          0x008001ee        0x0 /usr/lib/gcc/avr/4.5.3/../../../avr/lib/avr51/libc.a(strnlen_P.o)
 .data          0x008001ee        0x0 /usr/lib/gcc/avr/4.5.3/../../../avr/lib/avr51/libc.a(strnlen.o)
 .data          0x008001ee        0x0 /usr/lib/gcc/avr/4.5.3/../../../avr/lib/avr51/libc.a(fputc.o)
 .data          0x008001ee        0x0 /usr/lib/gcc/avr/4.5.3/../../../avr/lib/avr51/libc.a(ultoa_invert.o)
 .data          0x008001ee        0x0 /usr/lib/gcc/avr/4.5.3/avr51/libgcc.a(_mulsi3.o)
 .data          0x008001ee        0x0 /usr/lib/gcc/avr/4.5.3/avr51/libgcc.a(_divmodsi4.o)
 .data          0x008001ee        0x0 /usr/lib/gcc/avr/4.5.3/avr51/libgcc.a(_udivmodsi4.o)
 *(.data*)
 *(.rodata)
 *(.rodata*)
 *(.gnu.linkonce.d*)
                0x008001ee                . = ALIGN (0x2)
                0x008001ee                _edata = .
                0x008001ee                PROVIDE (__data_end, .)

.bss            0x008001ee      0x8c0
                0x008001ee                PROVIDE (__bss_start, .)
 *(.bss)
 .bss           0x008001ee        0x0 /usr/lib/gcc/avr/4.5.3/../../../avr/lib/avr51/crtm128.o
 .bss           0x008001ee       0x14 attilio_send.co
 .bss           0x00800202        0x0 symbols.o
 .bss           0x00800202        0x0 contiki-micaz.a(broadcast.o)
 .bss           0x00800202        0x0 contiki-micaz.a(abc.o)
 .bss           0x00800202        0x2 contiki-micaz.a(channel.o)
 .bss           0x00800204        0x0 contiki-micaz.a(list.o)
 .bss           0x00800204        0x4 contiki-micaz.a(etimer.o)
 .bss           0x00800208       0xb9 contiki-micaz.a(packetbuf.o)
 .bss           0x008002c1        0x0 contiki-micaz.a(contiki-micaz-m)
 .bss           0x008002c1        0x0 contiki-micaz.a(init-net.o)
 .bss           0x008002c1        0x2 contiki-micaz.a(node-id.o)
                0x008002c1                node_id
 .bss           0x008002c3        0x8 contiki-micaz.a(clock.o)
 .bss           0x008002cb        0x0 contiki-micaz.a(ds2401.o)
 .bss           0x008002cb        0x0 contiki-micaz.a(eeprom.o)
 .bss           0x008002cb        0x2 contiki-micaz.a(leds.o)
 .bss           0x008002cd        0x0 contiki-micaz.a(rimeaddr.o)
 .bss           0x008002cd        0x2 contiki-micaz.a(rime.o)
 .bss           0x008002cf        0x0 contiki-micaz.a(rimestats.o)
 .bss           0x008002cf        0x6 contiki-micaz.a(announcement.o)
 .bss           0x008002d5       0x35 contiki-micaz.a(broadcast-annou)
 .bss           0x0080030a        0x0 contiki-micaz.a(chameleon.o)
 .bss           0x0080030a        0x0 contiki-micaz.a(chameleon-bitop)
 .bss           0x0080030a       0x44 contiki-micaz.a(cxmac.o)
 .bss           0x0080034e        0x0 contiki-micaz.a(nullmac.o)
 .bss           0x0080034e        0x0 contiki-micaz.a(mac.o)
 .bss           0x0080034e        0x2 contiki-micaz.a(framer-802154.o)
 .bss           0x00800350       0x38 contiki-micaz.a(process.o)
                0x00800350                process_list
                0x00800352                process_current
 .bss           0x00800388        0x0 contiki-micaz.a(autostart.o)
 .bss           0x00800388        0x8 contiki-micaz.a(compower.o)
 .bss           0x00800390        0x0 contiki-micaz.a(memb.o)
 .bss           0x00800390        0x0 contiki-micaz.a(timer.o)
 .bss           0x00800390        0x3 contiki-micaz.a(ctimer.o)
 .bss           0x00800393        0x0 contiki-micaz.a(energest.o)
 .bss           0x00800393        0x2 contiki-micaz.a(rtimer.o)
 .bss           0x00800395        0x0 contiki-micaz.a(random.o)
 .bss           0x00800395      0x65c contiki-micaz.a(queuebuf.o)
 .bss           0x008009f1        0x1 contiki-micaz.a(rs232.o)
 .bss           0x008009f2        0x0 contiki-micaz.a(leds-arch.o)
 .bss           0x008009f2        0x9 contiki-micaz.a(cc2420.o)
 .bss           0x008009fb        0x0 contiki-micaz.a(cc2420-arch.o)
 .bss           0x008009fb        0x0 contiki-micaz.a(rtimer-arch.o)
 .bss           0x008009fb        0x0 contiki-micaz.a(watchdog.o)
 .bss           0x008009fb        0x0 contiki-micaz.a(frame802154.o)
 .bss           0x008009fb        0x1 contiki-micaz.a(spi.o)
                0x008009fb                spi_busy
 .bss           0x008009fc        0x0 /usr/lib/gcc/avr/4.5.3/avr51/libgcc.a(_udivmodhi4.o)
 .bss           0x008009fc        0x0 /usr/lib/gcc/avr/4.5.3/avr51/libgcc.a(_exit.o)
 .bss           0x008009fc        0x0 /usr/lib/gcc/avr/4.5.3/avr51/libgcc.a(_copy_data.o)
 .bss           0x008009fc        0x0 /usr/lib/gcc/avr/4.5.3/avr51/libgcc.a(_clear_bss.o)
 .bss           0x008009fc        0x0 /usr/lib/gcc/avr/4.5.3/../../../avr/lib/avr51/libc.a(malloc.o)
 .bss           0x008009fc        0x0 /usr/lib/gcc/avr/4.5.3/../../../avr/lib/avr51/libc.a(rand.o)
 .bss           0x008009fc        0x0 /usr/lib/gcc/avr/4.5.3/../../../avr/lib/avr51/libc.a(memcpy.o)
 .bss           0x008009fc        0x0 /usr/lib/gcc/avr/4.5.3/../../../avr/lib/avr51/libc.a(memset.o)
 .bss           0x008009fc        0x0 /usr/lib/gcc/avr/4.5.3/../../../avr/lib/avr51/libc.a(iob.o)
 .bss           0x008009fc        0x0 /usr/lib/gcc/avr/4.5.3/../../../avr/lib/avr51/libc.a(printf.o)
 .bss           0x008009fc        0x0 /usr/lib/gcc/avr/4.5.3/../../../avr/lib/avr51/libc.a(printf_p.o)
 .bss           0x008009fc        0x0 /usr/lib/gcc/avr/4.5.3/../../../avr/lib/avr51/libc.a(vfprintf_std.o)
 .bss           0x008009fc        0x0 /usr/lib/gcc/avr/4.5.3/../../../avr/lib/avr51/libc.a(eerd_block_atmega128.o)
 .bss           0x008009fc        0x0 /usr/lib/gcc/avr/4.5.3/../../../avr/lib/avr51/libc.a(eewr_block_atmega128.o)
 .bss           0x008009fc        0x0 /usr/lib/gcc/avr/4.5.3/../../../avr/lib/avr51/libc.a(eewr_byte_atmega128.o)
 .bss           0x008009fc        0x0 /usr/lib/gcc/avr/4.5.3/../../../avr/lib/avr51/libc.a(strnlen_P.o)
 .bss           0x008009fc        0x0 /usr/lib/gcc/avr/4.5.3/../../../avr/lib/avr51/libc.a(strnlen.o)
 .bss           0x008009fc        0x0 /usr/lib/gcc/avr/4.5.3/../../../avr/lib/avr51/libc.a(fputc.o)
 .bss           0x008009fc        0x0 /usr/lib/gcc/avr/4.5.3/../../../avr/lib/avr51/libc.a(ultoa_invert.o)
 .bss           0x008009fc        0x0 /usr/lib/gcc/avr/4.5.3/avr51/libgcc.a(_mulsi3.o)
 .bss           0x008009fc        0x0 /usr/lib/gcc/avr/4.5.3/avr51/libgcc.a(_divmodsi4.o)
 .bss           0x008009fc        0x0 /usr/lib/gcc/avr/4.5.3/avr51/libgcc.a(_udivmodsi4.o)
 *(.bss*)
 *(COMMON)
 COMMON         0x008009fc       0x38 contiki-micaz.a(packetbuf.o)
                0x008009fc                packetbuf_addrs
                0x00800a04                packetbuf_attrs
 COMMON         0x00800a34        0x8 contiki-micaz.a(ds2401.o)
                0x00800a34                ds2401_id
 COMMON         0x00800a3c        0x2 contiki-micaz.a(rimeaddr.o)
                0x00800a3c                rimeaddr_node_addr
 COMMON         0x00800a3e       0x48 contiki-micaz.a(rimestats.o)
                0x00800a3e                rimestats
 COMMON         0x00800a86        0x1 contiki-micaz.a(process.o)
                0x00800a86                process_maxevents
 COMMON         0x00800a87        0x8 contiki-micaz.a(compower.o)
                0x00800a87                compower_idle_activity
 COMMON         0x00800a8f        0x4 contiki-micaz.a(rs232.o)
                0x00800a8f                input_handler_1
                0x00800a91                input_handler_0
 COMMON         0x00800a93       0x11 contiki-micaz.a(cc2420.o)
                0x00800a93                cc2420_last_rssi
                0x00800a94                cc2420_packets_read
                0x00800a96                cc2420_packets_seen
                0x00800a98                cc2420_sfd_start_time
                0x00800a9a                cc2420_time_of_departure
                0x00800a9c                cc2420_time_of_arrival
                0x00800a9e                cc2420_last_correlation
                0x00800a9f                cc2420_authority_level_of_sender
                0x00800aa1                cc2420_sfd_counter
                0x00800aa2                cc2420_sfd_end_time
 COMMON         0x00800aa4        0x4 /usr/lib/gcc/avr/4.5.3/../../../avr/lib/avr51/libc.a(malloc.o)
                0x00800aa4                __brkval
                0x00800aa6                __flp
 COMMON         0x00800aa8        0x6 /usr/lib/gcc/avr/4.5.3/../../../avr/lib/avr51/libc.a(iob.o)
                0x00800aa8                __iob
                0x00800aae                PROVIDE (__bss_end, .)
                0x0000519c                __data_load_start = LOADADDR (.data)
                0x0000528a                __data_load_end = (__data_load_start + SIZEOF (.data))

.noinit         0x00800aae        0x0
                0x00800aae                PROVIDE (__noinit_start, .)
 *(.noinit*)
                0x00800aae                PROVIDE (__noinit_end, .)
                0x00800aae                _end = .
                0x00800aae                PROVIDE (__heap_start, .)

.eeprom         0x00810000        0x0
 *(.eeprom*)
                0x00810000                __eeprom_end = .

.fuse
 *(.fuse)
 *(.lfuse)
 *(.hfuse)
 *(.efuse)

.lock
 *(.lock*)

.signature
 *(.signature*)

.stab           0x00000000     0x2b68
 *(.stab)
 .stab          0x00000000      0x6cc /usr/lib/gcc/avr/4.5.3/../../../avr/lib/avr51/crtm128.o
 .stab          0x000006cc      0x750 /usr/lib/gcc/avr/4.5.3/../../../avr/lib/avr51/libc.a(malloc.o)
                                0x75c (size before relaxing)
 .stab          0x00000e1c      0x2d0 /usr/lib/gcc/avr/4.5.3/../../../avr/lib/avr51/libc.a(rand.o)
                                0x330 (size before relaxing)
 .stab          0x000010ec       0x84 /usr/lib/gcc/avr/4.5.3/../../../avr/lib/avr51/libc.a(memcpy.o)
                                 0x90 (size before relaxing)
 .stab          0x00001170       0x6c /usr/lib/gcc/avr/4.5.3/../../../avr/lib/avr51/libc.a(memset.o)
                                 0x78 (size before relaxing)
 .stab          0x000011dc      0x180 /usr/lib/gcc/avr/4.5.3/../../../avr/lib/avr51/libc.a(iob.o)
                                0x30c (size before relaxing)
 .stab          0x0000135c      0x18c /usr/lib/gcc/avr/4.5.3/../../../avr/lib/avr51/libc.a(printf.o)
                                0x36c (size before relaxing)
 .stab          0x000014e8      0x1a4 /usr/lib/gcc/avr/4.5.3/../../../avr/lib/avr51/libc.a(printf_p.o)
                                0x384 (size before relaxing)
 .stab          0x0000168c      0xac8 /usr/lib/gcc/avr/4.5.3/../../../avr/lib/avr51/libc.a(vfprintf_std.o)
                                0xcd8 (size before relaxing)
 .stab          0x00002154      0x108 /usr/lib/gcc/avr/4.5.3/../../../avr/lib/avr51/libc.a(eerd_block_atmega128.o)
                                0x114 (size before relaxing)
 .stab          0x0000225c       0x9c /usr/lib/gcc/avr/4.5.3/../../../avr/lib/avr51/libc.a(eewr_block_atmega128.o)
                                 0xa8 (size before relaxing)
 .stab          0x000022f8       0xd8 /usr/lib/gcc/avr/4.5.3/../../../avr/lib/avr51/libc.a(eewr_byte_atmega128.o)
                                 0xe4 (size before relaxing)
 .stab          0x000023d0       0x9c /usr/lib/gcc/avr/4.5.3/../../../avr/lib/avr51/libc.a(strnlen_P.o)
                                 0xa8 (size before relaxing)
 .stab          0x0000246c       0x9c /usr/lib/gcc/avr/4.5.3/../../../avr/lib/avr51/libc.a(strnlen.o)
                                 0xa8 (size before relaxing)
 .stab          0x00002508      0x1e0 /usr/lib/gcc/avr/4.5.3/../../../avr/lib/avr51/libc.a(fputc.o)
                                0x3c0 (size before relaxing)
 .stab          0x000026e8      0x480 /usr/lib/gcc/avr/4.5.3/../../../avr/lib/avr51/libc.a(ultoa_invert.o)
                                0x48c (size before relaxing)

.stabstr        0x00000000      0xfe5
 *(.stabstr)
 .stabstr       0x00000000      0xfe5 /usr/lib/gcc/avr/4.5.3/../../../avr/lib/avr51/crtm128.o

.stab.excl
 *(.stab.excl)

.stab.exclstr
 *(.stab.exclstr)

.stab.index
 *(.stab.index)

.stab.indexstr
 *(.stab.indexstr)

.comment
 *(.comment)

.debug
 *(.debug)

.line
 *(.line)

.debug_srcinfo
 *(.debug_srcinfo)

.debug_sfnames
 *(.debug_sfnames)

.debug_aranges  0x00000000      0x540
 *(.debug_aranges)
 .debug_aranges
                0x00000000       0x20 attilio_send.co
 .debug_aranges
                0x00000020       0x20 contiki-micaz.a(broadcast.o)
 .debug_aranges
                0x00000040       0x20 contiki-micaz.a(abc.o)
 .debug_aranges
                0x00000060       0x20 contiki-micaz.a(channel.o)
 .debug_aranges
                0x00000080       0x20 contiki-micaz.a(list.o)
 .debug_aranges
                0x000000a0       0x20 contiki-micaz.a(etimer.o)
 .debug_aranges
                0x000000c0       0x20 contiki-micaz.a(packetbuf.o)
 .debug_aranges
                0x000000e0       0x20 contiki-micaz.a(contiki-micaz-m)
 .debug_aranges
                0x00000100       0x20 contiki-micaz.a(init-net.o)
 .debug_aranges
                0x00000120       0x20 contiki-micaz.a(node-id.o)
 .debug_aranges
                0x00000140       0x20 contiki-micaz.a(clock.o)
 .debug_aranges
                0x00000160       0x20 contiki-micaz.a(ds2401.o)
 .debug_aranges
                0x00000180       0x20 contiki-micaz.a(eeprom.o)
 .debug_aranges
                0x000001a0       0x20 contiki-micaz.a(leds.o)
 .debug_aranges
                0x000001c0       0x20 contiki-micaz.a(rimeaddr.o)
 .debug_aranges
                0x000001e0       0x20 contiki-micaz.a(rime.o)
 .debug_aranges
                0x00000200       0x20 contiki-micaz.a(announcement.o)
 .debug_aranges
                0x00000220       0x20 contiki-micaz.a(broadcast-annou)
 .debug_aranges
                0x00000240       0x20 contiki-micaz.a(chameleon.o)
 .debug_aranges
                0x00000260       0x20 contiki-micaz.a(chameleon-bitop)
 .debug_aranges
                0x00000280       0x20 contiki-micaz.a(cxmac.o)
 .debug_aranges
                0x000002a0       0x20 contiki-micaz.a(nullmac.o)
 .debug_aranges
                0x000002c0       0x20 contiki-micaz.a(mac.o)
 .debug_aranges
                0x000002e0       0x20 contiki-micaz.a(framer-802154.o)
 .debug_aranges
                0x00000300       0x20 contiki-micaz.a(process.o)
 .debug_aranges
                0x00000320       0x20 contiki-micaz.a(autostart.o)
 .debug_aranges
                0x00000340       0x20 contiki-micaz.a(compower.o)
 .debug_aranges
                0x00000360       0x20 contiki-micaz.a(memb.o)
 .debug_aranges
                0x00000380       0x20 contiki-micaz.a(timer.o)
 .debug_aranges
                0x000003a0       0x20 contiki-micaz.a(ctimer.o)
 .debug_aranges
                0x000003c0       0x20 contiki-micaz.a(energest.o)
 .debug_aranges
                0x000003e0       0x20 contiki-micaz.a(rtimer.o)
 .debug_aranges
                0x00000400       0x20 contiki-micaz.a(random.o)
 .debug_aranges
                0x00000420       0x20 contiki-micaz.a(queuebuf.o)
 .debug_aranges
                0x00000440       0x20 contiki-micaz.a(rs232.o)
 .debug_aranges
                0x00000460       0x20 contiki-micaz.a(leds-arch.o)
 .debug_aranges
                0x00000480       0x20 contiki-micaz.a(cc2420.o)
 .debug_aranges
                0x000004a0       0x20 contiki-micaz.a(cc2420-arch.o)
 .debug_aranges
                0x000004c0       0x20 contiki-micaz.a(rtimer-arch.o)
 .debug_aranges
                0x000004e0       0x20 contiki-micaz.a(watchdog.o)
 .debug_aranges
                0x00000500       0x20 contiki-micaz.a(frame802154.o)
 .debug_aranges
                0x00000520       0x20 contiki-micaz.a(spi.o)

.debug_pubnames
                0x00000000     0x15b6
 *(.debug_pubnames)
 .debug_pubnames
                0x00000000       0x48 attilio_send.co
 .debug_pubnames
                0x00000048       0x30 symbols.o
 .debug_pubnames
                0x00000078       0x4c contiki-micaz.a(broadcast.o)
 .debug_pubnames
                0x000000c4       0x55 contiki-micaz.a(abc.o)
 .debug_pubnames
                0x00000119       0x74 contiki-micaz.a(channel.o)
 .debug_pubnames
                0x0000018d       0xc3 contiki-micaz.a(list.o)
 .debug_pubnames
                0x00000250      0x109 contiki-micaz.a(etimer.o)
 .debug_pubnames
                0x00000359      0x22c contiki-micaz.a(packetbuf.o)
 .debug_pubnames
                0x00000585       0x2a contiki-micaz.a(contiki-micaz-m)
 .debug_pubnames
                0x000005af       0x1f contiki-micaz.a(init-net.o)
 .debug_pubnames
                0x000005ce       0x43 contiki-micaz.a(node-id.o)
 .debug_pubnames
                0x00000611       0x87 contiki-micaz.a(clock.o)
 .debug_pubnames
                0x00000698       0x30 contiki-micaz.a(ds2401.o)
 .debug_pubnames
                0x000006c8       0x33 contiki-micaz.a(eeprom.o)
 .debug_pubnames
                0x000006fb       0x75 contiki-micaz.a(leds.o)
 .debug_pubnames
                0x00000770       0x79 contiki-micaz.a(rimeaddr.o)
 .debug_pubnames
                0x000007e9       0x5f contiki-micaz.a(rime.o)
 .debug_pubnames
                0x00000848       0x20 contiki-micaz.a(rimestats.o)
 .debug_pubnames
                0x00000868      0x144 contiki-micaz.a(announcement.o)
 .debug_pubnames
                0x000009ac       0x7d contiki-micaz.a(broadcast-annou)
 .debug_pubnames
                0x00000a29       0x64 contiki-micaz.a(chameleon.o)
 .debug_pubnames
                0x00000a8d       0x6b contiki-micaz.a(chameleon-bitop)
 .debug_pubnames
                0x00000af8       0x6c contiki-micaz.a(cxmac.o)
 .debug_pubnames
                0x00000b64       0x25 contiki-micaz.a(nullmac.o)
 .debug_pubnames
                0x00000b89       0x2d contiki-micaz.a(mac.o)
 .debug_pubnames
                0x00000bb6       0x24 contiki-micaz.a(framer-802154.o)
 .debug_pubnames
                0x00000bda      0x10d contiki-micaz.a(process.o)
 .debug_pubnames
                0x00000ce7       0x39 contiki-micaz.a(autostart.o)
 .debug_pubnames
                0x00000d20       0x9e contiki-micaz.a(compower.o)
 .debug_pubnames
                0x00000dbe       0x4d contiki-micaz.a(memb.o)
 .debug_pubnames
                0x00000e0b       0x68 contiki-micaz.a(timer.o)
 .debug_pubnames
                0x00000e73       0x8b contiki-micaz.a(ctimer.o)
 .debug_pubnames
                0x00000efe       0x64 contiki-micaz.a(energest.o)
 .debug_pubnames
                0x00000f62       0x45 contiki-micaz.a(rtimer.o)
 .debug_pubnames
                0x00000fa7       0x32 contiki-micaz.a(random.o)
 .debug_pubnames
                0x00000fd9       0xff contiki-micaz.a(queuebuf.o)
 .debug_pubnames
                0x000010d8       0xe4 contiki-micaz.a(rs232.o)
 .debug_pubnames
                0x000011bc       0x49 contiki-micaz.a(leds-arch.o)
 .debug_pubnames
                0x00001205      0x236 contiki-micaz.a(cc2420.o)
 .debug_pubnames
                0x0000143b       0x36 contiki-micaz.a(cc2420-arch.o)
 .debug_pubnames
                0x00001471       0x50 contiki-micaz.a(rtimer-arch.o)
 .debug_pubnames
                0x000014c1       0x73 contiki-micaz.a(watchdog.o)
 .debug_pubnames
                0x00001534       0x56 contiki-micaz.a(frame802154.o)
 .debug_pubnames
                0x0000158a       0x2c contiki-micaz.a(spi.o)

.debug_info     0x00000000     0xadbc
 *(.debug_info)
 .debug_info    0x00000000      0x5c8 attilio_send.co
 .debug_info    0x000005c8       0xaf symbols.o
 .debug_info    0x00000677      0x589 contiki-micaz.a(broadcast.o)
 .debug_info    0x00000c00      0x454 contiki-micaz.a(abc.o)
 .debug_info    0x00001054      0x2f2 contiki-micaz.a(channel.o)
 .debug_info    0x00001346      0x349 contiki-micaz.a(list.o)
 .debug_info    0x0000168f      0x4d2 contiki-micaz.a(etimer.o)
 .debug_info    0x00001b61      0x629 contiki-micaz.a(packetbuf.o)
 .debug_info    0x0000218a      0x2c2 contiki-micaz.a(contiki-micaz-m)
 .debug_info    0x0000244c      0x487 contiki-micaz.a(init-net.o)
 .debug_info    0x000028d3      0x149 contiki-micaz.a(node-id.o)
 .debug_info    0x00002a1c      0x1f1 contiki-micaz.a(clock.o)
 .debug_info    0x00002c0d      0x365 contiki-micaz.a(ds2401.o)
 .debug_info    0x00002f72      0x11d contiki-micaz.a(eeprom.o)
 .debug_info    0x0000308f      0x1ca contiki-micaz.a(leds.o)
 .debug_info    0x00003259      0x1ed contiki-micaz.a(rimeaddr.o)
 .debug_info    0x00003446      0x60f contiki-micaz.a(rime.o)
 .debug_info    0x00003a55      0x146 contiki-micaz.a(rimestats.o)
 .debug_info    0x00003b9b      0x3ed contiki-micaz.a(announcement.o)
 .debug_info    0x00003f88      0x858 contiki-micaz.a(broadcast-annou)
 .debug_info    0x000047e0      0x424 contiki-micaz.a(chameleon.o)
 .debug_info    0x00004c04      0x7c7 contiki-micaz.a(chameleon-bitop)
 .debug_info    0x000053cb     0x10bc contiki-micaz.a(cxmac.o)
 .debug_info    0x00006487      0x44a contiki-micaz.a(nullmac.o)
 .debug_info    0x000068d1      0x114 contiki-micaz.a(mac.o)
 .debug_info    0x000069e5      0x657 contiki-micaz.a(framer-802154.o)
 .debug_info    0x0000703c      0x574 contiki-micaz.a(process.o)
 .debug_info    0x000075b0      0x19f contiki-micaz.a(autostart.o)
 .debug_info    0x0000774f      0x46a contiki-micaz.a(compower.o)
 .debug_info    0x00007bb9      0x1ad contiki-micaz.a(memb.o)
 .debug_info    0x00007d66      0x184 contiki-micaz.a(timer.o)
 .debug_info    0x00007eea      0x46c contiki-micaz.a(ctimer.o)
 .debug_info    0x00008356      0x103 contiki-micaz.a(energest.o)
 .debug_info    0x00008459      0x1be contiki-micaz.a(rtimer.o)
 .debug_info    0x00008617       0xa7 contiki-micaz.a(random.o)
 .debug_info    0x000086be      0x6e6 contiki-micaz.a(queuebuf.o)
 .debug_info    0x00008da4      0x3b6 contiki-micaz.a(rs232.o)
 .debug_info    0x0000915a       0xc1 contiki-micaz.a(leds-arch.o)
 .debug_info    0x0000921b     0x131e contiki-micaz.a(cc2420.o)
 .debug_info    0x0000a539      0x16e contiki-micaz.a(cc2420-arch.o)
 .debug_info    0x0000a6a7       0xf9 contiki-micaz.a(rtimer-arch.o)
 .debug_info    0x0000a7a0       0xdd contiki-micaz.a(watchdog.o)
 .debug_info    0x0000a87d      0x4a8 contiki-micaz.a(frame802154.o)
 .debug_info    0x0000ad25       0x97 contiki-micaz.a(spi.o)
 *(.gnu.linkonce.wi.*)

.debug_abbrev   0x00000000     0x3f5b
 *(.debug_abbrev)
 .debug_abbrev  0x00000000      0x211 attilio_send.co
 .debug_abbrev  0x00000211       0x82 symbols.o
 .debug_abbrev  0x00000293      0x1e7 contiki-micaz.a(broadcast.o)
 .debug_abbrev  0x0000047a      0x182 contiki-micaz.a(abc.o)
 .debug_abbrev  0x000005fc      0x169 contiki-micaz.a(channel.o)
 .debug_abbrev  0x00000765      0x13a contiki-micaz.a(list.o)
 .debug_abbrev  0x0000089f      0x20b contiki-micaz.a(etimer.o)
 .debug_abbrev  0x00000aaa      0x22b contiki-micaz.a(packetbuf.o)
 .debug_abbrev  0x00000cd5      0x137 contiki-micaz.a(contiki-micaz-m)
 .debug_abbrev  0x00000e0c      0x1a2 contiki-micaz.a(init-net.o)
 .debug_abbrev  0x00000fae       0xcc contiki-micaz.a(node-id.o)
 .debug_abbrev  0x0000107a       0xe4 contiki-micaz.a(clock.o)
 .debug_abbrev  0x0000115e      0x196 contiki-micaz.a(ds2401.o)
 .debug_abbrev  0x000012f4       0x8a contiki-micaz.a(eeprom.o)
 .debug_abbrev  0x0000137e       0xd4 contiki-micaz.a(leds.o)
 .debug_abbrev  0x00001452      0x17d contiki-micaz.a(rimeaddr.o)
 .debug_abbrev  0x000015cf      0x1fb contiki-micaz.a(rime.o)
 .debug_abbrev  0x000017ca       0x5d contiki-micaz.a(rimestats.o)
 .debug_abbrev  0x00001827      0x16a contiki-micaz.a(announcement.o)
 .debug_abbrev  0x00001991      0x22e contiki-micaz.a(broadcast-annou)
 .debug_abbrev  0x00001bbf      0x1cc contiki-micaz.a(chameleon.o)
 .debug_abbrev  0x00001d8b      0x264 contiki-micaz.a(chameleon-bitop)
 .debug_abbrev  0x00001fef      0x3b6 contiki-micaz.a(cxmac.o)
 .debug_abbrev  0x000023a5      0x1d4 contiki-micaz.a(nullmac.o)
 .debug_abbrev  0x00002579       0xa0 contiki-micaz.a(mac.o)
 .debug_abbrev  0x00002619      0x227 contiki-micaz.a(framer-802154.o)
 .debug_abbrev  0x00002840      0x2df contiki-micaz.a(process.o)
 .debug_abbrev  0x00002b1f       0xf5 contiki-micaz.a(autostart.o)
 .debug_abbrev  0x00002c14      0x203 contiki-micaz.a(compower.o)
 .debug_abbrev  0x00002e17       0xea contiki-micaz.a(memb.o)
 .debug_abbrev  0x00002f01       0xd2 contiki-micaz.a(timer.o)
 .debug_abbrev  0x00002fd3      0x1b5 contiki-micaz.a(ctimer.o)
 .debug_abbrev  0x00003188       0x8d contiki-micaz.a(energest.o)
 .debug_abbrev  0x00003215      0x12a contiki-micaz.a(rtimer.o)
 .debug_abbrev  0x0000333f       0x67 contiki-micaz.a(random.o)
 .debug_abbrev  0x000033a6      0x1f3 contiki-micaz.a(queuebuf.o)
 .debug_abbrev  0x00003599      0x186 contiki-micaz.a(rs232.o)
 .debug_abbrev  0x0000371f       0x87 contiki-micaz.a(leds-arch.o)
 .debug_abbrev  0x000037a6      0x412 contiki-micaz.a(cc2420.o)
 .debug_abbrev  0x00003bb8       0xc8 contiki-micaz.a(cc2420-arch.o)
 .debug_abbrev  0x00003c80       0x96 contiki-micaz.a(rtimer-arch.o)
 .debug_abbrev  0x00003d16       0x4c contiki-micaz.a(watchdog.o)
 .debug_abbrev  0x00003d62      0x19c contiki-micaz.a(frame802154.o)
 .debug_abbrev  0x00003efe       0x5d contiki-micaz.a(spi.o)

.debug_line     0x00000000     0x6831
 *(.debug_line)
 .debug_line    0x00000000      0x241 attilio_send.co
 .debug_line    0x00000241       0x6a symbols.o
 .debug_line    0x000002ab      0x19e contiki-micaz.a(broadcast.o)
 .debug_line    0x00000449      0x181 contiki-micaz.a(abc.o)
 .debug_line    0x000005ca      0x1a2 contiki-micaz.a(channel.o)
 .debug_line    0x0000076c      0x2b8 contiki-micaz.a(list.o)
 .debug_line    0x00000a24      0x3e1 contiki-micaz.a(etimer.o)
 .debug_line    0x00000e05      0x3d6 contiki-micaz.a(packetbuf.o)
 .debug_line    0x000011db      0x228 contiki-micaz.a(contiki-micaz-m)
 .debug_line    0x00001403      0x216 contiki-micaz.a(init-net.o)
 .debug_line    0x00001619      0x12f contiki-micaz.a(node-id.o)
 .debug_line    0x00001748      0x21e contiki-micaz.a(clock.o)
 .debug_line    0x00001966      0x2d5 contiki-micaz.a(ds2401.o)
 .debug_line    0x00001c3b       0xef contiki-micaz.a(eeprom.o)
 .debug_line    0x00001d2a      0x151 contiki-micaz.a(leds.o)
 .debug_line    0x00001e7b       0xf8 contiki-micaz.a(rimeaddr.o)
 .debug_line    0x00001f73      0x274 contiki-micaz.a(rime.o)
 .debug_line    0x000021e7       0x70 contiki-micaz.a(rimestats.o)
 .debug_line    0x00002257      0x25d contiki-micaz.a(announcement.o)
 .debug_line    0x000024b4      0x33e contiki-micaz.a(broadcast-annou)
 .debug_line    0x000027f2      0x189 contiki-micaz.a(chameleon.o)
 .debug_line    0x0000297b      0x459 contiki-micaz.a(chameleon-bitop)
 .debug_line    0x00002dd4      0x95e contiki-micaz.a(cxmac.o)
 .debug_line    0x00003732      0x187 contiki-micaz.a(nullmac.o)
 .debug_line    0x000038b9       0x7b contiki-micaz.a(mac.o)
 .debug_line    0x00003934      0x2e9 contiki-micaz.a(framer-802154.o)
 .debug_line    0x00003c1d      0x44e contiki-micaz.a(process.o)
 .debug_line    0x0000406b       0xe0 contiki-micaz.a(autostart.o)
 .debug_line    0x0000414b      0x1d2 contiki-micaz.a(compower.o)
 .debug_line    0x0000431d      0x15b contiki-micaz.a(memb.o)
 .debug_line    0x00004478      0x113 contiki-micaz.a(timer.o)
 .debug_line    0x0000458b      0x323 contiki-micaz.a(ctimer.o)
 .debug_line    0x000048ae       0x9b contiki-micaz.a(energest.o)
 .debug_line    0x00004949       0xf5 contiki-micaz.a(rtimer.o)
 .debug_line    0x00004a3e       0x89 contiki-micaz.a(random.o)
 .debug_line    0x00004ac7      0x2d3 contiki-micaz.a(queuebuf.o)
 .debug_line    0x00004d9a      0x269 contiki-micaz.a(rs232.o)
 .debug_line    0x00005003      0x126 contiki-micaz.a(leds-arch.o)
 .debug_line    0x00005129      0xdf3 contiki-micaz.a(cc2420.o)
 .debug_line    0x00005f1c      0x165 contiki-micaz.a(cc2420-arch.o)
 .debug_line    0x00006081      0x172 contiki-micaz.a(rtimer-arch.o)
 .debug_line    0x000061f3      0x114 contiki-micaz.a(watchdog.o)
 .debug_line    0x00006307      0x46b contiki-micaz.a(frame802154.o)
 .debug_line    0x00006772       0xbf contiki-micaz.a(spi.o)

.debug_frame    0x00000000     0x1310
 *(.debug_frame)
 .debug_frame   0x00000000       0x30 attilio_send.co
 .debug_frame   0x00000030       0x60 contiki-micaz.a(broadcast.o)
 .debug_frame   0x00000090       0x60 contiki-micaz.a(abc.o)
 .debug_frame   0x000000f0       0x60 contiki-micaz.a(channel.o)
 .debug_frame   0x00000150       0xd0 contiki-micaz.a(list.o)
 .debug_frame   0x00000220       0xf0 contiki-micaz.a(etimer.o)
 .debug_frame   0x00000310      0x160 contiki-micaz.a(packetbuf.o)
 .debug_frame   0x00000470       0x30 contiki-micaz.a(contiki-micaz-m)
 .debug_frame   0x000004a0       0x20 contiki-micaz.a(init-net.o)
 .debug_frame   0x000004c0       0x30 contiki-micaz.a(node-id.o)
 .debug_frame   0x000004f0       0x80 contiki-micaz.a(clock.o)
 .debug_frame   0x00000570       0x40 contiki-micaz.a(ds2401.o)
 .debug_frame   0x000005b0       0x30 contiki-micaz.a(eeprom.o)
 .debug_frame   0x000005e0       0x90 contiki-micaz.a(leds.o)
 .debug_frame   0x00000670       0x40 contiki-micaz.a(rimeaddr.o)
 .debug_frame   0x000006b0       0x70 contiki-micaz.a(rime.o)
 .debug_frame   0x00000720       0xc0 contiki-micaz.a(announcement.o)
 .debug_frame   0x000007e0       0xa0 contiki-micaz.a(broadcast-annou)
 .debug_frame   0x00000880       0x50 contiki-micaz.a(chameleon.o)
 .debug_frame   0x000008d0       0x80 contiki-micaz.a(chameleon-bitop)
 .debug_frame   0x00000950       0xe0 contiki-micaz.a(cxmac.o)
 .debug_frame   0x00000a30       0x70 contiki-micaz.a(nullmac.o)
 .debug_frame   0x00000aa0       0x20 contiki-micaz.a(mac.o)
 .debug_frame   0x00000ac0       0x30 contiki-micaz.a(framer-802154.o)
 .debug_frame   0x00000af0       0xe0 contiki-micaz.a(process.o)
 .debug_frame   0x00000bd0       0x30 contiki-micaz.a(autostart.o)
 .debug_frame   0x00000c00       0x60 contiki-micaz.a(compower.o)
 .debug_frame   0x00000c60       0x50 contiki-micaz.a(memb.o)
 .debug_frame   0x00000cb0       0x60 contiki-micaz.a(timer.o)
 .debug_frame   0x00000d10       0x80 contiki-micaz.a(ctimer.o)
 .debug_frame   0x00000d90       0x50 contiki-micaz.a(energest.o)
 .debug_frame   0x00000de0       0x40 contiki-micaz.a(rtimer.o)
 .debug_frame   0x00000e20       0x30 contiki-micaz.a(random.o)
 .debug_frame   0x00000e50       0xb0 contiki-micaz.a(queuebuf.o)
 .debug_frame   0x00000f00       0xa0 contiki-micaz.a(rs232.o)
 .debug_frame   0x00000fa0       0x40 contiki-micaz.a(leds-arch.o)
 .debug_frame   0x00000fe0      0x1f0 contiki-micaz.a(cc2420.o)
 .debug_frame   0x000011d0       0x30 contiki-micaz.a(cc2420-arch.o)
 .debug_frame   0x00001200       0x40 contiki-micaz.a(rtimer-arch.o)
 .debug_frame   0x00001240       0x60 contiki-micaz.a(watchdog.o)
 .debug_frame   0x000012a0       0x50 contiki-micaz.a(frame802154.o)
 .debug_frame   0x000012f0       0x20 contiki-micaz.a(spi.o)

.debug_str      0x00000000     0x2bd5
 *(.debug_str)
 .debug_str     0x00000000      0x271 attilio_send.co
                                0x335 (size before relaxing)
 .debug_str     0x00000271       0x20 symbols.o
                                 0x77 (size before relaxing)
 .debug_str     0x00000291      0x368 contiki-micaz.a(broadcast.o)
                                0x531 (size before relaxing)
 .debug_str     0x000005f9       0x49 contiki-micaz.a(abc.o)
                                0x4c2 (size before relaxing)
 .debug_str     0x00000642       0x92 contiki-micaz.a(channel.o)
                                0x1fb (size before relaxing)
 .debug_str     0x000006d4       0xad contiki-micaz.a(list.o)
                                 0xfd (size before relaxing)
 .debug_str     0x00000781      0x143 contiki-micaz.a(etimer.o)
                                0x29a (size before relaxing)
 .debug_str     0x000008c4      0x1ed contiki-micaz.a(packetbuf.o)
                                0x610 (size before relaxing)
 .debug_str     0x00000ab1       0x5a contiki-micaz.a(contiki-micaz-m)
                                0x1e6 (size before relaxing)
 .debug_str     0x00000b0b       0xe5 contiki-micaz.a(init-net.o)
                                0x21f (size before relaxing)
 .debug_str     0x00000bf0       0x62 contiki-micaz.a(node-id.o)
                                0x136 (size before relaxing)
 .debug_str     0x00000c52       0x81 contiki-micaz.a(clock.o)
                                0x163 (size before relaxing)
 .debug_str     0x00000cd3       0x72 contiki-micaz.a(ds2401.o)
                                0x156 (size before relaxing)
 .debug_str     0x00000d45       0x29 contiki-micaz.a(eeprom.o)
                                0x116 (size before relaxing)
 .debug_str     0x00000d6e       0x74 contiki-micaz.a(leds.o)
                                0x134 (size before relaxing)
 .debug_str     0x00000de2       0x5d contiki-micaz.a(rimeaddr.o)
                                0x14a (size before relaxing)
 .debug_str     0x00000e3f      0x16a contiki-micaz.a(rime.o)
                                0x370 (size before relaxing)
 .debug_str     0x00000fa9       0x20 contiki-micaz.a(rimestats.o)
                                 0xff (size before relaxing)
 .debug_str     0x00000fc9      0x19f contiki-micaz.a(announcement.o)
                                0x2d5 (size before relaxing)
 .debug_str     0x00001168      0x187 contiki-micaz.a(broadcast-annou)
                                0x428 (size before relaxing)
 .debug_str     0x000012ef       0x97 contiki-micaz.a(chameleon.o)
                                0x4d9 (size before relaxing)
 .debug_str     0x00001386       0xc4 contiki-micaz.a(chameleon-bitop)
                                0x570 (size before relaxing)
 .debug_str     0x0000144a      0x370 contiki-micaz.a(cxmac.o)
                                0xa38 (size before relaxing)
 .debug_str     0x000017ba       0x2a contiki-micaz.a(nullmac.o)
                                0x217 (size before relaxing)
 .debug_str     0x000017e4       0x30 contiki-micaz.a(mac.o)
                                0x15f (size before relaxing)
 .debug_str     0x00001814      0x1b3 contiki-micaz.a(framer-802154.o)
                                0x61f (size before relaxing)
 .debug_str     0x000019c7      0x15f contiki-micaz.a(process.o)
                                0x28d (size before relaxing)
 .debug_str     0x00001b26       0x3a contiki-micaz.a(autostart.o)
                                0x145 (size before relaxing)
 .debug_str     0x00001b60      0x1b8 contiki-micaz.a(compower.o)
                                0x602 (size before relaxing)
 .debug_str     0x00001d18       0x46 contiki-micaz.a(memb.o)
                                0x10f (size before relaxing)
 .debug_str     0x00001d5e       0x27 contiki-micaz.a(timer.o)
                                0x134 (size before relaxing)
 .debug_str     0x00001d85       0xad contiki-micaz.a(ctimer.o)
                                0x22e (size before relaxing)
 .debug_str     0x00001e32       0x5c contiki-micaz.a(energest.o)
                                0x115 (size before relaxing)
 .debug_str     0x00001e8e       0xb8 contiki-micaz.a(rtimer.o)
                                0x18c (size before relaxing)
 .debug_str     0x00001f46       0x35 contiki-micaz.a(random.o)
                                 0xe9 (size before relaxing)
 .debug_str     0x00001f7b      0x18a contiki-micaz.a(queuebuf.o)
                                0x5de (size before relaxing)
 .debug_str     0x00002105      0x10a contiki-micaz.a(rs232.o)
                                0x1e1 (size before relaxing)
 .debug_str     0x0000220f       0x50 contiki-micaz.a(leds-arch.o)
                                0x111 (size before relaxing)
 .debug_str     0x0000225f      0x789 contiki-micaz.a(cc2420.o)
                                0xde1 (size before relaxing)
 .debug_str     0x000029e8       0x43 contiki-micaz.a(cc2420-arch.o)
                                0x16c (size before relaxing)
 .debug_str     0x00002a2b       0x50 contiki-micaz.a(rtimer-arch.o)
                                0x12e (size before relaxing)
 .debug_str     0x00002a7b       0x68 contiki-micaz.a(watchdog.o)
                                0x11a (size before relaxing)
 .debug_str     0x00002ae3       0xca contiki-micaz.a(frame802154.o)
                                0x308 (size before relaxing)
 .debug_str     0x00002bad       0x28 contiki-micaz.a(spi.o)
                                 0xe4 (size before relaxing)

.debug_loc      0x00000000     0x4516
 *(.debug_loc)
 .debug_loc     0x00000000       0x8b attilio_send.co
 .debug_loc     0x0000008b      0x158 contiki-micaz.a(broadcast.o)
 .debug_loc     0x000001e3      0x138 contiki-micaz.a(abc.o)
 .debug_loc     0x0000031b      0x12c contiki-micaz.a(channel.o)
 .debug_loc     0x00000447      0x41c contiki-micaz.a(list.o)
 .debug_loc     0x00000863      0x42e contiki-micaz.a(etimer.o)
 .debug_loc     0x00000c91      0x217 contiki-micaz.a(packetbuf.o)
 .debug_loc     0x00000ea8       0x5c contiki-micaz.a(init-net.o)
 .debug_loc     0x00000f04       0x63 contiki-micaz.a(node-id.o)
 .debug_loc     0x00000f67       0x68 contiki-micaz.a(clock.o)
 .debug_loc     0x00000fcf      0x2bb contiki-micaz.a(ds2401.o)
 .debug_loc     0x0000128a       0xd0 contiki-micaz.a(eeprom.o)
 .debug_loc     0x0000135a       0xbe contiki-micaz.a(leds.o)
 .debug_loc     0x00001418      0x118 contiki-micaz.a(rimeaddr.o)
 .debug_loc     0x00001530      0x168 contiki-micaz.a(rime.o)
 .debug_loc     0x00001698      0x224 contiki-micaz.a(announcement.o)
 .debug_loc     0x000018bc      0x26b contiki-micaz.a(broadcast-annou)
 .debug_loc     0x00001b27       0xd4 contiki-micaz.a(chameleon.o)
 .debug_loc     0x00001bfb      0x688 contiki-micaz.a(chameleon-bitop)
 .debug_loc     0x00002283      0x7ae contiki-micaz.a(cxmac.o)
 .debug_loc     0x00002a31       0x48 contiki-micaz.a(nullmac.o)
 .debug_loc     0x00002a79       0x90 contiki-micaz.a(mac.o)
 .debug_loc     0x00002b09       0xd1 contiki-micaz.a(framer-802154.o)
 .debug_loc     0x00002bda      0x38f contiki-micaz.a(process.o)
 .debug_loc     0x00002f69       0x58 contiki-micaz.a(autostart.o)
 .debug_loc     0x00002fc1       0xac contiki-micaz.a(compower.o)
 .debug_loc     0x0000306d      0x1b0 contiki-micaz.a(memb.o)
 .debug_loc     0x0000321d      0x10c contiki-micaz.a(timer.o)
 .debug_loc     0x00003329      0x311 contiki-micaz.a(ctimer.o)
 .debug_loc     0x0000363a       0xc7 contiki-micaz.a(rtimer.o)
 .debug_loc     0x00003701       0x18 contiki-micaz.a(random.o)
 .debug_loc     0x00003719      0x203 contiki-micaz.a(queuebuf.o)
 .debug_loc     0x0000391c      0x123 contiki-micaz.a(rs232.o)
 .debug_loc     0x00003a3f      0x7a0 contiki-micaz.a(cc2420.o)
 .debug_loc     0x000041df       0x24 contiki-micaz.a(rtimer-arch.o)
 .debug_loc     0x00004203      0x313 contiki-micaz.a(frame802154.o)

.debug_macinfo
 *(.debug_macinfo)
OUTPUT(attilio_send.elf elf32-avr)
LOAD linker stubs

.bootloader     0x0001f800        0x0

.debug_pubtypes
                0x00000000     0x1639
 .debug_pubtypes
                0x00000000      0x157 attilio_send.co
 .debug_pubtypes
                0x00000157       0x1e symbols.o
 .debug_pubtypes
                0x00000175       0xe2 contiki-micaz.a(broadcast.o)
 .debug_pubtypes
                0x00000257       0xb7 contiki-micaz.a(abc.o)
 .debug_pubtypes
                0x0000030e       0xa3 contiki-micaz.a(channel.o)
 .debug_pubtypes
                0x000003b1       0x26 contiki-micaz.a(list.o)
 .debug_pubtypes
                0x000003d7       0x7b contiki-micaz.a(etimer.o)
 .debug_pubtypes
                0x00000452       0x75 contiki-micaz.a(packetbuf.o)
 .debug_pubtypes
                0x000004c7       0xac contiki-micaz.a(contiki-micaz-m)
 .debug_pubtypes
                0x00000573       0x8f contiki-micaz.a(init-net.o)
 .debug_pubtypes
                0x00000602       0x2b contiki-micaz.a(node-id.o)
 .debug_pubtypes
                0x0000062d       0x2f contiki-micaz.a(clock.o)
 .debug_pubtypes
                0x0000065c       0x2b contiki-micaz.a(ds2401.o)
 .debug_pubtypes
                0x00000687       0x3d contiki-micaz.a(eeprom.o)
 .debug_pubtypes
                0x000006c4       0x12 contiki-micaz.a(leds.o)
 .debug_pubtypes
                0x000006d6       0x2d contiki-micaz.a(rimeaddr.o)
 .debug_pubtypes
                0x00000703       0xf7 contiki-micaz.a(rime.o)
 .debug_pubtypes
                0x000007fa       0x20 contiki-micaz.a(rimestats.o)
 .debug_pubtypes
                0x0000081a       0x8c contiki-micaz.a(announcement.o)
 .debug_pubtypes
                0x000008a6      0x1cf contiki-micaz.a(broadcast-annou)
 .debug_pubtypes
                0x00000a75       0xad contiki-micaz.a(chameleon.o)
 .debug_pubtypes
                0x00000b22       0xbc contiki-micaz.a(chameleon-bitop)
 .debug_pubtypes
                0x00000bde      0x1cc contiki-micaz.a(cxmac.o)
 .debug_pubtypes
                0x00000daa       0xbe contiki-micaz.a(nullmac.o)
 .debug_pubtypes
                0x00000e68       0x25 contiki-micaz.a(mac.o)
 .debug_pubtypes
                0x00000e8d       0xe5 contiki-micaz.a(framer-802154.o)
 .debug_pubtypes
                0x00000f72       0x7d contiki-micaz.a(process.o)
 .debug_pubtypes
                0x00000fef       0x55 contiki-micaz.a(autostart.o)
 .debug_pubtypes
                0x00001044       0xaa contiki-micaz.a(compower.o)
 .debug_pubtypes
                0x000010ee       0x1b contiki-micaz.a(memb.o)
 .debug_pubtypes
                0x00001109       0x2d contiki-micaz.a(timer.o)
 .debug_pubtypes
                0x00001136       0x91 contiki-micaz.a(ctimer.o)
 .debug_pubtypes
                0x000011c7       0x12 contiki-micaz.a(energest.o)
 .debug_pubtypes
                0x000011d9       0x46 contiki-micaz.a(rtimer.o)
 .debug_pubtypes
                0x0000121f       0x12 contiki-micaz.a(random.o)
 .debug_pubtypes
                0x00001231       0xae contiki-micaz.a(queuebuf.o)
 .debug_pubtypes
                0x000012df       0x29 contiki-micaz.a(rs232.o)
 .debug_pubtypes
                0x00001308       0x1e contiki-micaz.a(leds-arch.o)
 .debug_pubtypes
                0x00001326      0x165 contiki-micaz.a(cc2420.o)
 .debug_pubtypes
                0x0000148b       0x75 contiki-micaz.a(cc2420-arch.o)
 .debug_pubtypes
                0x00001500       0x3e contiki-micaz.a(rtimer-arch.o)
 .debug_pubtypes
                0x0000153e       0x2b contiki-micaz.a(watchdog.o)
 .debug_pubtypes
                0x00001569       0xb2 contiki-micaz.a(frame802154.o)
 .debug_pubtypes
                0x0000161b       0x1e contiki-micaz.a(spi.o)

.debug_ranges   0x00000000      0x198
 .debug_ranges  0x00000000       0xa8 contiki-micaz.a(ds2401.o)
 .debug_ranges  0x000000a8       0x48 contiki-micaz.a(chameleon-bitop)
 .debug_ranges  0x000000f0       0x90 contiki-micaz.a(cxmac.o)
 .debug_ranges  0x00000180       0x18 contiki-micaz.a(cc2420.o)
