Archive member included because of file (symbol)

contiki-micaz.a(rimeaddr.o)   attilio_receive.co (rimeaddr_cmp)
contiki-micaz.a(broadcast.o)  attilio_receive.co (broadcast_open)
contiki-micaz.a(abc.o)        contiki-micaz.a(broadcast.o) (abc_open)
contiki-micaz.a(channel.o)    contiki-micaz.a(abc.o) (channel_open)
contiki-micaz.a(process.o)    attilio_receive.co (process_post)
contiki-micaz.a(list.o)       contiki-micaz.a(channel.o) (list_init)
contiki-micaz.a(etimer.o)     attilio_receive.co (etimer_set)
contiki-micaz.a(packetbuf.o)  attilio_receive.co (packetbuf_dataptr)
contiki-micaz.a(contiki-micaz-m)
                              /usr/lib/gcc/avr/4.5.3/../../../avr/lib/avr51/crtm128.o (main)
contiki-micaz.a(init-net.o)   contiki-micaz.a(contiki-micaz-m) (init_net)
contiki-micaz.a(node-id.o)    contiki-micaz.a(contiki-micaz-m) (node_id_restore)
contiki-micaz.a(clock.o)      contiki-micaz.a(contiki-micaz-m) (clock_init)
contiki-micaz.a(ds2401.o)     contiki-micaz.a(contiki-micaz-m) (ds2401_init)
contiki-micaz.a(packages.o)   attilio_receive.co (send_consensus_pkg)
contiki-micaz.a(eeprom.o)     contiki-micaz.a(node-id.o) (eeprom_write)
contiki-micaz.a(leds.o)       contiki-micaz.a(contiki-micaz-m) (leds_init)
contiki-micaz.a(rime.o)       contiki-micaz.a(abc.o) (rime_output)
contiki-micaz.a(rimestats.o)  contiki-micaz.a(rime.o) (rimestats)
contiki-micaz.a(announcement.o)
                              contiki-micaz.a(rime.o) (announcement_init)
contiki-micaz.a(broadcast-annou)
                              contiki-micaz.a(rime.o) (broadcast_announcement_init)
contiki-micaz.a(chameleon.o)  contiki-micaz.a(rime.o) (chameleon_init)
contiki-micaz.a(chameleon-bitop)
                              contiki-micaz.a(chameleon.o) (chameleon_bitopt)
contiki-micaz.a(cxmac.o)      contiki-micaz.a(init-net.o) (cxmac_driver)
contiki-micaz.a(nullmac.o)    contiki-micaz.a(init-net.o) (nullmac_driver)
contiki-micaz.a(mac.o)        contiki-micaz.a(cxmac.o) (mac_call_sent_callback)
contiki-micaz.a(framer-802154.o)
                              contiki-micaz.a(cxmac.o) (framer_802154)
contiki-micaz.a(autostart.o)  contiki-micaz.a(contiki-micaz-m) (autostart_start)
contiki-micaz.a(compower.o)   contiki-micaz.a(cxmac.o) (compower_idle_activity)
contiki-micaz.a(memb.o)       contiki-micaz.a(cxmac.o) (memb_init)
contiki-micaz.a(timer.o)      contiki-micaz.a(etimer.o) (timer_set)
contiki-micaz.a(ctimer.o)     contiki-micaz.a(contiki-micaz-m) (ctimer_init)
contiki-micaz.a(energest.o)   contiki-micaz.a(compower.o) (energest_type_time)
contiki-micaz.a(rtimer.o)     contiki-micaz.a(contiki-micaz-m) (rtimer_init)
contiki-micaz.a(random.o)     contiki-micaz.a(contiki-micaz-m) (random_init)
contiki-micaz.a(queuebuf.o)   contiki-micaz.a(rime.o) (queuebuf_init)
contiki-micaz.a(rs232.o)      contiki-micaz.a(contiki-micaz-m) (rs232_init)
contiki-micaz.a(leds-arch.o)  contiki-micaz.a(leds.o) (leds_arch_init)
contiki-micaz.a(cc2420.o)     contiki-micaz.a(init-net.o) (cc2420_set_channel)
contiki-micaz.a(cc2420-arch.o)
                              contiki-micaz.a(cc2420.o) (cc2420_arch_init)
contiki-micaz.a(rtimer-arch.o)
                              contiki-micaz.a(rtimer.o) (rtimer_arch_init)
contiki-micaz.a(watchdog.o)   contiki-micaz.a(cxmac.o) (watchdog_start)
contiki-micaz.a(frame802154.o)
                              contiki-micaz.a(framer-802154.o) (frame802154_hdrlen)
contiki-micaz.a(spi.o)        contiki-micaz.a(cc2420-arch.o) (spi_init)
/usr/lib/gcc/avr/4.5.3/avr51/libgcc.a(_udivmodhi4.o)
                              contiki-micaz.a(init-net.o) (__udivmodhi4)
/usr/lib/gcc/avr/4.5.3/avr51/libgcc.a(_exit.o)
                              /usr/lib/gcc/avr/4.5.3/../../../avr/lib/avr51/crtm128.o (exit)
/usr/lib/gcc/avr/4.5.3/avr51/libgcc.a(_copy_data.o)
                              attilio_receive.co (__do_copy_data)
/usr/lib/gcc/avr/4.5.3/avr51/libgcc.a(_clear_bss.o)
                              attilio_receive.co (__do_clear_bss)
/usr/lib/gcc/avr/4.5.3/avr51/libgcc.a(_addsub_sf.o)
                              attilio_receive.co (__addsf3)
/usr/lib/gcc/avr/4.5.3/avr51/libgcc.a(_mul_sf.o)
                              attilio_receive.co (__mulsf3)
/usr/lib/gcc/avr/4.5.3/avr51/libgcc.a(_thenan_sf.o)
                              /usr/lib/gcc/avr/4.5.3/avr51/libgcc.a(_addsub_sf.o) (__thenan_sf)
/usr/lib/gcc/avr/4.5.3/avr51/libgcc.a(_prologue.o)
                              /usr/lib/gcc/avr/4.5.3/avr51/libgcc.a(_addsub_sf.o) (__prologue_saves__)
/usr/lib/gcc/avr/4.5.3/avr51/libgcc.a(_epilogue.o)
                              /usr/lib/gcc/avr/4.5.3/avr51/libgcc.a(_addsub_sf.o) (__epilogue_restores__)
/usr/lib/gcc/avr/4.5.3/avr51/libgcc.a(_pack_sf.o)
                              /usr/lib/gcc/avr/4.5.3/avr51/libgcc.a(_addsub_sf.o) (__pack_f)
/usr/lib/gcc/avr/4.5.3/avr51/libgcc.a(_unpack_sf.o)
                              /usr/lib/gcc/avr/4.5.3/avr51/libgcc.a(_addsub_sf.o) (__unpack_f)
/usr/lib/gcc/avr/4.5.3/../../../avr/lib/avr51/libc.a(malloc.o)
                              contiki-micaz.a(packages.o) (malloc)
/usr/lib/gcc/avr/4.5.3/../../../avr/lib/avr51/libc.a(rand.o)
                              contiki-micaz.a(random.o) (rand)
/usr/lib/gcc/avr/4.5.3/../../../avr/lib/avr51/libc.a(memcpy.o)
                              contiki-micaz.a(packetbuf.o) (memcpy)
/usr/lib/gcc/avr/4.5.3/../../../avr/lib/avr51/libc.a(memset.o)
                              contiki-micaz.a(chameleon-bitop) (memset)
/usr/lib/gcc/avr/4.5.3/../../../avr/lib/avr51/libc.a(iob.o)
                              contiki-micaz.a(rs232.o) (__iob)
/usr/lib/gcc/avr/4.5.3/../../../avr/lib/avr51/libc.a(printf.o)
                              attilio_receive.co (printf)
/usr/lib/gcc/avr/4.5.3/../../../avr/lib/avr51/libc.a(printf_p.o)
                              contiki-micaz.a(contiki-micaz-m) (printf_P)
/usr/lib/gcc/avr/4.5.3/../../../avr/lib/avr51/libc.a(vfprintf_std.o)
                              /usr/lib/gcc/avr/4.5.3/../../../avr/lib/avr51/libc.a(printf.o) (vfprintf)
/usr/lib/gcc/avr/4.5.3/../../../avr/lib/avr51/libc.a(eerd_block_atmega128.o)
                              contiki-micaz.a(eeprom.o) (__eerd_block_m128)
/usr/lib/gcc/avr/4.5.3/../../../avr/lib/avr51/libc.a(eewr_block_atmega128.o)
                              contiki-micaz.a(eeprom.o) (__eewr_block_m128)
/usr/lib/gcc/avr/4.5.3/../../../avr/lib/avr51/libc.a(eewr_byte_atmega128.o)
                              /usr/lib/gcc/avr/4.5.3/../../../avr/lib/avr51/libc.a(eewr_block_atmega128.o) (__eewr_r18_m128)
/usr/lib/gcc/avr/4.5.3/../../../avr/lib/avr51/libc.a(strnlen_P.o)
                              /usr/lib/gcc/avr/4.5.3/../../../avr/lib/avr51/libc.a(vfprintf_std.o) (strnlen_P)
/usr/lib/gcc/avr/4.5.3/../../../avr/lib/avr51/libc.a(strnlen.o)
                              /usr/lib/gcc/avr/4.5.3/../../../avr/lib/avr51/libc.a(vfprintf_std.o) (strnlen)
/usr/lib/gcc/avr/4.5.3/../../../avr/lib/avr51/libc.a(fputc.o)
                              /usr/lib/gcc/avr/4.5.3/../../../avr/lib/avr51/libc.a(vfprintf_std.o) (fputc)
/usr/lib/gcc/avr/4.5.3/../../../avr/lib/avr51/libc.a(ultoa_invert.o)
                              /usr/lib/gcc/avr/4.5.3/../../../avr/lib/avr51/libc.a(vfprintf_std.o) (__ultoa_invert)
/usr/lib/gcc/avr/4.5.3/avr51/libgcc.a(_mulsi3.o)
                              /usr/lib/gcc/avr/4.5.3/../../../avr/lib/avr51/libc.a(rand.o) (__mulsi3)
/usr/lib/gcc/avr/4.5.3/avr51/libgcc.a(_divmodsi4.o)
                              /usr/lib/gcc/avr/4.5.3/../../../avr/lib/avr51/libc.a(rand.o) (__divmodsi4)
/usr/lib/gcc/avr/4.5.3/avr51/libgcc.a(_udivmodsi4.o)
                              /usr/lib/gcc/avr/4.5.3/avr51/libgcc.a(_divmodsi4.o) (__udivmodsi4)

Allocating common symbols
Common symbol       size              file

compower_idle_activity
                    0x8               contiki-micaz.a(compower.o)
cc2420_last_rssi    0x1               contiki-micaz.a(cc2420.o)
cc2420_packets_read
                    0x2               contiki-micaz.a(cc2420.o)
cc2420_packets_seen
                    0x2               contiki-micaz.a(cc2420.o)
cc2420_sfd_start_time
                    0x2               contiki-micaz.a(cc2420.o)
cc2420_time_of_departure
                    0x2               contiki-micaz.a(cc2420.o)
input_handler_1     0x2               contiki-micaz.a(rs232.o)
cc2420_time_of_arrival
                    0x2               contiki-micaz.a(cc2420.o)
rimestats           0x48              contiki-micaz.a(rimestats.o)
packetbuf_addrs     0x8               contiki-micaz.a(packetbuf.o)
rimeaddr_node_addr  0x2               contiki-micaz.a(rimeaddr.o)
process_maxevents   0x1               contiki-micaz.a(process.o)
__brkval            0x2               /usr/lib/gcc/avr/4.5.3/../../../avr/lib/avr51/libc.a(malloc.o)
cc2420_last_correlation
                    0x1               contiki-micaz.a(cc2420.o)
cc2420_authority_level_of_sender
                    0x2               contiki-micaz.a(cc2420.o)
packetbuf_attrs     0x30              contiki-micaz.a(packetbuf.o)
cc2420_sfd_counter  0x1               contiki-micaz.a(cc2420.o)
ds2401_id           0x8               contiki-micaz.a(ds2401.o)
input_handler_0     0x2               contiki-micaz.a(rs232.o)
__flp               0x2               /usr/lib/gcc/avr/4.5.3/../../../avr/lib/avr51/libc.a(malloc.o)
cc2420_sfd_end_time
                    0x2               contiki-micaz.a(cc2420.o)
__iob               0x6               /usr/lib/gcc/avr/4.5.3/../../../avr/lib/avr51/libc.a(iob.o)

Memory Configuration

Name             Origin             Length             Attributes
text             0x00000000         0x00020000         xr
data             0x00800100         0x0000ff00         rw !x
eeprom           0x00810000         0x00010000         rw !x
fuse             0x00820000         0x00000400         rw !x
lock             0x00830000         0x00000400         rw !x
signature        0x00840000         0x00000400         rw !x
*default*        0x00000000         0xffffffff

Linker script and memory map

Address of section .data set to 0x800100
LOAD /usr/lib/gcc/avr/4.5.3/../../../avr/lib/avr51/crtm128.o
Address of section .bootloader set to 0x1f800
LOAD attilio_receive.co
LOAD symbols.o
LOAD contiki-micaz.a
LOAD /usr/lib/gcc/avr/4.5.3/avr51/libgcc.a
LOAD /usr/lib/gcc/avr/4.5.3/../../../avr/lib/avr51/libc.a
LOAD /usr/lib/gcc/avr/4.5.3/avr51/libgcc.a

.hash
 *(.hash)

.dynsym
 *(.dynsym)

.dynstr
 *(.dynstr)

.gnu.version
 *(.gnu.version)

.gnu.version_d
 *(.gnu.version_d)

.gnu.version_r
 *(.gnu.version_r)

.rel.init
 *(.rel.init)

.rela.init
 *(.rela.init)

.rel.text
 *(.rel.text)
 *(.rel.text.*)
 *(.rel.gnu.linkonce.t*)

.rela.text
 *(.rela.text)
 *(.rela.text.*)
 *(.rela.gnu.linkonce.t*)

.rel.fini
 *(.rel.fini)

.rela.fini
 *(.rela.fini)

.rel.rodata
 *(.rel.rodata)
 *(.rel.rodata.*)
 *(.rel.gnu.linkonce.r*)

.rela.rodata
 *(.rela.rodata)
 *(.rela.rodata.*)
 *(.rela.gnu.linkonce.r*)

.rel.data
 *(.rel.data)
 *(.rel.data.*)
 *(.rel.gnu.linkonce.d*)

.rela.data
 *(.rela.data)
 *(.rela.data.*)
 *(.rela.gnu.linkonce.d*)

.rel.ctors
 *(.rel.ctors)

.rela.ctors
 *(.rela.ctors)

.rel.dtors
 *(.rel.dtors)

.rela.dtors
 *(.rela.dtors)

.rel.got
 *(.rel.got)

.rela.got
 *(.rela.got)

.rel.bss
 *(.rel.bss)

.rela.bss
 *(.rela.bss)

.rel.plt
 *(.rel.plt)

.rela.plt
 *(.rela.plt)

.text           0x00000000     0x5f98
 *(.vectors)
 .vectors       0x00000000       0x8c /usr/lib/gcc/avr/4.5.3/../../../avr/lib/avr51/crtm128.o
                0x00000000                __vectors
                0x00000000                __vector_default
 *(.vectors)
 *(.progmem.gcc*)
 *(.progmem*)
 .progmem.data  0x0000008c       0x21 contiki-micaz.a(contiki-micaz-m)
 .progmem.data  0x000000ad       0x83 contiki-micaz.a(init-net.o)
                0x00000130                . = ALIGN (0x2)
                0x00000130                __trampolines_start = .
 *(.trampolines)
 .trampolines   0x00000130        0x0 linker stubs
 *(.trampolines*)
                0x00000130                __trampolines_end = .
 *(.jumptables)
 *(.jumptables*)
 *(.lowtext)
 *(.lowtext*)
                0x00000130                __ctors_start = .
 *(.ctors)
                0x00000130                __ctors_end = .
                0x00000130                __dtors_start = .
 *(.dtors)
                0x00000130                __dtors_end = .
 SORT(*)(.ctors)
 SORT(*)(.dtors)
 *(.init0)
 .init0         0x00000130        0x0 /usr/lib/gcc/avr/4.5.3/../../../avr/lib/avr51/crtm128.o
                0x00000130                __init
 *(.init0)
 *(.init1)
 *(.init1)
 *(.init2)
 .init2         0x00000130        0xc /usr/lib/gcc/avr/4.5.3/../../../avr/lib/avr51/crtm128.o
 *(.init2)
 *(.init3)
 *(.init3)
 *(.init4)
 .init4         0x0000013c       0x1a /usr/lib/gcc/avr/4.5.3/avr51/libgcc.a(_copy_data.o)
                0x0000013c                __do_copy_data
 .init4         0x00000156       0x10 /usr/lib/gcc/avr/4.5.3/avr51/libgcc.a(_clear_bss.o)
                0x00000156                __do_clear_bss
 *(.init4)
 *(.init5)
 *(.init5)
 *(.init6)
 *(.init6)
 *(.init7)
 *(.init7)
 *(.init8)
 *(.init8)
 *(.init9)
 .init9         0x00000166        0x8 /usr/lib/gcc/avr/4.5.3/../../../avr/lib/avr51/crtm128.o
 *(.init9)
 *(.text)
 .text          0x0000016e        0x4 /usr/lib/gcc/avr/4.5.3/../../../avr/lib/avr51/crtm128.o
                0x0000016e                __vector_22
                0x0000016e                __vector_28
                0x0000016e                __vector_1
                0x0000016e                __vector_32
                0x0000016e                __vector_34
                0x0000016e                __vector_24
                0x0000016e                __vector_12
                0x0000016e                __bad_interrupt
                0x0000016e                __vector_6
                0x0000016e                __vector_31
                0x0000016e                __vector_3
                0x0000016e                __vector_23
                0x0000016e                __vector_25
                0x0000016e                __vector_11
                0x0000016e                __vector_13
                0x0000016e                __vector_17
                0x0000016e                __vector_19
                0x0000016e                __vector_27
                0x0000016e                __vector_5
                0x0000016e                __vector_33
                0x0000016e                __vector_4
                0x0000016e                __vector_9
                0x0000016e                __vector_2
                0x0000016e                __vector_21
                0x0000016e                __vector_29
                0x0000016e                __vector_8
                0x0000016e                __vector_14
                0x0000016e                __vector_10
                0x0000016e                __vector_16
                0x0000016e                __vector_20
 .text          0x00000172      0x444 attilio_receive.co
 .text          0x000005b6        0x0 symbols.o
 .text          0x000005b6       0x46 contiki-micaz.a(rimeaddr.o)
                0x000005b6                rimeaddr_copy
                0x000005c8                rimeaddr_cmp
                0x000005ec                rimeaddr_set_node_addr
 .text          0x000005fc       0xc0 contiki-micaz.a(broadcast.o)
                0x00000662                broadcast_open
                0x00000698                broadcast_close
                0x0000069e                broadcast_send
 .text          0x000006bc       0x66 contiki-micaz.a(abc.o)
                0x000006bc                abc_open
                0x000006ee                abc_close
                0x000006f4                abc_send
                0x000006fa                abc_input
                0x0000070a                abc_sent
 .text          0x00000722       0x82 contiki-micaz.a(channel.o)
                0x00000722                channel_init
                0x0000072c                channel_open
                0x0000073e                channel_close
                0x0000074a                channel_lookup
                0x0000077a                channel_set_attributes
 .text          0x000007a4      0x372 contiki-micaz.a(process.o)
                0x0000090c                process_alloc_event
                0x0000091a                process_exit
                0x00000928                process_init
                0x0000094c                process_run
                0x00000a1e                process_nevents
                0x00000a30                process_post
                0x00000a86                process_post_synch
                0x00000aa4                process_start
                0x00000aea                process_poll
                0x00000b02                process_is_running
 .text          0x00000b16      0x1a8 contiki-micaz.a(list.o)
                0x00000b16                list_init
                0x00000b1e                list_head
                0x00000b26                list_copy
                0x00000b34                list_tail
                0x00000b58                list_chop
                0x00000ba0                list_pop
                0x00000bba                list_remove
                0x00000c04                list_push
                0x00000c2c                list_add
                0x00000c6a                list_length
                0x00000c8a                list_insert
                0x00000caa                list_item_next
 .text          0x00000cbe      0x2ea contiki-micaz.a(etimer.o)
                0x00000d22                etimer_request_poll
                0x00000e9c                etimer_set
                0x00000eb2                etimer_reset
                0x00000ec8                etimer_restart
                0x00000ede                etimer_adjust
                0x00000ef2                etimer_expired
                0x00000f08                etimer_expiration_time
                0x00000f1a                etimer_start_time
                0x00000f22                etimer_pending
                0x00000f3a                etimer_next_expiration_time
                0x00000f58                etimer_stop
 .text          0x00000fa8      0x364 contiki-micaz.a(packetbuf.o)
                0x00000fa8                packetbuf_clear_hdr
                0x00000fb0                packetbuf_copyto_hdr
                0x00000fde                packetbuf_copyto
                0x00001066                packetbuf_hdr_remove
                0x00001072                packetbuf_hdrreduce
                0x000010b0                packetbuf_set_datalen
                0x000010ba                packetbuf_dataptr
                0x000010ca                packetbuf_hdrptr
                0x000010d8                packetbuf_is_reference
                0x000010f4                packetbuf_compact
                0x00001154                packetbuf_reference_ptr
                0x0000115e                packetbuf_datalen
                0x00001168                packetbuf_hdrlen
                0x00001172                packetbuf_totlen
                0x0000118a                packetbuf_hdralloc
                0x000011c8                packetbuf_attr_clear
                0x00001200                packetbuf_clear
                0x00001228                packetbuf_reference
                0x00001252                packetbuf_copyfrom
                0x000012b8                packetbuf_attr_copyto
                0x000012e2                packetbuf_attr_copyfrom
 .text          0x0000130c       0xa4 contiki-micaz.a(contiki-micaz-m)
                0x0000130c                init_usart
                0x0000131e                main
 .text          0x000013b0      0x20e contiki-micaz.a(init-net.o)
                0x000013b0                init_net
 .text          0x000015be       0x9e contiki-micaz.a(node-id.o)
                0x000015be                node_id_restore
                0x00001616                node_id_burn
 .text          0x0000165c      0x17a contiki-micaz.a(clock.o)
                0x0000165c                __vector_15
                0x00001714                clock_init
                0x0000174c                clock_time
                0x00001766                clock_delay
                0x0000177c                clock_wait
                0x000017a4                clock_set_seconds
                0x000017a6                clock_seconds
 .text          0x000017d6      0x190 contiki-micaz.a(ds2401.o)
                0x00001840                ds2401_init
 .text          0x00001966      0x2aa contiki-micaz.a(packages.o)
                0x00001966                send_start_pkg_broad
                0x000019ba                send_stop_pkg_broad
                0x00001a0e                send_adj_pkg_broad
                0x00001aac                send_token_pkg
                0x00001b92                send_consensus_pkg
 .text          0x00001c10       0x20 contiki-micaz.a(eeprom.o)
                0x00001c10                eeprom_write
                0x00001c20                eeprom_read
 .text          0x00001c30       0x82 contiki-micaz.a(leds.o)
                0x00001c40                leds_init
                0x00001c4e                leds_get
                0x00001c54                leds_on
                0x00001c64                leds_off
                0x00001c76                leds_invert
                0x00001c86                leds_toggle
                0x00001c8c                leds_blink
 .text          0x00001cb2      0x16a contiki-micaz.a(rime.o)
                0x00001da8                rime_sniffer_add
                0x00001db4                rime_sniffer_remove
                0x00001dc0                rime_output
 .text          0x00001e1c        0x0 contiki-micaz.a(rimestats.o)
 .text          0x00001e1c      0x17e contiki-micaz.a(announcement.o)
                0x00001e1c                announcement_init
                0x00001e26                announcement_register
                0x00001e68                announcement_remove
                0x00001e74                announcement_remove_value
                0x00001ea4                announcement_set_value
                0x00001ee0                announcement_bump
                0x00001f0e                announcement_listen
                0x00001f1e                announcement_register_listen_callback
                0x00001f28                announcement_register_observer_callback
                0x00001f32                announcement_list
                0x00001f3c                announcement_heard
 .text          0x00001f9a      0x23a contiki-micaz.a(broadcast-annou)
                0x00002156                broadcast_announcement_init
                0x000021a6                broadcast_announcement_stop
                0x000021ca                broadcast_announcement_beacon_interval
 .text          0x000021d4       0x62 contiki-micaz.a(chameleon.o)
                0x000021d4                chameleon_init
                0x000021da                chameleon_parse
                0x000021fa                chameleon_create
                0x0000222a                chameleon_hdrsize
 .text          0x00002236      0x4d2 contiki-micaz.a(chameleon-bitop)
                0x00002250                get_bits_in_byte
                0x0000228e                get_bits
                0x000024bc                set_bits_in_byte
                0x000024e4                set_bits
 .text          0x00002708      0x82e contiki-micaz.a(cxmac.o)
                0x00002f04                cxmac_init
                0x00002f34                cxmac_set_announcement_radio_txpower
 .text          0x00002f36       0x38 contiki-micaz.a(nullmac.o)
 .text          0x00002f6e       0x10 contiki-micaz.a(mac.o)
                0x00002f6e                mac_call_sent_callback
 .text          0x00002f7e      0x216 contiki-micaz.a(framer-802154.o)
 .text          0x00003194       0x58 contiki-micaz.a(autostart.o)
                0x00003194                autostart_start
                0x000031c2                autostart_exit
 .text          0x000031ec      0x16e contiki-micaz.a(compower.o)
                0x000031ec                compower_init
                0x0000320e                compower_accumulate
                0x000032c6                compower_clear
                0x000032da                compower_attrconv
                0x0000330e                compower_accumulate_attrs
 .text          0x0000335a      0x110 contiki-micaz.a(memb.o)
                0x0000335a                memb_init
                0x0000339a                memb_alloc
                0x000033e6                memb_free
                0x00003430                memb_inmemb
 .text          0x0000346a       0x98 contiki-micaz.a(timer.o)
                0x0000346a                timer_set
                0x00003482                timer_reset
                0x00003496                timer_restart
                0x000034aa                timer_expired
                0x000034d8                timer_remaining
 .text          0x00003502      0x288 contiki-micaz.a(ctimer.o)
                0x000035e8                ctimer_init
                0x00003602                ctimer_set
                0x00003668                ctimer_reset
                0x000036bc                ctimer_restart
                0x00003710                ctimer_stop
                0x00003740                ctimer_expired
 .text          0x0000378a        0xe contiki-micaz.a(energest.o)
                0x0000378a                energest_type_set
                0x0000378c                energest_init
                0x0000378e                energest_type_time
                0x00003796                energest_flush
 .text          0x00003798       0x7c contiki-micaz.a(rtimer.o)
                0x00003798                rtimer_init
                0x0000379e                rtimer_set
                0x000037d6                rtimer_run_next
 .text          0x00003814        0xc contiki-micaz.a(random.o)
                0x00003814                random_init
                0x0000381a                random_rand
 .text          0x00003820      0x210 contiki-micaz.a(queuebuf.o)
                0x00003820                queuebuf_init
                0x0000383a                queuebuf_new_from_packetbuf
                0x000038d8                queuebuf_update_attr_from_packetbuf
                0x000038ee                queuebuf_free
                0x00003932                queuebuf_to_packetbuf
                0x000039ae                queuebuf_dataptr
                0x000039ec                queuebuf_datalen
                0x000039fa                queuebuf_addr
                0x00003a12                queuebuf_attr
                0x00003a2e                queuebuf_debug_print
 .text          0x00003a30      0x1b8 contiki-micaz.a(rs232.o)
                0x00003a30                __vector_18
                0x00003a8c                __vector_30
                0x00003aea                rs232_init
                0x00003b26                rs232_send
                0x00003b44                rs232_stdout_putchar
                0x00003b6e                rs232_set_input
                0x00003b8a                rs232_print
                0x00003bcc                slip_arch_writeb
                0x00003bd6                rs232_redirect_stdout
 .text          0x00003be8       0x56 contiki-micaz.a(leds-arch.o)
                0x00003be8                leds_arch_init
                0x00003bf6                leds_arch_get
                0x00003c16                leds_arch_set
 .text          0x00003c3e      0xb26 contiki-micaz.a(cc2420.o)
                0x00003e78                cc2420_on
                0x00003ea4                cc2420_off
                0x000041e0                cc2420_get_channel
                0x000041ea                cc2420_set_channel
                0x0000428a                cc2420_set_pan_addr
                0x0000439e                cc2420_init
                0x00004466                cc2420_interrupt
                0x000044a4                cc2420_set_txpower
                0x000044b8                cc2420_get_txpower
                0x00004684                cc2420_rssi
                0x0000470c                cc2420_cca_valid
                0x00004748                cc2420_set_cca_threshold
 .text          0x00004764       0x6e contiki-micaz.a(cc2420-arch.o)
                0x00004764                cc2420_arch_init
                0x00004782                __vector_7
 .text          0x000047d2       0xb6 contiki-micaz.a(rtimer-arch.o)
                0x000047d2                __vector_26
                0x0000482c                rtimer_arch_init
                0x00004864                rtimer_arch_schedule
 .text          0x00004888       0x50 contiki-micaz.a(watchdog.o)
                0x00004888                watchdog_init
                0x0000489c                watchdog_start
                0x000048b0                watchdog_periodic
                0x000048b4                watchdog_stop
                0x000048c2                watchdog_reboot
 .text          0x000048d8      0x452 contiki-micaz.a(frame802154.o)
                0x0000498a                frame802154_hdrlen
                0x000049c6                frame802154_create
                0x00004b9c                frame802154_parse
 .text          0x00004d2a       0x16 contiki-micaz.a(spi.o)
                0x00004d2a                spi_init
 .text          0x00004d40        0x0 /usr/lib/gcc/avr/4.5.3/avr51/libgcc.a(_udivmodhi4.o)
 .text          0x00004d40        0x0 /usr/lib/gcc/avr/4.5.3/avr51/libgcc.a(_exit.o)
 .text          0x00004d40        0x0 /usr/lib/gcc/avr/4.5.3/avr51/libgcc.a(_copy_data.o)
 .text          0x00004d40        0x0 /usr/lib/gcc/avr/4.5.3/avr51/libgcc.a(_clear_bss.o)
 .text          0x00004d40      0x350 /usr/lib/gcc/avr/4.5.3/avr51/libgcc.a(_addsub_sf.o)
                0x00004fd4                __addsf3
                0x0000502e                __subsf3
 .text          0x00005090      0x1f4 /usr/lib/gcc/avr/4.5.3/avr51/libgcc.a(_mul_sf.o)
                0x00005090                __mulsf3
 .text          0x00005284        0x0 /usr/lib/gcc/avr/4.5.3/avr51/libgcc.a(_thenan_sf.o)
 .text          0x00005284        0x0 /usr/lib/gcc/avr/4.5.3/avr51/libgcc.a(_prologue.o)
 .text          0x00005284        0x0 /usr/lib/gcc/avr/4.5.3/avr51/libgcc.a(_epilogue.o)
 .text          0x00005284      0x19c /usr/lib/gcc/avr/4.5.3/avr51/libgcc.a(_pack_sf.o)
                0x00005284                __pack_f
 .text          0x00005420       0xd2 /usr/lib/gcc/avr/4.5.3/avr51/libgcc.a(_unpack_sf.o)
                0x00005420                __unpack_f
 .text          0x000054f2        0x0 /usr/lib/gcc/avr/4.5.3/../../../avr/lib/avr51/libc.a(malloc.o)
 .text          0x000054f2        0x0 /usr/lib/gcc/avr/4.5.3/../../../avr/lib/avr51/libc.a(rand.o)
 .text          0x000054f2        0x0 /usr/lib/gcc/avr/4.5.3/../../../avr/lib/avr51/libc.a(memcpy.o)
 .text          0x000054f2        0x0 /usr/lib/gcc/avr/4.5.3/../../../avr/lib/avr51/libc.a(memset.o)
 .text          0x000054f2        0x0 /usr/lib/gcc/avr/4.5.3/../../../avr/lib/avr51/libc.a(iob.o)
 .text          0x000054f2        0x0 /usr/lib/gcc/avr/4.5.3/../../../avr/lib/avr51/libc.a(printf.o)
 .text          0x000054f2        0x0 /usr/lib/gcc/avr/4.5.3/../../../avr/lib/avr51/libc.a(printf_p.o)
 .text          0x000054f2        0x0 /usr/lib/gcc/avr/4.5.3/../../../avr/lib/avr51/libc.a(vfprintf_std.o)
 .text          0x000054f2        0x0 /usr/lib/gcc/avr/4.5.3/../../../avr/lib/avr51/libc.a(eerd_block_atmega128.o)
 .text          0x000054f2        0x0 /usr/lib/gcc/avr/4.5.3/../../../avr/lib/avr51/libc.a(eewr_block_atmega128.o)
 .text          0x000054f2        0x0 /usr/lib/gcc/avr/4.5.3/../../../avr/lib/avr51/libc.a(eewr_byte_atmega128.o)
 .text          0x000054f2        0x0 /usr/lib/gcc/avr/4.5.3/../../../avr/lib/avr51/libc.a(strnlen_P.o)
 .text          0x000054f2        0x0 /usr/lib/gcc/avr/4.5.3/../../../avr/lib/avr51/libc.a(strnlen.o)
 .text          0x000054f2        0x0 /usr/lib/gcc/avr/4.5.3/../../../avr/lib/avr51/libc.a(fputc.o)
 .text          0x000054f2        0x0 /usr/lib/gcc/avr/4.5.3/../../../avr/lib/avr51/libc.a(ultoa_invert.o)
 .text          0x000054f2        0x0 /usr/lib/gcc/avr/4.5.3/avr51/libgcc.a(_mulsi3.o)
 .text          0x000054f2        0x0 /usr/lib/gcc/avr/4.5.3/avr51/libgcc.a(_divmodsi4.o)
 .text          0x000054f2        0x0 /usr/lib/gcc/avr/4.5.3/avr51/libgcc.a(_udivmodsi4.o)
                0x000054f2                . = ALIGN (0x2)
 *(.text.*)
 .text.libgcc   0x000054f2       0x28 /usr/lib/gcc/avr/4.5.3/avr51/libgcc.a(_udivmodhi4.o)
                0x000054f2                __udivmodhi4
 .text.libgcc   0x0000551a        0x0 /usr/lib/gcc/avr/4.5.3/avr51/libgcc.a(_exit.o)
 .text.libgcc   0x0000551a        0x0 /usr/lib/gcc/avr/4.5.3/avr51/libgcc.a(_copy_data.o)
 .text.libgcc   0x0000551a        0x0 /usr/lib/gcc/avr/4.5.3/avr51/libgcc.a(_clear_bss.o)
 .text.libgcc   0x0000551a       0x38 /usr/lib/gcc/avr/4.5.3/avr51/libgcc.a(_prologue.o)
                0x0000551a                __prologue_saves__
 .text.libgcc   0x00005552       0x36 /usr/lib/gcc/avr/4.5.3/avr51/libgcc.a(_epilogue.o)
                0x00005552                __epilogue_restores__
 .text.avr-libc
                0x00005588      0x266 /usr/lib/gcc/avr/4.5.3/../../../avr/lib/avr51/libc.a(malloc.o)
                0x00005588                malloc
                0x000056bc                free
 .text.avr-libc
                0x000057ee       0xbc /usr/lib/gcc/avr/4.5.3/../../../avr/lib/avr51/libc.a(rand.o)
                0x00005884                rand_r
                0x0000588a                rand
                0x00005894                srand
 .text.avr-libc
                0x000058aa       0x12 /usr/lib/gcc/avr/4.5.3/../../../avr/lib/avr51/libc.a(memcpy.o)
                0x000058aa                memcpy
 .text.avr-libc
                0x000058bc        0xe /usr/lib/gcc/avr/4.5.3/../../../avr/lib/avr51/libc.a(memset.o)
                0x000058bc                memset
 .text.avr-libc
                0x000058ca       0x24 /usr/lib/gcc/avr/4.5.3/../../../avr/lib/avr51/libc.a(printf.o)
                0x000058ca                printf
 .text.avr-libc
                0x000058ee       0x40 /usr/lib/gcc/avr/4.5.3/../../../avr/lib/avr51/libc.a(printf_p.o)
                0x000058ee                printf_P
 .text.avr-libc
                0x0000592e      0x420 /usr/lib/gcc/avr/4.5.3/../../../avr/lib/avr51/libc.a(vfprintf_std.o)
                0x0000592e                vfprintf
 .text.avr-libc
                0x00005d4e       0x20 /usr/lib/gcc/avr/4.5.3/../../../avr/lib/avr51/libc.a(eerd_block_atmega128.o)
                0x00005d4e                __eerd_block_m128
                0x00005d52                __eerd_blraw_m128
 .text.avr-libc
                0x00005d6e       0x14 /usr/lib/gcc/avr/4.5.3/../../../avr/lib/avr51/libc.a(eewr_block_atmega128.o)
                0x00005d6e                __eewr_block_m128
 .text.avr-libc
                0x00005d82       0x1a /usr/lib/gcc/avr/4.5.3/../../../avr/lib/avr51/libc.a(eewr_byte_atmega128.o)
                0x00005d82                __eewr_byte_m128
                0x00005d84                __eewr_r18_m128
 .text.avr-libc
                0x00005d9c       0x16 /usr/lib/gcc/avr/4.5.3/../../../avr/lib/avr51/libc.a(strnlen_P.o)
                0x00005d9c                strnlen_P
 .text.avr-libc
                0x00005db2       0x16 /usr/lib/gcc/avr/4.5.3/../../../avr/lib/avr51/libc.a(strnlen.o)
                0x00005db2                strnlen
 .text.avr-libc
                0x00005dc8       0x58 /usr/lib/gcc/avr/4.5.3/../../../avr/lib/avr51/libc.a(fputc.o)
                0x00005dc8                fputc
 .text.avr-libc
                0x00005e20       0xbc /usr/lib/gcc/avr/4.5.3/../../../avr/lib/avr51/libc.a(ultoa_invert.o)
                0x00005e20                __ultoa_invert
 .text.libgcc   0x00005edc       0x3e /usr/lib/gcc/avr/4.5.3/avr51/libgcc.a(_mulsi3.o)
                0x00005edc                __mulsi3
 .text.libgcc   0x00005f1a       0x36 /usr/lib/gcc/avr/4.5.3/avr51/libgcc.a(_divmodsi4.o)
                0x00005f1a                __divmodsi4
 .text.libgcc   0x00005f50       0x44 /usr/lib/gcc/avr/4.5.3/avr51/libgcc.a(_udivmodsi4.o)
                0x00005f50                __udivmodsi4
                0x00005f94                . = ALIGN (0x2)
 *(.fini9)
 .fini9         0x00005f94        0x0 /usr/lib/gcc/avr/4.5.3/avr51/libgcc.a(_exit.o)
                0x00005f94                exit
                0x00005f94                _exit
 *(.fini9)
 *(.fini8)
 *(.fini8)
 *(.fini7)
 *(.fini7)
 *(.fini6)
 *(.fini6)
 *(.fini5)
 *(.fini5)
 *(.fini4)
 *(.fini4)
 *(.fini3)
 *(.fini3)
 *(.fini2)
 *(.fini2)
 *(.fini1)
 *(.fini1)
 *(.fini0)
 .fini0         0x00005f94        0x4 /usr/lib/gcc/avr/4.5.3/avr51/libgcc.a(_exit.o)
 *(.fini0)
                0x00005f98                _etext = .

.data           0x00800100      0x126 load address 0x00005f98
                0x00800100                PROVIDE (__data_start, .)
 *(.data)
 .data          0x00800100        0x0 /usr/lib/gcc/avr/4.5.3/../../../avr/lib/avr51/crtm128.o
 .data          0x00800100       0x3f attilio_receive.co
                0x0080012e                pebble_process
                0x00800136                autostart_processes
 .data          0x0080013f        0x6 symbols.o
                0x0080013f                symbols_nelts
                0x00800141                symbols
 .data          0x00800145        0x2 contiki-micaz.a(rimeaddr.o)
                0x00800145                rimeaddr_null
 .data          0x00800147        0x8 contiki-micaz.a(broadcast.o)
 .data          0x0080014f        0x2 contiki-micaz.a(abc.o)
 .data          0x00800151        0x0 contiki-micaz.a(channel.o)
 .data          0x00800151        0x0 contiki-micaz.a(process.o)
 .data          0x00800151        0x0 contiki-micaz.a(list.o)
 .data          0x00800151        0x8 contiki-micaz.a(etimer.o)
                0x00800151                etimer_process
 .data          0x00800159        0x0 contiki-micaz.a(packetbuf.o)
 .data          0x00800159        0x0 contiki-micaz.a(contiki-micaz-m)
 .data          0x00800159        0x0 contiki-micaz.a(init-net.o)
 .data          0x00800159        0x0 contiki-micaz.a(node-id.o)
 .data          0x00800159        0x0 contiki-micaz.a(clock.o)
 .data          0x00800159        0x0 contiki-micaz.a(ds2401.o)
 .data          0x00800159       0x10 contiki-micaz.a(packages.o)
 .data          0x00800169        0x0 contiki-micaz.a(eeprom.o)
 .data          0x00800169        0x0 contiki-micaz.a(leds.o)
 .data          0x00800169        0xb contiki-micaz.a(rime.o)
                0x0080016e                rime_driver
 .data          0x00800174        0x0 contiki-micaz.a(rimestats.o)
 .data          0x00800174        0x0 contiki-micaz.a(announcement.o)
 .data          0x00800174        0x4 contiki-micaz.a(broadcast-annou)
 .data          0x00800178        0x0 contiki-micaz.a(chameleon.o)
 .data          0x00800178        0xf contiki-micaz.a(chameleon-bitop)
                0x00800178                chameleon_bitopt
 .data          0x00800187       0x27 contiki-micaz.a(cxmac.o)
                0x00800187                cxmac_config
                0x00800196                cxmac_driver
 .data          0x008001ae       0x16 contiki-micaz.a(nullmac.o)
                0x008001b6                nullmac_driver
 .data          0x008001c4        0x0 contiki-micaz.a(mac.o)
 .data          0x008001c4        0x4 contiki-micaz.a(framer-802154.o)
                0x008001c4                framer_802154
 .data          0x008001c8        0x0 contiki-micaz.a(autostart.o)
 .data          0x008001c8        0x0 contiki-micaz.a(compower.o)
 .data          0x008001c8        0x0 contiki-micaz.a(memb.o)
 .data          0x008001c8        0x0 contiki-micaz.a(timer.o)
 .data          0x008001c8        0x8 contiki-micaz.a(ctimer.o)
                0x008001c8                ctimer_process
 .data          0x008001d0        0x0 contiki-micaz.a(energest.o)
 .data          0x008001d0        0x0 contiki-micaz.a(rtimer.o)
 .data          0x008001d0        0x0 contiki-micaz.a(random.o)
 .data          0x008001d0       0x18 contiki-micaz.a(queuebuf.o)
 .data          0x008001e8        0xe contiki-micaz.a(rs232.o)
 .data          0x008001f6        0x0 contiki-micaz.a(leds-arch.o)
 .data          0x008001f6       0x1c contiki-micaz.a(cc2420.o)
                0x008001f6                cc2420_process
                0x008001fe                cc2420_driver
 .data          0x00800212        0x0 contiki-micaz.a(cc2420-arch.o)
 .data          0x00800212        0x0 contiki-micaz.a(rtimer-arch.o)
 .data          0x00800212        0x0 contiki-micaz.a(watchdog.o)
 .data          0x00800212        0x2 contiki-micaz.a(frame802154.o)
 .data          0x00800214        0x0 contiki-micaz.a(spi.o)
 .data          0x00800214        0x0 /usr/lib/gcc/avr/4.5.3/avr51/libgcc.a(_udivmodhi4.o)
 .data          0x00800214        0x0 /usr/lib/gcc/avr/4.5.3/avr51/libgcc.a(_exit.o)
 .data          0x00800214        0x0 /usr/lib/gcc/avr/4.5.3/avr51/libgcc.a(_copy_data.o)
 .data          0x00800214        0x0 /usr/lib/gcc/avr/4.5.3/avr51/libgcc.a(_clear_bss.o)
 .data          0x00800214        0x0 /usr/lib/gcc/avr/4.5.3/avr51/libgcc.a(_addsub_sf.o)
 .data          0x00800214        0x0 /usr/lib/gcc/avr/4.5.3/avr51/libgcc.a(_mul_sf.o)
 .data          0x00800214        0x8 /usr/lib/gcc/avr/4.5.3/avr51/libgcc.a(_thenan_sf.o)
                0x00800214                __thenan_sf
 .data          0x0080021c        0x0 /usr/lib/gcc/avr/4.5.3/avr51/libgcc.a(_prologue.o)
 .data          0x0080021c        0x0 /usr/lib/gcc/avr/4.5.3/avr51/libgcc.a(_epilogue.o)
 .data          0x0080021c        0x0 /usr/lib/gcc/avr/4.5.3/avr51/libgcc.a(_pack_sf.o)
 .data          0x0080021c        0x0 /usr/lib/gcc/avr/4.5.3/avr51/libgcc.a(_unpack_sf.o)
 .data          0x0080021c        0x6 /usr/lib/gcc/avr/4.5.3/../../../avr/lib/avr51/libc.a(malloc.o)
                0x0080021c                __malloc_margin
                0x0080021e                __malloc_heap_start
                0x00800220                __malloc_heap_end
 .data          0x00800222        0x4 /usr/lib/gcc/avr/4.5.3/../../../avr/lib/avr51/libc.a(rand.o)
 .data          0x00800226        0x0 /usr/lib/gcc/avr/4.5.3/../../../avr/lib/avr51/libc.a(memcpy.o)
 .data          0x00800226        0x0 /usr/lib/gcc/avr/4.5.3/../../../avr/lib/avr51/libc.a(memset.o)
 .data          0x00800226        0x0 /usr/lib/gcc/avr/4.5.3/../../../avr/lib/avr51/libc.a(iob.o)
 .data          0x00800226        0x0 /usr/lib/gcc/avr/4.5.3/../../../avr/lib/avr51/libc.a(printf.o)
 .data          0x00800226        0x0 /usr/lib/gcc/avr/4.5.3/../../../avr/lib/avr51/libc.a(printf_p.o)
 .data          0x00800226        0x0 /usr/lib/gcc/avr/4.5.3/../../../avr/lib/avr51/libc.a(vfprintf_std.o)
 .data          0x00800226        0x0 /usr/lib/gcc/avr/4.5.3/../../../avr/lib/avr51/libc.a(eerd_block_atmega128.o)
 .data          0x00800226        0x0 /usr/lib/gcc/avr/4.5.3/../../../avr/lib/avr51/libc.a(eewr_block_atmega128.o)
 .data          0x00800226        0x0 /usr/lib/gcc/avr/4.5.3/../../../avr/lib/avr51/libc.a(eewr_byte_atmega128.o)
 .data          0x00800226        0x0 /usr/lib/gcc/avr/4.5.3/../../../avr/lib/avr51/libc.a(strnlen_P.o)
 .data          0x00800226        0x0 /usr/lib/gcc/avr/4.5.3/../../../avr/lib/avr51/libc.a(strnlen.o)
 .data          0x00800226        0x0 /usr/lib/gcc/avr/4.5.3/../../../avr/lib/avr51/libc.a(fputc.o)
 .data          0x00800226        0x0 /usr/lib/gcc/avr/4.5.3/../../../avr/lib/avr51/libc.a(ultoa_invert.o)
 .data          0x00800226        0x0 /usr/lib/gcc/avr/4.5.3/avr51/libgcc.a(_mulsi3.o)
 .data          0x00800226        0x0 /usr/lib/gcc/avr/4.5.3/avr51/libgcc.a(_divmodsi4.o)
 .data          0x00800226        0x0 /usr/lib/gcc/avr/4.5.3/avr51/libgcc.a(_udivmodsi4.o)
 *(.data*)
 *(.rodata)
 *(.rodata*)
 *(.gnu.linkonce.d*)
                0x00800226                . = ALIGN (0x2)
                0x00800226                _edata = .
                0x00800226                PROVIDE (__data_end, .)

.bss            0x00800226      0x8ea
                0x00800226                PROVIDE (__bss_start, .)
 *(.bss)
 .bss           0x00800226        0x0 /usr/lib/gcc/avr/4.5.3/../../../avr/lib/avr51/crtm128.o
 .bss           0x00800226       0x3e attilio_receive.co
 .bss           0x00800264        0x0 symbols.o
 .bss           0x00800264        0x0 contiki-micaz.a(rimeaddr.o)
 .bss           0x00800264        0x0 contiki-micaz.a(broadcast.o)
 .bss           0x00800264        0x0 contiki-micaz.a(abc.o)
 .bss           0x00800264        0x2 contiki-micaz.a(channel.o)
 .bss           0x00800266       0x38 contiki-micaz.a(process.o)
                0x00800266                process_list
                0x00800268                process_current
 .bss           0x0080029e        0x0 contiki-micaz.a(list.o)
 .bss           0x0080029e        0x4 contiki-micaz.a(etimer.o)
 .bss           0x008002a2       0xb9 contiki-micaz.a(packetbuf.o)
 .bss           0x0080035b        0x0 contiki-micaz.a(contiki-micaz-m)
 .bss           0x0080035b        0x0 contiki-micaz.a(init-net.o)
 .bss           0x0080035b        0x2 contiki-micaz.a(node-id.o)
                0x0080035b                node_id
 .bss           0x0080035d        0x8 contiki-micaz.a(clock.o)
 .bss           0x00800365        0x0 contiki-micaz.a(ds2401.o)
 .bss           0x00800365        0x0 contiki-micaz.a(packages.o)
 .bss           0x00800365        0x0 contiki-micaz.a(eeprom.o)
 .bss           0x00800365        0x2 contiki-micaz.a(leds.o)
 .bss           0x00800367        0x2 contiki-micaz.a(rime.o)
 .bss           0x00800369        0x0 contiki-micaz.a(rimestats.o)
 .bss           0x00800369        0x6 contiki-micaz.a(announcement.o)
 .bss           0x0080036f       0x35 contiki-micaz.a(broadcast-annou)
 .bss           0x008003a4        0x0 contiki-micaz.a(chameleon.o)
 .bss           0x008003a4        0x0 contiki-micaz.a(chameleon-bitop)
 .bss           0x008003a4       0x44 contiki-micaz.a(cxmac.o)
 .bss           0x008003e8        0x0 contiki-micaz.a(nullmac.o)
 .bss           0x008003e8        0x0 contiki-micaz.a(mac.o)
 .bss           0x008003e8        0x2 contiki-micaz.a(framer-802154.o)
 .bss           0x008003ea        0x0 contiki-micaz.a(autostart.o)
 .bss           0x008003ea        0x8 contiki-micaz.a(compower.o)
 .bss           0x008003f2        0x0 contiki-micaz.a(memb.o)
 .bss           0x008003f2        0x0 contiki-micaz.a(timer.o)
 .bss           0x008003f2        0x3 contiki-micaz.a(ctimer.o)
 .bss           0x008003f5        0x0 contiki-micaz.a(energest.o)
 .bss           0x008003f5        0x2 contiki-micaz.a(rtimer.o)
 .bss           0x008003f7        0x0 contiki-micaz.a(random.o)
 .bss           0x008003f7      0x65c contiki-micaz.a(queuebuf.o)
 .bss           0x00800a53        0x1 contiki-micaz.a(rs232.o)
 .bss           0x00800a54        0x0 contiki-micaz.a(leds-arch.o)
 .bss           0x00800a54        0x9 contiki-micaz.a(cc2420.o)
 .bss           0x00800a5d        0x0 contiki-micaz.a(cc2420-arch.o)
 .bss           0x00800a5d        0x0 contiki-micaz.a(rtimer-arch.o)
 .bss           0x00800a5d        0x0 contiki-micaz.a(watchdog.o)
 .bss           0x00800a5d        0x0 contiki-micaz.a(frame802154.o)
 .bss           0x00800a5d        0x1 contiki-micaz.a(spi.o)
                0x00800a5d                spi_busy
 .bss           0x00800a5e        0x0 /usr/lib/gcc/avr/4.5.3/avr51/libgcc.a(_udivmodhi4.o)
 .bss           0x00800a5e        0x0 /usr/lib/gcc/avr/4.5.3/avr51/libgcc.a(_exit.o)
 .bss           0x00800a5e        0x0 /usr/lib/gcc/avr/4.5.3/avr51/libgcc.a(_copy_data.o)
 .bss           0x00800a5e        0x0 /usr/lib/gcc/avr/4.5.3/avr51/libgcc.a(_clear_bss.o)
 .bss           0x00800a5e        0x0 /usr/lib/gcc/avr/4.5.3/avr51/libgcc.a(_addsub_sf.o)
 .bss           0x00800a5e        0x0 /usr/lib/gcc/avr/4.5.3/avr51/libgcc.a(_mul_sf.o)
 .bss           0x00800a5e        0x0 /usr/lib/gcc/avr/4.5.3/avr51/libgcc.a(_thenan_sf.o)
 .bss           0x00800a5e        0x0 /usr/lib/gcc/avr/4.5.3/avr51/libgcc.a(_prologue.o)
 .bss           0x00800a5e        0x0 /usr/lib/gcc/avr/4.5.3/avr51/libgcc.a(_epilogue.o)
 .bss           0x00800a5e        0x0 /usr/lib/gcc/avr/4.5.3/avr51/libgcc.a(_pack_sf.o)
 .bss           0x00800a5e        0x0 /usr/lib/gcc/avr/4.5.3/avr51/libgcc.a(_unpack_sf.o)
 .bss           0x00800a5e        0x0 /usr/lib/gcc/avr/4.5.3/../../../avr/lib/avr51/libc.a(malloc.o)
 .bss           0x00800a5e        0x0 /usr/lib/gcc/avr/4.5.3/../../../avr/lib/avr51/libc.a(rand.o)
 .bss           0x00800a5e        0x0 /usr/lib/gcc/avr/4.5.3/../../../avr/lib/avr51/libc.a(memcpy.o)
 .bss           0x00800a5e        0x0 /usr/lib/gcc/avr/4.5.3/../../../avr/lib/avr51/libc.a(memset.o)
 .bss           0x00800a5e        0x0 /usr/lib/gcc/avr/4.5.3/../../../avr/lib/avr51/libc.a(iob.o)
 .bss           0x00800a5e        0x0 /usr/lib/gcc/avr/4.5.3/../../../avr/lib/avr51/libc.a(printf.o)
 .bss           0x00800a5e        0x0 /usr/lib/gcc/avr/4.5.3/../../../avr/lib/avr51/libc.a(printf_p.o)
 .bss           0x00800a5e        0x0 /usr/lib/gcc/avr/4.5.3/../../../avr/lib/avr51/libc.a(vfprintf_std.o)
 .bss           0x00800a5e        0x0 /usr/lib/gcc/avr/4.5.3/../../../avr/lib/avr51/libc.a(eerd_block_atmega128.o)
 .bss           0x00800a5e        0x0 /usr/lib/gcc/avr/4.5.3/../../../avr/lib/avr51/libc.a(eewr_block_atmega128.o)
 .bss           0x00800a5e        0x0 /usr/lib/gcc/avr/4.5.3/../../../avr/lib/avr51/libc.a(eewr_byte_atmega128.o)
 .bss           0x00800a5e        0x0 /usr/lib/gcc/avr/4.5.3/../../../avr/lib/avr51/libc.a(strnlen_P.o)
 .bss           0x00800a5e        0x0 /usr/lib/gcc/avr/4.5.3/../../../avr/lib/avr51/libc.a(strnlen.o)
 .bss           0x00800a5e        0x0 /usr/lib/gcc/avr/4.5.3/../../../avr/lib/avr51/libc.a(fputc.o)
 .bss           0x00800a5e        0x0 /usr/lib/gcc/avr/4.5.3/../../../avr/lib/avr51/libc.a(ultoa_invert.o)
 .bss           0x00800a5e        0x0 /usr/lib/gcc/avr/4.5.3/avr51/libgcc.a(_mulsi3.o)
 .bss           0x00800a5e        0x0 /usr/lib/gcc/avr/4.5.3/avr51/libgcc.a(_divmodsi4.o)
 .bss           0x00800a5e        0x0 /usr/lib/gcc/avr/4.5.3/avr51/libgcc.a(_udivmodsi4.o)
 *(.bss*)
 *(COMMON)
 COMMON         0x00800a5e        0x2 contiki-micaz.a(rimeaddr.o)
                0x00800a5e                rimeaddr_node_addr
 COMMON         0x00800a60        0x1 contiki-micaz.a(process.o)
                0x00800a60                process_maxevents
 COMMON         0x00800a61       0x38 contiki-micaz.a(packetbuf.o)
                0x00800a61                packetbuf_addrs
                0x00800a69                packetbuf_attrs
 COMMON         0x00800a99        0x8 contiki-micaz.a(ds2401.o)
                0x00800a99                ds2401_id
 COMMON         0x00800aa1       0x48 contiki-micaz.a(rimestats.o)
                0x00800aa1                rimestats
 COMMON         0x00800ae9        0x8 contiki-micaz.a(compower.o)
                0x00800ae9                compower_idle_activity
 COMMON         0x00800af1        0x4 contiki-micaz.a(rs232.o)
                0x00800af1                input_handler_1
                0x00800af3                input_handler_0
 COMMON         0x00800af5       0x11 contiki-micaz.a(cc2420.o)
                0x00800af5                cc2420_last_rssi
                0x00800af6                cc2420_packets_read
                0x00800af8                cc2420_packets_seen
                0x00800afa                cc2420_sfd_start_time
                0x00800afc                cc2420_time_of_departure
                0x00800afe                cc2420_time_of_arrival
                0x00800b00                cc2420_last_correlation
                0x00800b01                cc2420_authority_level_of_sender
                0x00800b03                cc2420_sfd_counter
                0x00800b04                cc2420_sfd_end_time
 COMMON         0x00800b06        0x4 /usr/lib/gcc/avr/4.5.3/../../../avr/lib/avr51/libc.a(malloc.o)
                0x00800b06                __brkval
                0x00800b08                __flp
 COMMON         0x00800b0a        0x6 /usr/lib/gcc/avr/4.5.3/../../../avr/lib/avr51/libc.a(iob.o)
                0x00800b0a                __iob
                0x00800b10                PROVIDE (__bss_end, .)
                0x00005f98                __data_load_start = LOADADDR (.data)
                0x000060be                __data_load_end = (__data_load_start + SIZEOF (.data))

.noinit         0x00800b10        0x0
                0x00800b10                PROVIDE (__noinit_start, .)
 *(.noinit*)
                0x00800b10                PROVIDE (__noinit_end, .)
                0x00800b10                _end = .
                0x00800b10                PROVIDE (__heap_start, .)

.eeprom         0x00810000        0x0
 *(.eeprom*)
                0x00810000                __eeprom_end = .

.fuse
 *(.fuse)
 *(.lfuse)
 *(.hfuse)
 *(.efuse)

.lock
 *(.lock*)

.signature
 *(.signature*)

.stab           0x00000000     0x2b68
 *(.stab)
 .stab          0x00000000      0x6cc /usr/lib/gcc/avr/4.5.3/../../../avr/lib/avr51/crtm128.o
 .stab          0x000006cc      0x750 /usr/lib/gcc/avr/4.5.3/../../../avr/lib/avr51/libc.a(malloc.o)
                                0x75c (size before relaxing)
 .stab          0x00000e1c      0x2d0 /usr/lib/gcc/avr/4.5.3/../../../avr/lib/avr51/libc.a(rand.o)
                                0x330 (size before relaxing)
 .stab          0x000010ec       0x84 /usr/lib/gcc/avr/4.5.3/../../../avr/lib/avr51/libc.a(memcpy.o)
                                 0x90 (size before relaxing)
 .stab          0x00001170       0x6c /usr/lib/gcc/avr/4.5.3/../../../avr/lib/avr51/libc.a(memset.o)
                                 0x78 (size before relaxing)
 .stab          0x000011dc      0x180 /usr/lib/gcc/avr/4.5.3/../../../avr/lib/avr51/libc.a(iob.o)
                                0x30c (size before relaxing)
 .stab          0x0000135c      0x18c /usr/lib/gcc/avr/4.5.3/../../../avr/lib/avr51/libc.a(printf.o)
                                0x36c (size before relaxing)
 .stab          0x000014e8      0x1a4 /usr/lib/gcc/avr/4.5.3/../../../avr/lib/avr51/libc.a(printf_p.o)
                                0x384 (size before relaxing)
 .stab          0x0000168c      0xac8 /usr/lib/gcc/avr/4.5.3/../../../avr/lib/avr51/libc.a(vfprintf_std.o)
                                0xcd8 (size before relaxing)
 .stab          0x00002154      0x108 /usr/lib/gcc/avr/4.5.3/../../../avr/lib/avr51/libc.a(eerd_block_atmega128.o)
                                0x114 (size before relaxing)
 .stab          0x0000225c       0x9c /usr/lib/gcc/avr/4.5.3/../../../avr/lib/avr51/libc.a(eewr_block_atmega128.o)
                                 0xa8 (size before relaxing)
 .stab          0x000022f8       0xd8 /usr/lib/gcc/avr/4.5.3/../../../avr/lib/avr51/libc.a(eewr_byte_atmega128.o)
                                 0xe4 (size before relaxing)
 .stab          0x000023d0       0x9c /usr/lib/gcc/avr/4.5.3/../../../avr/lib/avr51/libc.a(strnlen_P.o)
                                 0xa8 (size before relaxing)
 .stab          0x0000246c       0x9c /usr/lib/gcc/avr/4.5.3/../../../avr/lib/avr51/libc.a(strnlen.o)
                                 0xa8 (size before relaxing)
 .stab          0x00002508      0x1e0 /usr/lib/gcc/avr/4.5.3/../../../avr/lib/avr51/libc.a(fputc.o)
                                0x3c0 (size before relaxing)
 .stab          0x000026e8      0x480 /usr/lib/gcc/avr/4.5.3/../../../avr/lib/avr51/libc.a(ultoa_invert.o)
                                0x48c (size before relaxing)

.stabstr        0x00000000      0xfe5
 *(.stabstr)
 .stabstr       0x00000000      0xfe5 /usr/lib/gcc/avr/4.5.3/../../../avr/lib/avr51/crtm128.o

.stab.excl
 *(.stab.excl)

.stab.exclstr
 *(.stab.exclstr)

.stab.index
 *(.stab.index)

.stab.indexstr
 *(.stab.indexstr)

.comment
 *(.comment)

.debug
 *(.debug)

.line
 *(.line)

.debug_srcinfo
 *(.debug_srcinfo)

.debug_sfnames
 *(.debug_sfnames)

.debug_aranges  0x00000000      0x560
 *(.debug_aranges)
 .debug_aranges
                0x00000000       0x20 attilio_receive.co
 .debug_aranges
                0x00000020       0x20 contiki-micaz.a(rimeaddr.o)
 .debug_aranges
                0x00000040       0x20 contiki-micaz.a(broadcast.o)
 .debug_aranges
                0x00000060       0x20 contiki-micaz.a(abc.o)
 .debug_aranges
                0x00000080       0x20 contiki-micaz.a(channel.o)
 .debug_aranges
                0x000000a0       0x20 contiki-micaz.a(process.o)
 .debug_aranges
                0x000000c0       0x20 contiki-micaz.a(list.o)
 .debug_aranges
                0x000000e0       0x20 contiki-micaz.a(etimer.o)
 .debug_aranges
                0x00000100       0x20 contiki-micaz.a(packetbuf.o)
 .debug_aranges
                0x00000120       0x20 contiki-micaz.a(contiki-micaz-m)
 .debug_aranges
                0x00000140       0x20 contiki-micaz.a(init-net.o)
 .debug_aranges
                0x00000160       0x20 contiki-micaz.a(node-id.o)
 .debug_aranges
                0x00000180       0x20 contiki-micaz.a(clock.o)
 .debug_aranges
                0x000001a0       0x20 contiki-micaz.a(ds2401.o)
 .debug_aranges
                0x000001c0       0x20 contiki-micaz.a(packages.o)
 .debug_aranges
                0x000001e0       0x20 contiki-micaz.a(eeprom.o)
 .debug_aranges
                0x00000200       0x20 contiki-micaz.a(leds.o)
 .debug_aranges
                0x00000220       0x20 contiki-micaz.a(rime.o)
 .debug_aranges
                0x00000240       0x20 contiki-micaz.a(announcement.o)
 .debug_aranges
                0x00000260       0x20 contiki-micaz.a(broadcast-annou)
 .debug_aranges
                0x00000280       0x20 contiki-micaz.a(chameleon.o)
 .debug_aranges
                0x000002a0       0x20 contiki-micaz.a(chameleon-bitop)
 .debug_aranges
                0x000002c0       0x20 contiki-micaz.a(cxmac.o)
 .debug_aranges
                0x000002e0       0x20 contiki-micaz.a(nullmac.o)
 .debug_aranges
                0x00000300       0x20 contiki-micaz.a(mac.o)
 .debug_aranges
                0x00000320       0x20 contiki-micaz.a(framer-802154.o)
 .debug_aranges
                0x00000340       0x20 contiki-micaz.a(autostart.o)
 .debug_aranges
                0x00000360       0x20 contiki-micaz.a(compower.o)
 .debug_aranges
                0x00000380       0x20 contiki-micaz.a(memb.o)
 .debug_aranges
                0x000003a0       0x20 contiki-micaz.a(timer.o)
 .debug_aranges
                0x000003c0       0x20 contiki-micaz.a(ctimer.o)
 .debug_aranges
                0x000003e0       0x20 contiki-micaz.a(energest.o)
 .debug_aranges
                0x00000400       0x20 contiki-micaz.a(rtimer.o)
 .debug_aranges
                0x00000420       0x20 contiki-micaz.a(random.o)
 .debug_aranges
                0x00000440       0x20 contiki-micaz.a(queuebuf.o)
 .debug_aranges
                0x00000460       0x20 contiki-micaz.a(rs232.o)
 .debug_aranges
                0x00000480       0x20 contiki-micaz.a(leds-arch.o)
 .debug_aranges
                0x000004a0       0x20 contiki-micaz.a(cc2420.o)
 .debug_aranges
                0x000004c0       0x20 contiki-micaz.a(cc2420-arch.o)
 .debug_aranges
                0x000004e0       0x20 contiki-micaz.a(rtimer-arch.o)
 .debug_aranges
                0x00000500       0x20 contiki-micaz.a(watchdog.o)
 .debug_aranges
                0x00000520       0x20 contiki-micaz.a(frame802154.o)
 .debug_aranges
                0x00000540       0x20 contiki-micaz.a(spi.o)

.debug_pubnames
                0x00000000     0x162f
 *(.debug_pubnames)
 .debug_pubnames
                0x00000000       0x3d attilio_receive.co
 .debug_pubnames
                0x0000003d       0x30 symbols.o
 .debug_pubnames
                0x0000006d       0x79 contiki-micaz.a(rimeaddr.o)
 .debug_pubnames
                0x000000e6       0x4c contiki-micaz.a(broadcast.o)
 .debug_pubnames
                0x00000132       0x55 contiki-micaz.a(abc.o)
 .debug_pubnames
                0x00000187       0x74 contiki-micaz.a(channel.o)
 .debug_pubnames
                0x000001fb      0x10d contiki-micaz.a(process.o)
 .debug_pubnames
                0x00000308       0xc3 contiki-micaz.a(list.o)
 .debug_pubnames
                0x000003cb      0x109 contiki-micaz.a(etimer.o)
 .debug_pubnames
                0x000004d4      0x22c contiki-micaz.a(packetbuf.o)
 .debug_pubnames
                0x00000700       0x2a contiki-micaz.a(contiki-micaz-m)
 .debug_pubnames
                0x0000072a       0x1f contiki-micaz.a(init-net.o)
 .debug_pubnames
                0x00000749       0x43 contiki-micaz.a(node-id.o)
 .debug_pubnames
                0x0000078c       0x87 contiki-micaz.a(clock.o)
 .debug_pubnames
                0x00000813       0x30 contiki-micaz.a(ds2401.o)
 .debug_pubnames
                0x00000843       0x84 contiki-micaz.a(packages.o)
 .debug_pubnames
                0x000008c7       0x33 contiki-micaz.a(eeprom.o)
 .debug_pubnames
                0x000008fa       0x75 contiki-micaz.a(leds.o)
 .debug_pubnames
                0x0000096f       0x5f contiki-micaz.a(rime.o)
 .debug_pubnames
                0x000009ce       0x20 contiki-micaz.a(rimestats.o)
 .debug_pubnames
                0x000009ee      0x144 contiki-micaz.a(announcement.o)
 .debug_pubnames
                0x00000b32       0x7d contiki-micaz.a(broadcast-annou)
 .debug_pubnames
                0x00000baf       0x64 contiki-micaz.a(chameleon.o)
 .debug_pubnames
                0x00000c13       0x6b contiki-micaz.a(chameleon-bitop)
 .debug_pubnames
                0x00000c7e       0x6c contiki-micaz.a(cxmac.o)
 .debug_pubnames
                0x00000cea       0x25 contiki-micaz.a(nullmac.o)
 .debug_pubnames
                0x00000d0f       0x2d contiki-micaz.a(mac.o)
 .debug_pubnames
                0x00000d3c       0x24 contiki-micaz.a(framer-802154.o)
 .debug_pubnames
                0x00000d60       0x39 contiki-micaz.a(autostart.o)
 .debug_pubnames
                0x00000d99       0x9e contiki-micaz.a(compower.o)
 .debug_pubnames
                0x00000e37       0x4d contiki-micaz.a(memb.o)
 .debug_pubnames
                0x00000e84       0x68 contiki-micaz.a(timer.o)
 .debug_pubnames
                0x00000eec       0x8b contiki-micaz.a(ctimer.o)
 .debug_pubnames
                0x00000f77       0x64 contiki-micaz.a(energest.o)
 .debug_pubnames
                0x00000fdb       0x45 contiki-micaz.a(rtimer.o)
 .debug_pubnames
                0x00001020       0x32 contiki-micaz.a(random.o)
 .debug_pubnames
                0x00001052       0xff contiki-micaz.a(queuebuf.o)
 .debug_pubnames
                0x00001151       0xe4 contiki-micaz.a(rs232.o)
 .debug_pubnames
                0x00001235       0x49 contiki-micaz.a(leds-arch.o)
 .debug_pubnames
                0x0000127e      0x236 contiki-micaz.a(cc2420.o)
 .debug_pubnames
                0x000014b4       0x36 contiki-micaz.a(cc2420-arch.o)
 .debug_pubnames
                0x000014ea       0x50 contiki-micaz.a(rtimer-arch.o)
 .debug_pubnames
                0x0000153a       0x73 contiki-micaz.a(watchdog.o)
 .debug_pubnames
                0x000015ad       0x56 contiki-micaz.a(frame802154.o)
 .debug_pubnames
                0x00001603       0x2c contiki-micaz.a(spi.o)

.debug_info     0x00000000     0xb5af
 *(.debug_info)
 .debug_info    0x00000000      0x7cb attilio_receive.co
 .debug_info    0x000007cb       0xaf symbols.o
 .debug_info    0x0000087a      0x1ed contiki-micaz.a(rimeaddr.o)
 .debug_info    0x00000a67      0x589 contiki-micaz.a(broadcast.o)
 .debug_info    0x00000ff0      0x454 contiki-micaz.a(abc.o)
 .debug_info    0x00001444      0x2f2 contiki-micaz.a(channel.o)
 .debug_info    0x00001736      0x574 contiki-micaz.a(process.o)
 .debug_info    0x00001caa      0x349 contiki-micaz.a(list.o)
 .debug_info    0x00001ff3      0x4d2 contiki-micaz.a(etimer.o)
 .debug_info    0x000024c5      0x629 contiki-micaz.a(packetbuf.o)
 .debug_info    0x00002aee      0x2c2 contiki-micaz.a(contiki-micaz-m)
 .debug_info    0x00002db0      0x487 contiki-micaz.a(init-net.o)
 .debug_info    0x00003237      0x149 contiki-micaz.a(node-id.o)
 .debug_info    0x00003380      0x1f1 contiki-micaz.a(clock.o)
 .debug_info    0x00003571      0x365 contiki-micaz.a(ds2401.o)
 .debug_info    0x000038d6      0x5f0 contiki-micaz.a(packages.o)
 .debug_info    0x00003ec6      0x11d contiki-micaz.a(eeprom.o)
 .debug_info    0x00003fe3      0x1ca contiki-micaz.a(leds.o)
 .debug_info    0x000041ad      0x60f contiki-micaz.a(rime.o)
 .debug_info    0x000047bc      0x146 contiki-micaz.a(rimestats.o)
 .debug_info    0x00004902      0x3ed contiki-micaz.a(announcement.o)
 .debug_info    0x00004cef      0x858 contiki-micaz.a(broadcast-annou)
 .debug_info    0x00005547      0x424 contiki-micaz.a(chameleon.o)
 .debug_info    0x0000596b      0x7c7 contiki-micaz.a(chameleon-bitop)
 .debug_info    0x00006132     0x10bc contiki-micaz.a(cxmac.o)
 .debug_info    0x000071ee      0x44a contiki-micaz.a(nullmac.o)
 .debug_info    0x00007638      0x114 contiki-micaz.a(mac.o)
 .debug_info    0x0000774c      0x657 contiki-micaz.a(framer-802154.o)
 .debug_info    0x00007da3      0x19f contiki-micaz.a(autostart.o)
 .debug_info    0x00007f42      0x46a contiki-micaz.a(compower.o)
 .debug_info    0x000083ac      0x1ad contiki-micaz.a(memb.o)
 .debug_info    0x00008559      0x184 contiki-micaz.a(timer.o)
 .debug_info    0x000086dd      0x46c contiki-micaz.a(ctimer.o)
 .debug_info    0x00008b49      0x103 contiki-micaz.a(energest.o)
 .debug_info    0x00008c4c      0x1be contiki-micaz.a(rtimer.o)
 .debug_info    0x00008e0a       0xa7 contiki-micaz.a(random.o)
 .debug_info    0x00008eb1      0x6e6 contiki-micaz.a(queuebuf.o)
 .debug_info    0x00009597      0x3b6 contiki-micaz.a(rs232.o)
 .debug_info    0x0000994d       0xc1 contiki-micaz.a(leds-arch.o)
 .debug_info    0x00009a0e     0x131e contiki-micaz.a(cc2420.o)
 .debug_info    0x0000ad2c      0x16e contiki-micaz.a(cc2420-arch.o)
 .debug_info    0x0000ae9a       0xf9 contiki-micaz.a(rtimer-arch.o)
 .debug_info    0x0000af93       0xdd contiki-micaz.a(watchdog.o)
 .debug_info    0x0000b070      0x4a8 contiki-micaz.a(frame802154.o)
 .debug_info    0x0000b518       0x97 contiki-micaz.a(spi.o)
 *(.gnu.linkonce.wi.*)

.debug_abbrev   0x00000000     0x4224
 *(.debug_abbrev)
 .debug_abbrev  0x00000000      0x2ce attilio_receive.co
 .debug_abbrev  0x000002ce       0x82 symbols.o
 .debug_abbrev  0x00000350      0x17d contiki-micaz.a(rimeaddr.o)
 .debug_abbrev  0x000004cd      0x1e7 contiki-micaz.a(broadcast.o)
 .debug_abbrev  0x000006b4      0x182 contiki-micaz.a(abc.o)
 .debug_abbrev  0x00000836      0x169 contiki-micaz.a(channel.o)
 .debug_abbrev  0x0000099f      0x2df contiki-micaz.a(process.o)
 .debug_abbrev  0x00000c7e      0x13a contiki-micaz.a(list.o)
 .debug_abbrev  0x00000db8      0x20b contiki-micaz.a(etimer.o)
 .debug_abbrev  0x00000fc3      0x22b contiki-micaz.a(packetbuf.o)
 .debug_abbrev  0x000011ee      0x137 contiki-micaz.a(contiki-micaz-m)
 .debug_abbrev  0x00001325      0x1a2 contiki-micaz.a(init-net.o)
 .debug_abbrev  0x000014c7       0xcc contiki-micaz.a(node-id.o)
 .debug_abbrev  0x00001593       0xe4 contiki-micaz.a(clock.o)
 .debug_abbrev  0x00001677      0x196 contiki-micaz.a(ds2401.o)
 .debug_abbrev  0x0000180d      0x20c contiki-micaz.a(packages.o)
 .debug_abbrev  0x00001a19       0x8a contiki-micaz.a(eeprom.o)
 .debug_abbrev  0x00001aa3       0xd4 contiki-micaz.a(leds.o)
 .debug_abbrev  0x00001b77      0x1fb contiki-micaz.a(rime.o)
 .debug_abbrev  0x00001d72       0x5d contiki-micaz.a(rimestats.o)
 .debug_abbrev  0x00001dcf      0x16a contiki-micaz.a(announcement.o)
 .debug_abbrev  0x00001f39      0x22e contiki-micaz.a(broadcast-annou)
 .debug_abbrev  0x00002167      0x1cc contiki-micaz.a(chameleon.o)
 .debug_abbrev  0x00002333      0x264 contiki-micaz.a(chameleon-bitop)
 .debug_abbrev  0x00002597      0x3b6 contiki-micaz.a(cxmac.o)
 .debug_abbrev  0x0000294d      0x1d4 contiki-micaz.a(nullmac.o)
 .debug_abbrev  0x00002b21       0xa0 contiki-micaz.a(mac.o)
 .debug_abbrev  0x00002bc1      0x227 contiki-micaz.a(framer-802154.o)
 .debug_abbrev  0x00002de8       0xf5 contiki-micaz.a(autostart.o)
 .debug_abbrev  0x00002edd      0x203 contiki-micaz.a(compower.o)
 .debug_abbrev  0x000030e0       0xea contiki-micaz.a(memb.o)
 .debug_abbrev  0x000031ca       0xd2 contiki-micaz.a(timer.o)
 .debug_abbrev  0x0000329c      0x1b5 contiki-micaz.a(ctimer.o)
 .debug_abbrev  0x00003451       0x8d contiki-micaz.a(energest.o)
 .debug_abbrev  0x000034de      0x12a contiki-micaz.a(rtimer.o)
 .debug_abbrev  0x00003608       0x67 contiki-micaz.a(random.o)
 .debug_abbrev  0x0000366f      0x1f3 contiki-micaz.a(queuebuf.o)
 .debug_abbrev  0x00003862      0x186 contiki-micaz.a(rs232.o)
 .debug_abbrev  0x000039e8       0x87 contiki-micaz.a(leds-arch.o)
 .debug_abbrev  0x00003a6f      0x412 contiki-micaz.a(cc2420.o)
 .debug_abbrev  0x00003e81       0xc8 contiki-micaz.a(cc2420-arch.o)
 .debug_abbrev  0x00003f49       0x96 contiki-micaz.a(rtimer-arch.o)
 .debug_abbrev  0x00003fdf       0x4c contiki-micaz.a(watchdog.o)
 .debug_abbrev  0x0000402b      0x19c contiki-micaz.a(frame802154.o)
 .debug_abbrev  0x000041c7       0x5d contiki-micaz.a(spi.o)

.debug_line     0x00000000     0x6c70
 *(.debug_line)
 .debug_line    0x00000000      0x3ab attilio_receive.co
 .debug_line    0x000003ab       0x6a symbols.o
 .debug_line    0x00000415       0xf8 contiki-micaz.a(rimeaddr.o)
 .debug_line    0x0000050d      0x19e contiki-micaz.a(broadcast.o)
 .debug_line    0x000006ab      0x181 contiki-micaz.a(abc.o)
 .debug_line    0x0000082c      0x1a2 contiki-micaz.a(channel.o)
 .debug_line    0x000009ce      0x44e contiki-micaz.a(process.o)
 .debug_line    0x00000e1c      0x2b8 contiki-micaz.a(list.o)
 .debug_line    0x000010d4      0x3e1 contiki-micaz.a(etimer.o)
 .debug_line    0x000014b5      0x3d6 contiki-micaz.a(packetbuf.o)
 .debug_line    0x0000188b      0x228 contiki-micaz.a(contiki-micaz-m)
 .debug_line    0x00001ab3      0x216 contiki-micaz.a(init-net.o)
 .debug_line    0x00001cc9      0x12f contiki-micaz.a(node-id.o)
 .debug_line    0x00001df8      0x21e contiki-micaz.a(clock.o)
 .debug_line    0x00002016      0x2d5 contiki-micaz.a(ds2401.o)
 .debug_line    0x000022eb      0x2d5 contiki-micaz.a(packages.o)
 .debug_line    0x000025c0       0xef contiki-micaz.a(eeprom.o)
 .debug_line    0x000026af      0x151 contiki-micaz.a(leds.o)
 .debug_line    0x00002800      0x274 contiki-micaz.a(rime.o)
 .debug_line    0x00002a74       0x70 contiki-micaz.a(rimestats.o)
 .debug_line    0x00002ae4      0x25d contiki-micaz.a(announcement.o)
 .debug_line    0x00002d41      0x33e contiki-micaz.a(broadcast-annou)
 .debug_line    0x0000307f      0x189 contiki-micaz.a(chameleon.o)
 .debug_line    0x00003208      0x459 contiki-micaz.a(chameleon-bitop)
 .debug_line    0x00003661      0x95e contiki-micaz.a(cxmac.o)
 .debug_line    0x00003fbf      0x187 contiki-micaz.a(nullmac.o)
 .debug_line    0x00004146       0x7b contiki-micaz.a(mac.o)
 .debug_line    0x000041c1      0x2e9 contiki-micaz.a(framer-802154.o)
 .debug_line    0x000044aa       0xe0 contiki-micaz.a(autostart.o)
 .debug_line    0x0000458a      0x1d2 contiki-micaz.a(compower.o)
 .debug_line    0x0000475c      0x15b contiki-micaz.a(memb.o)
 .debug_line    0x000048b7      0x113 contiki-micaz.a(timer.o)
 .debug_line    0x000049ca      0x323 contiki-micaz.a(ctimer.o)
 .debug_line    0x00004ced       0x9b contiki-micaz.a(energest.o)
 .debug_line    0x00004d88       0xf5 contiki-micaz.a(rtimer.o)
 .debug_line    0x00004e7d       0x89 contiki-micaz.a(random.o)
 .debug_line    0x00004f06      0x2d3 contiki-micaz.a(queuebuf.o)
 .debug_line    0x000051d9      0x269 contiki-micaz.a(rs232.o)
 .debug_line    0x00005442      0x126 contiki-micaz.a(leds-arch.o)
 .debug_line    0x00005568      0xdf3 contiki-micaz.a(cc2420.o)
 .debug_line    0x0000635b      0x165 contiki-micaz.a(cc2420-arch.o)
 .debug_line    0x000064c0      0x172 contiki-micaz.a(rtimer-arch.o)
 .debug_line    0x00006632      0x114 contiki-micaz.a(watchdog.o)
 .debug_line    0x00006746      0x46b contiki-micaz.a(frame802154.o)
 .debug_line    0x00006bb1       0xbf contiki-micaz.a(spi.o)

.debug_frame    0x00000000     0x1380
 *(.debug_frame)
 .debug_frame   0x00000000       0x40 attilio_receive.co
 .debug_frame   0x00000040       0x40 contiki-micaz.a(rimeaddr.o)
 .debug_frame   0x00000080       0x60 contiki-micaz.a(broadcast.o)
 .debug_frame   0x000000e0       0x60 contiki-micaz.a(abc.o)
 .debug_frame   0x00000140       0x60 contiki-micaz.a(channel.o)
 .debug_frame   0x000001a0       0xe0 contiki-micaz.a(process.o)
 .debug_frame   0x00000280       0xd0 contiki-micaz.a(list.o)
 .debug_frame   0x00000350       0xf0 contiki-micaz.a(etimer.o)
 .debug_frame   0x00000440      0x160 contiki-micaz.a(packetbuf.o)
 .debug_frame   0x000005a0       0x30 contiki-micaz.a(contiki-micaz-m)
 .debug_frame   0x000005d0       0x20 contiki-micaz.a(init-net.o)
 .debug_frame   0x000005f0       0x30 contiki-micaz.a(node-id.o)
 .debug_frame   0x00000620       0x80 contiki-micaz.a(clock.o)
 .debug_frame   0x000006a0       0x40 contiki-micaz.a(ds2401.o)
 .debug_frame   0x000006e0       0x60 contiki-micaz.a(packages.o)
 .debug_frame   0x00000740       0x30 contiki-micaz.a(eeprom.o)
 .debug_frame   0x00000770       0x90 contiki-micaz.a(leds.o)
 .debug_frame   0x00000800       0x70 contiki-micaz.a(rime.o)
 .debug_frame   0x00000870       0xc0 contiki-micaz.a(announcement.o)
 .debug_frame   0x00000930       0xa0 contiki-micaz.a(broadcast-annou)
 .debug_frame   0x000009d0       0x50 contiki-micaz.a(chameleon.o)
 .debug_frame   0x00000a20       0x80 contiki-micaz.a(chameleon-bitop)
 .debug_frame   0x00000aa0       0xe0 contiki-micaz.a(cxmac.o)
 .debug_frame   0x00000b80       0x70 contiki-micaz.a(nullmac.o)
 .debug_frame   0x00000bf0       0x20 contiki-micaz.a(mac.o)
 .debug_frame   0x00000c10       0x30 contiki-micaz.a(framer-802154.o)
 .debug_frame   0x00000c40       0x30 contiki-micaz.a(autostart.o)
 .debug_frame   0x00000c70       0x60 contiki-micaz.a(compower.o)
 .debug_frame   0x00000cd0       0x50 contiki-micaz.a(memb.o)
 .debug_frame   0x00000d20       0x60 contiki-micaz.a(timer.o)
 .debug_frame   0x00000d80       0x80 contiki-micaz.a(ctimer.o)
 .debug_frame   0x00000e00       0x50 contiki-micaz.a(energest.o)
 .debug_frame   0x00000e50       0x40 contiki-micaz.a(rtimer.o)
 .debug_frame   0x00000e90       0x30 contiki-micaz.a(random.o)
 .debug_frame   0x00000ec0       0xb0 contiki-micaz.a(queuebuf.o)
 .debug_frame   0x00000f70       0xa0 contiki-micaz.a(rs232.o)
 .debug_frame   0x00001010       0x40 contiki-micaz.a(leds-arch.o)
 .debug_frame   0x00001050      0x1f0 contiki-micaz.a(cc2420.o)
 .debug_frame   0x00001240       0x30 contiki-micaz.a(cc2420-arch.o)
 .debug_frame   0x00001270       0x40 contiki-micaz.a(rtimer-arch.o)
 .debug_frame   0x000012b0       0x60 contiki-micaz.a(watchdog.o)
 .debug_frame   0x00001310       0x50 contiki-micaz.a(frame802154.o)
 .debug_frame   0x00001360       0x20 contiki-micaz.a(spi.o)

.debug_str      0x00000000     0x2d07
 *(.debug_str)
 .debug_str     0x00000000      0x32e attilio_receive.co
                                0x3df (size before relaxing)
 .debug_str     0x0000032e       0x20 symbols.o
                                 0x83 (size before relaxing)
 .debug_str     0x0000034e       0x70 contiki-micaz.a(rimeaddr.o)
                                0x156 (size before relaxing)
 .debug_str     0x000003be      0x355 contiki-micaz.a(broadcast.o)
                                0x53d (size before relaxing)
 .debug_str     0x00000713       0x49 contiki-micaz.a(abc.o)
                                0x4ce (size before relaxing)
 .debug_str     0x0000075c       0x92 contiki-micaz.a(channel.o)
                                0x207 (size before relaxing)
 .debug_str     0x000007ee      0x16f contiki-micaz.a(process.o)
                                0x299 (size before relaxing)
 .debug_str     0x0000095d       0xa8 contiki-micaz.a(list.o)
                                0x109 (size before relaxing)
 .debug_str     0x00000a05      0x133 contiki-micaz.a(etimer.o)
                                0x2a6 (size before relaxing)
 .debug_str     0x00000b38      0x1df contiki-micaz.a(packetbuf.o)
                                0x61c (size before relaxing)
 .debug_str     0x00000d17       0x5a contiki-micaz.a(contiki-micaz-m)
                                0x1f2 (size before relaxing)
 .debug_str     0x00000d71       0xe5 contiki-micaz.a(init-net.o)
                                0x22b (size before relaxing)
 .debug_str     0x00000e56       0x62 contiki-micaz.a(node-id.o)
                                0x142 (size before relaxing)
 .debug_str     0x00000eb8       0x81 contiki-micaz.a(clock.o)
                                0x16f (size before relaxing)
 .debug_str     0x00000f39       0x72 contiki-micaz.a(ds2401.o)
                                0x162 (size before relaxing)
 .debug_str     0x00000fab       0x91 contiki-micaz.a(packages.o)
                                0x2f6 (size before relaxing)
 .debug_str     0x0000103c       0x29 contiki-micaz.a(eeprom.o)
                                0x122 (size before relaxing)
 .debug_str     0x00001065       0x74 contiki-micaz.a(leds.o)
                                0x140 (size before relaxing)
 .debug_str     0x000010d9      0x16a contiki-micaz.a(rime.o)
                                0x37c (size before relaxing)
 .debug_str     0x00001243       0x20 contiki-micaz.a(rimestats.o)
                                0x10b (size before relaxing)
 .debug_str     0x00001263      0x19f contiki-micaz.a(announcement.o)
                                0x2e1 (size before relaxing)
 .debug_str     0x00001402      0x187 contiki-micaz.a(broadcast-annou)
                                0x434 (size before relaxing)
 .debug_str     0x00001589       0x97 contiki-micaz.a(chameleon.o)
                                0x4e5 (size before relaxing)
 .debug_str     0x00001620       0xc4 contiki-micaz.a(chameleon-bitop)
                                0x57c (size before relaxing)
 .debug_str     0x000016e4      0x367 contiki-micaz.a(cxmac.o)
                                0xa44 (size before relaxing)
 .debug_str     0x00001a4b       0x2a contiki-micaz.a(nullmac.o)
                                0x223 (size before relaxing)
 .debug_str     0x00001a75       0x30 contiki-micaz.a(mac.o)
                                0x16b (size before relaxing)
 .debug_str     0x00001aa5      0x1b3 contiki-micaz.a(framer-802154.o)
                                0x62b (size before relaxing)
 .debug_str     0x00001c58       0x3a contiki-micaz.a(autostart.o)
                                0x151 (size before relaxing)
 .debug_str     0x00001c92      0x1b8 contiki-micaz.a(compower.o)
                                0x60e (size before relaxing)
 .debug_str     0x00001e4a       0x46 contiki-micaz.a(memb.o)
                                0x11b (size before relaxing)
 .debug_str     0x00001e90       0x27 contiki-micaz.a(timer.o)
                                0x140 (size before relaxing)
 .debug_str     0x00001eb7       0xad contiki-micaz.a(ctimer.o)
                                0x23a (size before relaxing)
 .debug_str     0x00001f64       0x5c contiki-micaz.a(energest.o)
                                0x121 (size before relaxing)
 .debug_str     0x00001fc0       0xb8 contiki-micaz.a(rtimer.o)
                                0x198 (size before relaxing)
 .debug_str     0x00002078       0x35 contiki-micaz.a(random.o)
                                 0xf5 (size before relaxing)
 .debug_str     0x000020ad      0x18a contiki-micaz.a(queuebuf.o)
                                0x5ea (size before relaxing)
 .debug_str     0x00002237      0x10a contiki-micaz.a(rs232.o)
                                0x1ed (size before relaxing)
 .debug_str     0x00002341       0x50 contiki-micaz.a(leds-arch.o)
                                0x11d (size before relaxing)
 .debug_str     0x00002391      0x789 contiki-micaz.a(cc2420.o)
                                0xded (size before relaxing)
 .debug_str     0x00002b1a       0x43 contiki-micaz.a(cc2420-arch.o)
                                0x178 (size before relaxing)
 .debug_str     0x00002b5d       0x50 contiki-micaz.a(rtimer-arch.o)
                                0x13a (size before relaxing)
 .debug_str     0x00002bad       0x68 contiki-micaz.a(watchdog.o)
                                0x126 (size before relaxing)
 .debug_str     0x00002c15       0xca contiki-micaz.a(frame802154.o)
                                0x314 (size before relaxing)
 .debug_str     0x00002cdf       0x28 contiki-micaz.a(spi.o)
                                 0xf0 (size before relaxing)

.debug_loc      0x00000000     0x4807
 *(.debug_loc)
 .debug_loc     0x00000000      0x1d5 attilio_receive.co
 .debug_loc     0x000001d5      0x118 contiki-micaz.a(rimeaddr.o)
 .debug_loc     0x000002ed      0x158 contiki-micaz.a(broadcast.o)
 .debug_loc     0x00000445      0x138 contiki-micaz.a(abc.o)
 .debug_loc     0x0000057d      0x12c contiki-micaz.a(channel.o)
 .debug_loc     0x000006a9      0x38f contiki-micaz.a(process.o)
 .debug_loc     0x00000a38      0x41c contiki-micaz.a(list.o)
 .debug_loc     0x00000e54      0x42e contiki-micaz.a(etimer.o)
 .debug_loc     0x00001282      0x217 contiki-micaz.a(packetbuf.o)
 .debug_loc     0x00001499       0x5c contiki-micaz.a(init-net.o)
 .debug_loc     0x000014f5       0x63 contiki-micaz.a(node-id.o)
 .debug_loc     0x00001558       0x68 contiki-micaz.a(clock.o)
 .debug_loc     0x000015c0      0x2bb contiki-micaz.a(ds2401.o)
 .debug_loc     0x0000187b      0x1a7 contiki-micaz.a(packages.o)
 .debug_loc     0x00001a22       0xd0 contiki-micaz.a(eeprom.o)
 .debug_loc     0x00001af2       0xbe contiki-micaz.a(leds.o)
 .debug_loc     0x00001bb0      0x168 contiki-micaz.a(rime.o)
 .debug_loc     0x00001d18      0x224 contiki-micaz.a(announcement.o)
 .debug_loc     0x00001f3c      0x26b contiki-micaz.a(broadcast-annou)
 .debug_loc     0x000021a7       0xd4 contiki-micaz.a(chameleon.o)
 .debug_loc     0x0000227b      0x688 contiki-micaz.a(chameleon-bitop)
 .debug_loc     0x00002903      0x7ae contiki-micaz.a(cxmac.o)
 .debug_loc     0x000030b1       0x48 contiki-micaz.a(nullmac.o)
 .debug_loc     0x000030f9       0x90 contiki-micaz.a(mac.o)
 .debug_loc     0x00003189       0xd1 contiki-micaz.a(framer-802154.o)
 .debug_loc     0x0000325a       0x58 contiki-micaz.a(autostart.o)
 .debug_loc     0x000032b2       0xac contiki-micaz.a(compower.o)
 .debug_loc     0x0000335e      0x1b0 contiki-micaz.a(memb.o)
 .debug_loc     0x0000350e      0x10c contiki-micaz.a(timer.o)
 .debug_loc     0x0000361a      0x311 contiki-micaz.a(ctimer.o)
 .debug_loc     0x0000392b       0xc7 contiki-micaz.a(rtimer.o)
 .debug_loc     0x000039f2       0x18 contiki-micaz.a(random.o)
 .debug_loc     0x00003a0a      0x203 contiki-micaz.a(queuebuf.o)
 .debug_loc     0x00003c0d      0x123 contiki-micaz.a(rs232.o)
 .debug_loc     0x00003d30      0x7a0 contiki-micaz.a(cc2420.o)
 .debug_loc     0x000044d0       0x24 contiki-micaz.a(rtimer-arch.o)
 .debug_loc     0x000044f4      0x313 contiki-micaz.a(frame802154.o)

.debug_macinfo
 *(.debug_macinfo)
OUTPUT(attilio_receive.elf elf32-avr)
LOAD linker stubs

.bootloader     0x0001f800        0x0

.debug_pubtypes
                0x00000000     0x1751
 .debug_pubtypes
                0x00000000      0x16c attilio_receive.co
 .debug_pubtypes
                0x0000016c       0x1e symbols.o
 .debug_pubtypes
                0x0000018a       0x2d contiki-micaz.a(rimeaddr.o)
 .debug_pubtypes
                0x000001b7       0xe2 contiki-micaz.a(broadcast.o)
 .debug_pubtypes
                0x00000299       0xb7 contiki-micaz.a(abc.o)
 .debug_pubtypes
                0x00000350       0xa3 contiki-micaz.a(channel.o)
 .debug_pubtypes
                0x000003f3       0x7d contiki-micaz.a(process.o)
 .debug_pubtypes
                0x00000470       0x26 contiki-micaz.a(list.o)
 .debug_pubtypes
                0x00000496       0x7b contiki-micaz.a(etimer.o)
 .debug_pubtypes
                0x00000511       0x75 contiki-micaz.a(packetbuf.o)
 .debug_pubtypes
                0x00000586       0xac contiki-micaz.a(contiki-micaz-m)
 .debug_pubtypes
                0x00000632       0x8f contiki-micaz.a(init-net.o)
 .debug_pubtypes
                0x000006c1       0x2b contiki-micaz.a(node-id.o)
 .debug_pubtypes
                0x000006ec       0x2f contiki-micaz.a(clock.o)
 .debug_pubtypes
                0x0000071b       0x2b contiki-micaz.a(ds2401.o)
 .debug_pubtypes
                0x00000746      0x103 contiki-micaz.a(packages.o)
 .debug_pubtypes
                0x00000849       0x3d contiki-micaz.a(eeprom.o)
 .debug_pubtypes
                0x00000886       0x12 contiki-micaz.a(leds.o)
 .debug_pubtypes
                0x00000898       0xf7 contiki-micaz.a(rime.o)
 .debug_pubtypes
                0x0000098f       0x20 contiki-micaz.a(rimestats.o)
 .debug_pubtypes
                0x000009af       0x8c contiki-micaz.a(announcement.o)
 .debug_pubtypes
                0x00000a3b      0x1cf contiki-micaz.a(broadcast-annou)
 .debug_pubtypes
                0x00000c0a       0xad contiki-micaz.a(chameleon.o)
 .debug_pubtypes
                0x00000cb7       0xbc contiki-micaz.a(chameleon-bitop)
 .debug_pubtypes
                0x00000d73      0x1cc contiki-micaz.a(cxmac.o)
 .debug_pubtypes
                0x00000f3f       0xbe contiki-micaz.a(nullmac.o)
 .debug_pubtypes
                0x00000ffd       0x25 contiki-micaz.a(mac.o)
 .debug_pubtypes
                0x00001022       0xe5 contiki-micaz.a(framer-802154.o)
 .debug_pubtypes
                0x00001107       0x55 contiki-micaz.a(autostart.o)
 .debug_pubtypes
                0x0000115c       0xaa contiki-micaz.a(compower.o)
 .debug_pubtypes
                0x00001206       0x1b contiki-micaz.a(memb.o)
 .debug_pubtypes
                0x00001221       0x2d contiki-micaz.a(timer.o)
 .debug_pubtypes
                0x0000124e       0x91 contiki-micaz.a(ctimer.o)
 .debug_pubtypes
                0x000012df       0x12 contiki-micaz.a(energest.o)
 .debug_pubtypes
                0x000012f1       0x46 contiki-micaz.a(rtimer.o)
 .debug_pubtypes
                0x00001337       0x12 contiki-micaz.a(random.o)
 .debug_pubtypes
                0x00001349       0xae contiki-micaz.a(queuebuf.o)
 .debug_pubtypes
                0x000013f7       0x29 contiki-micaz.a(rs232.o)
 .debug_pubtypes
                0x00001420       0x1e contiki-micaz.a(leds-arch.o)
 .debug_pubtypes
                0x0000143e      0x165 contiki-micaz.a(cc2420.o)
 .debug_pubtypes
                0x000015a3       0x75 contiki-micaz.a(cc2420-arch.o)
 .debug_pubtypes
                0x00001618       0x3e contiki-micaz.a(rtimer-arch.o)
 .debug_pubtypes
                0x00001656       0x2b contiki-micaz.a(watchdog.o)
 .debug_pubtypes
                0x00001681       0xb2 contiki-micaz.a(frame802154.o)
 .debug_pubtypes
                0x00001733       0x1e contiki-micaz.a(spi.o)

.debug_ranges   0x00000000      0x198
 .debug_ranges  0x00000000       0xa8 contiki-micaz.a(ds2401.o)
 .debug_ranges  0x000000a8       0x48 contiki-micaz.a(chameleon-bitop)
 .debug_ranges  0x000000f0       0x90 contiki-micaz.a(cxmac.o)
 .debug_ranges  0x00000180       0x18 contiki-micaz.a(cc2420.o)
