Archive member included because of file (symbol)

contiki-micaz.a(broadcast.o)  attilio_receive.co (broadcast_open)
contiki-micaz.a(abc.o)        contiki-micaz.a(broadcast.o) (abc_open)
contiki-micaz.a(channel.o)    contiki-micaz.a(abc.o) (channel_open)
contiki-micaz.a(process.o)    attilio_receive.co (process_post)
contiki-micaz.a(list.o)       contiki-micaz.a(channel.o) (list_init)
contiki-micaz.a(packetbuf.o)  attilio_receive.co (packetbuf_dataptr)
contiki-micaz.a(contiki-micaz-m)
                              /usr/lib/gcc/avr/4.5.3/../../../avr/lib/avr51/crtm128.o (main)
contiki-micaz.a(init-net.o)   contiki-micaz.a(contiki-micaz-m) (init_net)
contiki-micaz.a(node-id.o)    contiki-micaz.a(contiki-micaz-m) (node_id_restore)
contiki-micaz.a(clock.o)      contiki-micaz.a(contiki-micaz-m) (clock_init)
contiki-micaz.a(ds2401.o)     contiki-micaz.a(contiki-micaz-m) (ds2401_init)
contiki-micaz.a(eeprom.o)     contiki-micaz.a(node-id.o) (eeprom_write)
contiki-micaz.a(leds.o)       contiki-micaz.a(contiki-micaz-m) (leds_init)
contiki-micaz.a(rimeaddr.o)   contiki-micaz.a(broadcast.o) (rimeaddr_copy)
contiki-micaz.a(rime.o)       contiki-micaz.a(abc.o) (rime_output)
contiki-micaz.a(rimestats.o)  contiki-micaz.a(rime.o) (rimestats)
contiki-micaz.a(announcement.o)
                              contiki-micaz.a(rime.o) (announcement_init)
contiki-micaz.a(broadcast-annou)
                              contiki-micaz.a(rime.o) (broadcast_announcement_init)
contiki-micaz.a(chameleon.o)  contiki-micaz.a(rime.o) (chameleon_init)
contiki-micaz.a(chameleon-bitop)
                              contiki-micaz.a(chameleon.o) (chameleon_bitopt)
contiki-micaz.a(cxmac.o)      contiki-micaz.a(init-net.o) (cxmac_driver)
contiki-micaz.a(nullmac.o)    contiki-micaz.a(init-net.o) (nullmac_driver)
contiki-micaz.a(mac.o)        contiki-micaz.a(cxmac.o) (mac_call_sent_callback)
contiki-micaz.a(framer-802154.o)
                              contiki-micaz.a(cxmac.o) (framer_802154)
contiki-micaz.a(autostart.o)  contiki-micaz.a(contiki-micaz-m) (autostart_start)
contiki-micaz.a(compower.o)   contiki-micaz.a(cxmac.o) (compower_idle_activity)
contiki-micaz.a(memb.o)       contiki-micaz.a(cxmac.o) (memb_init)
contiki-micaz.a(etimer.o)     contiki-micaz.a(clock.o) (etimer_request_poll)
contiki-micaz.a(ctimer.o)     contiki-micaz.a(contiki-micaz-m) (ctimer_init)
contiki-micaz.a(energest.o)   contiki-micaz.a(compower.o) (energest_type_time)
contiki-micaz.a(rtimer.o)     contiki-micaz.a(contiki-micaz-m) (rtimer_init)
contiki-micaz.a(random.o)     contiki-micaz.a(contiki-micaz-m) (random_init)
contiki-micaz.a(queuebuf.o)   contiki-micaz.a(rime.o) (queuebuf_init)
contiki-micaz.a(rs232.o)      contiki-micaz.a(contiki-micaz-m) (rs232_init)
contiki-micaz.a(leds-arch.o)  contiki-micaz.a(leds.o) (leds_arch_init)
contiki-micaz.a(cc2420.o)     contiki-micaz.a(init-net.o) (cc2420_set_channel)
contiki-micaz.a(cc2420-arch.o)
                              contiki-micaz.a(cc2420.o) (cc2420_arch_init)
contiki-micaz.a(rtimer-arch.o)
                              contiki-micaz.a(rtimer.o) (rtimer_arch_init)
contiki-micaz.a(watchdog.o)   contiki-micaz.a(cxmac.o) (watchdog_start)
contiki-micaz.a(frame802154.o)
                              contiki-micaz.a(framer-802154.o) (frame802154_hdrlen)
contiki-micaz.a(timer.o)      contiki-micaz.a(etimer.o) (timer_set)
contiki-micaz.a(spi.o)        contiki-micaz.a(cc2420-arch.o) (spi_init)
/usr/lib/gcc/avr/4.5.3/avr51/libgcc.a(_udivmodhi4.o)
                              contiki-micaz.a(init-net.o) (__udivmodhi4)
/usr/lib/gcc/avr/4.5.3/avr51/libgcc.a(_exit.o)
                              /usr/lib/gcc/avr/4.5.3/../../../avr/lib/avr51/crtm128.o (exit)
/usr/lib/gcc/avr/4.5.3/avr51/libgcc.a(_copy_data.o)
                              attilio_receive.co (__do_copy_data)
/usr/lib/gcc/avr/4.5.3/avr51/libgcc.a(_clear_bss.o)
                              attilio_receive.co (__do_clear_bss)
/usr/lib/gcc/avr/4.5.3/avr51/libgcc.a(_fixunssfsi.o)
                              attilio_receive.co (__fixunssfsi)
/usr/lib/gcc/avr/4.5.3/avr51/libgcc.a(_addsub_sf.o)
                              /usr/lib/gcc/avr/4.5.3/avr51/libgcc.a(_fixunssfsi.o) (__subsf3)
/usr/lib/gcc/avr/4.5.3/avr51/libgcc.a(_eq_sf.o)
                              attilio_receive.co (__eqsf2)
/usr/lib/gcc/avr/4.5.3/avr51/libgcc.a(_ge_sf.o)
                              /usr/lib/gcc/avr/4.5.3/avr51/libgcc.a(_fixunssfsi.o) (__gesf2)
/usr/lib/gcc/avr/4.5.3/avr51/libgcc.a(_si_to_sf.o)
                              attilio_receive.co (__floatsisf)
/usr/lib/gcc/avr/4.5.3/avr51/libgcc.a(_sf_to_si.o)
                              /usr/lib/gcc/avr/4.5.3/avr51/libgcc.a(_fixunssfsi.o) (__fixsfsi)
/usr/lib/gcc/avr/4.5.3/avr51/libgcc.a(_thenan_sf.o)
                              /usr/lib/gcc/avr/4.5.3/avr51/libgcc.a(_addsub_sf.o) (__thenan_sf)
/usr/lib/gcc/avr/4.5.3/avr51/libgcc.a(_usi_to_sf.o)
                              attilio_receive.co (__floatunsisf)
/usr/lib/gcc/avr/4.5.3/avr51/libgcc.a(_prologue.o)
                              /usr/lib/gcc/avr/4.5.3/avr51/libgcc.a(_addsub_sf.o) (__prologue_saves__)
/usr/lib/gcc/avr/4.5.3/avr51/libgcc.a(_epilogue.o)
                              /usr/lib/gcc/avr/4.5.3/avr51/libgcc.a(_addsub_sf.o) (__epilogue_restores__)
/usr/lib/gcc/avr/4.5.3/avr51/libgcc.a(_clzsi2.o)
                              /usr/lib/gcc/avr/4.5.3/avr51/libgcc.a(_si_to_sf.o) (__clzsi2)
/usr/lib/gcc/avr/4.5.3/avr51/libgcc.a(_pack_sf.o)
                              /usr/lib/gcc/avr/4.5.3/avr51/libgcc.a(_addsub_sf.o) (__pack_f)
/usr/lib/gcc/avr/4.5.3/avr51/libgcc.a(_unpack_sf.o)
                              /usr/lib/gcc/avr/4.5.3/avr51/libgcc.a(_addsub_sf.o) (__unpack_f)
/usr/lib/gcc/avr/4.5.3/avr51/libgcc.a(_fpcmp_parts_sf.o)
                              /usr/lib/gcc/avr/4.5.3/avr51/libgcc.a(_eq_sf.o) (__fpcmp_parts_f)
/usr/lib/gcc/avr/4.5.3/avr51/libgcc.a(_clz.o)
                              /usr/lib/gcc/avr/4.5.3/avr51/libgcc.a(_clzsi2.o) (__clz_tab)
/usr/lib/gcc/avr/4.5.3/../../../avr/lib/avr51/libc.a(malloc.o)
                              attilio_receive.co (malloc)
/usr/lib/gcc/avr/4.5.3/../../../avr/lib/avr51/libc.a(rand.o)
                              contiki-micaz.a(random.o) (rand)
/usr/lib/gcc/avr/4.5.3/../../../avr/lib/avr51/libc.a(realloc.o)
                              attilio_receive.co (realloc)
/usr/lib/gcc/avr/4.5.3/../../../avr/lib/avr51/libc.a(memcpy.o)
                              attilio_receive.co (memcpy)
/usr/lib/gcc/avr/4.5.3/../../../avr/lib/avr51/libc.a(memset.o)
                              contiki-micaz.a(chameleon-bitop) (memset)
/usr/lib/gcc/avr/4.5.3/../../../avr/lib/avr51/libc.a(iob.o)
                              contiki-micaz.a(rs232.o) (__iob)
/usr/lib/gcc/avr/4.5.3/../../../avr/lib/avr51/libc.a(printf.o)
                              attilio_receive.co (printf)
/usr/lib/gcc/avr/4.5.3/../../../avr/lib/avr51/libc.a(printf_p.o)
                              contiki-micaz.a(contiki-micaz-m) (printf_P)
/usr/lib/gcc/avr/4.5.3/../../../avr/lib/avr51/libc.a(puts.o)
                              attilio_receive.co (puts)
/usr/lib/gcc/avr/4.5.3/../../../avr/lib/avr51/libc.a(sqrt.o)
                              attilio_receive.co (sqrt)
/usr/lib/gcc/avr/4.5.3/../../../avr/lib/avr51/libc.a(vfprintf_std.o)
                              /usr/lib/gcc/avr/4.5.3/../../../avr/lib/avr51/libc.a(printf.o) (vfprintf)
/usr/lib/gcc/avr/4.5.3/../../../avr/lib/avr51/libc.a(eerd_block_atmega128.o)
                              contiki-micaz.a(eeprom.o) (__eerd_block_m128)
/usr/lib/gcc/avr/4.5.3/../../../avr/lib/avr51/libc.a(eewr_block_atmega128.o)
                              contiki-micaz.a(eeprom.o) (__eewr_block_m128)
/usr/lib/gcc/avr/4.5.3/../../../avr/lib/avr51/libc.a(eewr_byte_atmega128.o)
                              /usr/lib/gcc/avr/4.5.3/../../../avr/lib/avr51/libc.a(eewr_block_atmega128.o) (__eewr_r18_m128)
/usr/lib/gcc/avr/4.5.3/../../../avr/lib/avr51/libc.a(strnlen_P.o)
                              /usr/lib/gcc/avr/4.5.3/../../../avr/lib/avr51/libc.a(vfprintf_std.o) (strnlen_P)
/usr/lib/gcc/avr/4.5.3/../../../avr/lib/avr51/libc.a(strnlen.o)
                              /usr/lib/gcc/avr/4.5.3/../../../avr/lib/avr51/libc.a(vfprintf_std.o) (strnlen)
/usr/lib/gcc/avr/4.5.3/../../../avr/lib/avr51/libc.a(fputc.o)
                              /usr/lib/gcc/avr/4.5.3/../../../avr/lib/avr51/libc.a(vfprintf_std.o) (fputc)
/usr/lib/gcc/avr/4.5.3/../../../avr/lib/avr51/libc.a(ultoa_invert.o)
                              /usr/lib/gcc/avr/4.5.3/../../../avr/lib/avr51/libc.a(vfprintf_std.o) (__ultoa_invert)
/usr/lib/gcc/avr/4.5.3/../../../avr/lib/avr51/libc.a(fp_mpack.o)
                              /usr/lib/gcc/avr/4.5.3/../../../avr/lib/avr51/libc.a(sqrt.o) (__fp_mpack)
/usr/lib/gcc/avr/4.5.3/../../../avr/lib/avr51/libc.a(fp_nan.o)
                              /usr/lib/gcc/avr/4.5.3/../../../avr/lib/avr51/libc.a(sqrt.o) (__fp_nan)
/usr/lib/gcc/avr/4.5.3/../../../avr/lib/avr51/libc.a(fp_norm2.o)
                              /usr/lib/gcc/avr/4.5.3/../../../avr/lib/avr51/libc.a(sqrt.o) (__fp_norm2)
/usr/lib/gcc/avr/4.5.3/../../../avr/lib/avr51/libc.a(fp_split3.o)
                              /usr/lib/gcc/avr/4.5.3/../../../avr/lib/avr51/libc.a(sqrt.o) (__fp_splitA)
/usr/lib/gcc/avr/4.5.3/avr51/libgcc.a(_mulsi3.o)
                              /usr/lib/gcc/avr/4.5.3/../../../avr/lib/avr51/libc.a(rand.o) (__mulsi3)
/usr/lib/gcc/avr/4.5.3/avr51/libgcc.a(_divmodsi4.o)
                              /usr/lib/gcc/avr/4.5.3/../../../avr/lib/avr51/libc.a(rand.o) (__divmodsi4)
/usr/lib/gcc/avr/4.5.3/avr51/libgcc.a(_udivmodsi4.o)
                              /usr/lib/gcc/avr/4.5.3/avr51/libgcc.a(_divmodsi4.o) (__udivmodsi4)

Allocating common symbols
Common symbol       size              file

compower_idle_activity
                    0x8               contiki-micaz.a(compower.o)
cc2420_last_rssi    0x1               contiki-micaz.a(cc2420.o)
cc2420_packets_read
                    0x2               contiki-micaz.a(cc2420.o)
cc2420_packets_seen
                    0x2               contiki-micaz.a(cc2420.o)
cc2420_sfd_start_time
                    0x2               contiki-micaz.a(cc2420.o)
cc2420_time_of_departure
                    0x2               contiki-micaz.a(cc2420.o)
input_handler_1     0x2               contiki-micaz.a(rs232.o)
cc2420_time_of_arrival
                    0x2               contiki-micaz.a(cc2420.o)
rimestats           0x48              contiki-micaz.a(rimestats.o)
packetbuf_addrs     0x8               contiki-micaz.a(packetbuf.o)
rimeaddr_node_addr  0x2               contiki-micaz.a(rimeaddr.o)
process_maxevents   0x1               contiki-micaz.a(process.o)
__brkval            0x2               /usr/lib/gcc/avr/4.5.3/../../../avr/lib/avr51/libc.a(malloc.o)
cc2420_last_correlation
                    0x1               contiki-micaz.a(cc2420.o)
cc2420_authority_level_of_sender
                    0x2               contiki-micaz.a(cc2420.o)
packetbuf_attrs     0x30              contiki-micaz.a(packetbuf.o)
cc2420_sfd_counter  0x1               contiki-micaz.a(cc2420.o)
ds2401_id           0x8               contiki-micaz.a(ds2401.o)
input_handler_0     0x2               contiki-micaz.a(rs232.o)
__flp               0x2               /usr/lib/gcc/avr/4.5.3/../../../avr/lib/avr51/libc.a(malloc.o)
cc2420_sfd_end_time
                    0x2               contiki-micaz.a(cc2420.o)
__iob               0x6               /usr/lib/gcc/avr/4.5.3/../../../avr/lib/avr51/libc.a(iob.o)

Memory Configuration

Name             Origin             Length             Attributes
text             0x00000000         0x00020000         xr
data             0x00800100         0x0000ff00         rw !x
eeprom           0x00810000         0x00010000         rw !x
fuse             0x00820000         0x00000400         rw !x
lock             0x00830000         0x00000400         rw !x
signature        0x00840000         0x00000400         rw !x
*default*        0x00000000         0xffffffff

Linker script and memory map

Address of section .data set to 0x800100
LOAD /usr/lib/gcc/avr/4.5.3/../../../avr/lib/avr51/crtm128.o
Address of section .bootloader set to 0x1f800
LOAD attilio_receive.co
LOAD contiki-micaz.a
LOAD /usr/lib/gcc/avr/4.5.3/avr51/libgcc.a
LOAD /usr/lib/gcc/avr/4.5.3/../../../avr/lib/avr51/libc.a
LOAD /usr/lib/gcc/avr/4.5.3/avr51/libgcc.a

.hash
 *(.hash)

.dynsym
 *(.dynsym)

.dynstr
 *(.dynstr)

.gnu.version
 *(.gnu.version)

.gnu.version_d
 *(.gnu.version_d)

.gnu.version_r
 *(.gnu.version_r)

.rel.init
 *(.rel.init)

.rela.init
 *(.rela.init)

.rel.text
 *(.rel.text)
 *(.rel.text.*)
 *(.rel.gnu.linkonce.t*)

.rela.text
 *(.rela.text)
 *(.rela.text.*)
 *(.rela.gnu.linkonce.t*)

.rel.fini
 *(.rel.fini)

.rela.fini
 *(.rela.fini)

.rel.rodata
 *(.rel.rodata)
 *(.rel.rodata.*)
 *(.rel.gnu.linkonce.r*)

.rela.rodata
 *(.rela.rodata)
 *(.rela.rodata.*)
 *(.rela.gnu.linkonce.r*)

.rel.data
 *(.rel.data)
 *(.rel.data.*)
 *(.rel.gnu.linkonce.d*)

.rela.data
 *(.rela.data)
 *(.rela.data.*)
 *(.rela.gnu.linkonce.d*)

.rel.ctors
 *(.rel.ctors)

.rela.ctors
 *(.rela.ctors)

.rel.dtors
 *(.rel.dtors)

.rela.dtors
 *(.rela.dtors)

.rel.got
 *(.rel.got)

.rela.got
 *(.rela.got)

.rel.bss
 *(.rel.bss)

.rela.bss
 *(.rela.bss)

.rel.plt
 *(.rel.plt)

.rela.plt
 *(.rela.plt)

.text           0x00000000     0x6098
 *(.vectors)
 .vectors       0x00000000       0x8c /usr/lib/gcc/avr/4.5.3/../../../avr/lib/avr51/crtm128.o
                0x00000000                __vectors
                0x00000000                __vector_default
 *(.vectors)
 *(.progmem.gcc*)
 *(.progmem*)
 .progmem.data  0x0000008c       0x21 contiki-micaz.a(contiki-micaz-m)
 .progmem.data  0x000000ad       0x83 contiki-micaz.a(init-net.o)
                0x00000130                . = ALIGN (0x2)
                0x00000130                __trampolines_start = .
 *(.trampolines)
 .trampolines   0x00000130        0x0 linker stubs
 *(.trampolines*)
                0x00000130                __trampolines_end = .
 *(.jumptables)
 *(.jumptables*)
 *(.lowtext)
 *(.lowtext*)
                0x00000130                __ctors_start = .
 *(.ctors)
                0x00000130                __ctors_end = .
                0x00000130                __dtors_start = .
 *(.dtors)
                0x00000130                __dtors_end = .
 SORT(*)(.ctors)
 SORT(*)(.dtors)
 *(.init0)
 .init0         0x00000130        0x0 /usr/lib/gcc/avr/4.5.3/../../../avr/lib/avr51/crtm128.o
                0x00000130                __init
 *(.init0)
 *(.init1)
 *(.init1)
 *(.init2)
 .init2         0x00000130        0xc /usr/lib/gcc/avr/4.5.3/../../../avr/lib/avr51/crtm128.o
 *(.init2)
 *(.init3)
 *(.init3)
 *(.init4)
 .init4         0x0000013c       0x1a /usr/lib/gcc/avr/4.5.3/avr51/libgcc.a(_copy_data.o)
                0x0000013c                __do_copy_data
 .init4         0x00000156       0x10 /usr/lib/gcc/avr/4.5.3/avr51/libgcc.a(_clear_bss.o)
                0x00000156                __do_clear_bss
 *(.init4)
 *(.init5)
 *(.init5)
 *(.init6)
 *(.init6)
 *(.init7)
 *(.init7)
 *(.init8)
 *(.init8)
 *(.init9)
 .init9         0x00000166        0x8 /usr/lib/gcc/avr/4.5.3/../../../avr/lib/avr51/crtm128.o
 *(.init9)
 *(.text)
 .text          0x0000016e        0x4 /usr/lib/gcc/avr/4.5.3/../../../avr/lib/avr51/crtm128.o
                0x0000016e                __vector_22
                0x0000016e                __vector_28
                0x0000016e                __vector_1
                0x0000016e                __vector_32
                0x0000016e                __vector_34
                0x0000016e                __vector_24
                0x0000016e                __vector_12
                0x0000016e                __bad_interrupt
                0x0000016e                __vector_6
                0x0000016e                __vector_31
                0x0000016e                __vector_3
                0x0000016e                __vector_23
                0x0000016e                __vector_25
                0x0000016e                __vector_11
                0x0000016e                __vector_13
                0x0000016e                __vector_17
                0x0000016e                __vector_19
                0x0000016e                __vector_27
                0x0000016e                __vector_5
                0x0000016e                __vector_33
                0x0000016e                __vector_4
                0x0000016e                __vector_9
                0x0000016e                __vector_2
                0x0000016e                __vector_21
                0x0000016e                __vector_29
                0x0000016e                __vector_8
                0x0000016e                __vector_14
                0x0000016e                __vector_10
                0x0000016e                __vector_16
                0x0000016e                __vector_20
 .text          0x00000172      0x1f8 attilio_receive.co
 .text          0x0000036a       0xc0 contiki-micaz.a(broadcast.o)
                0x000003d0                broadcast_open
                0x00000406                broadcast_close
                0x0000040c                broadcast_send
 .text          0x0000042a       0x66 contiki-micaz.a(abc.o)
                0x0000042a                abc_open
                0x0000045c                abc_close
                0x00000462                abc_send
                0x00000468                abc_input
                0x00000478                abc_sent
 .text          0x00000490       0x82 contiki-micaz.a(channel.o)
                0x00000490                channel_init
                0x0000049a                channel_open
                0x000004ac                channel_close
                0x000004b8                channel_lookup
                0x000004e8                channel_set_attributes
 .text          0x00000512      0x372 contiki-micaz.a(process.o)
                0x0000067a                process_alloc_event
                0x00000688                process_exit
                0x00000696                process_init
                0x000006ba                process_run
                0x0000078c                process_nevents
                0x0000079e                process_post
                0x000007f4                process_post_synch
                0x00000812                process_start
                0x00000858                process_poll
                0x00000870                process_is_running
 .text          0x00000884      0x1a8 contiki-micaz.a(list.o)
                0x00000884                list_init
                0x0000088c                list_head
                0x00000894                list_copy
                0x000008a2                list_tail
                0x000008c6                list_chop
                0x0000090e                list_pop
                0x00000928                list_remove
                0x00000972                list_push
                0x0000099a                list_add
                0x000009d8                list_length
                0x000009f8                list_insert
                0x00000a18                list_item_next
 .text          0x00000a2c      0x364 contiki-micaz.a(packetbuf.o)
                0x00000a2c                packetbuf_clear_hdr
                0x00000a34                packetbuf_copyto_hdr
                0x00000a62                packetbuf_copyto
                0x00000aea                packetbuf_hdr_remove
                0x00000af6                packetbuf_hdrreduce
                0x00000b34                packetbuf_set_datalen
                0x00000b3e                packetbuf_dataptr
                0x00000b4e                packetbuf_hdrptr
                0x00000b5c                packetbuf_is_reference
                0x00000b78                packetbuf_compact
                0x00000bd8                packetbuf_reference_ptr
                0x00000be2                packetbuf_datalen
                0x00000bec                packetbuf_hdrlen
                0x00000bf6                packetbuf_totlen
                0x00000c0e                packetbuf_hdralloc
                0x00000c4c                packetbuf_attr_clear
                0x00000c84                packetbuf_clear
                0x00000cac                packetbuf_reference
                0x00000cd6                packetbuf_copyfrom
                0x00000d3c                packetbuf_attr_copyto
                0x00000d66                packetbuf_attr_copyfrom
 .text          0x00000d90       0xa4 contiki-micaz.a(contiki-micaz-m)
                0x00000d90                init_usart
                0x00000da2                main
 .text          0x00000e34      0x20e contiki-micaz.a(init-net.o)
                0x00000e34                init_net
 .text          0x00001042       0x9e contiki-micaz.a(node-id.o)
                0x00001042                node_id_restore
                0x0000109a                node_id_burn
 .text          0x000010e0      0x17a contiki-micaz.a(clock.o)
                0x000010e0                __vector_15
                0x00001198                clock_init
                0x000011d0                clock_time
                0x000011ea                clock_delay
                0x00001200                clock_wait
                0x00001228                clock_set_seconds
                0x0000122a                clock_seconds
 .text          0x0000125a      0x190 contiki-micaz.a(ds2401.o)
                0x000012c4                ds2401_init
 .text          0x000013ea       0x20 contiki-micaz.a(eeprom.o)
                0x000013ea                eeprom_write
                0x000013fa                eeprom_read
 .text          0x0000140a       0x82 contiki-micaz.a(leds.o)
                0x0000141a                leds_init
                0x00001428                leds_get
                0x0000142e                leds_on
                0x0000143e                leds_off
                0x00001450                leds_invert
                0x00001460                leds_toggle
                0x00001466                leds_blink
 .text          0x0000148c       0x46 contiki-micaz.a(rimeaddr.o)
                0x0000148c                rimeaddr_copy
                0x0000149e                rimeaddr_cmp
                0x000014c2                rimeaddr_set_node_addr
 .text          0x000014d2      0x16a contiki-micaz.a(rime.o)
                0x000015c8                rime_sniffer_add
                0x000015d4                rime_sniffer_remove
                0x000015e0                rime_output
 .text          0x0000163c        0x0 contiki-micaz.a(rimestats.o)
 .text          0x0000163c      0x17e contiki-micaz.a(announcement.o)
                0x0000163c                announcement_init
                0x00001646                announcement_register
                0x00001688                announcement_remove
                0x00001694                announcement_remove_value
                0x000016c4                announcement_set_value
                0x00001700                announcement_bump
                0x0000172e                announcement_listen
                0x0000173e                announcement_register_listen_callback
                0x00001748                announcement_register_observer_callback
                0x00001752                announcement_list
                0x0000175c                announcement_heard
 .text          0x000017ba      0x23a contiki-micaz.a(broadcast-annou)
                0x00001976                broadcast_announcement_init
                0x000019c6                broadcast_announcement_stop
                0x000019ea                broadcast_announcement_beacon_interval
 .text          0x000019f4       0x62 contiki-micaz.a(chameleon.o)
                0x000019f4                chameleon_init
                0x000019fa                chameleon_parse
                0x00001a1a                chameleon_create
                0x00001a4a                chameleon_hdrsize
 .text          0x00001a56      0x4d2 contiki-micaz.a(chameleon-bitop)
                0x00001a70                get_bits_in_byte
                0x00001aae                get_bits
                0x00001cdc                set_bits_in_byte
                0x00001d04                set_bits
 .text          0x00001f28      0x82e contiki-micaz.a(cxmac.o)
                0x00002724                cxmac_init
                0x00002754                cxmac_set_announcement_radio_txpower
 .text          0x00002756       0x38 contiki-micaz.a(nullmac.o)
 .text          0x0000278e       0x10 contiki-micaz.a(mac.o)
                0x0000278e                mac_call_sent_callback
 .text          0x0000279e      0x216 contiki-micaz.a(framer-802154.o)
 .text          0x000029b4       0x58 contiki-micaz.a(autostart.o)
                0x000029b4                autostart_start
                0x000029e2                autostart_exit
 .text          0x00002a0c      0x16e contiki-micaz.a(compower.o)
                0x00002a0c                compower_init
                0x00002a2e                compower_accumulate
                0x00002ae6                compower_clear
                0x00002afa                compower_attrconv
                0x00002b2e                compower_accumulate_attrs
 .text          0x00002b7a      0x110 contiki-micaz.a(memb.o)
                0x00002b7a                memb_init
                0x00002bba                memb_alloc
                0x00002c06                memb_free
                0x00002c50                memb_inmemb
 .text          0x00002c8a      0x2ea contiki-micaz.a(etimer.o)
                0x00002cee                etimer_request_poll
                0x00002e68                etimer_set
                0x00002e7e                etimer_reset
                0x00002e94                etimer_restart
                0x00002eaa                etimer_adjust
                0x00002ebe                etimer_expired
                0x00002ed4                etimer_expiration_time
                0x00002ee6                etimer_start_time
                0x00002eee                etimer_pending
                0x00002f06                etimer_next_expiration_time
                0x00002f24                etimer_stop
 .text          0x00002f74      0x288 contiki-micaz.a(ctimer.o)
                0x0000305a                ctimer_init
                0x00003074                ctimer_set
                0x000030da                ctimer_reset
                0x0000312e                ctimer_restart
                0x00003182                ctimer_stop
                0x000031b2                ctimer_expired
 .text          0x000031fc        0xe contiki-micaz.a(energest.o)
                0x000031fc                energest_type_set
                0x000031fe                energest_init
                0x00003200                energest_type_time
                0x00003208                energest_flush
 .text          0x0000320a       0x7c contiki-micaz.a(rtimer.o)
                0x0000320a                rtimer_init
                0x00003210                rtimer_set
                0x00003248                rtimer_run_next
 .text          0x00003286        0xc contiki-micaz.a(random.o)
                0x00003286                random_init
                0x0000328c                random_rand
 .text          0x00003292      0x210 contiki-micaz.a(queuebuf.o)
                0x00003292                queuebuf_init
                0x000032ac                queuebuf_new_from_packetbuf
                0x0000334a                queuebuf_update_attr_from_packetbuf
                0x00003360                queuebuf_free
                0x000033a4                queuebuf_to_packetbuf
                0x00003420                queuebuf_dataptr
                0x0000345e                queuebuf_datalen
                0x0000346c                queuebuf_addr
                0x00003484                queuebuf_attr
                0x000034a0                queuebuf_debug_print
 .text          0x000034a2      0x1b8 contiki-micaz.a(rs232.o)
                0x000034a2                __vector_18
                0x000034fe                __vector_30
                0x0000355c                rs232_init
                0x00003598                rs232_send
                0x000035b6                rs232_stdout_putchar
                0x000035e0                rs232_set_input
                0x000035fc                rs232_print
                0x0000363e                slip_arch_writeb
                0x00003648                rs232_redirect_stdout
 .text          0x0000365a       0x56 contiki-micaz.a(leds-arch.o)
                0x0000365a                leds_arch_init
                0x00003668                leds_arch_get
                0x00003688                leds_arch_set
 .text          0x000036b0      0xb26 contiki-micaz.a(cc2420.o)
                0x000038ea                cc2420_on
                0x00003916                cc2420_off
                0x00003c52                cc2420_get_channel
                0x00003c5c                cc2420_set_channel
                0x00003cfc                cc2420_set_pan_addr
                0x00003e10                cc2420_init
                0x00003ed8                cc2420_interrupt
                0x00003f16                cc2420_set_txpower
                0x00003f2a                cc2420_get_txpower
                0x000040f6                cc2420_rssi
                0x0000417e                cc2420_cca_valid
                0x000041ba                cc2420_set_cca_threshold
 .text          0x000041d6       0x6e contiki-micaz.a(cc2420-arch.o)
                0x000041d6                cc2420_arch_init
                0x000041f4                __vector_7
 .text          0x00004244       0xb6 contiki-micaz.a(rtimer-arch.o)
                0x00004244                __vector_26
                0x0000429e                rtimer_arch_init
                0x000042d6                rtimer_arch_schedule
 .text          0x000042fa       0x50 contiki-micaz.a(watchdog.o)
                0x000042fa                watchdog_init
                0x0000430e                watchdog_start
                0x00004322                watchdog_periodic
                0x00004326                watchdog_stop
                0x00004334                watchdog_reboot
 .text          0x0000434a      0x452 contiki-micaz.a(frame802154.o)
                0x000043fc                frame802154_hdrlen
                0x00004438                frame802154_create
                0x0000460e                frame802154_parse
 .text          0x0000479c       0x98 contiki-micaz.a(timer.o)
                0x0000479c                timer_set
                0x000047b4                timer_reset
                0x000047c8                timer_restart
                0x000047dc                timer_expired
                0x0000480a                timer_remaining
 .text          0x00004834       0x16 contiki-micaz.a(spi.o)
                0x00004834                spi_init
 .text          0x0000484a        0x0 /usr/lib/gcc/avr/4.5.3/avr51/libgcc.a(_udivmodhi4.o)
 .text          0x0000484a        0x0 /usr/lib/gcc/avr/4.5.3/avr51/libgcc.a(_exit.o)
 .text          0x0000484a        0x0 /usr/lib/gcc/avr/4.5.3/avr51/libgcc.a(_copy_data.o)
 .text          0x0000484a        0x0 /usr/lib/gcc/avr/4.5.3/avr51/libgcc.a(_clear_bss.o)
 .text          0x0000484a       0x58 /usr/lib/gcc/avr/4.5.3/avr51/libgcc.a(_fixunssfsi.o)
                0x0000484a                __fixunssfsi
 .text          0x000048a2      0x350 /usr/lib/gcc/avr/4.5.3/avr51/libgcc.a(_addsub_sf.o)
                0x00004b36                __addsf3
                0x00004b90                __subsf3
 .text          0x00004bf2       0x60 /usr/lib/gcc/avr/4.5.3/avr51/libgcc.a(_eq_sf.o)
                0x00004bf2                __eqsf2
 .text          0x00004c52       0x60 /usr/lib/gcc/avr/4.5.3/avr51/libgcc.a(_ge_sf.o)
                0x00004c52                __gesf2
 .text          0x00004cb2       0xc0 /usr/lib/gcc/avr/4.5.3/avr51/libgcc.a(_si_to_sf.o)
                0x00004cb2                __floatsisf
 .text          0x00004d72       0xa4 /usr/lib/gcc/avr/4.5.3/avr51/libgcc.a(_sf_to_si.o)
                0x00004d72                __fixsfsi
 .text          0x00004e16        0x0 /usr/lib/gcc/avr/4.5.3/avr51/libgcc.a(_thenan_sf.o)
 .text          0x00004e16       0xf0 /usr/lib/gcc/avr/4.5.3/avr51/libgcc.a(_usi_to_sf.o)
                0x00004e16                __floatunsisf
 .text          0x00004f06        0x0 /usr/lib/gcc/avr/4.5.3/avr51/libgcc.a(_prologue.o)
 .text          0x00004f06        0x0 /usr/lib/gcc/avr/4.5.3/avr51/libgcc.a(_epilogue.o)
 .text          0x00004f06       0xb4 /usr/lib/gcc/avr/4.5.3/avr51/libgcc.a(_clzsi2.o)
                0x00004f06                __clzsi2
 .text          0x00004fba      0x19c /usr/lib/gcc/avr/4.5.3/avr51/libgcc.a(_pack_sf.o)
                0x00004fba                __pack_f
 .text          0x00005156       0xd2 /usr/lib/gcc/avr/4.5.3/avr51/libgcc.a(_unpack_sf.o)
                0x00005156                __unpack_f
 .text          0x00005228       0xb2 /usr/lib/gcc/avr/4.5.3/avr51/libgcc.a(_fpcmp_parts_sf.o)
                0x00005228                __fpcmp_parts_f
 .text          0x000052da        0x0 /usr/lib/gcc/avr/4.5.3/avr51/libgcc.a(_clz.o)
 .text          0x000052da        0x0 /usr/lib/gcc/avr/4.5.3/../../../avr/lib/avr51/libc.a(malloc.o)
 .text          0x000052da        0x0 /usr/lib/gcc/avr/4.5.3/../../../avr/lib/avr51/libc.a(rand.o)
 .text          0x000052da        0x0 /usr/lib/gcc/avr/4.5.3/../../../avr/lib/avr51/libc.a(realloc.o)
 .text          0x000052da        0x0 /usr/lib/gcc/avr/4.5.3/../../../avr/lib/avr51/libc.a(memcpy.o)
 .text          0x000052da        0x0 /usr/lib/gcc/avr/4.5.3/../../../avr/lib/avr51/libc.a(memset.o)
 .text          0x000052da        0x0 /usr/lib/gcc/avr/4.5.3/../../../avr/lib/avr51/libc.a(iob.o)
 .text          0x000052da        0x0 /usr/lib/gcc/avr/4.5.3/../../../avr/lib/avr51/libc.a(printf.o)
 .text          0x000052da        0x0 /usr/lib/gcc/avr/4.5.3/../../../avr/lib/avr51/libc.a(printf_p.o)
 .text          0x000052da        0x0 /usr/lib/gcc/avr/4.5.3/../../../avr/lib/avr51/libc.a(puts.o)
 .text          0x000052da        0x0 /usr/lib/gcc/avr/4.5.3/../../../avr/lib/avr51/libc.a(sqrt.o)
 .text          0x000052da        0x0 /usr/lib/gcc/avr/4.5.3/../../../avr/lib/avr51/libc.a(vfprintf_std.o)
 .text          0x000052da        0x0 /usr/lib/gcc/avr/4.5.3/../../../avr/lib/avr51/libc.a(eerd_block_atmega128.o)
 .text          0x000052da        0x0 /usr/lib/gcc/avr/4.5.3/../../../avr/lib/avr51/libc.a(eewr_block_atmega128.o)
 .text          0x000052da        0x0 /usr/lib/gcc/avr/4.5.3/../../../avr/lib/avr51/libc.a(eewr_byte_atmega128.o)
 .text          0x000052da        0x0 /usr/lib/gcc/avr/4.5.3/../../../avr/lib/avr51/libc.a(strnlen_P.o)
 .text          0x000052da        0x0 /usr/lib/gcc/avr/4.5.3/../../../avr/lib/avr51/libc.a(strnlen.o)
 .text          0x000052da        0x0 /usr/lib/gcc/avr/4.5.3/../../../avr/lib/avr51/libc.a(fputc.o)
 .text          0x000052da        0x0 /usr/lib/gcc/avr/4.5.3/../../../avr/lib/avr51/libc.a(ultoa_invert.o)
 .text          0x000052da        0x0 /usr/lib/gcc/avr/4.5.3/../../../avr/lib/avr51/libc.a(fp_mpack.o)
 .text          0x000052da        0x0 /usr/lib/gcc/avr/4.5.3/../../../avr/lib/avr51/libc.a(fp_nan.o)
 .text          0x000052da        0x0 /usr/lib/gcc/avr/4.5.3/../../../avr/lib/avr51/libc.a(fp_norm2.o)
 .text          0x000052da        0x0 /usr/lib/gcc/avr/4.5.3/../../../avr/lib/avr51/libc.a(fp_split3.o)
 .text          0x000052da        0x0 /usr/lib/gcc/avr/4.5.3/avr51/libgcc.a(_mulsi3.o)
 .text          0x000052da        0x0 /usr/lib/gcc/avr/4.5.3/avr51/libgcc.a(_divmodsi4.o)
 .text          0x000052da        0x0 /usr/lib/gcc/avr/4.5.3/avr51/libgcc.a(_udivmodsi4.o)
                0x000052da                . = ALIGN (0x2)
 *(.text.*)
 .text.libgcc   0x000052da       0x28 /usr/lib/gcc/avr/4.5.3/avr51/libgcc.a(_udivmodhi4.o)
                0x000052da                __udivmodhi4
 .text.libgcc   0x00005302        0x0 /usr/lib/gcc/avr/4.5.3/avr51/libgcc.a(_exit.o)
 .text.libgcc   0x00005302        0x0 /usr/lib/gcc/avr/4.5.3/avr51/libgcc.a(_copy_data.o)
 .text.libgcc   0x00005302        0x0 /usr/lib/gcc/avr/4.5.3/avr51/libgcc.a(_clear_bss.o)
 .text.libgcc   0x00005302       0x38 /usr/lib/gcc/avr/4.5.3/avr51/libgcc.a(_prologue.o)
                0x00005302                __prologue_saves__
 .text.libgcc   0x0000533a       0x36 /usr/lib/gcc/avr/4.5.3/avr51/libgcc.a(_epilogue.o)
                0x0000533a                __epilogue_restores__
 .text.avr-libc
                0x00005370      0x266 /usr/lib/gcc/avr/4.5.3/../../../avr/lib/avr51/libc.a(malloc.o)
                0x00005370                malloc
                0x000054a4                free
 .text.avr-libc
                0x000055d6       0xbc /usr/lib/gcc/avr/4.5.3/../../../avr/lib/avr51/libc.a(rand.o)
                0x0000566c                rand_r
                0x00005672                rand
                0x0000567c                srand
 .text.avr-libc
                0x00005692      0x1b2 /usr/lib/gcc/avr/4.5.3/../../../avr/lib/avr51/libc.a(realloc.o)
                0x00005692                realloc
 .text.avr-libc
                0x00005844       0x12 /usr/lib/gcc/avr/4.5.3/../../../avr/lib/avr51/libc.a(memcpy.o)
                0x00005844                memcpy
 .text.avr-libc
                0x00005856        0xe /usr/lib/gcc/avr/4.5.3/../../../avr/lib/avr51/libc.a(memset.o)
                0x00005856                memset
 .text.avr-libc
                0x00005864       0x24 /usr/lib/gcc/avr/4.5.3/../../../avr/lib/avr51/libc.a(printf.o)
                0x00005864                printf
 .text.avr-libc
                0x00005888       0x40 /usr/lib/gcc/avr/4.5.3/../../../avr/lib/avr51/libc.a(printf_p.o)
                0x00005888                printf_P
 .text.avr-libc
                0x000058c8       0x6e /usr/lib/gcc/avr/4.5.3/../../../avr/lib/avr51/libc.a(puts.o)
                0x000058c8                puts
 .text.avr-libc.fplib
                0x00005936       0x84 /usr/lib/gcc/avr/4.5.3/../../../avr/lib/avr51/libc.a(sqrt.o)
                0x0000593e                sqrt
 .text.avr-libc
                0x000059ba      0x420 /usr/lib/gcc/avr/4.5.3/../../../avr/lib/avr51/libc.a(vfprintf_std.o)
                0x000059ba                vfprintf
 .text.avr-libc
                0x00005dda       0x20 /usr/lib/gcc/avr/4.5.3/../../../avr/lib/avr51/libc.a(eerd_block_atmega128.o)
                0x00005dda                __eerd_block_m128
                0x00005dde                __eerd_blraw_m128
 .text.avr-libc
                0x00005dfa       0x14 /usr/lib/gcc/avr/4.5.3/../../../avr/lib/avr51/libc.a(eewr_block_atmega128.o)
                0x00005dfa                __eewr_block_m128
 .text.avr-libc
                0x00005e0e       0x1a /usr/lib/gcc/avr/4.5.3/../../../avr/lib/avr51/libc.a(eewr_byte_atmega128.o)
                0x00005e0e                __eewr_byte_m128
                0x00005e10                __eewr_r18_m128
 .text.avr-libc
                0x00005e28       0x16 /usr/lib/gcc/avr/4.5.3/../../../avr/lib/avr51/libc.a(strnlen_P.o)
                0x00005e28                strnlen_P
 .text.avr-libc
                0x00005e3e       0x16 /usr/lib/gcc/avr/4.5.3/../../../avr/lib/avr51/libc.a(strnlen.o)
                0x00005e3e                strnlen
 .text.avr-libc
                0x00005e54       0x58 /usr/lib/gcc/avr/4.5.3/../../../avr/lib/avr51/libc.a(fputc.o)
                0x00005e54                fputc
 .text.avr-libc
                0x00005eac       0xbc /usr/lib/gcc/avr/4.5.3/../../../avr/lib/avr51/libc.a(ultoa_invert.o)
                0x00005eac                __ultoa_invert
 .text.avr-libc.fplib
                0x00005f68       0x1c /usr/lib/gcc/avr/4.5.3/../../../avr/lib/avr51/libc.a(fp_mpack.o)
                0x00005f68                __fp_mpack
                0x00005f6c                __fp_mpack_finite
 .text.avr-libc.fplib
                0x00005f84        0x6 /usr/lib/gcc/avr/4.5.3/../../../avr/lib/avr51/libc.a(fp_nan.o)
                0x00005f84                __fp_nan
 .text.avr-libc.fplib
                0x00005f8a        0xe /usr/lib/gcc/avr/4.5.3/../../../avr/lib/avr51/libc.a(fp_norm2.o)
                0x00005f8a                __fp_norm2
 .text.avr-libc.fplib
                0x00005f98       0x44 /usr/lib/gcc/avr/4.5.3/../../../avr/lib/avr51/libc.a(fp_split3.o)
                0x00005f98                __fp_split3
                0x00005fa8                __fp_splitA
 .text.libgcc   0x00005fdc       0x3e /usr/lib/gcc/avr/4.5.3/avr51/libgcc.a(_mulsi3.o)
                0x00005fdc                __mulsi3
 .text.libgcc   0x0000601a       0x36 /usr/lib/gcc/avr/4.5.3/avr51/libgcc.a(_divmodsi4.o)
                0x0000601a                __divmodsi4
 .text.libgcc   0x00006050       0x44 /usr/lib/gcc/avr/4.5.3/avr51/libgcc.a(_udivmodsi4.o)
                0x00006050                __udivmodsi4
                0x00006094                . = ALIGN (0x2)
 *(.fini9)
 .fini9         0x00006094        0x0 /usr/lib/gcc/avr/4.5.3/avr51/libgcc.a(_exit.o)
                0x00006094                exit
                0x00006094                _exit
 *(.fini9)
 *(.fini8)
 *(.fini8)
 *(.fini7)
 *(.fini7)
 *(.fini6)
 *(.fini6)
 *(.fini5)
 *(.fini5)
 *(.fini4)
 *(.fini4)
 *(.fini3)
 *(.fini3)
 *(.fini2)
 *(.fini2)
 *(.fini1)
 *(.fini1)
 *(.fini0)
 .fini0         0x00006094        0x4 /usr/lib/gcc/avr/4.5.3/avr51/libgcc.a(_exit.o)
 *(.fini0)
                0x00006098                _etext = .

.data           0x00800100      0x1fc load address 0x00006098
                0x00800100                PROVIDE (__data_start, .)
 *(.data)
 .data          0x00800100        0x0 /usr/lib/gcc/avr/4.5.3/../../../avr/lib/avr51/crtm128.o
 .data          0x00800100       0x2b attilio_receive.co
                0x0080011b                example_broadcast_process
                0x00800123                autostart_processes
 .data          0x0080012b        0x8 contiki-micaz.a(broadcast.o)
 .data          0x00800133        0x2 contiki-micaz.a(abc.o)
 .data          0x00800135        0x0 contiki-micaz.a(channel.o)
 .data          0x00800135        0x0 contiki-micaz.a(process.o)
 .data          0x00800135        0x0 contiki-micaz.a(list.o)
 .data          0x00800135        0x0 contiki-micaz.a(packetbuf.o)
 .data          0x00800135        0x0 contiki-micaz.a(contiki-micaz-m)
 .data          0x00800135        0x0 contiki-micaz.a(init-net.o)
 .data          0x00800135        0x0 contiki-micaz.a(node-id.o)
 .data          0x00800135        0x0 contiki-micaz.a(clock.o)
 .data          0x00800135        0x0 contiki-micaz.a(ds2401.o)
 .data          0x00800135        0x0 contiki-micaz.a(eeprom.o)
 .data          0x00800135        0x0 contiki-micaz.a(leds.o)
 .data          0x00800135        0x2 contiki-micaz.a(rimeaddr.o)
                0x00800135                rimeaddr_null
 .data          0x00800137        0xb contiki-micaz.a(rime.o)
                0x0080013c                rime_driver
 .data          0x00800142        0x0 contiki-micaz.a(rimestats.o)
 .data          0x00800142        0x0 contiki-micaz.a(announcement.o)
 .data          0x00800142        0x4 contiki-micaz.a(broadcast-annou)
 .data          0x00800146        0x0 contiki-micaz.a(chameleon.o)
 .data          0x00800146        0xf contiki-micaz.a(chameleon-bitop)
                0x00800146                chameleon_bitopt
 .data          0x00800155       0x27 contiki-micaz.a(cxmac.o)
                0x00800155                cxmac_config
                0x00800164                cxmac_driver
 .data          0x0080017c       0x16 contiki-micaz.a(nullmac.o)
                0x00800184                nullmac_driver
 .data          0x00800192        0x0 contiki-micaz.a(mac.o)
 .data          0x00800192        0x4 contiki-micaz.a(framer-802154.o)
                0x00800192                framer_802154
 .data          0x00800196        0x0 contiki-micaz.a(autostart.o)
 .data          0x00800196        0x0 contiki-micaz.a(compower.o)
 .data          0x00800196        0x0 contiki-micaz.a(memb.o)
 .data          0x00800196        0x8 contiki-micaz.a(etimer.o)
                0x00800196                etimer_process
 .data          0x0080019e        0x8 contiki-micaz.a(ctimer.o)
                0x0080019e                ctimer_process
 .data          0x008001a6        0x0 contiki-micaz.a(energest.o)
 .data          0x008001a6        0x0 contiki-micaz.a(rtimer.o)
 .data          0x008001a6        0x0 contiki-micaz.a(random.o)
 .data          0x008001a6       0x18 contiki-micaz.a(queuebuf.o)
 .data          0x008001be        0xe contiki-micaz.a(rs232.o)
 .data          0x008001cc        0x0 contiki-micaz.a(leds-arch.o)
 .data          0x008001cc       0x1c contiki-micaz.a(cc2420.o)
                0x008001cc                cc2420_process
                0x008001d4                cc2420_driver
 .data          0x008001e8        0x0 contiki-micaz.a(cc2420-arch.o)
 .data          0x008001e8        0x0 contiki-micaz.a(rtimer-arch.o)
 .data          0x008001e8        0x0 contiki-micaz.a(watchdog.o)
 .data          0x008001e8        0x2 contiki-micaz.a(frame802154.o)
 .data          0x008001ea        0x0 contiki-micaz.a(timer.o)
 .data          0x008001ea        0x0 contiki-micaz.a(spi.o)
 .data          0x008001ea        0x0 /usr/lib/gcc/avr/4.5.3/avr51/libgcc.a(_udivmodhi4.o)
 .data          0x008001ea        0x0 /usr/lib/gcc/avr/4.5.3/avr51/libgcc.a(_exit.o)
 .data          0x008001ea        0x0 /usr/lib/gcc/avr/4.5.3/avr51/libgcc.a(_copy_data.o)
 .data          0x008001ea        0x0 /usr/lib/gcc/avr/4.5.3/avr51/libgcc.a(_clear_bss.o)
 .data          0x008001ea        0x0 /usr/lib/gcc/avr/4.5.3/avr51/libgcc.a(_fixunssfsi.o)
 .data          0x008001ea        0x0 /usr/lib/gcc/avr/4.5.3/avr51/libgcc.a(_addsub_sf.o)
 .data          0x008001ea        0x0 /usr/lib/gcc/avr/4.5.3/avr51/libgcc.a(_eq_sf.o)
 .data          0x008001ea        0x0 /usr/lib/gcc/avr/4.5.3/avr51/libgcc.a(_ge_sf.o)
 .data          0x008001ea        0x0 /usr/lib/gcc/avr/4.5.3/avr51/libgcc.a(_si_to_sf.o)
 .data          0x008001ea        0x0 /usr/lib/gcc/avr/4.5.3/avr51/libgcc.a(_sf_to_si.o)
 .data          0x008001ea        0x8 /usr/lib/gcc/avr/4.5.3/avr51/libgcc.a(_thenan_sf.o)
                0x008001ea                __thenan_sf
 .data          0x008001f2        0x0 /usr/lib/gcc/avr/4.5.3/avr51/libgcc.a(_usi_to_sf.o)
 .data          0x008001f2        0x0 /usr/lib/gcc/avr/4.5.3/avr51/libgcc.a(_prologue.o)
 .data          0x008001f2        0x0 /usr/lib/gcc/avr/4.5.3/avr51/libgcc.a(_epilogue.o)
 .data          0x008001f2        0x0 /usr/lib/gcc/avr/4.5.3/avr51/libgcc.a(_clzsi2.o)
 .data          0x008001f2        0x0 /usr/lib/gcc/avr/4.5.3/avr51/libgcc.a(_pack_sf.o)
 .data          0x008001f2        0x0 /usr/lib/gcc/avr/4.5.3/avr51/libgcc.a(_unpack_sf.o)
 .data          0x008001f2        0x0 /usr/lib/gcc/avr/4.5.3/avr51/libgcc.a(_fpcmp_parts_sf.o)
 .data          0x008001f2      0x100 /usr/lib/gcc/avr/4.5.3/avr51/libgcc.a(_clz.o)
                0x008001f2                __clz_tab
 .data          0x008002f2        0x6 /usr/lib/gcc/avr/4.5.3/../../../avr/lib/avr51/libc.a(malloc.o)
                0x008002f2                __malloc_margin
                0x008002f4                __malloc_heap_start
                0x008002f6                __malloc_heap_end
 .data          0x008002f8        0x4 /usr/lib/gcc/avr/4.5.3/../../../avr/lib/avr51/libc.a(rand.o)
 .data          0x008002fc        0x0 /usr/lib/gcc/avr/4.5.3/../../../avr/lib/avr51/libc.a(realloc.o)
 .data          0x008002fc        0x0 /usr/lib/gcc/avr/4.5.3/../../../avr/lib/avr51/libc.a(memcpy.o)
 .data          0x008002fc        0x0 /usr/lib/gcc/avr/4.5.3/../../../avr/lib/avr51/libc.a(memset.o)
 .data          0x008002fc        0x0 /usr/lib/gcc/avr/4.5.3/../../../avr/lib/avr51/libc.a(iob.o)
 .data          0x008002fc        0x0 /usr/lib/gcc/avr/4.5.3/../../../avr/lib/avr51/libc.a(printf.o)
 .data          0x008002fc        0x0 /usr/lib/gcc/avr/4.5.3/../../../avr/lib/avr51/libc.a(printf_p.o)
 .data          0x008002fc        0x0 /usr/lib/gcc/avr/4.5.3/../../../avr/lib/avr51/libc.a(puts.o)
 .data          0x008002fc        0x0 /usr/lib/gcc/avr/4.5.3/../../../avr/lib/avr51/libc.a(sqrt.o)
 .data          0x008002fc        0x0 /usr/lib/gcc/avr/4.5.3/../../../avr/lib/avr51/libc.a(vfprintf_std.o)
 .data          0x008002fc        0x0 /usr/lib/gcc/avr/4.5.3/../../../avr/lib/avr51/libc.a(eerd_block_atmega128.o)
 .data          0x008002fc        0x0 /usr/lib/gcc/avr/4.5.3/../../../avr/lib/avr51/libc.a(eewr_block_atmega128.o)
 .data          0x008002fc        0x0 /usr/lib/gcc/avr/4.5.3/../../../avr/lib/avr51/libc.a(eewr_byte_atmega128.o)
 .data          0x008002fc        0x0 /usr/lib/gcc/avr/4.5.3/../../../avr/lib/avr51/libc.a(strnlen_P.o)
 .data          0x008002fc        0x0 /usr/lib/gcc/avr/4.5.3/../../../avr/lib/avr51/libc.a(strnlen.o)
 .data          0x008002fc        0x0 /usr/lib/gcc/avr/4.5.3/../../../avr/lib/avr51/libc.a(fputc.o)
 .data          0x008002fc        0x0 /usr/lib/gcc/avr/4.5.3/../../../avr/lib/avr51/libc.a(ultoa_invert.o)
 .data          0x008002fc        0x0 /usr/lib/gcc/avr/4.5.3/../../../avr/lib/avr51/libc.a(fp_mpack.o)
 .data          0x008002fc        0x0 /usr/lib/gcc/avr/4.5.3/../../../avr/lib/avr51/libc.a(fp_nan.o)
 .data          0x008002fc        0x0 /usr/lib/gcc/avr/4.5.3/../../../avr/lib/avr51/libc.a(fp_norm2.o)
 .data          0x008002fc        0x0 /usr/lib/gcc/avr/4.5.3/../../../avr/lib/avr51/libc.a(fp_split3.o)
 .data          0x008002fc        0x0 /usr/lib/gcc/avr/4.5.3/avr51/libgcc.a(_mulsi3.o)
 .data          0x008002fc        0x0 /usr/lib/gcc/avr/4.5.3/avr51/libgcc.a(_divmodsi4.o)
 .data          0x008002fc        0x0 /usr/lib/gcc/avr/4.5.3/avr51/libgcc.a(_udivmodsi4.o)
 *(.data*)
 *(.rodata)
 *(.rodata*)
 *(.gnu.linkonce.d*)
                0x008002fc                . = ALIGN (0x2)
                0x008002fc                _edata = .
                0x008002fc                PROVIDE (__data_end, .)

.bss            0x008002fc      0x8bb
                0x008002fc                PROVIDE (__bss_start, .)
 *(.bss)
 .bss           0x008002fc        0x0 /usr/lib/gcc/avr/4.5.3/../../../avr/lib/avr51/crtm128.o
 .bss           0x008002fc        0xf attilio_receive.co
 .bss           0x0080030b        0x0 contiki-micaz.a(broadcast.o)
 .bss           0x0080030b        0x0 contiki-micaz.a(abc.o)
 .bss           0x0080030b        0x2 contiki-micaz.a(channel.o)
 .bss           0x0080030d       0x38 contiki-micaz.a(process.o)
                0x0080030d                process_list
                0x0080030f                process_current
 .bss           0x00800345        0x0 contiki-micaz.a(list.o)
 .bss           0x00800345       0xb9 contiki-micaz.a(packetbuf.o)
 .bss           0x008003fe        0x0 contiki-micaz.a(contiki-micaz-m)
 .bss           0x008003fe        0x0 contiki-micaz.a(init-net.o)
 .bss           0x008003fe        0x2 contiki-micaz.a(node-id.o)
                0x008003fe                node_id
 .bss           0x00800400        0x8 contiki-micaz.a(clock.o)
 .bss           0x00800408        0x0 contiki-micaz.a(ds2401.o)
 .bss           0x00800408        0x0 contiki-micaz.a(eeprom.o)
 .bss           0x00800408        0x2 contiki-micaz.a(leds.o)
 .bss           0x0080040a        0x0 contiki-micaz.a(rimeaddr.o)
 .bss           0x0080040a        0x2 contiki-micaz.a(rime.o)
 .bss           0x0080040c        0x0 contiki-micaz.a(rimestats.o)
 .bss           0x0080040c        0x6 contiki-micaz.a(announcement.o)
 .bss           0x00800412       0x35 contiki-micaz.a(broadcast-annou)
 .bss           0x00800447        0x0 contiki-micaz.a(chameleon.o)
 .bss           0x00800447        0x0 contiki-micaz.a(chameleon-bitop)
 .bss           0x00800447       0x44 contiki-micaz.a(cxmac.o)
 .bss           0x0080048b        0x0 contiki-micaz.a(nullmac.o)
 .bss           0x0080048b        0x0 contiki-micaz.a(mac.o)
 .bss           0x0080048b        0x2 contiki-micaz.a(framer-802154.o)
 .bss           0x0080048d        0x0 contiki-micaz.a(autostart.o)
 .bss           0x0080048d        0x8 contiki-micaz.a(compower.o)
 .bss           0x00800495        0x0 contiki-micaz.a(memb.o)
 .bss           0x00800495        0x4 contiki-micaz.a(etimer.o)
 .bss           0x00800499        0x3 contiki-micaz.a(ctimer.o)
 .bss           0x0080049c        0x0 contiki-micaz.a(energest.o)
 .bss           0x0080049c        0x2 contiki-micaz.a(rtimer.o)
 .bss           0x0080049e        0x0 contiki-micaz.a(random.o)
 .bss           0x0080049e      0x65c contiki-micaz.a(queuebuf.o)
 .bss           0x00800afa        0x1 contiki-micaz.a(rs232.o)
 .bss           0x00800afb        0x0 contiki-micaz.a(leds-arch.o)
 .bss           0x00800afb        0x9 contiki-micaz.a(cc2420.o)
 .bss           0x00800b04        0x0 contiki-micaz.a(cc2420-arch.o)
 .bss           0x00800b04        0x0 contiki-micaz.a(rtimer-arch.o)
 .bss           0x00800b04        0x0 contiki-micaz.a(watchdog.o)
 .bss           0x00800b04        0x0 contiki-micaz.a(frame802154.o)
 .bss           0x00800b04        0x0 contiki-micaz.a(timer.o)
 .bss           0x00800b04        0x1 contiki-micaz.a(spi.o)
                0x00800b04                spi_busy
 .bss           0x00800b05        0x0 /usr/lib/gcc/avr/4.5.3/avr51/libgcc.a(_udivmodhi4.o)
 .bss           0x00800b05        0x0 /usr/lib/gcc/avr/4.5.3/avr51/libgcc.a(_exit.o)
 .bss           0x00800b05        0x0 /usr/lib/gcc/avr/4.5.3/avr51/libgcc.a(_copy_data.o)
 .bss           0x00800b05        0x0 /usr/lib/gcc/avr/4.5.3/avr51/libgcc.a(_clear_bss.o)
 .bss           0x00800b05        0x0 /usr/lib/gcc/avr/4.5.3/avr51/libgcc.a(_fixunssfsi.o)
 .bss           0x00800b05        0x0 /usr/lib/gcc/avr/4.5.3/avr51/libgcc.a(_addsub_sf.o)
 .bss           0x00800b05        0x0 /usr/lib/gcc/avr/4.5.3/avr51/libgcc.a(_eq_sf.o)
 .bss           0x00800b05        0x0 /usr/lib/gcc/avr/4.5.3/avr51/libgcc.a(_ge_sf.o)
 .bss           0x00800b05        0x0 /usr/lib/gcc/avr/4.5.3/avr51/libgcc.a(_si_to_sf.o)
 .bss           0x00800b05        0x0 /usr/lib/gcc/avr/4.5.3/avr51/libgcc.a(_sf_to_si.o)
 .bss           0x00800b05        0x0 /usr/lib/gcc/avr/4.5.3/avr51/libgcc.a(_thenan_sf.o)
 .bss           0x00800b05        0x0 /usr/lib/gcc/avr/4.5.3/avr51/libgcc.a(_usi_to_sf.o)
 .bss           0x00800b05        0x0 /usr/lib/gcc/avr/4.5.3/avr51/libgcc.a(_prologue.o)
 .bss           0x00800b05        0x0 /usr/lib/gcc/avr/4.5.3/avr51/libgcc.a(_epilogue.o)
 .bss           0x00800b05        0x0 /usr/lib/gcc/avr/4.5.3/avr51/libgcc.a(_clzsi2.o)
 .bss           0x00800b05        0x0 /usr/lib/gcc/avr/4.5.3/avr51/libgcc.a(_pack_sf.o)
 .bss           0x00800b05        0x0 /usr/lib/gcc/avr/4.5.3/avr51/libgcc.a(_unpack_sf.o)
 .bss           0x00800b05        0x0 /usr/lib/gcc/avr/4.5.3/avr51/libgcc.a(_fpcmp_parts_sf.o)
 .bss           0x00800b05        0x0 /usr/lib/gcc/avr/4.5.3/avr51/libgcc.a(_clz.o)
 .bss           0x00800b05        0x0 /usr/lib/gcc/avr/4.5.3/../../../avr/lib/avr51/libc.a(malloc.o)
 .bss           0x00800b05        0x0 /usr/lib/gcc/avr/4.5.3/../../../avr/lib/avr51/libc.a(rand.o)
 .bss           0x00800b05        0x0 /usr/lib/gcc/avr/4.5.3/../../../avr/lib/avr51/libc.a(realloc.o)
 .bss           0x00800b05        0x0 /usr/lib/gcc/avr/4.5.3/../../../avr/lib/avr51/libc.a(memcpy.o)
 .bss           0x00800b05        0x0 /usr/lib/gcc/avr/4.5.3/../../../avr/lib/avr51/libc.a(memset.o)
 .bss           0x00800b05        0x0 /usr/lib/gcc/avr/4.5.3/../../../avr/lib/avr51/libc.a(iob.o)
 .bss           0x00800b05        0x0 /usr/lib/gcc/avr/4.5.3/../../../avr/lib/avr51/libc.a(printf.o)
 .bss           0x00800b05        0x0 /usr/lib/gcc/avr/4.5.3/../../../avr/lib/avr51/libc.a(printf_p.o)
 .bss           0x00800b05        0x0 /usr/lib/gcc/avr/4.5.3/../../../avr/lib/avr51/libc.a(puts.o)
 .bss           0x00800b05        0x0 /usr/lib/gcc/avr/4.5.3/../../../avr/lib/avr51/libc.a(sqrt.o)
 .bss           0x00800b05        0x0 /usr/lib/gcc/avr/4.5.3/../../../avr/lib/avr51/libc.a(vfprintf_std.o)
 .bss           0x00800b05        0x0 /usr/lib/gcc/avr/4.5.3/../../../avr/lib/avr51/libc.a(eerd_block_atmega128.o)
 .bss           0x00800b05        0x0 /usr/lib/gcc/avr/4.5.3/../../../avr/lib/avr51/libc.a(eewr_block_atmega128.o)
 .bss           0x00800b05        0x0 /usr/lib/gcc/avr/4.5.3/../../../avr/lib/avr51/libc.a(eewr_byte_atmega128.o)
 .bss           0x00800b05        0x0 /usr/lib/gcc/avr/4.5.3/../../../avr/lib/avr51/libc.a(strnlen_P.o)
 .bss           0x00800b05        0x0 /usr/lib/gcc/avr/4.5.3/../../../avr/lib/avr51/libc.a(strnlen.o)
 .bss           0x00800b05        0x0 /usr/lib/gcc/avr/4.5.3/../../../avr/lib/avr51/libc.a(fputc.o)
 .bss           0x00800b05        0x0 /usr/lib/gcc/avr/4.5.3/../../../avr/lib/avr51/libc.a(ultoa_invert.o)
 .bss           0x00800b05        0x0 /usr/lib/gcc/avr/4.5.3/../../../avr/lib/avr51/libc.a(fp_mpack.o)
 .bss           0x00800b05        0x0 /usr/lib/gcc/avr/4.5.3/../../../avr/lib/avr51/libc.a(fp_nan.o)
 .bss           0x00800b05        0x0 /usr/lib/gcc/avr/4.5.3/../../../avr/lib/avr51/libc.a(fp_norm2.o)
 .bss           0x00800b05        0x0 /usr/lib/gcc/avr/4.5.3/../../../avr/lib/avr51/libc.a(fp_split3.o)
 .bss           0x00800b05        0x0 /usr/lib/gcc/avr/4.5.3/avr51/libgcc.a(_mulsi3.o)
 .bss           0x00800b05        0x0 /usr/lib/gcc/avr/4.5.3/avr51/libgcc.a(_divmodsi4.o)
 .bss           0x00800b05        0x0 /usr/lib/gcc/avr/4.5.3/avr51/libgcc.a(_udivmodsi4.o)
 *(.bss*)
 *(COMMON)
 COMMON         0x00800b05        0x1 contiki-micaz.a(process.o)
                0x00800b05                process_maxevents
 COMMON         0x00800b06       0x38 contiki-micaz.a(packetbuf.o)
                0x00800b06                packetbuf_addrs
                0x00800b0e                packetbuf_attrs
 COMMON         0x00800b3e        0x8 contiki-micaz.a(ds2401.o)
                0x00800b3e                ds2401_id
 COMMON         0x00800b46        0x2 contiki-micaz.a(rimeaddr.o)
                0x00800b46                rimeaddr_node_addr
 COMMON         0x00800b48       0x48 contiki-micaz.a(rimestats.o)
                0x00800b48                rimestats
 COMMON         0x00800b90        0x8 contiki-micaz.a(compower.o)
                0x00800b90                compower_idle_activity
 COMMON         0x00800b98        0x4 contiki-micaz.a(rs232.o)
                0x00800b98                input_handler_1
                0x00800b9a                input_handler_0
 COMMON         0x00800b9c       0x11 contiki-micaz.a(cc2420.o)
                0x00800b9c                cc2420_last_rssi
                0x00800b9d                cc2420_packets_read
                0x00800b9f                cc2420_packets_seen
                0x00800ba1                cc2420_sfd_start_time
                0x00800ba3                cc2420_time_of_departure
                0x00800ba5                cc2420_time_of_arrival
                0x00800ba7                cc2420_last_correlation
                0x00800ba8                cc2420_authority_level_of_sender
                0x00800baa                cc2420_sfd_counter
                0x00800bab                cc2420_sfd_end_time
 COMMON         0x00800bad        0x4 /usr/lib/gcc/avr/4.5.3/../../../avr/lib/avr51/libc.a(malloc.o)
                0x00800bad                __brkval
                0x00800baf                __flp
 COMMON         0x00800bb1        0x6 /usr/lib/gcc/avr/4.5.3/../../../avr/lib/avr51/libc.a(iob.o)
                0x00800bb1                __iob
                0x00800bb7                PROVIDE (__bss_end, .)
                0x00006098                __data_load_start = LOADADDR (.data)
                0x00006294                __data_load_end = (__data_load_start + SIZEOF (.data))

.noinit         0x00800bb7        0x0
                0x00800bb7                PROVIDE (__noinit_start, .)
 *(.noinit*)
                0x00800bb7                PROVIDE (__noinit_end, .)
                0x00800bb7                _end = .
                0x00800bb7                PROVIDE (__heap_start, .)

.eeprom         0x00810000        0x0
 *(.eeprom*)
                0x00810000                __eeprom_end = .

.fuse
 *(.fuse)
 *(.lfuse)
 *(.hfuse)
 *(.efuse)

.lock
 *(.lock*)

.signature
 *(.signature*)

.stab           0x00000000     0x3810
 *(.stab)
 .stab          0x00000000      0x6cc /usr/lib/gcc/avr/4.5.3/../../../avr/lib/avr51/crtm128.o
 .stab          0x000006cc      0x750 /usr/lib/gcc/avr/4.5.3/../../../avr/lib/avr51/libc.a(malloc.o)
                                0x75c (size before relaxing)
 .stab          0x00000e1c      0x2d0 /usr/lib/gcc/avr/4.5.3/../../../avr/lib/avr51/libc.a(rand.o)
                                0x330 (size before relaxing)
 .stab          0x000010ec      0x3cc /usr/lib/gcc/avr/4.5.3/../../../avr/lib/avr51/libc.a(realloc.o)
                                0x5c4 (size before relaxing)
 .stab          0x000014b8       0x84 /usr/lib/gcc/avr/4.5.3/../../../avr/lib/avr51/libc.a(memcpy.o)
                                 0x90 (size before relaxing)
 .stab          0x0000153c       0x6c /usr/lib/gcc/avr/4.5.3/../../../avr/lib/avr51/libc.a(memset.o)
                                 0x78 (size before relaxing)
 .stab          0x000015a8      0x180 /usr/lib/gcc/avr/4.5.3/../../../avr/lib/avr51/libc.a(iob.o)
                                0x30c (size before relaxing)
 .stab          0x00001728      0x18c /usr/lib/gcc/avr/4.5.3/../../../avr/lib/avr51/libc.a(printf.o)
                                0x36c (size before relaxing)
 .stab          0x000018b4      0x1a4 /usr/lib/gcc/avr/4.5.3/../../../avr/lib/avr51/libc.a(printf_p.o)
                                0x384 (size before relaxing)
 .stab          0x00001a58      0x1f8 /usr/lib/gcc/avr/4.5.3/../../../avr/lib/avr51/libc.a(puts.o)
                                0x3d8 (size before relaxing)
 .stab          0x00001c50      0x354 /usr/lib/gcc/avr/4.5.3/../../../avr/lib/avr51/libc.a(sqrt.o)
                                0x360 (size before relaxing)
 .stab          0x00001fa4      0xac8 /usr/lib/gcc/avr/4.5.3/../../../avr/lib/avr51/libc.a(vfprintf_std.o)
                                0xcd8 (size before relaxing)
 .stab          0x00002a6c      0x108 /usr/lib/gcc/avr/4.5.3/../../../avr/lib/avr51/libc.a(eerd_block_atmega128.o)
                                0x114 (size before relaxing)
 .stab          0x00002b74       0x9c /usr/lib/gcc/avr/4.5.3/../../../avr/lib/avr51/libc.a(eewr_block_atmega128.o)
                                 0xa8 (size before relaxing)
 .stab          0x00002c10       0xd8 /usr/lib/gcc/avr/4.5.3/../../../avr/lib/avr51/libc.a(eewr_byte_atmega128.o)
                                 0xe4 (size before relaxing)
 .stab          0x00002ce8       0x9c /usr/lib/gcc/avr/4.5.3/../../../avr/lib/avr51/libc.a(strnlen_P.o)
                                 0xa8 (size before relaxing)
 .stab          0x00002d84       0x9c /usr/lib/gcc/avr/4.5.3/../../../avr/lib/avr51/libc.a(strnlen.o)
                                 0xa8 (size before relaxing)
 .stab          0x00002e20      0x1e0 /usr/lib/gcc/avr/4.5.3/../../../avr/lib/avr51/libc.a(fputc.o)
                                0x3c0 (size before relaxing)
 .stab          0x00003000      0x480 /usr/lib/gcc/avr/4.5.3/../../../avr/lib/avr51/libc.a(ultoa_invert.o)
                                0x48c (size before relaxing)
 .stab          0x00003480       0xe4 /usr/lib/gcc/avr/4.5.3/../../../avr/lib/avr51/libc.a(fp_mpack.o)
                                 0xf0 (size before relaxing)
 .stab          0x00003564       0x54 /usr/lib/gcc/avr/4.5.3/../../../avr/lib/avr51/libc.a(fp_nan.o)
                                 0x60 (size before relaxing)
 .stab          0x000035b8       0x84 /usr/lib/gcc/avr/4.5.3/../../../avr/lib/avr51/libc.a(fp_norm2.o)
                                 0x90 (size before relaxing)
 .stab          0x0000363c      0x1d4 /usr/lib/gcc/avr/4.5.3/../../../avr/lib/avr51/libc.a(fp_split3.o)
                                0x1e0 (size before relaxing)

.stabstr        0x00000000     0x1184
 *(.stabstr)
 .stabstr       0x00000000     0x1184 /usr/lib/gcc/avr/4.5.3/../../../avr/lib/avr51/crtm128.o

.stab.excl
 *(.stab.excl)

.stab.exclstr
 *(.stab.exclstr)

.stab.index
 *(.stab.index)

.stab.indexstr
 *(.stab.indexstr)

.comment
 *(.comment)

.debug
 *(.debug)

.line
 *(.line)

.debug_srcinfo
 *(.debug_srcinfo)

.debug_sfnames
 *(.debug_sfnames)

.debug_aranges  0x00000000      0x540
 *(.debug_aranges)
 .debug_aranges
                0x00000000       0x20 attilio_receive.co
 .debug_aranges
                0x00000020       0x20 contiki-micaz.a(broadcast.o)
 .debug_aranges
                0x00000040       0x20 contiki-micaz.a(abc.o)
 .debug_aranges
                0x00000060       0x20 contiki-micaz.a(channel.o)
 .debug_aranges
                0x00000080       0x20 contiki-micaz.a(process.o)
 .debug_aranges
                0x000000a0       0x20 contiki-micaz.a(list.o)
 .debug_aranges
                0x000000c0       0x20 contiki-micaz.a(packetbuf.o)
 .debug_aranges
                0x000000e0       0x20 contiki-micaz.a(contiki-micaz-m)
 .debug_aranges
                0x00000100       0x20 contiki-micaz.a(init-net.o)
 .debug_aranges
                0x00000120       0x20 contiki-micaz.a(node-id.o)
 .debug_aranges
                0x00000140       0x20 contiki-micaz.a(clock.o)
 .debug_aranges
                0x00000160       0x20 contiki-micaz.a(ds2401.o)
 .debug_aranges
                0x00000180       0x20 contiki-micaz.a(eeprom.o)
 .debug_aranges
                0x000001a0       0x20 contiki-micaz.a(leds.o)
 .debug_aranges
                0x000001c0       0x20 contiki-micaz.a(rimeaddr.o)
 .debug_aranges
                0x000001e0       0x20 contiki-micaz.a(rime.o)
 .debug_aranges
                0x00000200       0x20 contiki-micaz.a(announcement.o)
 .debug_aranges
                0x00000220       0x20 contiki-micaz.a(broadcast-annou)
 .debug_aranges
                0x00000240       0x20 contiki-micaz.a(chameleon.o)
 .debug_aranges
                0x00000260       0x20 contiki-micaz.a(chameleon-bitop)
 .debug_aranges
                0x00000280       0x20 contiki-micaz.a(cxmac.o)
 .debug_aranges
                0x000002a0       0x20 contiki-micaz.a(nullmac.o)
 .debug_aranges
                0x000002c0       0x20 contiki-micaz.a(mac.o)
 .debug_aranges
                0x000002e0       0x20 contiki-micaz.a(framer-802154.o)
 .debug_aranges
                0x00000300       0x20 contiki-micaz.a(autostart.o)
 .debug_aranges
                0x00000320       0x20 contiki-micaz.a(compower.o)
 .debug_aranges
                0x00000340       0x20 contiki-micaz.a(memb.o)
 .debug_aranges
                0x00000360       0x20 contiki-micaz.a(etimer.o)
 .debug_aranges
                0x00000380       0x20 contiki-micaz.a(ctimer.o)
 .debug_aranges
                0x000003a0       0x20 contiki-micaz.a(energest.o)
 .debug_aranges
                0x000003c0       0x20 contiki-micaz.a(rtimer.o)
 .debug_aranges
                0x000003e0       0x20 contiki-micaz.a(random.o)
 .debug_aranges
                0x00000400       0x20 contiki-micaz.a(queuebuf.o)
 .debug_aranges
                0x00000420       0x20 contiki-micaz.a(rs232.o)
 .debug_aranges
                0x00000440       0x20 contiki-micaz.a(leds-arch.o)
 .debug_aranges
                0x00000460       0x20 contiki-micaz.a(cc2420.o)
 .debug_aranges
                0x00000480       0x20 contiki-micaz.a(cc2420-arch.o)
 .debug_aranges
                0x000004a0       0x20 contiki-micaz.a(rtimer-arch.o)
 .debug_aranges
                0x000004c0       0x20 contiki-micaz.a(watchdog.o)
 .debug_aranges
                0x000004e0       0x20 contiki-micaz.a(frame802154.o)
 .debug_aranges
                0x00000500       0x20 contiki-micaz.a(timer.o)
 .debug_aranges
                0x00000520       0x20 contiki-micaz.a(spi.o)

.debug_pubnames
                0x00000000     0x1586
 *(.debug_pubnames)
 .debug_pubnames
                0x00000000       0x48 attilio_receive.co
 .debug_pubnames
                0x00000048       0x4c contiki-micaz.a(broadcast.o)
 .debug_pubnames
                0x00000094       0x55 contiki-micaz.a(abc.o)
 .debug_pubnames
                0x000000e9       0x74 contiki-micaz.a(channel.o)
 .debug_pubnames
                0x0000015d      0x10d contiki-micaz.a(process.o)
 .debug_pubnames
                0x0000026a       0xc3 contiki-micaz.a(list.o)
 .debug_pubnames
                0x0000032d      0x22c contiki-micaz.a(packetbuf.o)
 .debug_pubnames
                0x00000559       0x2a contiki-micaz.a(contiki-micaz-m)
 .debug_pubnames
                0x00000583       0x1f contiki-micaz.a(init-net.o)
 .debug_pubnames
                0x000005a2       0x43 contiki-micaz.a(node-id.o)
 .debug_pubnames
                0x000005e5       0x87 contiki-micaz.a(clock.o)
 .debug_pubnames
                0x0000066c       0x30 contiki-micaz.a(ds2401.o)
 .debug_pubnames
                0x0000069c       0x33 contiki-micaz.a(eeprom.o)
 .debug_pubnames
                0x000006cf       0x75 contiki-micaz.a(leds.o)
 .debug_pubnames
                0x00000744       0x79 contiki-micaz.a(rimeaddr.o)
 .debug_pubnames
                0x000007bd       0x5f contiki-micaz.a(rime.o)
 .debug_pubnames
                0x0000081c       0x20 contiki-micaz.a(rimestats.o)
 .debug_pubnames
                0x0000083c      0x144 contiki-micaz.a(announcement.o)
 .debug_pubnames
                0x00000980       0x7d contiki-micaz.a(broadcast-annou)
 .debug_pubnames
                0x000009fd       0x64 contiki-micaz.a(chameleon.o)
 .debug_pubnames
                0x00000a61       0x6b contiki-micaz.a(chameleon-bitop)
 .debug_pubnames
                0x00000acc       0x6c contiki-micaz.a(cxmac.o)
 .debug_pubnames
                0x00000b38       0x25 contiki-micaz.a(nullmac.o)
 .debug_pubnames
                0x00000b5d       0x2d contiki-micaz.a(mac.o)
 .debug_pubnames
                0x00000b8a       0x24 contiki-micaz.a(framer-802154.o)
 .debug_pubnames
                0x00000bae       0x39 contiki-micaz.a(autostart.o)
 .debug_pubnames
                0x00000be7       0x9e contiki-micaz.a(compower.o)
 .debug_pubnames
                0x00000c85       0x4d contiki-micaz.a(memb.o)
 .debug_pubnames
                0x00000cd2      0x109 contiki-micaz.a(etimer.o)
 .debug_pubnames
                0x00000ddb       0x8b contiki-micaz.a(ctimer.o)
 .debug_pubnames
                0x00000e66       0x64 contiki-micaz.a(energest.o)
 .debug_pubnames
                0x00000eca       0x45 contiki-micaz.a(rtimer.o)
 .debug_pubnames
                0x00000f0f       0x32 contiki-micaz.a(random.o)
 .debug_pubnames
                0x00000f41       0xff contiki-micaz.a(queuebuf.o)
 .debug_pubnames
                0x00001040       0xe4 contiki-micaz.a(rs232.o)
 .debug_pubnames
                0x00001124       0x49 contiki-micaz.a(leds-arch.o)
 .debug_pubnames
                0x0000116d      0x236 contiki-micaz.a(cc2420.o)
 .debug_pubnames
                0x000013a3       0x36 contiki-micaz.a(cc2420-arch.o)
 .debug_pubnames
                0x000013d9       0x50 contiki-micaz.a(rtimer-arch.o)
 .debug_pubnames
                0x00001429       0x73 contiki-micaz.a(watchdog.o)
 .debug_pubnames
                0x0000149c       0x56 contiki-micaz.a(frame802154.o)
 .debug_pubnames
                0x000014f2       0x68 contiki-micaz.a(timer.o)
 .debug_pubnames
                0x0000155a       0x2c contiki-micaz.a(spi.o)

.debug_info     0x00000000     0xad4e
 *(.debug_info)
 .debug_info    0x00000000      0x609 attilio_receive.co
 .debug_info    0x00000609      0x589 contiki-micaz.a(broadcast.o)
 .debug_info    0x00000b92      0x454 contiki-micaz.a(abc.o)
 .debug_info    0x00000fe6      0x2f2 contiki-micaz.a(channel.o)
 .debug_info    0x000012d8      0x574 contiki-micaz.a(process.o)
 .debug_info    0x0000184c      0x349 contiki-micaz.a(list.o)
 .debug_info    0x00001b95      0x629 contiki-micaz.a(packetbuf.o)
 .debug_info    0x000021be      0x2c2 contiki-micaz.a(contiki-micaz-m)
 .debug_info    0x00002480      0x487 contiki-micaz.a(init-net.o)
 .debug_info    0x00002907      0x149 contiki-micaz.a(node-id.o)
 .debug_info    0x00002a50      0x1f1 contiki-micaz.a(clock.o)
 .debug_info    0x00002c41      0x365 contiki-micaz.a(ds2401.o)
 .debug_info    0x00002fa6      0x11d contiki-micaz.a(eeprom.o)
 .debug_info    0x000030c3      0x1ca contiki-micaz.a(leds.o)
 .debug_info    0x0000328d      0x1ed contiki-micaz.a(rimeaddr.o)
 .debug_info    0x0000347a      0x60f contiki-micaz.a(rime.o)
 .debug_info    0x00003a89      0x146 contiki-micaz.a(rimestats.o)
 .debug_info    0x00003bcf      0x3ed contiki-micaz.a(announcement.o)
 .debug_info    0x00003fbc      0x858 contiki-micaz.a(broadcast-annou)
 .debug_info    0x00004814      0x424 contiki-micaz.a(chameleon.o)
 .debug_info    0x00004c38      0x7c7 contiki-micaz.a(chameleon-bitop)
 .debug_info    0x000053ff     0x10bc contiki-micaz.a(cxmac.o)
 .debug_info    0x000064bb      0x44a contiki-micaz.a(nullmac.o)
 .debug_info    0x00006905      0x114 contiki-micaz.a(mac.o)
 .debug_info    0x00006a19      0x657 contiki-micaz.a(framer-802154.o)
 .debug_info    0x00007070      0x19f contiki-micaz.a(autostart.o)
 .debug_info    0x0000720f      0x46a contiki-micaz.a(compower.o)
 .debug_info    0x00007679      0x1ad contiki-micaz.a(memb.o)
 .debug_info    0x00007826      0x4d2 contiki-micaz.a(etimer.o)
 .debug_info    0x00007cf8      0x46c contiki-micaz.a(ctimer.o)
 .debug_info    0x00008164      0x103 contiki-micaz.a(energest.o)
 .debug_info    0x00008267      0x1be contiki-micaz.a(rtimer.o)
 .debug_info    0x00008425       0xa7 contiki-micaz.a(random.o)
 .debug_info    0x000084cc      0x6e6 contiki-micaz.a(queuebuf.o)
 .debug_info    0x00008bb2      0x3b6 contiki-micaz.a(rs232.o)
 .debug_info    0x00008f68       0xc1 contiki-micaz.a(leds-arch.o)
 .debug_info    0x00009029     0x131e contiki-micaz.a(cc2420.o)
 .debug_info    0x0000a347      0x16e contiki-micaz.a(cc2420-arch.o)
 .debug_info    0x0000a4b5       0xf9 contiki-micaz.a(rtimer-arch.o)
 .debug_info    0x0000a5ae       0xdd contiki-micaz.a(watchdog.o)
 .debug_info    0x0000a68b      0x4a8 contiki-micaz.a(frame802154.o)
 .debug_info    0x0000ab33      0x184 contiki-micaz.a(timer.o)
 .debug_info    0x0000acb7       0x97 contiki-micaz.a(spi.o)
 *(.gnu.linkonce.wi.*)

.debug_abbrev   0x00000000     0x3ebb
 *(.debug_abbrev)
 .debug_abbrev  0x00000000      0x1f3 attilio_receive.co
 .debug_abbrev  0x000001f3      0x1e7 contiki-micaz.a(broadcast.o)
 .debug_abbrev  0x000003da      0x182 contiki-micaz.a(abc.o)
 .debug_abbrev  0x0000055c      0x169 contiki-micaz.a(channel.o)
 .debug_abbrev  0x000006c5      0x2df contiki-micaz.a(process.o)
 .debug_abbrev  0x000009a4      0x13a contiki-micaz.a(list.o)
 .debug_abbrev  0x00000ade      0x22b contiki-micaz.a(packetbuf.o)
 .debug_abbrev  0x00000d09      0x137 contiki-micaz.a(contiki-micaz-m)
 .debug_abbrev  0x00000e40      0x1a2 contiki-micaz.a(init-net.o)
 .debug_abbrev  0x00000fe2       0xcc contiki-micaz.a(node-id.o)
 .debug_abbrev  0x000010ae       0xe4 contiki-micaz.a(clock.o)
 .debug_abbrev  0x00001192      0x196 contiki-micaz.a(ds2401.o)
 .debug_abbrev  0x00001328       0x8a contiki-micaz.a(eeprom.o)
 .debug_abbrev  0x000013b2       0xd4 contiki-micaz.a(leds.o)
 .debug_abbrev  0x00001486      0x17d contiki-micaz.a(rimeaddr.o)
 .debug_abbrev  0x00001603      0x1fb contiki-micaz.a(rime.o)
 .debug_abbrev  0x000017fe       0x5d contiki-micaz.a(rimestats.o)
 .debug_abbrev  0x0000185b      0x16a contiki-micaz.a(announcement.o)
 .debug_abbrev  0x000019c5      0x22e contiki-micaz.a(broadcast-annou)
 .debug_abbrev  0x00001bf3      0x1cc contiki-micaz.a(chameleon.o)
 .debug_abbrev  0x00001dbf      0x264 contiki-micaz.a(chameleon-bitop)
 .debug_abbrev  0x00002023      0x3b6 contiki-micaz.a(cxmac.o)
 .debug_abbrev  0x000023d9      0x1d4 contiki-micaz.a(nullmac.o)
 .debug_abbrev  0x000025ad       0xa0 contiki-micaz.a(mac.o)
 .debug_abbrev  0x0000264d      0x227 contiki-micaz.a(framer-802154.o)
 .debug_abbrev  0x00002874       0xf5 contiki-micaz.a(autostart.o)
 .debug_abbrev  0x00002969      0x203 contiki-micaz.a(compower.o)
 .debug_abbrev  0x00002b6c       0xea contiki-micaz.a(memb.o)
 .debug_abbrev  0x00002c56      0x20b contiki-micaz.a(etimer.o)
 .debug_abbrev  0x00002e61      0x1b5 contiki-micaz.a(ctimer.o)
 .debug_abbrev  0x00003016       0x8d contiki-micaz.a(energest.o)
 .debug_abbrev  0x000030a3      0x12a contiki-micaz.a(rtimer.o)
 .debug_abbrev  0x000031cd       0x67 contiki-micaz.a(random.o)
 .debug_abbrev  0x00003234      0x1f3 contiki-micaz.a(queuebuf.o)
 .debug_abbrev  0x00003427      0x186 contiki-micaz.a(rs232.o)
 .debug_abbrev  0x000035ad       0x87 contiki-micaz.a(leds-arch.o)
 .debug_abbrev  0x00003634      0x412 contiki-micaz.a(cc2420.o)
 .debug_abbrev  0x00003a46       0xc8 contiki-micaz.a(cc2420-arch.o)
 .debug_abbrev  0x00003b0e       0x96 contiki-micaz.a(rtimer-arch.o)
 .debug_abbrev  0x00003ba4       0x4c contiki-micaz.a(watchdog.o)
 .debug_abbrev  0x00003bf0      0x19c contiki-micaz.a(frame802154.o)
 .debug_abbrev  0x00003d8c       0xd2 contiki-micaz.a(timer.o)
 .debug_abbrev  0x00003e5e       0x5d contiki-micaz.a(spi.o)

.debug_line     0x00000000     0x6825
 *(.debug_line)
 .debug_line    0x00000000      0x29f attilio_receive.co
 .debug_line    0x0000029f      0x19e contiki-micaz.a(broadcast.o)
 .debug_line    0x0000043d      0x181 contiki-micaz.a(abc.o)
 .debug_line    0x000005be      0x1a2 contiki-micaz.a(channel.o)
 .debug_line    0x00000760      0x44e contiki-micaz.a(process.o)
 .debug_line    0x00000bae      0x2b8 contiki-micaz.a(list.o)
 .debug_line    0x00000e66      0x3d6 contiki-micaz.a(packetbuf.o)
 .debug_line    0x0000123c      0x228 contiki-micaz.a(contiki-micaz-m)
 .debug_line    0x00001464      0x216 contiki-micaz.a(init-net.o)
 .debug_line    0x0000167a      0x12f contiki-micaz.a(node-id.o)
 .debug_line    0x000017a9      0x21e contiki-micaz.a(clock.o)
 .debug_line    0x000019c7      0x2d5 contiki-micaz.a(ds2401.o)
 .debug_line    0x00001c9c       0xef contiki-micaz.a(eeprom.o)
 .debug_line    0x00001d8b      0x151 contiki-micaz.a(leds.o)
 .debug_line    0x00001edc       0xf8 contiki-micaz.a(rimeaddr.o)
 .debug_line    0x00001fd4      0x274 contiki-micaz.a(rime.o)
 .debug_line    0x00002248       0x70 contiki-micaz.a(rimestats.o)
 .debug_line    0x000022b8      0x25d contiki-micaz.a(announcement.o)
 .debug_line    0x00002515      0x33e contiki-micaz.a(broadcast-annou)
 .debug_line    0x00002853      0x189 contiki-micaz.a(chameleon.o)
 .debug_line    0x000029dc      0x459 contiki-micaz.a(chameleon-bitop)
 .debug_line    0x00002e35      0x95e contiki-micaz.a(cxmac.o)
 .debug_line    0x00003793      0x187 contiki-micaz.a(nullmac.o)
 .debug_line    0x0000391a       0x7b contiki-micaz.a(mac.o)
 .debug_line    0x00003995      0x2e9 contiki-micaz.a(framer-802154.o)
 .debug_line    0x00003c7e       0xe0 contiki-micaz.a(autostart.o)
 .debug_line    0x00003d5e      0x1d2 contiki-micaz.a(compower.o)
 .debug_line    0x00003f30      0x15b contiki-micaz.a(memb.o)
 .debug_line    0x0000408b      0x3e1 contiki-micaz.a(etimer.o)
 .debug_line    0x0000446c      0x323 contiki-micaz.a(ctimer.o)
 .debug_line    0x0000478f       0x9b contiki-micaz.a(energest.o)
 .debug_line    0x0000482a       0xf5 contiki-micaz.a(rtimer.o)
 .debug_line    0x0000491f       0x89 contiki-micaz.a(random.o)
 .debug_line    0x000049a8      0x2d3 contiki-micaz.a(queuebuf.o)
 .debug_line    0x00004c7b      0x269 contiki-micaz.a(rs232.o)
 .debug_line    0x00004ee4      0x126 contiki-micaz.a(leds-arch.o)
 .debug_line    0x0000500a      0xdf3 contiki-micaz.a(cc2420.o)
 .debug_line    0x00005dfd      0x165 contiki-micaz.a(cc2420-arch.o)
 .debug_line    0x00005f62      0x172 contiki-micaz.a(rtimer-arch.o)
 .debug_line    0x000060d4      0x114 contiki-micaz.a(watchdog.o)
 .debug_line    0x000061e8      0x46b contiki-micaz.a(frame802154.o)
 .debug_line    0x00006653      0x113 contiki-micaz.a(timer.o)
 .debug_line    0x00006766       0xbf contiki-micaz.a(spi.o)

.debug_frame    0x00000000     0x1310
 *(.debug_frame)
 .debug_frame   0x00000000       0x30 attilio_receive.co
 .debug_frame   0x00000030       0x60 contiki-micaz.a(broadcast.o)
 .debug_frame   0x00000090       0x60 contiki-micaz.a(abc.o)
 .debug_frame   0x000000f0       0x60 contiki-micaz.a(channel.o)
 .debug_frame   0x00000150       0xe0 contiki-micaz.a(process.o)
 .debug_frame   0x00000230       0xd0 contiki-micaz.a(list.o)
 .debug_frame   0x00000300      0x160 contiki-micaz.a(packetbuf.o)
 .debug_frame   0x00000460       0x30 contiki-micaz.a(contiki-micaz-m)
 .debug_frame   0x00000490       0x20 contiki-micaz.a(init-net.o)
 .debug_frame   0x000004b0       0x30 contiki-micaz.a(node-id.o)
 .debug_frame   0x000004e0       0x80 contiki-micaz.a(clock.o)
 .debug_frame   0x00000560       0x40 contiki-micaz.a(ds2401.o)
 .debug_frame   0x000005a0       0x30 contiki-micaz.a(eeprom.o)
 .debug_frame   0x000005d0       0x90 contiki-micaz.a(leds.o)
 .debug_frame   0x00000660       0x40 contiki-micaz.a(rimeaddr.o)
 .debug_frame   0x000006a0       0x70 contiki-micaz.a(rime.o)
 .debug_frame   0x00000710       0xc0 contiki-micaz.a(announcement.o)
 .debug_frame   0x000007d0       0xa0 contiki-micaz.a(broadcast-annou)
 .debug_frame   0x00000870       0x50 contiki-micaz.a(chameleon.o)
 .debug_frame   0x000008c0       0x80 contiki-micaz.a(chameleon-bitop)
 .debug_frame   0x00000940       0xe0 contiki-micaz.a(cxmac.o)
 .debug_frame   0x00000a20       0x70 contiki-micaz.a(nullmac.o)
 .debug_frame   0x00000a90       0x20 contiki-micaz.a(mac.o)
 .debug_frame   0x00000ab0       0x30 contiki-micaz.a(framer-802154.o)
 .debug_frame   0x00000ae0       0x30 contiki-micaz.a(autostart.o)
 .debug_frame   0x00000b10       0x60 contiki-micaz.a(compower.o)
 .debug_frame   0x00000b70       0x50 contiki-micaz.a(memb.o)
 .debug_frame   0x00000bc0       0xf0 contiki-micaz.a(etimer.o)
 .debug_frame   0x00000cb0       0x80 contiki-micaz.a(ctimer.o)
 .debug_frame   0x00000d30       0x50 contiki-micaz.a(energest.o)
 .debug_frame   0x00000d80       0x40 contiki-micaz.a(rtimer.o)
 .debug_frame   0x00000dc0       0x30 contiki-micaz.a(random.o)
 .debug_frame   0x00000df0       0xb0 contiki-micaz.a(queuebuf.o)
 .debug_frame   0x00000ea0       0xa0 contiki-micaz.a(rs232.o)
 .debug_frame   0x00000f40       0x40 contiki-micaz.a(leds-arch.o)
 .debug_frame   0x00000f80      0x1f0 contiki-micaz.a(cc2420.o)
 .debug_frame   0x00001170       0x30 contiki-micaz.a(cc2420-arch.o)
 .debug_frame   0x000011a0       0x40 contiki-micaz.a(rtimer-arch.o)
 .debug_frame   0x000011e0       0x60 contiki-micaz.a(watchdog.o)
 .debug_frame   0x00001240       0x50 contiki-micaz.a(frame802154.o)
 .debug_frame   0x00001290       0x60 contiki-micaz.a(timer.o)
 .debug_frame   0x000012f0       0x20 contiki-micaz.a(spi.o)

.debug_str      0x00000000     0x2be3
 *(.debug_str)
 .debug_str     0x00000000      0x29f attilio_receive.co
                                0x35b (size before relaxing)
 .debug_str     0x0000029f      0x368 contiki-micaz.a(broadcast.o)
                                0x53d (size before relaxing)
 .debug_str     0x00000607       0x49 contiki-micaz.a(abc.o)
                                0x4ce (size before relaxing)
 .debug_str     0x00000650       0x92 contiki-micaz.a(channel.o)
                                0x207 (size before relaxing)
 .debug_str     0x000006e2      0x16f contiki-micaz.a(process.o)
                                0x299 (size before relaxing)
 .debug_str     0x00000851       0xad contiki-micaz.a(list.o)
                                0x109 (size before relaxing)
 .debug_str     0x000008fe      0x1ed contiki-micaz.a(packetbuf.o)
                                0x61c (size before relaxing)
 .debug_str     0x00000aeb       0x5a contiki-micaz.a(contiki-micaz-m)
                                0x1f2 (size before relaxing)
 .debug_str     0x00000b45       0xe5 contiki-micaz.a(init-net.o)
                                0x22b (size before relaxing)
 .debug_str     0x00000c2a       0x62 contiki-micaz.a(node-id.o)
                                0x142 (size before relaxing)
 .debug_str     0x00000c8c       0x81 contiki-micaz.a(clock.o)
                                0x16f (size before relaxing)
 .debug_str     0x00000d0d       0x72 contiki-micaz.a(ds2401.o)
                                0x162 (size before relaxing)
 .debug_str     0x00000d7f       0x29 contiki-micaz.a(eeprom.o)
                                0x122 (size before relaxing)
 .debug_str     0x00000da8       0x74 contiki-micaz.a(leds.o)
                                0x140 (size before relaxing)
 .debug_str     0x00000e1c       0x5d contiki-micaz.a(rimeaddr.o)
                                0x156 (size before relaxing)
 .debug_str     0x00000e79      0x16a contiki-micaz.a(rime.o)
                                0x37c (size before relaxing)
 .debug_str     0x00000fe3       0x20 contiki-micaz.a(rimestats.o)
                                0x10b (size before relaxing)
 .debug_str     0x00001003      0x19f contiki-micaz.a(announcement.o)
                                0x2e1 (size before relaxing)
 .debug_str     0x000011a2      0x187 contiki-micaz.a(broadcast-annou)
                                0x434 (size before relaxing)
 .debug_str     0x00001329       0x97 contiki-micaz.a(chameleon.o)
                                0x4e5 (size before relaxing)
 .debug_str     0x000013c0       0xc4 contiki-micaz.a(chameleon-bitop)
                                0x57c (size before relaxing)
 .debug_str     0x00001484      0x370 contiki-micaz.a(cxmac.o)
                                0xa44 (size before relaxing)
 .debug_str     0x000017f4       0x2a contiki-micaz.a(nullmac.o)
                                0x223 (size before relaxing)
 .debug_str     0x0000181e       0x30 contiki-micaz.a(mac.o)
                                0x16b (size before relaxing)
 .debug_str     0x0000184e      0x1b3 contiki-micaz.a(framer-802154.o)
                                0x62b (size before relaxing)
 .debug_str     0x00001a01       0x3a contiki-micaz.a(autostart.o)
                                0x151 (size before relaxing)
 .debug_str     0x00001a3b      0x1b8 contiki-micaz.a(compower.o)
                                0x60e (size before relaxing)
 .debug_str     0x00001bf3       0x46 contiki-micaz.a(memb.o)
                                0x11b (size before relaxing)
 .debug_str     0x00001c39      0x133 contiki-micaz.a(etimer.o)
                                0x2a6 (size before relaxing)
 .debug_str     0x00001d6c       0xad contiki-micaz.a(ctimer.o)
                                0x23a (size before relaxing)
 .debug_str     0x00001e19       0x5c contiki-micaz.a(energest.o)
                                0x121 (size before relaxing)
 .debug_str     0x00001e75       0xb8 contiki-micaz.a(rtimer.o)
                                0x198 (size before relaxing)
 .debug_str     0x00001f2d       0x35 contiki-micaz.a(random.o)
                                 0xf5 (size before relaxing)
 .debug_str     0x00001f62      0x18a contiki-micaz.a(queuebuf.o)
                                0x5ea (size before relaxing)
 .debug_str     0x000020ec      0x10a contiki-micaz.a(rs232.o)
                                0x1ed (size before relaxing)
 .debug_str     0x000021f6       0x50 contiki-micaz.a(leds-arch.o)
                                0x11d (size before relaxing)
 .debug_str     0x00002246      0x789 contiki-micaz.a(cc2420.o)
                                0xded (size before relaxing)
 .debug_str     0x000029cf       0x43 contiki-micaz.a(cc2420-arch.o)
                                0x178 (size before relaxing)
 .debug_str     0x00002a12       0x50 contiki-micaz.a(rtimer-arch.o)
                                0x13a (size before relaxing)
 .debug_str     0x00002a62       0x68 contiki-micaz.a(watchdog.o)
                                0x126 (size before relaxing)
 .debug_str     0x00002aca       0xca contiki-micaz.a(frame802154.o)
                                0x314 (size before relaxing)
 .debug_str     0x00002b94       0x27 contiki-micaz.a(timer.o)
                                0x140 (size before relaxing)
 .debug_str     0x00002bbb       0x28 contiki-micaz.a(spi.o)
                                 0xf0 (size before relaxing)

.debug_loc      0x00000000     0x4586
 *(.debug_loc)
 .debug_loc     0x00000000       0xfb attilio_receive.co
 .debug_loc     0x000000fb      0x158 contiki-micaz.a(broadcast.o)
 .debug_loc     0x00000253      0x138 contiki-micaz.a(abc.o)
 .debug_loc     0x0000038b      0x12c contiki-micaz.a(channel.o)
 .debug_loc     0x000004b7      0x38f contiki-micaz.a(process.o)
 .debug_loc     0x00000846      0x41c contiki-micaz.a(list.o)
 .debug_loc     0x00000c62      0x217 contiki-micaz.a(packetbuf.o)
 .debug_loc     0x00000e79       0x5c contiki-micaz.a(init-net.o)
 .debug_loc     0x00000ed5       0x63 contiki-micaz.a(node-id.o)
 .debug_loc     0x00000f38       0x68 contiki-micaz.a(clock.o)
 .debug_loc     0x00000fa0      0x2bb contiki-micaz.a(ds2401.o)
 .debug_loc     0x0000125b       0xd0 contiki-micaz.a(eeprom.o)
 .debug_loc     0x0000132b       0xbe contiki-micaz.a(leds.o)
 .debug_loc     0x000013e9      0x118 contiki-micaz.a(rimeaddr.o)
 .debug_loc     0x00001501      0x168 contiki-micaz.a(rime.o)
 .debug_loc     0x00001669      0x224 contiki-micaz.a(announcement.o)
 .debug_loc     0x0000188d      0x26b contiki-micaz.a(broadcast-annou)
 .debug_loc     0x00001af8       0xd4 contiki-micaz.a(chameleon.o)
 .debug_loc     0x00001bcc      0x688 contiki-micaz.a(chameleon-bitop)
 .debug_loc     0x00002254      0x7ae contiki-micaz.a(cxmac.o)
 .debug_loc     0x00002a02       0x48 contiki-micaz.a(nullmac.o)
 .debug_loc     0x00002a4a       0x90 contiki-micaz.a(mac.o)
 .debug_loc     0x00002ada       0xd1 contiki-micaz.a(framer-802154.o)
 .debug_loc     0x00002bab       0x58 contiki-micaz.a(autostart.o)
 .debug_loc     0x00002c03       0xac contiki-micaz.a(compower.o)
 .debug_loc     0x00002caf      0x1b0 contiki-micaz.a(memb.o)
 .debug_loc     0x00002e5f      0x42e contiki-micaz.a(etimer.o)
 .debug_loc     0x0000328d      0x311 contiki-micaz.a(ctimer.o)
 .debug_loc     0x0000359e       0xc7 contiki-micaz.a(rtimer.o)
 .debug_loc     0x00003665       0x18 contiki-micaz.a(random.o)
 .debug_loc     0x0000367d      0x203 contiki-micaz.a(queuebuf.o)
 .debug_loc     0x00003880      0x123 contiki-micaz.a(rs232.o)
 .debug_loc     0x000039a3      0x7a0 contiki-micaz.a(cc2420.o)
 .debug_loc     0x00004143       0x24 contiki-micaz.a(rtimer-arch.o)
 .debug_loc     0x00004167      0x313 contiki-micaz.a(frame802154.o)
 .debug_loc     0x0000447a      0x10c contiki-micaz.a(timer.o)

.debug_macinfo
 *(.debug_macinfo)
OUTPUT(attilio_receive.micaz elf32-avr)
LOAD linker stubs

.bootloader     0x0001f800        0x0

.debug_pubtypes
                0x00000000     0x1625
 .debug_pubtypes
                0x00000000      0x161 attilio_receive.co
 .debug_pubtypes
                0x00000161       0xe2 contiki-micaz.a(broadcast.o)
 .debug_pubtypes
                0x00000243       0xb7 contiki-micaz.a(abc.o)
 .debug_pubtypes
                0x000002fa       0xa3 contiki-micaz.a(channel.o)
 .debug_pubtypes
                0x0000039d       0x7d contiki-micaz.a(process.o)
 .debug_pubtypes
                0x0000041a       0x26 contiki-micaz.a(list.o)
 .debug_pubtypes
                0x00000440       0x75 contiki-micaz.a(packetbuf.o)
 .debug_pubtypes
                0x000004b5       0xac contiki-micaz.a(contiki-micaz-m)
 .debug_pubtypes
                0x00000561       0x8f contiki-micaz.a(init-net.o)
 .debug_pubtypes
                0x000005f0       0x2b contiki-micaz.a(node-id.o)
 .debug_pubtypes
                0x0000061b       0x2f contiki-micaz.a(clock.o)
 .debug_pubtypes
                0x0000064a       0x2b contiki-micaz.a(ds2401.o)
 .debug_pubtypes
                0x00000675       0x3d contiki-micaz.a(eeprom.o)
 .debug_pubtypes
                0x000006b2       0x12 contiki-micaz.a(leds.o)
 .debug_pubtypes
                0x000006c4       0x2d contiki-micaz.a(rimeaddr.o)
 .debug_pubtypes
                0x000006f1       0xf7 contiki-micaz.a(rime.o)
 .debug_pubtypes
                0x000007e8       0x20 contiki-micaz.a(rimestats.o)
 .debug_pubtypes
                0x00000808       0x8c contiki-micaz.a(announcement.o)
 .debug_pubtypes
                0x00000894      0x1cf contiki-micaz.a(broadcast-annou)
 .debug_pubtypes
                0x00000a63       0xad contiki-micaz.a(chameleon.o)
 .debug_pubtypes
                0x00000b10       0xbc contiki-micaz.a(chameleon-bitop)
 .debug_pubtypes
                0x00000bcc      0x1cc contiki-micaz.a(cxmac.o)
 .debug_pubtypes
                0x00000d98       0xbe contiki-micaz.a(nullmac.o)
 .debug_pubtypes
                0x00000e56       0x25 contiki-micaz.a(mac.o)
 .debug_pubtypes
                0x00000e7b       0xe5 contiki-micaz.a(framer-802154.o)
 .debug_pubtypes
                0x00000f60       0x55 contiki-micaz.a(autostart.o)
 .debug_pubtypes
                0x00000fb5       0xaa contiki-micaz.a(compower.o)
 .debug_pubtypes
                0x0000105f       0x1b contiki-micaz.a(memb.o)
 .debug_pubtypes
                0x0000107a       0x7b contiki-micaz.a(etimer.o)
 .debug_pubtypes
                0x000010f5       0x91 contiki-micaz.a(ctimer.o)
 .debug_pubtypes
                0x00001186       0x12 contiki-micaz.a(energest.o)
 .debug_pubtypes
                0x00001198       0x46 contiki-micaz.a(rtimer.o)
 .debug_pubtypes
                0x000011de       0x12 contiki-micaz.a(random.o)
 .debug_pubtypes
                0x000011f0       0xae contiki-micaz.a(queuebuf.o)
 .debug_pubtypes
                0x0000129e       0x29 contiki-micaz.a(rs232.o)
 .debug_pubtypes
                0x000012c7       0x1e contiki-micaz.a(leds-arch.o)
 .debug_pubtypes
                0x000012e5      0x165 contiki-micaz.a(cc2420.o)
 .debug_pubtypes
                0x0000144a       0x75 contiki-micaz.a(cc2420-arch.o)
 .debug_pubtypes
                0x000014bf       0x3e contiki-micaz.a(rtimer-arch.o)
 .debug_pubtypes
                0x000014fd       0x2b contiki-micaz.a(watchdog.o)
 .debug_pubtypes
                0x00001528       0xb2 contiki-micaz.a(frame802154.o)
 .debug_pubtypes
                0x000015da       0x2d contiki-micaz.a(timer.o)
 .debug_pubtypes
                0x00001607       0x1e contiki-micaz.a(spi.o)

.debug_ranges   0x00000000      0x198
 .debug_ranges  0x00000000       0xa8 contiki-micaz.a(ds2401.o)
 .debug_ranges  0x000000a8       0x48 contiki-micaz.a(chameleon-bitop)
 .debug_ranges  0x000000f0       0x90 contiki-micaz.a(cxmac.o)
 .debug_ranges  0x00000180       0x18 contiki-micaz.a(cc2420.o)
