Archive member included because of file (symbol)

contiki-micaz.a(broadcast.o)  attilio_send.co (broadcast_open)
contiki-micaz.a(abc.o)        contiki-micaz.a(broadcast.o) (abc_open)
contiki-micaz.a(channel.o)    contiki-micaz.a(abc.o) (channel_open)
contiki-micaz.a(list.o)       contiki-micaz.a(channel.o) (list_init)
contiki-micaz.a(etimer.o)     attilio_send.co (etimer_set)
contiki-micaz.a(packetbuf.o)  obj_micaz/packages.o (packetbuf_set_datalen)
contiki-micaz.a(contiki-micaz-m)
                              /home/sickboy/projects/avr8-gnu-toolchain-linux_x86_64/bin/../lib/gcc/avr/4.6.2/../../../../avr/lib/avr51/crtm128.o (main)
contiki-micaz.a(init-net.o)   contiki-micaz.a(contiki-micaz-m) (init_net)
contiki-micaz.a(node-id.o)    contiki-micaz.a(contiki-micaz-m) (node_id_restore)
contiki-micaz.a(clock.o)      contiki-micaz.a(contiki-micaz-m) (clock_init)
contiki-micaz.a(ds2401.o)     contiki-micaz.a(contiki-micaz-m) (ds2401_init)
contiki-micaz.a(eeprom.o)     contiki-micaz.a(node-id.o) (eeprom_write)
contiki-micaz.a(leds.o)       contiki-micaz.a(contiki-micaz-m) (leds_init)
contiki-micaz.a(rimeaddr.o)   contiki-micaz.a(broadcast.o) (rimeaddr_copy)
contiki-micaz.a(rime.o)       contiki-micaz.a(abc.o) (rime_output)
contiki-micaz.a(rimestats.o)  contiki-micaz.a(rime.o) (rimestats)
contiki-micaz.a(announcement.o)
                              contiki-micaz.a(rime.o) (announcement_init)
contiki-micaz.a(broadcast-annou)
                              contiki-micaz.a(rime.o) (broadcast_announcement_init)
contiki-micaz.a(chameleon.o)  contiki-micaz.a(rime.o) (chameleon_init)
contiki-micaz.a(chameleon-bitop)
                              contiki-micaz.a(chameleon.o) (chameleon_bitopt)
contiki-micaz.a(cxmac.o)      contiki-micaz.a(init-net.o) (cxmac_driver)
contiki-micaz.a(nullmac.o)    contiki-micaz.a(init-net.o) (nullmac_driver)
contiki-micaz.a(mac.o)        contiki-micaz.a(cxmac.o) (mac_call_sent_callback)
contiki-micaz.a(framer-802154.o)
                              contiki-micaz.a(cxmac.o) (framer_802154)
contiki-micaz.a(process.o)    contiki-micaz.a(etimer.o) (process_current)
contiki-micaz.a(autostart.o)  contiki-micaz.a(contiki-micaz-m) (autostart_start)
contiki-micaz.a(compower.o)   contiki-micaz.a(cxmac.o) (compower_idle_activity)
contiki-micaz.a(memb.o)       contiki-micaz.a(cxmac.o) (memb_init)
contiki-micaz.a(timer.o)      contiki-micaz.a(etimer.o) (timer_set)
contiki-micaz.a(ctimer.o)     contiki-micaz.a(contiki-micaz-m) (ctimer_init)
contiki-micaz.a(energest.o)   contiki-micaz.a(compower.o) (energest_type_time)
contiki-micaz.a(rtimer.o)     contiki-micaz.a(contiki-micaz-m) (rtimer_init)
contiki-micaz.a(random.o)     contiki-micaz.a(contiki-micaz-m) (random_init)
contiki-micaz.a(queuebuf.o)   contiki-micaz.a(rime.o) (queuebuf_init)
contiki-micaz.a(rs232.o)      contiki-micaz.a(contiki-micaz-m) (rs232_init)
contiki-micaz.a(leds-arch.o)  contiki-micaz.a(leds.o) (leds_arch_init)
contiki-micaz.a(cc2420.o)     contiki-micaz.a(init-net.o) (cc2420_set_channel)
contiki-micaz.a(cc2420-arch.o)
                              contiki-micaz.a(cc2420.o) (cc2420_arch_init)
contiki-micaz.a(rtimer-arch.o)
                              contiki-micaz.a(rtimer.o) (rtimer_arch_init)
contiki-micaz.a(watchdog.o)   contiki-micaz.a(cxmac.o) (watchdog_start)
contiki-micaz.a(frame802154.o)
                              contiki-micaz.a(framer-802154.o) (frame802154_hdrlen)
contiki-micaz.a(spi.o)        contiki-micaz.a(cc2420-arch.o) (spi_init)
/home/sickboy/projects/avr8-gnu-toolchain-linux_x86_64/bin/../lib/gcc/avr/4.6.2/avr51/libgcc.a(_udivmodhi4.o)
                              contiki-micaz.a(init-net.o) (__udivmodhi4)
/home/sickboy/projects/avr8-gnu-toolchain-linux_x86_64/bin/../lib/gcc/avr/4.6.2/avr51/libgcc.a(_exit.o)
                              /home/sickboy/projects/avr8-gnu-toolchain-linux_x86_64/bin/../lib/gcc/avr/4.6.2/../../../../avr/lib/avr51/crtm128.o (exit)
/home/sickboy/projects/avr8-gnu-toolchain-linux_x86_64/bin/../lib/gcc/avr/4.6.2/avr51/libgcc.a(_copy_data.o)
                              attilio_send.co (__do_copy_data)
/home/sickboy/projects/avr8-gnu-toolchain-linux_x86_64/bin/../lib/gcc/avr/4.6.2/avr51/libgcc.a(_clear_bss.o)
                              attilio_send.co (__do_clear_bss)
/home/sickboy/projects/avr8-gnu-toolchain-linux_x86_64/bin/../lib/gcc/avr/4.6.2/../../../../avr/lib/avr51/libc.a(malloc.o)
                              obj_micaz/packages.o (malloc)
/home/sickboy/projects/avr8-gnu-toolchain-linux_x86_64/bin/../lib/gcc/avr/4.6.2/../../../../avr/lib/avr51/libc.a(rand.o)
                              contiki-micaz.a(random.o) (rand)
/home/sickboy/projects/avr8-gnu-toolchain-linux_x86_64/bin/../lib/gcc/avr/4.6.2/../../../../avr/lib/avr51/libc.a(memcpy.o)
                              contiki-micaz.a(packetbuf.o) (memcpy)
/home/sickboy/projects/avr8-gnu-toolchain-linux_x86_64/bin/../lib/gcc/avr/4.6.2/../../../../avr/lib/avr51/libc.a(memset.o)
                              contiki-micaz.a(chameleon-bitop) (memset)
/home/sickboy/projects/avr8-gnu-toolchain-linux_x86_64/bin/../lib/gcc/avr/4.6.2/../../../../avr/lib/avr51/libc.a(iob.o)
                              contiki-micaz.a(rs232.o) (__iob)
/home/sickboy/projects/avr8-gnu-toolchain-linux_x86_64/bin/../lib/gcc/avr/4.6.2/../../../../avr/lib/avr51/libc.a(printf.o)
                              obj_micaz/packages.o (printf)
/home/sickboy/projects/avr8-gnu-toolchain-linux_x86_64/bin/../lib/gcc/avr/4.6.2/../../../../avr/lib/avr51/libc.a(printf_p.o)
                              contiki-micaz.a(contiki-micaz-m) (printf_P)
/home/sickboy/projects/avr8-gnu-toolchain-linux_x86_64/bin/../lib/gcc/avr/4.6.2/../../../../avr/lib/avr51/libc.a(vfprintf_std.o)
                              /home/sickboy/projects/avr8-gnu-toolchain-linux_x86_64/bin/../lib/gcc/avr/4.6.2/../../../../avr/lib/avr51/libc.a(printf.o) (vfprintf)
/home/sickboy/projects/avr8-gnu-toolchain-linux_x86_64/bin/../lib/gcc/avr/4.6.2/../../../../avr/lib/avr51/libc.a(eerd_block_atmega128.o)
                              contiki-micaz.a(eeprom.o) (__eerd_block_m128)
/home/sickboy/projects/avr8-gnu-toolchain-linux_x86_64/bin/../lib/gcc/avr/4.6.2/../../../../avr/lib/avr51/libc.a(eewr_block_atmega128.o)
                              contiki-micaz.a(eeprom.o) (__eewr_block_m128)
/home/sickboy/projects/avr8-gnu-toolchain-linux_x86_64/bin/../lib/gcc/avr/4.6.2/../../../../avr/lib/avr51/libc.a(eewr_byte_atmega128.o)
                              /home/sickboy/projects/avr8-gnu-toolchain-linux_x86_64/bin/../lib/gcc/avr/4.6.2/../../../../avr/lib/avr51/libc.a(eewr_block_atmega128.o) (__eewr_r18_m128)
/home/sickboy/projects/avr8-gnu-toolchain-linux_x86_64/bin/../lib/gcc/avr/4.6.2/../../../../avr/lib/avr51/libc.a(strnlen_P.o)
                              /home/sickboy/projects/avr8-gnu-toolchain-linux_x86_64/bin/../lib/gcc/avr/4.6.2/../../../../avr/lib/avr51/libc.a(vfprintf_std.o) (strnlen_P)
/home/sickboy/projects/avr8-gnu-toolchain-linux_x86_64/bin/../lib/gcc/avr/4.6.2/../../../../avr/lib/avr51/libc.a(strnlen.o)
                              /home/sickboy/projects/avr8-gnu-toolchain-linux_x86_64/bin/../lib/gcc/avr/4.6.2/../../../../avr/lib/avr51/libc.a(vfprintf_std.o) (strnlen)
/home/sickboy/projects/avr8-gnu-toolchain-linux_x86_64/bin/../lib/gcc/avr/4.6.2/../../../../avr/lib/avr51/libc.a(fputc.o)
                              /home/sickboy/projects/avr8-gnu-toolchain-linux_x86_64/bin/../lib/gcc/avr/4.6.2/../../../../avr/lib/avr51/libc.a(vfprintf_std.o) (fputc)
/home/sickboy/projects/avr8-gnu-toolchain-linux_x86_64/bin/../lib/gcc/avr/4.6.2/../../../../avr/lib/avr51/libc.a(ultoa_invert.o)
                              /home/sickboy/projects/avr8-gnu-toolchain-linux_x86_64/bin/../lib/gcc/avr/4.6.2/../../../../avr/lib/avr51/libc.a(vfprintf_std.o) (__ultoa_invert)
/home/sickboy/projects/avr8-gnu-toolchain-linux_x86_64/bin/../lib/gcc/avr/4.6.2/avr51/libgcc.a(_mulsi3.o)
                              /home/sickboy/projects/avr8-gnu-toolchain-linux_x86_64/bin/../lib/gcc/avr/4.6.2/../../../../avr/lib/avr51/libc.a(rand.o) (__mulsi3)
/home/sickboy/projects/avr8-gnu-toolchain-linux_x86_64/bin/../lib/gcc/avr/4.6.2/avr51/libgcc.a(_divmodsi4.o)
                              /home/sickboy/projects/avr8-gnu-toolchain-linux_x86_64/bin/../lib/gcc/avr/4.6.2/../../../../avr/lib/avr51/libc.a(rand.o) (__divmodsi4)
/home/sickboy/projects/avr8-gnu-toolchain-linux_x86_64/bin/../lib/gcc/avr/4.6.2/avr51/libgcc.a(_udivmodsi4.o)
                              /home/sickboy/projects/avr8-gnu-toolchain-linux_x86_64/bin/../lib/gcc/avr/4.6.2/avr51/libgcc.a(_divmodsi4.o) (__udivmodsi4)

Allocating common symbols
Common symbol       size              file

compower_idle_activity
                    0x8               contiki-micaz.a(compower.o)
ind_set             0xa               obj_micaz/pebble_functions.o
cc2420_last_rssi    0x1               contiki-micaz.a(cc2420.o)
cc2420_packets_read
                    0x2               contiki-micaz.a(cc2420.o)
cc2420_packets_seen
                    0x2               contiki-micaz.a(cc2420.o)
cc2420_sfd_start_time
                    0x2               contiki-micaz.a(cc2420.o)
considered_edge     0x2               obj_micaz/pebble_functions.o
cc2420_time_of_departure
                    0x2               contiki-micaz.a(cc2420.o)
input_handler_1     0x2               contiki-micaz.a(rs232.o)
cc2420_time_of_arrival
                    0x2               contiki-micaz.a(cc2420.o)
rimestats           0x48              contiki-micaz.a(rimestats.o)
packetbuf_addrs     0x8               contiki-micaz.a(packetbuf.o)
rimeaddr_node_addr  0x2               contiki-micaz.a(rimeaddr.o)
process_maxevents   0x1               contiki-micaz.a(process.o)
been_leader_tab     0x4               obj_micaz/pebble_functions.o
__brkval            0x2               /home/sickboy/projects/avr8-gnu-toolchain-linux_x86_64/bin/../lib/gcc/avr/4.6.2/../../../../avr/lib/avr51/libc.a(malloc.o)
cc2420_last_correlation
                    0x1               contiki-micaz.a(cc2420.o)
cc2420_authority_level_of_sender
                    0x2               contiki-micaz.a(cc2420.o)
peb_assign          0x4               obj_micaz/pebble_functions.o
packetbuf_attrs     0x30              contiki-micaz.a(packetbuf.o)
cc2420_sfd_counter  0x1               contiki-micaz.a(cc2420.o)
ds2401_id           0x8               contiki-micaz.a(ds2401.o)
received_leader_bid
                    0x4               obj_micaz/pebble_functions.o
input_handler_0     0x2               contiki-micaz.a(rs232.o)
incident_edges      0x6               obj_micaz/pebble_functions.o
__flp               0x2               /home/sickboy/projects/avr8-gnu-toolchain-linux_x86_64/bin/../lib/gcc/avr/4.6.2/../../../../avr/lib/avr51/libc.a(malloc.o)
cc2420_sfd_end_time
                    0x2               contiki-micaz.a(cc2420.o)
__iob               0x6               /home/sickboy/projects/avr8-gnu-toolchain-linux_x86_64/bin/../lib/gcc/avr/4.6.2/../../../../avr/lib/avr51/libc.a(iob.o)
adj_matrix          0x10              obj_micaz/pebble_functions.o
broadcast           0xb               attilio_send.co

Memory Configuration

Name             Origin             Length             Attributes
text             0x0000000000000000 0x0000000000020000 xr
data             0x0000000000800100 0x000000000000ff00 rw !x
eeprom           0x0000000000810000 0x0000000000010000 rw !x
fuse             0x0000000000820000 0x0000000000000400 rw !x
lock             0x0000000000830000 0x0000000000000400 rw !x
signature        0x0000000000840000 0x0000000000000400 rw !x
*default*        0x0000000000000000 0xffffffffffffffff

Linker script and memory map

Address of section .data set to 0x800100
LOAD /home/sickboy/projects/avr8-gnu-toolchain-linux_x86_64/bin/../lib/gcc/avr/4.6.2/../../../../avr/lib/avr51/crtm128.o
Address of section .bootloader set to 0x1f800
LOAD attilio_send.co
LOAD symbols.o
LOAD obj_micaz/packages.o
LOAD obj_micaz/pebble_functions.o
LOAD contiki-micaz.a
LOAD /home/sickboy/projects/avr8-gnu-toolchain-linux_x86_64/bin/../lib/gcc/avr/4.6.2/avr51/libgcc.a
LOAD /home/sickboy/projects/avr8-gnu-toolchain-linux_x86_64/bin/../lib/gcc/avr/4.6.2/../../../../avr/lib/avr51/libc.a
LOAD /home/sickboy/projects/avr8-gnu-toolchain-linux_x86_64/bin/../lib/gcc/avr/4.6.2/avr51/libgcc.a

.hash
 *(.hash)

.dynsym
 *(.dynsym)

.dynstr
 *(.dynstr)

.gnu.version
 *(.gnu.version)

.gnu.version_d
 *(.gnu.version_d)

.gnu.version_r
 *(.gnu.version_r)

.rel.init
 *(.rel.init)

.rela.init
 *(.rela.init)

.rel.text
 *(.rel.text)
 *(.rel.text.*)
 *(.rel.gnu.linkonce.t*)

.rela.text
 *(.rela.text)
 *(.rela.text.*)
 *(.rela.gnu.linkonce.t*)

.rel.fini
 *(.rel.fini)

.rela.fini
 *(.rela.fini)

.rel.rodata
 *(.rel.rodata)
 *(.rel.rodata.*)
 *(.rel.gnu.linkonce.r*)

.rela.rodata
 *(.rela.rodata)
 *(.rela.rodata.*)
 *(.rela.gnu.linkonce.r*)

.rel.data
 *(.rel.data)
 *(.rel.data.*)
 *(.rel.gnu.linkonce.d*)

.rela.data
 *(.rela.data)
 *(.rela.data.*)
 *(.rela.gnu.linkonce.d*)

.rel.ctors
 *(.rel.ctors)

.rela.ctors
 *(.rela.ctors)

.rel.dtors
 *(.rel.dtors)

.rela.dtors
 *(.rela.dtors)

.rel.got
 *(.rel.got)

.rela.got
 *(.rela.got)

.rel.bss
 *(.rel.bss)

.rela.bss
 *(.rela.bss)

.rel.plt
 *(.rel.plt)

.rela.plt
 *(.rela.plt)

.text           0x0000000000000000     0x543c
 *(.vectors)
 .vectors       0x0000000000000000       0x8c /home/sickboy/projects/avr8-gnu-toolchain-linux_x86_64/bin/../lib/gcc/avr/4.6.2/../../../../avr/lib/avr51/crtm128.o
                0x0000000000000000                __vectors
                0x0000000000000000                __vector_default
 *(.vectors)
 *(.progmem.gcc*)
 *(.progmem*)
 .progmem.data  0x000000000000008c       0x21 contiki-micaz.a(contiki-micaz-m)
 .progmem.data  0x00000000000000ad       0x83 contiki-micaz.a(init-net.o)
                0x0000000000000130                . = ALIGN (0x2)
                0x0000000000000130                __trampolines_start = .
 *(.trampolines)
 .trampolines   0x0000000000000130        0x0 linker stubs
 *(.trampolines*)
                0x0000000000000130                __trampolines_end = .
 *(.jumptables)
 *(.jumptables*)
 *(.lowtext)
 *(.lowtext*)
                0x0000000000000130                __ctors_start = .
 *(.ctors)
                0x0000000000000130                __ctors_end = .
                0x0000000000000130                __dtors_start = .
 *(.dtors)
                0x0000000000000130                __dtors_end = .
 SORT(*)(.ctors)
 SORT(*)(.dtors)
 *(.init0)
 .init0         0x0000000000000130        0x0 /home/sickboy/projects/avr8-gnu-toolchain-linux_x86_64/bin/../lib/gcc/avr/4.6.2/../../../../avr/lib/avr51/crtm128.o
                0x0000000000000130                __init
 *(.init0)
 *(.init1)
 *(.init1)
 *(.init2)
 .init2         0x0000000000000130        0xc /home/sickboy/projects/avr8-gnu-toolchain-linux_x86_64/bin/../lib/gcc/avr/4.6.2/../../../../avr/lib/avr51/crtm128.o
 *(.init2)
 *(.init3)
 *(.init3)
 *(.init4)
 .init4         0x000000000000013c       0x1c /home/sickboy/projects/avr8-gnu-toolchain-linux_x86_64/bin/../lib/gcc/avr/4.6.2/avr51/libgcc.a(_copy_data.o)
                0x000000000000013c                __do_copy_data
 .init4         0x0000000000000158       0x10 /home/sickboy/projects/avr8-gnu-toolchain-linux_x86_64/bin/../lib/gcc/avr/4.6.2/avr51/libgcc.a(_clear_bss.o)
                0x0000000000000158                __do_clear_bss
 *(.init4)
 *(.init5)
 *(.init5)
 *(.init6)
 *(.init6)
 *(.init7)
 *(.init7)
 *(.init8)
 *(.init8)
 *(.init9)
 .init9         0x0000000000000168        0x8 /home/sickboy/projects/avr8-gnu-toolchain-linux_x86_64/bin/../lib/gcc/avr/4.6.2/../../../../avr/lib/avr51/crtm128.o
 *(.init9)
 *(.text)
 .text          0x0000000000000170        0x4 /home/sickboy/projects/avr8-gnu-toolchain-linux_x86_64/bin/../lib/gcc/avr/4.6.2/../../../../avr/lib/avr51/crtm128.o
                0x0000000000000170                __vector_22
                0x0000000000000170                __vector_28
                0x0000000000000170                __vector_1
                0x0000000000000170                __vector_32
                0x0000000000000170                __vector_34
                0x0000000000000170                __vector_24
                0x0000000000000170                __vector_12
                0x0000000000000170                __bad_interrupt
                0x0000000000000170                __vector_6
                0x0000000000000170                __vector_31
                0x0000000000000170                __vector_3
                0x0000000000000170                __vector_23
                0x0000000000000170                __vector_25
                0x0000000000000170                __vector_11
                0x0000000000000170                __vector_13
                0x0000000000000170                __vector_17
                0x0000000000000170                __vector_19
                0x0000000000000170                __vector_27
                0x0000000000000170                __vector_5
                0x0000000000000170                __vector_33
                0x0000000000000170                __vector_4
                0x0000000000000170                __vector_9
                0x0000000000000170                __vector_2
                0x0000000000000170                __vector_21
                0x0000000000000170                __vector_29
                0x0000000000000170                __vector_8
                0x0000000000000170                __vector_14
                0x0000000000000170                __vector_10
                0x0000000000000170                __vector_16
                0x0000000000000170                __vector_20
 .text          0x0000000000000174      0x146 attilio_send.co
 .text          0x00000000000002ba        0x0 symbols.o
 .text          0x00000000000002ba      0x332 obj_micaz/packages.o
                0x00000000000002ba                send_start_pkg_broad
                0x000000000000030e                send_stop_pkg_broad
                0x0000000000000362                send_adj_pkg_broad
                0x00000000000003fc                send_token_pkg
                0x00000000000004e2                send_leader_bid_pkg
                0x000000000000056c                send_rigidity_pkg
 .text          0x00000000000005ec      0x10e obj_micaz/pebble_functions.o
                0x00000000000005ec                leader_election_init
                0x0000000000000614                check_all_leader_pkgs_rec
                0x0000000000000630                all_been_leader
                0x000000000000064c                leader_init
                0x00000000000006c0                agent_init
 .text          0x00000000000006fa       0xb6 contiki-micaz.a(broadcast.o)
                0x0000000000000756                broadcast_open
                0x000000000000078c                broadcast_close
                0x0000000000000792                broadcast_send
 .text          0x00000000000007b0       0x6a contiki-micaz.a(abc.o)
                0x00000000000007b0                abc_open
                0x00000000000007e2                abc_close
                0x00000000000007e8                abc_send
                0x00000000000007ee                abc_input
                0x0000000000000802                abc_sent
 .text          0x000000000000081a       0x7c contiki-micaz.a(channel.o)
                0x000000000000081a                channel_init
                0x0000000000000824                channel_open
                0x0000000000000836                channel_close
                0x0000000000000842                channel_lookup
                0x000000000000086c                channel_set_attributes
 .text          0x0000000000000896      0x166 contiki-micaz.a(list.o)
                0x0000000000000896                list_init
                0x000000000000089e                list_head
                0x00000000000008a6                list_copy
                0x00000000000008b4                list_tail
                0x00000000000008d0                list_chop
                0x00000000000008f8                list_pop
                0x0000000000000912                list_remove
                0x0000000000000954                list_push
                0x000000000000097c                list_add
                0x00000000000009ae                list_length
                0x00000000000009ca                list_insert
                0x00000000000009ea                list_item_next
 .text          0x00000000000009fc      0x2dc contiki-micaz.a(etimer.o)
                0x0000000000000a62                etimer_request_poll
                0x0000000000000bce                etimer_set
                0x0000000000000be4                etimer_reset
                0x0000000000000bfa                etimer_restart
                0x0000000000000c10                etimer_adjust
                0x0000000000000c24                etimer_expired
                0x0000000000000c3a                etimer_expiration_time
                0x0000000000000c4c                etimer_start_time
                0x0000000000000c54                etimer_pending
                0x0000000000000c6c                etimer_next_expiration_time
                0x0000000000000c88                etimer_stop
 .text          0x0000000000000cd8      0x32c contiki-micaz.a(packetbuf.o)
                0x0000000000000cd8                packetbuf_clear_hdr
                0x0000000000000ce0                packetbuf_copyto_hdr
                0x0000000000000d04                packetbuf_copyto
                0x0000000000000d80                packetbuf_hdr_remove
                0x0000000000000d8c                packetbuf_hdrreduce
                0x0000000000000dc8                packetbuf_set_datalen
                0x0000000000000dd2                packetbuf_dataptr
                0x0000000000000de0                packetbuf_hdrptr
                0x0000000000000dec                packetbuf_is_reference
                0x0000000000000e06                packetbuf_compact
                0x0000000000000e68                packetbuf_reference_ptr
                0x0000000000000e72                packetbuf_datalen
                0x0000000000000e7c                packetbuf_hdrlen
                0x0000000000000e86                packetbuf_totlen
                0x0000000000000e9c                packetbuf_hdralloc
                0x0000000000000ed8                packetbuf_attr_clear
                0x0000000000000f10                packetbuf_clear
                0x0000000000000f38                packetbuf_reference
                0x0000000000000f62                packetbuf_copyfrom
                0x0000000000000fc0                packetbuf_attr_copyto
                0x0000000000000fe2                packetbuf_attr_copyfrom
 .text          0x0000000000001004       0x12 contiki-micaz.a(contiki-micaz-m)
                0x0000000000001004                init_usart
 .text          0x0000000000001016      0x20e contiki-micaz.a(init-net.o)
                0x0000000000001016                init_net
 .text          0x0000000000001224       0x9e contiki-micaz.a(node-id.o)
                0x0000000000001224                node_id_restore
                0x000000000000127c                node_id_burn
 .text          0x00000000000012c2      0x178 contiki-micaz.a(clock.o)
                0x00000000000012c2                __vector_15
                0x0000000000001372                clock_init
                0x00000000000013aa                clock_time
                0x00000000000013c2                clock_delay
                0x00000000000013d8                clock_wait
                0x0000000000001400                clock_set_seconds
                0x0000000000001402                clock_seconds
 .text          0x000000000000143a      0x1b6 contiki-micaz.a(ds2401.o)
                0x000000000000147c                ds2401_init
 .text          0x00000000000015f0       0x20 contiki-micaz.a(eeprom.o)
                0x00000000000015f0                eeprom_write
                0x0000000000001600                eeprom_read
 .text          0x0000000000001610       0x82 contiki-micaz.a(leds.o)
                0x0000000000001620                leds_init
                0x000000000000162e                leds_get
                0x0000000000001634                leds_on
                0x0000000000001644                leds_off
                0x0000000000001656                leds_invert
                0x0000000000001666                leds_toggle
                0x000000000000166c                leds_blink
 .text          0x0000000000001692       0x42 contiki-micaz.a(rimeaddr.o)
                0x0000000000001692                rimeaddr_copy
                0x00000000000016a4                rimeaddr_cmp
                0x00000000000016c8                rimeaddr_set_node_addr
 .text          0x00000000000016d4      0x156 contiki-micaz.a(rime.o)
                0x00000000000017b8                rime_sniffer_add
                0x00000000000017c4                rime_sniffer_remove
                0x00000000000017d0                rime_output
 .text          0x000000000000182a        0x0 contiki-micaz.a(rimestats.o)
 .text          0x000000000000182a      0x178 contiki-micaz.a(announcement.o)
                0x000000000000182a                announcement_init
                0x0000000000001834                announcement_register
                0x0000000000001876                announcement_remove
                0x0000000000001882                announcement_remove_value
                0x00000000000018b2                announcement_set_value
                0x00000000000018ee                announcement_bump
                0x000000000000191c                announcement_listen
                0x000000000000192c                announcement_register_listen_callback
                0x0000000000001936                announcement_register_observer_callback
                0x0000000000001940                announcement_list
                0x000000000000194a                announcement_heard
 .text          0x00000000000019a2      0x222 contiki-micaz.a(broadcast-annou)
                0x0000000000001b46                broadcast_announcement_init
                0x0000000000001b96                broadcast_announcement_stop
                0x0000000000001bba                broadcast_announcement_beacon_interval
 .text          0x0000000000001bc4       0x60 contiki-micaz.a(chameleon.o)
                0x0000000000001bc4                chameleon_init
                0x0000000000001bca                chameleon_parse
                0x0000000000001be8                chameleon_create
                0x0000000000001c18                chameleon_hdrsize
 .text          0x0000000000001c24      0x4d0 contiki-micaz.a(chameleon-bitop)
                0x0000000000001c46                get_bits_in_byte
                0x0000000000001c84                get_bits
                0x0000000000001eb0                set_bits_in_byte
                0x0000000000001ed8                set_bits
 .text          0x00000000000020f4      0x7f6 contiki-micaz.a(cxmac.o)
                0x00000000000027aa                cxmac_init
                0x00000000000028e8                cxmac_set_announcement_radio_txpower
 .text          0x00000000000028ea       0x38 contiki-micaz.a(nullmac.o)
 .text          0x0000000000002922       0x10 contiki-micaz.a(mac.o)
                0x0000000000002922                mac_call_sent_callback
 .text          0x0000000000002932      0x210 contiki-micaz.a(framer-802154.o)
 .text          0x0000000000002b42      0x370 contiki-micaz.a(process.o)
                0x0000000000002caa                process_alloc_event
                0x0000000000002cb8                process_exit
                0x0000000000002cc6                process_init
                0x0000000000002cea                process_run
                0x0000000000002dba                process_nevents
                0x0000000000002dca                process_post
                0x0000000000002e24                process_post_synch
                0x0000000000002e42                process_start
                0x0000000000002e86                process_poll
                0x0000000000002e9e                process_is_running
 .text          0x0000000000002eb2       0x38 contiki-micaz.a(autostart.o)
                0x0000000000002eb2                autostart_start
                0x0000000000002ed0                autostart_exit
 .text          0x0000000000002eea      0x166 contiki-micaz.a(compower.o)
                0x0000000000002eea                compower_init
                0x0000000000002f0c                compower_accumulate
                0x0000000000002fbc                compower_clear
                0x0000000000002fd0                compower_attrconv
                0x0000000000003004                compower_accumulate_attrs
 .text          0x0000000000003050      0x11c contiki-micaz.a(memb.o)
                0x0000000000003050                memb_init
                0x000000000000308e                memb_alloc
                0x00000000000030e4                memb_free
                0x0000000000003130                memb_inmemb
 .text          0x000000000000316c       0x96 contiki-micaz.a(timer.o)
                0x000000000000316c                timer_set
                0x0000000000003184                timer_reset
                0x0000000000003198                timer_restart
                0x00000000000031ac                timer_expired
                0x00000000000031de                timer_remaining
 .text          0x0000000000003202      0x268 contiki-micaz.a(ctimer.o)
                0x00000000000032d0                ctimer_init
                0x00000000000032ea                ctimer_set
                0x0000000000003350                ctimer_reset
                0x00000000000033a4                ctimer_restart
                0x00000000000033f8                ctimer_stop
                0x0000000000003428                ctimer_expired
 .text          0x000000000000346a        0xe contiki-micaz.a(energest.o)
                0x000000000000346a                energest_type_set
                0x000000000000346c                energest_init
                0x000000000000346e                energest_type_time
                0x0000000000003476                energest_flush
 .text          0x0000000000003478       0x7a contiki-micaz.a(rtimer.o)
                0x0000000000003478                rtimer_init
                0x000000000000347e                rtimer_set
                0x00000000000034b4                rtimer_run_next
 .text          0x00000000000034f2        0xc contiki-micaz.a(random.o)
                0x00000000000034f2                random_init
                0x00000000000034f8                random_rand
 .text          0x00000000000034fe      0x1f0 contiki-micaz.a(queuebuf.o)
                0x00000000000034fe                queuebuf_init
                0x0000000000003518                queuebuf_new_from_packetbuf
                0x00000000000035a2                queuebuf_update_attr_from_packetbuf
                0x00000000000035b8                queuebuf_free
                0x00000000000035fc                queuebuf_to_packetbuf
                0x0000000000003672                queuebuf_dataptr
                0x00000000000036ac                queuebuf_datalen
                0x00000000000036ba                queuebuf_addr
                0x00000000000036d0                queuebuf_attr
                0x00000000000036ec                queuebuf_debug_print
 .text          0x00000000000036ee      0x1a8 contiki-micaz.a(rs232.o)
                0x00000000000036ee                __vector_18
                0x000000000000374a                __vector_30
                0x00000000000037a8                rs232_init
                0x00000000000037e4                rs232_send
                0x0000000000003802                rs232_stdout_putchar
                0x000000000000382c                rs232_set_input
                0x0000000000003848                rs232_print
                0x000000000000387a                slip_arch_writeb
                0x0000000000003884                rs232_redirect_stdout
 .text          0x0000000000003896       0x56 contiki-micaz.a(leds-arch.o)
                0x0000000000003896                leds_arch_init
                0x00000000000038a4                leds_arch_get
                0x00000000000038c4                leds_arch_set
 .text          0x00000000000038ec      0xaf0 contiki-micaz.a(cc2420.o)
                0x0000000000003b58                cc2420_on
                0x0000000000003b84                cc2420_off
                0x0000000000003e78                cc2420_get_channel
                0x0000000000003e82                cc2420_set_channel
                0x0000000000003f22                cc2420_set_pan_addr
                0x0000000000004034                cc2420_init
                0x00000000000040fc                cc2420_interrupt
                0x000000000000413a                cc2420_set_txpower
                0x000000000000414e                cc2420_get_txpower
                0x000000000000430c                cc2420_rssi
                0x000000000000438c                cc2420_cca_valid
                0x00000000000043c0                cc2420_set_cca_threshold
 .text          0x00000000000043dc       0x6e contiki-micaz.a(cc2420-arch.o)
                0x00000000000043dc                cc2420_arch_init
                0x00000000000043fa                __vector_7
 .text          0x000000000000444a       0xb6 contiki-micaz.a(rtimer-arch.o)
                0x000000000000444a                __vector_26
                0x00000000000044a4                rtimer_arch_init
                0x00000000000044dc                rtimer_arch_schedule
 .text          0x0000000000004500       0x50 contiki-micaz.a(watchdog.o)
                0x0000000000004500                watchdog_init
                0x0000000000004514                watchdog_start
                0x0000000000004528                watchdog_periodic
                0x000000000000452c                watchdog_stop
                0x000000000000453a                watchdog_reboot
 .text          0x0000000000004550      0x418 contiki-micaz.a(frame802154.o)
                0x00000000000045f8                frame802154_hdrlen
                0x0000000000004634                frame802154_create
                0x00000000000047d6                frame802154_parse
 .text          0x0000000000004968       0x16 contiki-micaz.a(spi.o)
                0x0000000000004968                spi_init
 .text          0x000000000000497e        0x0 /home/sickboy/projects/avr8-gnu-toolchain-linux_x86_64/bin/../lib/gcc/avr/4.6.2/avr51/libgcc.a(_udivmodhi4.o)
 .text          0x000000000000497e        0x0 /home/sickboy/projects/avr8-gnu-toolchain-linux_x86_64/bin/../lib/gcc/avr/4.6.2/avr51/libgcc.a(_exit.o)
 .text          0x000000000000497e        0x0 /home/sickboy/projects/avr8-gnu-toolchain-linux_x86_64/bin/../lib/gcc/avr/4.6.2/avr51/libgcc.a(_copy_data.o)
 .text          0x000000000000497e        0x0 /home/sickboy/projects/avr8-gnu-toolchain-linux_x86_64/bin/../lib/gcc/avr/4.6.2/avr51/libgcc.a(_clear_bss.o)
 .text          0x000000000000497e        0x0 /home/sickboy/projects/avr8-gnu-toolchain-linux_x86_64/bin/../lib/gcc/avr/4.6.2/../../../../avr/lib/avr51/libc.a(malloc.o)
 .text          0x000000000000497e        0x0 /home/sickboy/projects/avr8-gnu-toolchain-linux_x86_64/bin/../lib/gcc/avr/4.6.2/../../../../avr/lib/avr51/libc.a(rand.o)
 .text          0x000000000000497e        0x0 /home/sickboy/projects/avr8-gnu-toolchain-linux_x86_64/bin/../lib/gcc/avr/4.6.2/../../../../avr/lib/avr51/libc.a(memcpy.o)
 .text          0x000000000000497e        0x0 /home/sickboy/projects/avr8-gnu-toolchain-linux_x86_64/bin/../lib/gcc/avr/4.6.2/../../../../avr/lib/avr51/libc.a(memset.o)
 .text          0x000000000000497e        0x0 /home/sickboy/projects/avr8-gnu-toolchain-linux_x86_64/bin/../lib/gcc/avr/4.6.2/../../../../avr/lib/avr51/libc.a(iob.o)
 .text          0x000000000000497e        0x0 /home/sickboy/projects/avr8-gnu-toolchain-linux_x86_64/bin/../lib/gcc/avr/4.6.2/../../../../avr/lib/avr51/libc.a(printf.o)
 .text          0x000000000000497e        0x0 /home/sickboy/projects/avr8-gnu-toolchain-linux_x86_64/bin/../lib/gcc/avr/4.6.2/../../../../avr/lib/avr51/libc.a(printf_p.o)
 .text          0x000000000000497e        0x0 /home/sickboy/projects/avr8-gnu-toolchain-linux_x86_64/bin/../lib/gcc/avr/4.6.2/../../../../avr/lib/avr51/libc.a(vfprintf_std.o)
 .text          0x000000000000497e        0x0 /home/sickboy/projects/avr8-gnu-toolchain-linux_x86_64/bin/../lib/gcc/avr/4.6.2/../../../../avr/lib/avr51/libc.a(eerd_block_atmega128.o)
 .text          0x000000000000497e        0x0 /home/sickboy/projects/avr8-gnu-toolchain-linux_x86_64/bin/../lib/gcc/avr/4.6.2/../../../../avr/lib/avr51/libc.a(eewr_block_atmega128.o)
 .text          0x000000000000497e        0x0 /home/sickboy/projects/avr8-gnu-toolchain-linux_x86_64/bin/../lib/gcc/avr/4.6.2/../../../../avr/lib/avr51/libc.a(eewr_byte_atmega128.o)
 .text          0x000000000000497e        0x0 /home/sickboy/projects/avr8-gnu-toolchain-linux_x86_64/bin/../lib/gcc/avr/4.6.2/../../../../avr/lib/avr51/libc.a(strnlen_P.o)
 .text          0x000000000000497e        0x0 /home/sickboy/projects/avr8-gnu-toolchain-linux_x86_64/bin/../lib/gcc/avr/4.6.2/../../../../avr/lib/avr51/libc.a(strnlen.o)
 .text          0x000000000000497e        0x0 /home/sickboy/projects/avr8-gnu-toolchain-linux_x86_64/bin/../lib/gcc/avr/4.6.2/../../../../avr/lib/avr51/libc.a(fputc.o)
 .text          0x000000000000497e        0x0 /home/sickboy/projects/avr8-gnu-toolchain-linux_x86_64/bin/../lib/gcc/avr/4.6.2/../../../../avr/lib/avr51/libc.a(ultoa_invert.o)
 .text          0x000000000000497e        0x0 /home/sickboy/projects/avr8-gnu-toolchain-linux_x86_64/bin/../lib/gcc/avr/4.6.2/avr51/libgcc.a(_mulsi3.o)
 .text          0x000000000000497e        0x0 /home/sickboy/projects/avr8-gnu-toolchain-linux_x86_64/bin/../lib/gcc/avr/4.6.2/avr51/libgcc.a(_divmodsi4.o)
 .text          0x000000000000497e        0x0 /home/sickboy/projects/avr8-gnu-toolchain-linux_x86_64/bin/../lib/gcc/avr/4.6.2/avr51/libgcc.a(_udivmodsi4.o)
                0x000000000000497e                . = ALIGN (0x2)
 *(.text.*)
 .text.startup  0x000000000000497e       0x92 contiki-micaz.a(contiki-micaz-m)
                0x000000000000497e                main
 .text.libgcc   0x0000000000004a10       0x28 /home/sickboy/projects/avr8-gnu-toolchain-linux_x86_64/bin/../lib/gcc/avr/4.6.2/avr51/libgcc.a(_udivmodhi4.o)
                0x0000000000004a10                __udivmodhi4
 .text.libgcc   0x0000000000004a38        0x0 /home/sickboy/projects/avr8-gnu-toolchain-linux_x86_64/bin/../lib/gcc/avr/4.6.2/avr51/libgcc.a(_exit.o)
 .text.libgcc   0x0000000000004a38        0x0 /home/sickboy/projects/avr8-gnu-toolchain-linux_x86_64/bin/../lib/gcc/avr/4.6.2/avr51/libgcc.a(_copy_data.o)
 .text.libgcc   0x0000000000004a38        0x0 /home/sickboy/projects/avr8-gnu-toolchain-linux_x86_64/bin/../lib/gcc/avr/4.6.2/avr51/libgcc.a(_clear_bss.o)
 .text.avr-libc
                0x0000000000004a38      0x25e /home/sickboy/projects/avr8-gnu-toolchain-linux_x86_64/bin/../lib/gcc/avr/4.6.2/../../../../avr/lib/avr51/libc.a(malloc.o)
                0x0000000000004a38                malloc
                0x0000000000004b64                free
 .text.avr-libc
                0x0000000000004c96       0xca /home/sickboy/projects/avr8-gnu-toolchain-linux_x86_64/bin/../lib/gcc/avr/4.6.2/../../../../avr/lib/avr51/libc.a(rand.o)
                0x0000000000004d3a                rand_r
                0x0000000000004d40                rand
                0x0000000000004d4a                srand
 .text.avr-libc
                0x0000000000004d60       0x12 /home/sickboy/projects/avr8-gnu-toolchain-linux_x86_64/bin/../lib/gcc/avr/4.6.2/../../../../avr/lib/avr51/libc.a(memcpy.o)
                0x0000000000004d60                memcpy
 .text.avr-libc
                0x0000000000004d72        0xe /home/sickboy/projects/avr8-gnu-toolchain-linux_x86_64/bin/../lib/gcc/avr/4.6.2/../../../../avr/lib/avr51/libc.a(memset.o)
                0x0000000000004d72                memset
 .text.avr-libc
                0x0000000000004d80       0x24 /home/sickboy/projects/avr8-gnu-toolchain-linux_x86_64/bin/../lib/gcc/avr/4.6.2/../../../../avr/lib/avr51/libc.a(printf.o)
                0x0000000000004d80                printf
 .text.avr-libc
                0x0000000000004da4       0x40 /home/sickboy/projects/avr8-gnu-toolchain-linux_x86_64/bin/../lib/gcc/avr/4.6.2/../../../../avr/lib/avr51/libc.a(printf_p.o)
                0x0000000000004da4                printf_P
 .text.avr-libc
                0x0000000000004de4      0x40e /home/sickboy/projects/avr8-gnu-toolchain-linux_x86_64/bin/../lib/gcc/avr/4.6.2/../../../../avr/lib/avr51/libc.a(vfprintf_std.o)
                0x0000000000004de4                vfprintf
 .text.avr-libc
                0x00000000000051f2       0x20 /home/sickboy/projects/avr8-gnu-toolchain-linux_x86_64/bin/../lib/gcc/avr/4.6.2/../../../../avr/lib/avr51/libc.a(eerd_block_atmega128.o)
                0x00000000000051f2                __eerd_block_m128
                0x00000000000051f6                __eerd_blraw_m128
 .text.avr-libc
                0x0000000000005212       0x14 /home/sickboy/projects/avr8-gnu-toolchain-linux_x86_64/bin/../lib/gcc/avr/4.6.2/../../../../avr/lib/avr51/libc.a(eewr_block_atmega128.o)
                0x0000000000005212                __eewr_block_m128
 .text.avr-libc
                0x0000000000005226       0x1a /home/sickboy/projects/avr8-gnu-toolchain-linux_x86_64/bin/../lib/gcc/avr/4.6.2/../../../../avr/lib/avr51/libc.a(eewr_byte_atmega128.o)
                0x0000000000005226                __eewr_byte_m128
                0x0000000000005228                __eewr_r18_m128
 .text.avr-libc
                0x0000000000005240       0x16 /home/sickboy/projects/avr8-gnu-toolchain-linux_x86_64/bin/../lib/gcc/avr/4.6.2/../../../../avr/lib/avr51/libc.a(strnlen_P.o)
                0x0000000000005240                strnlen_P
 .text.avr-libc
                0x0000000000005256       0x16 /home/sickboy/projects/avr8-gnu-toolchain-linux_x86_64/bin/../lib/gcc/avr/4.6.2/../../../../avr/lib/avr51/libc.a(strnlen.o)
                0x0000000000005256                strnlen
 .text.avr-libc
                0x000000000000526c       0x58 /home/sickboy/projects/avr8-gnu-toolchain-linux_x86_64/bin/../lib/gcc/avr/4.6.2/../../../../avr/lib/avr51/libc.a(fputc.o)
                0x000000000000526c                fputc
 .text.avr-libc
                0x00000000000052c4       0xbc /home/sickboy/projects/avr8-gnu-toolchain-linux_x86_64/bin/../lib/gcc/avr/4.6.2/../../../../avr/lib/avr51/libc.a(ultoa_invert.o)
                0x00000000000052c4                __ultoa_invert
 .text.libgcc   0x0000000000005380       0x3e /home/sickboy/projects/avr8-gnu-toolchain-linux_x86_64/bin/../lib/gcc/avr/4.6.2/avr51/libgcc.a(_mulsi3.o)
                0x0000000000005380                __mulsi3
 .text.libgcc   0x00000000000053be       0x36 /home/sickboy/projects/avr8-gnu-toolchain-linux_x86_64/bin/../lib/gcc/avr/4.6.2/avr51/libgcc.a(_divmodsi4.o)
                0x00000000000053be                __divmodsi4
 .text.libgcc   0x00000000000053f4       0x44 /home/sickboy/projects/avr8-gnu-toolchain-linux_x86_64/bin/../lib/gcc/avr/4.6.2/avr51/libgcc.a(_udivmodsi4.o)
                0x00000000000053f4                __udivmodsi4
                0x0000000000005438                . = ALIGN (0x2)
 *(.fini9)
 .fini9         0x0000000000005438        0x0 /home/sickboy/projects/avr8-gnu-toolchain-linux_x86_64/bin/../lib/gcc/avr/4.6.2/avr51/libgcc.a(_exit.o)
                0x0000000000005438                exit
                0x0000000000005438                _exit
 *(.fini9)
 *(.fini8)
 *(.fini8)
 *(.fini7)
 *(.fini7)
 *(.fini6)
 *(.fini6)
 *(.fini5)
 *(.fini5)
 *(.fini4)
 *(.fini4)
 *(.fini3)
 *(.fini3)
 *(.fini2)
 *(.fini2)
 *(.fini1)
 *(.fini1)
 *(.fini0)
 .fini0         0x0000000000005438        0x4 /home/sickboy/projects/avr8-gnu-toolchain-linux_x86_64/bin/../lib/gcc/avr/4.6.2/avr51/libgcc.a(_exit.o)
 *(.fini0)
                0x000000000000543c                _etext = .

.data           0x0000000000800100       0xf2 load address 0x000000000000543c
                0x0000000000800100                PROVIDE (__data_start, .)
 *(.data)
 .data          0x0000000000800100        0x0 /home/sickboy/projects/avr8-gnu-toolchain-linux_x86_64/bin/../lib/gcc/avr/4.6.2/../../../../avr/lib/avr51/crtm128.o
 .data          0x0000000000800100       0x10 attilio_send.co
                0x0000000000800100                autostart_processes
                0x0000000000800104                example_broadcast_process
 .data          0x0000000000800110        0x6 symbols.o
                0x0000000000800110                symbols
                0x0000000000800114                symbols_nelts
 .data          0x0000000000800116       0x10 obj_micaz/packages.o
 .data          0x0000000000800126        0x3 obj_micaz/pebble_functions.o
                0x0000000000800126                NODE_ID
                0x0000000000800127                quad
                0x0000000000800128                pebbles
 .data          0x0000000000800129        0x8 contiki-micaz.a(broadcast.o)
 .data          0x0000000000800131        0x2 contiki-micaz.a(abc.o)
 .data          0x0000000000800133        0x0 contiki-micaz.a(channel.o)
 .data          0x0000000000800133        0x0 contiki-micaz.a(list.o)
 .data          0x0000000000800133        0x8 contiki-micaz.a(etimer.o)
                0x0000000000800133                etimer_process
 .data          0x000000000080013b        0x0 contiki-micaz.a(packetbuf.o)
 .data          0x000000000080013b        0x0 contiki-micaz.a(contiki-micaz-m)
 .data          0x000000000080013b        0x0 contiki-micaz.a(init-net.o)
 .data          0x000000000080013b        0x0 contiki-micaz.a(node-id.o)
 .data          0x000000000080013b        0x0 contiki-micaz.a(clock.o)
 .data          0x000000000080013b        0x0 contiki-micaz.a(ds2401.o)
 .data          0x000000000080013b        0x0 contiki-micaz.a(eeprom.o)
 .data          0x000000000080013b        0x0 contiki-micaz.a(leds.o)
 .data          0x000000000080013b        0x2 contiki-micaz.a(rimeaddr.o)
                0x000000000080013b                rimeaddr_null
 .data          0x000000000080013d        0xb contiki-micaz.a(rime.o)
                0x0000000000800142                rime_driver
 .data          0x0000000000800148        0x0 contiki-micaz.a(rimestats.o)
 .data          0x0000000000800148        0x0 contiki-micaz.a(announcement.o)
 .data          0x0000000000800148        0x4 contiki-micaz.a(broadcast-annou)
 .data          0x000000000080014c        0x0 contiki-micaz.a(chameleon.o)
 .data          0x000000000080014c        0xf contiki-micaz.a(chameleon-bitop)
                0x000000000080014c                chameleon_bitopt
 .data          0x000000000080015b       0x27 contiki-micaz.a(cxmac.o)
                0x0000000000800162                cxmac_driver
                0x0000000000800172                cxmac_config
 .data          0x0000000000800182       0x16 contiki-micaz.a(nullmac.o)
                0x000000000080018a                nullmac_driver
 .data          0x0000000000800198        0x0 contiki-micaz.a(mac.o)
 .data          0x0000000000800198        0x4 contiki-micaz.a(framer-802154.o)
                0x0000000000800198                framer_802154
 .data          0x000000000080019c        0x0 contiki-micaz.a(process.o)
 .data          0x000000000080019c        0x0 contiki-micaz.a(autostart.o)
 .data          0x000000000080019c        0x0 contiki-micaz.a(compower.o)
 .data          0x000000000080019c        0x0 contiki-micaz.a(memb.o)
 .data          0x000000000080019c        0x0 contiki-micaz.a(timer.o)
 .data          0x000000000080019c        0x8 contiki-micaz.a(ctimer.o)
                0x000000000080019c                ctimer_process
 .data          0x00000000008001a4        0x0 contiki-micaz.a(energest.o)
 .data          0x00000000008001a4        0x0 contiki-micaz.a(rtimer.o)
 .data          0x00000000008001a4        0x0 contiki-micaz.a(random.o)
 .data          0x00000000008001a4       0x18 contiki-micaz.a(queuebuf.o)
 .data          0x00000000008001bc        0xe contiki-micaz.a(rs232.o)
 .data          0x00000000008001ca        0x0 contiki-micaz.a(leds-arch.o)
 .data          0x00000000008001ca       0x1c contiki-micaz.a(cc2420.o)
                0x00000000008001ca                cc2420_driver
                0x00000000008001de                cc2420_process
 .data          0x00000000008001e6        0x0 contiki-micaz.a(cc2420-arch.o)
 .data          0x00000000008001e6        0x0 contiki-micaz.a(rtimer-arch.o)
 .data          0x00000000008001e6        0x0 contiki-micaz.a(watchdog.o)
 .data          0x00000000008001e6        0x2 contiki-micaz.a(frame802154.o)
 .data          0x00000000008001e8        0x0 contiki-micaz.a(spi.o)
 .data          0x00000000008001e8        0x0 /home/sickboy/projects/avr8-gnu-toolchain-linux_x86_64/bin/../lib/gcc/avr/4.6.2/avr51/libgcc.a(_udivmodhi4.o)
 .data          0x00000000008001e8        0x0 /home/sickboy/projects/avr8-gnu-toolchain-linux_x86_64/bin/../lib/gcc/avr/4.6.2/avr51/libgcc.a(_exit.o)
 .data          0x00000000008001e8        0x0 /home/sickboy/projects/avr8-gnu-toolchain-linux_x86_64/bin/../lib/gcc/avr/4.6.2/avr51/libgcc.a(_copy_data.o)
 .data          0x00000000008001e8        0x0 /home/sickboy/projects/avr8-gnu-toolchain-linux_x86_64/bin/../lib/gcc/avr/4.6.2/avr51/libgcc.a(_clear_bss.o)
 .data          0x00000000008001e8        0x6 /home/sickboy/projects/avr8-gnu-toolchain-linux_x86_64/bin/../lib/gcc/avr/4.6.2/../../../../avr/lib/avr51/libc.a(malloc.o)
                0x00000000008001e8                __malloc_heap_end
                0x00000000008001ea                __malloc_heap_start
                0x00000000008001ec                __malloc_margin
 .data          0x00000000008001ee        0x4 /home/sickboy/projects/avr8-gnu-toolchain-linux_x86_64/bin/../lib/gcc/avr/4.6.2/../../../../avr/lib/avr51/libc.a(rand.o)
 .data          0x00000000008001f2        0x0 /home/sickboy/projects/avr8-gnu-toolchain-linux_x86_64/bin/../lib/gcc/avr/4.6.2/../../../../avr/lib/avr51/libc.a(memcpy.o)
 .data          0x00000000008001f2        0x0 /home/sickboy/projects/avr8-gnu-toolchain-linux_x86_64/bin/../lib/gcc/avr/4.6.2/../../../../avr/lib/avr51/libc.a(memset.o)
 .data          0x00000000008001f2        0x0 /home/sickboy/projects/avr8-gnu-toolchain-linux_x86_64/bin/../lib/gcc/avr/4.6.2/../../../../avr/lib/avr51/libc.a(iob.o)
 .data          0x00000000008001f2        0x0 /home/sickboy/projects/avr8-gnu-toolchain-linux_x86_64/bin/../lib/gcc/avr/4.6.2/../../../../avr/lib/avr51/libc.a(printf.o)
 .data          0x00000000008001f2        0x0 /home/sickboy/projects/avr8-gnu-toolchain-linux_x86_64/bin/../lib/gcc/avr/4.6.2/../../../../avr/lib/avr51/libc.a(printf_p.o)
 .data          0x00000000008001f2        0x0 /home/sickboy/projects/avr8-gnu-toolchain-linux_x86_64/bin/../lib/gcc/avr/4.6.2/../../../../avr/lib/avr51/libc.a(vfprintf_std.o)
 .data          0x00000000008001f2        0x0 /home/sickboy/projects/avr8-gnu-toolchain-linux_x86_64/bin/../lib/gcc/avr/4.6.2/../../../../avr/lib/avr51/libc.a(eerd_block_atmega128.o)
 .data          0x00000000008001f2        0x0 /home/sickboy/projects/avr8-gnu-toolchain-linux_x86_64/bin/../lib/gcc/avr/4.6.2/../../../../avr/lib/avr51/libc.a(eewr_block_atmega128.o)
 .data          0x00000000008001f2        0x0 /home/sickboy/projects/avr8-gnu-toolchain-linux_x86_64/bin/../lib/gcc/avr/4.6.2/../../../../avr/lib/avr51/libc.a(eewr_byte_atmega128.o)
 .data          0x00000000008001f2        0x0 /home/sickboy/projects/avr8-gnu-toolchain-linux_x86_64/bin/../lib/gcc/avr/4.6.2/../../../../avr/lib/avr51/libc.a(strnlen_P.o)
 .data          0x00000000008001f2        0x0 /home/sickboy/projects/avr8-gnu-toolchain-linux_x86_64/bin/../lib/gcc/avr/4.6.2/../../../../avr/lib/avr51/libc.a(strnlen.o)
 .data          0x00000000008001f2        0x0 /home/sickboy/projects/avr8-gnu-toolchain-linux_x86_64/bin/../lib/gcc/avr/4.6.2/../../../../avr/lib/avr51/libc.a(fputc.o)
 .data          0x00000000008001f2        0x0 /home/sickboy/projects/avr8-gnu-toolchain-linux_x86_64/bin/../lib/gcc/avr/4.6.2/../../../../avr/lib/avr51/libc.a(ultoa_invert.o)
 .data          0x00000000008001f2        0x0 /home/sickboy/projects/avr8-gnu-toolchain-linux_x86_64/bin/../lib/gcc/avr/4.6.2/avr51/libgcc.a(_mulsi3.o)
 .data          0x00000000008001f2        0x0 /home/sickboy/projects/avr8-gnu-toolchain-linux_x86_64/bin/../lib/gcc/avr/4.6.2/avr51/libgcc.a(_divmodsi4.o)
 .data          0x00000000008001f2        0x0 /home/sickboy/projects/avr8-gnu-toolchain-linux_x86_64/bin/../lib/gcc/avr/4.6.2/avr51/libgcc.a(_udivmodsi4.o)
 *(.data*)
 *(.rodata)
 *(.rodata*)
 *(.gnu.linkonce.d*)
                0x00000000008001f2                . = ALIGN (0x2)
                0x00000000008001f2                _edata = .
                0x00000000008001f2                PROVIDE (__data_end, .)

.bss            0x00000000008001f2      0x8f7
                0x00000000008001f2                PROVIDE (__bss_start, .)
 *(.bss)
 .bss           0x00000000008001f2        0x0 /home/sickboy/projects/avr8-gnu-toolchain-linux_x86_64/bin/../lib/gcc/avr/4.6.2/../../../../avr/lib/avr51/crtm128.o
 .bss           0x00000000008001f2        0x8 attilio_send.co
 .bss           0x00000000008001fa        0x0 symbols.o
 .bss           0x00000000008001fa        0x0 obj_micaz/packages.o
 .bss           0x00000000008001fa        0xa obj_micaz/pebble_functions.o
                0x00000000008001fa                max_bid
                0x00000000008001fb                max_id
                0x00000000008001fc                num_incident_edges
                0x00000000008001fd                request_wait
                0x00000000008001fe                num_ind_set
                0x00000000008001ff                request_id
                0x0000000000800200                paths_searched
                0x0000000000800201                requester
                0x0000000000800202                been_leader
                0x0000000000800203                is_leader
 .bss           0x0000000000800204        0x0 contiki-micaz.a(broadcast.o)
 .bss           0x0000000000800204        0x0 contiki-micaz.a(abc.o)
 .bss           0x0000000000800204        0x2 contiki-micaz.a(channel.o)
 .bss           0x0000000000800206        0x0 contiki-micaz.a(list.o)
 .bss           0x0000000000800206        0x4 contiki-micaz.a(etimer.o)
 .bss           0x000000000080020a       0xb9 contiki-micaz.a(packetbuf.o)
 .bss           0x00000000008002c3        0x0 contiki-micaz.a(contiki-micaz-m)
 .bss           0x00000000008002c3        0x0 contiki-micaz.a(init-net.o)
 .bss           0x00000000008002c3        0x2 contiki-micaz.a(node-id.o)
                0x00000000008002c3                node_id
 .bss           0x00000000008002c5        0x8 contiki-micaz.a(clock.o)
 .bss           0x00000000008002cd        0x0 contiki-micaz.a(ds2401.o)
 .bss           0x00000000008002cd        0x0 contiki-micaz.a(eeprom.o)
 .bss           0x00000000008002cd        0x2 contiki-micaz.a(leds.o)
 .bss           0x00000000008002cf        0x0 contiki-micaz.a(rimeaddr.o)
 .bss           0x00000000008002cf        0x2 contiki-micaz.a(rime.o)
 .bss           0x00000000008002d1        0x0 contiki-micaz.a(rimestats.o)
 .bss           0x00000000008002d1        0x6 contiki-micaz.a(announcement.o)
 .bss           0x00000000008002d7       0x35 contiki-micaz.a(broadcast-annou)
 .bss           0x000000000080030c        0x0 contiki-micaz.a(chameleon.o)
 .bss           0x000000000080030c        0x0 contiki-micaz.a(chameleon-bitop)
 .bss           0x000000000080030c       0x44 contiki-micaz.a(cxmac.o)
 .bss           0x0000000000800350        0x0 contiki-micaz.a(nullmac.o)
 .bss           0x0000000000800350        0x0 contiki-micaz.a(mac.o)
 .bss           0x0000000000800350        0x2 contiki-micaz.a(framer-802154.o)
 .bss           0x0000000000800352       0x38 contiki-micaz.a(process.o)
                0x0000000000800352                process_current
                0x0000000000800354                process_list
 .bss           0x000000000080038a        0x0 contiki-micaz.a(autostart.o)
 .bss           0x000000000080038a        0x8 contiki-micaz.a(compower.o)
 .bss           0x0000000000800392        0x0 contiki-micaz.a(memb.o)
 .bss           0x0000000000800392        0x0 contiki-micaz.a(timer.o)
 .bss           0x0000000000800392        0x3 contiki-micaz.a(ctimer.o)
 .bss           0x0000000000800395        0x0 contiki-micaz.a(energest.o)
 .bss           0x0000000000800395        0x2 contiki-micaz.a(rtimer.o)
 .bss           0x0000000000800397        0x0 contiki-micaz.a(random.o)
 .bss           0x0000000000800397      0x65c contiki-micaz.a(queuebuf.o)
 .bss           0x00000000008009f3        0x1 contiki-micaz.a(rs232.o)
 .bss           0x00000000008009f4        0x0 contiki-micaz.a(leds-arch.o)
 .bss           0x00000000008009f4        0x9 contiki-micaz.a(cc2420.o)
 .bss           0x00000000008009fd        0x0 contiki-micaz.a(cc2420-arch.o)
 .bss           0x00000000008009fd        0x0 contiki-micaz.a(rtimer-arch.o)
 .bss           0x00000000008009fd        0x0 contiki-micaz.a(watchdog.o)
 .bss           0x00000000008009fd        0x0 contiki-micaz.a(frame802154.o)
 .bss           0x00000000008009fd        0x1 contiki-micaz.a(spi.o)
                0x00000000008009fd                spi_busy
 .bss           0x00000000008009fe        0x0 /home/sickboy/projects/avr8-gnu-toolchain-linux_x86_64/bin/../lib/gcc/avr/4.6.2/avr51/libgcc.a(_udivmodhi4.o)
 .bss           0x00000000008009fe        0x0 /home/sickboy/projects/avr8-gnu-toolchain-linux_x86_64/bin/../lib/gcc/avr/4.6.2/avr51/libgcc.a(_exit.o)
 .bss           0x00000000008009fe        0x0 /home/sickboy/projects/avr8-gnu-toolchain-linux_x86_64/bin/../lib/gcc/avr/4.6.2/avr51/libgcc.a(_copy_data.o)
 .bss           0x00000000008009fe        0x0 /home/sickboy/projects/avr8-gnu-toolchain-linux_x86_64/bin/../lib/gcc/avr/4.6.2/avr51/libgcc.a(_clear_bss.o)
 .bss           0x00000000008009fe        0x0 /home/sickboy/projects/avr8-gnu-toolchain-linux_x86_64/bin/../lib/gcc/avr/4.6.2/../../../../avr/lib/avr51/libc.a(malloc.o)
 .bss           0x00000000008009fe        0x0 /home/sickboy/projects/avr8-gnu-toolchain-linux_x86_64/bin/../lib/gcc/avr/4.6.2/../../../../avr/lib/avr51/libc.a(rand.o)
 .bss           0x00000000008009fe        0x0 /home/sickboy/projects/avr8-gnu-toolchain-linux_x86_64/bin/../lib/gcc/avr/4.6.2/../../../../avr/lib/avr51/libc.a(memcpy.o)
 .bss           0x00000000008009fe        0x0 /home/sickboy/projects/avr8-gnu-toolchain-linux_x86_64/bin/../lib/gcc/avr/4.6.2/../../../../avr/lib/avr51/libc.a(memset.o)
 .bss           0x00000000008009fe        0x0 /home/sickboy/projects/avr8-gnu-toolchain-linux_x86_64/bin/../lib/gcc/avr/4.6.2/../../../../avr/lib/avr51/libc.a(iob.o)
 .bss           0x00000000008009fe        0x0 /home/sickboy/projects/avr8-gnu-toolchain-linux_x86_64/bin/../lib/gcc/avr/4.6.2/../../../../avr/lib/avr51/libc.a(printf.o)
 .bss           0x00000000008009fe        0x0 /home/sickboy/projects/avr8-gnu-toolchain-linux_x86_64/bin/../lib/gcc/avr/4.6.2/../../../../avr/lib/avr51/libc.a(printf_p.o)
 .bss           0x00000000008009fe        0x0 /home/sickboy/projects/avr8-gnu-toolchain-linux_x86_64/bin/../lib/gcc/avr/4.6.2/../../../../avr/lib/avr51/libc.a(vfprintf_std.o)
 .bss           0x00000000008009fe        0x0 /home/sickboy/projects/avr8-gnu-toolchain-linux_x86_64/bin/../lib/gcc/avr/4.6.2/../../../../avr/lib/avr51/libc.a(eerd_block_atmega128.o)
 .bss           0x00000000008009fe        0x0 /home/sickboy/projects/avr8-gnu-toolchain-linux_x86_64/bin/../lib/gcc/avr/4.6.2/../../../../avr/lib/avr51/libc.a(eewr_block_atmega128.o)
 .bss           0x00000000008009fe        0x0 /home/sickboy/projects/avr8-gnu-toolchain-linux_x86_64/bin/../lib/gcc/avr/4.6.2/../../../../avr/lib/avr51/libc.a(eewr_byte_atmega128.o)
 .bss           0x00000000008009fe        0x0 /home/sickboy/projects/avr8-gnu-toolchain-linux_x86_64/bin/../lib/gcc/avr/4.6.2/../../../../avr/lib/avr51/libc.a(strnlen_P.o)
 .bss           0x00000000008009fe        0x0 /home/sickboy/projects/avr8-gnu-toolchain-linux_x86_64/bin/../lib/gcc/avr/4.6.2/../../../../avr/lib/avr51/libc.a(strnlen.o)
 .bss           0x00000000008009fe        0x0 /home/sickboy/projects/avr8-gnu-toolchain-linux_x86_64/bin/../lib/gcc/avr/4.6.2/../../../../avr/lib/avr51/libc.a(fputc.o)
 .bss           0x00000000008009fe        0x0 /home/sickboy/projects/avr8-gnu-toolchain-linux_x86_64/bin/../lib/gcc/avr/4.6.2/../../../../avr/lib/avr51/libc.a(ultoa_invert.o)
 .bss           0x00000000008009fe        0x0 /home/sickboy/projects/avr8-gnu-toolchain-linux_x86_64/bin/../lib/gcc/avr/4.6.2/avr51/libgcc.a(_mulsi3.o)
 .bss           0x00000000008009fe        0x0 /home/sickboy/projects/avr8-gnu-toolchain-linux_x86_64/bin/../lib/gcc/avr/4.6.2/avr51/libgcc.a(_divmodsi4.o)
 .bss           0x00000000008009fe        0x0 /home/sickboy/projects/avr8-gnu-toolchain-linux_x86_64/bin/../lib/gcc/avr/4.6.2/avr51/libgcc.a(_udivmodsi4.o)
 *(.bss*)
 *(COMMON)
 COMMON         0x00000000008009fe        0xb attilio_send.co
                0x00000000008009fe                broadcast
 COMMON         0x0000000000800a09       0x2e obj_micaz/pebble_functions.o
                0x0000000000800a09                ind_set
                0x0000000000800a13                considered_edge
                0x0000000000800a15                been_leader_tab
                0x0000000000800a19                peb_assign
                0x0000000000800a1d                received_leader_bid
                0x0000000000800a21                incident_edges
                0x0000000000800a27                adj_matrix
 COMMON         0x0000000000800a37       0x38 contiki-micaz.a(packetbuf.o)
                0x0000000000800a37                packetbuf_addrs
                0x0000000000800a3f                packetbuf_attrs
 COMMON         0x0000000000800a6f        0x8 contiki-micaz.a(ds2401.o)
                0x0000000000800a6f                ds2401_id
 COMMON         0x0000000000800a77        0x2 contiki-micaz.a(rimeaddr.o)
                0x0000000000800a77                rimeaddr_node_addr
 COMMON         0x0000000000800a79       0x48 contiki-micaz.a(rimestats.o)
                0x0000000000800a79                rimestats
 COMMON         0x0000000000800ac1        0x1 contiki-micaz.a(process.o)
                0x0000000000800ac1                process_maxevents
 COMMON         0x0000000000800ac2        0x8 contiki-micaz.a(compower.o)
                0x0000000000800ac2                compower_idle_activity
 COMMON         0x0000000000800aca        0x4 contiki-micaz.a(rs232.o)
                0x0000000000800aca                input_handler_1
                0x0000000000800acc                input_handler_0
 COMMON         0x0000000000800ace       0x11 contiki-micaz.a(cc2420.o)
                0x0000000000800ace                cc2420_last_rssi
                0x0000000000800acf                cc2420_packets_read
                0x0000000000800ad1                cc2420_packets_seen
                0x0000000000800ad3                cc2420_sfd_start_time
                0x0000000000800ad5                cc2420_time_of_departure
                0x0000000000800ad7                cc2420_time_of_arrival
                0x0000000000800ad9                cc2420_last_correlation
                0x0000000000800ada                cc2420_authority_level_of_sender
                0x0000000000800adc                cc2420_sfd_counter
                0x0000000000800add                cc2420_sfd_end_time
 COMMON         0x0000000000800adf        0x4 /home/sickboy/projects/avr8-gnu-toolchain-linux_x86_64/bin/../lib/gcc/avr/4.6.2/../../../../avr/lib/avr51/libc.a(malloc.o)
                0x0000000000800adf                __brkval
                0x0000000000800ae1                __flp
 COMMON         0x0000000000800ae3        0x6 /home/sickboy/projects/avr8-gnu-toolchain-linux_x86_64/bin/../lib/gcc/avr/4.6.2/../../../../avr/lib/avr51/libc.a(iob.o)
                0x0000000000800ae3                __iob
                0x0000000000800ae9                PROVIDE (__bss_end, .)
                0x000000000000543c                __data_load_start = LOADADDR (.data)
                0x000000000000552e                __data_load_end = (__data_load_start + SIZEOF (.data))

.noinit         0x0000000000800ae9        0x0
                0x0000000000800ae9                PROVIDE (__noinit_start, .)
 *(.noinit*)
                0x0000000000800ae9                PROVIDE (__noinit_end, .)
                0x0000000000800ae9                _end = .
                0x0000000000800ae9                PROVIDE (__heap_start, .)

.eeprom         0x0000000000810000        0x0
 *(.eeprom*)
                0x0000000000810000                __eeprom_end = .

.fuse
 *(.fuse)
 *(.lfuse)
 *(.hfuse)
 *(.efuse)

.lock
 *(.lock*)

.signature
 *(.signature*)

.stab           0x0000000000000000      0x6cc
 *(.stab)
 .stab          0x0000000000000000      0x6cc /home/sickboy/projects/avr8-gnu-toolchain-linux_x86_64/bin/../lib/gcc/avr/4.6.2/../../../../avr/lib/avr51/crtm128.o

.stabstr        0x0000000000000000       0x85
 *(.stabstr)
 .stabstr       0x0000000000000000       0x85 /home/sickboy/projects/avr8-gnu-toolchain-linux_x86_64/bin/../lib/gcc/avr/4.6.2/../../../../avr/lib/avr51/crtm128.o

.stab.excl
 *(.stab.excl)

.stab.exclstr
 *(.stab.exclstr)

.stab.index
 *(.stab.index)

.stab.indexstr
 *(.stab.indexstr)

.comment
 *(.comment)

.debug
 *(.debug)

.line
 *(.line)

.debug_srcinfo
 *(.debug_srcinfo)

.debug_sfnames
 *(.debug_sfnames)

.debug_aranges  0x0000000000000000      0x588
 *(.debug_aranges)
 .debug_aranges
                0x0000000000000000       0x20 attilio_send.co
 .debug_aranges
                0x0000000000000020       0x20 obj_micaz/packages.o
 .debug_aranges
                0x0000000000000040       0x20 obj_micaz/pebble_functions.o
 .debug_aranges
                0x0000000000000060       0x20 contiki-micaz.a(broadcast.o)
 .debug_aranges
                0x0000000000000080       0x20 contiki-micaz.a(abc.o)
 .debug_aranges
                0x00000000000000a0       0x20 contiki-micaz.a(channel.o)
 .debug_aranges
                0x00000000000000c0       0x20 contiki-micaz.a(list.o)
 .debug_aranges
                0x00000000000000e0       0x20 contiki-micaz.a(etimer.o)
 .debug_aranges
                0x0000000000000100       0x20 contiki-micaz.a(packetbuf.o)
 .debug_aranges
                0x0000000000000120       0x28 contiki-micaz.a(contiki-micaz-m)
 .debug_aranges
                0x0000000000000148       0x20 contiki-micaz.a(init-net.o)
 .debug_aranges
                0x0000000000000168       0x20 contiki-micaz.a(node-id.o)
 .debug_aranges
                0x0000000000000188       0x20 contiki-micaz.a(clock.o)
 .debug_aranges
                0x00000000000001a8       0x20 contiki-micaz.a(ds2401.o)
 .debug_aranges
                0x00000000000001c8       0x20 contiki-micaz.a(eeprom.o)
 .debug_aranges
                0x00000000000001e8       0x20 contiki-micaz.a(leds.o)
 .debug_aranges
                0x0000000000000208       0x20 contiki-micaz.a(rimeaddr.o)
 .debug_aranges
                0x0000000000000228       0x20 contiki-micaz.a(rime.o)
 .debug_aranges
                0x0000000000000248       0x20 contiki-micaz.a(announcement.o)
 .debug_aranges
                0x0000000000000268       0x20 contiki-micaz.a(broadcast-annou)
 .debug_aranges
                0x0000000000000288       0x20 contiki-micaz.a(chameleon.o)
 .debug_aranges
                0x00000000000002a8       0x20 contiki-micaz.a(chameleon-bitop)
 .debug_aranges
                0x00000000000002c8       0x20 contiki-micaz.a(cxmac.o)
 .debug_aranges
                0x00000000000002e8       0x20 contiki-micaz.a(nullmac.o)
 .debug_aranges
                0x0000000000000308       0x20 contiki-micaz.a(mac.o)
 .debug_aranges
                0x0000000000000328       0x20 contiki-micaz.a(framer-802154.o)
 .debug_aranges
                0x0000000000000348       0x20 contiki-micaz.a(process.o)
 .debug_aranges
                0x0000000000000368       0x20 contiki-micaz.a(autostart.o)
 .debug_aranges
                0x0000000000000388       0x20 contiki-micaz.a(compower.o)
 .debug_aranges
                0x00000000000003a8       0x20 contiki-micaz.a(memb.o)
 .debug_aranges
                0x00000000000003c8       0x20 contiki-micaz.a(timer.o)
 .debug_aranges
                0x00000000000003e8       0x20 contiki-micaz.a(ctimer.o)
 .debug_aranges
                0x0000000000000408       0x20 contiki-micaz.a(energest.o)
 .debug_aranges
                0x0000000000000428       0x20 contiki-micaz.a(rtimer.o)
 .debug_aranges
                0x0000000000000448       0x20 contiki-micaz.a(random.o)
 .debug_aranges
                0x0000000000000468       0x20 contiki-micaz.a(queuebuf.o)
 .debug_aranges
                0x0000000000000488       0x20 contiki-micaz.a(rs232.o)
 .debug_aranges
                0x00000000000004a8       0x20 contiki-micaz.a(leds-arch.o)
 .debug_aranges
                0x00000000000004c8       0x20 contiki-micaz.a(cc2420.o)
 .debug_aranges
                0x00000000000004e8       0x20 contiki-micaz.a(cc2420-arch.o)
 .debug_aranges
                0x0000000000000508       0x20 contiki-micaz.a(rtimer-arch.o)
 .debug_aranges
                0x0000000000000528       0x20 contiki-micaz.a(watchdog.o)
 .debug_aranges
                0x0000000000000548       0x20 contiki-micaz.a(frame802154.o)
 .debug_aranges
                0x0000000000000568       0x20 contiki-micaz.a(spi.o)

.debug_pubnames
 *(.debug_pubnames)

.debug_info     0x0000000000000000     0xbe8a
 *(.debug_info)
 .debug_info    0x0000000000000000      0x648 attilio_send.co
 .debug_info    0x0000000000000648       0xaf symbols.o
 .debug_info    0x00000000000006f7      0x717 obj_micaz/packages.o
 .debug_info    0x0000000000000e0e      0x541 obj_micaz/pebble_functions.o
 .debug_info    0x000000000000134f      0x589 contiki-micaz.a(broadcast.o)
 .debug_info    0x00000000000018d8      0x454 contiki-micaz.a(abc.o)
 .debug_info    0x0000000000001d2c      0x2f2 contiki-micaz.a(channel.o)
 .debug_info    0x000000000000201e      0x34c contiki-micaz.a(list.o)
 .debug_info    0x000000000000236a      0x508 contiki-micaz.a(etimer.o)
 .debug_info    0x0000000000002872      0x629 contiki-micaz.a(packetbuf.o)
 .debug_info    0x0000000000002e9b      0x2b8 contiki-micaz.a(contiki-micaz-m)
 .debug_info    0x0000000000003153      0x479 contiki-micaz.a(init-net.o)
 .debug_info    0x00000000000035cc      0x149 contiki-micaz.a(node-id.o)
 .debug_info    0x0000000000003715      0x1eb contiki-micaz.a(clock.o)
 .debug_info    0x0000000000003900      0x3b4 contiki-micaz.a(ds2401.o)
 .debug_info    0x0000000000003cb4      0x11d contiki-micaz.a(eeprom.o)
 .debug_info    0x0000000000003dd1      0x1ca contiki-micaz.a(leds.o)
 .debug_info    0x0000000000003f9b      0x19b contiki-micaz.a(rimeaddr.o)
 .debug_info    0x0000000000004136      0x613 contiki-micaz.a(rime.o)
 .debug_info    0x0000000000004749      0x146 contiki-micaz.a(rimestats.o)
 .debug_info    0x000000000000488f      0x3ed contiki-micaz.a(announcement.o)
 .debug_info    0x0000000000004c7c      0x8f6 contiki-micaz.a(broadcast-annou)
 .debug_info    0x0000000000005572      0x424 contiki-micaz.a(chameleon.o)
 .debug_info    0x0000000000005996      0x89a contiki-micaz.a(chameleon-bitop)
 .debug_info    0x0000000000006230     0x117e contiki-micaz.a(cxmac.o)
 .debug_info    0x00000000000073ae      0x44a contiki-micaz.a(nullmac.o)
 .debug_info    0x00000000000077f8      0x114 contiki-micaz.a(mac.o)
 .debug_info    0x000000000000790c      0x657 contiki-micaz.a(framer-802154.o)
 .debug_info    0x0000000000007f63      0x5cd contiki-micaz.a(process.o)
 .debug_info    0x0000000000008530      0x19f contiki-micaz.a(autostart.o)
 .debug_info    0x00000000000086cf      0x46a contiki-micaz.a(compower.o)
 .debug_info    0x0000000000008b39      0x1b0 contiki-micaz.a(memb.o)
 .debug_info    0x0000000000008ce9      0x184 contiki-micaz.a(timer.o)
 .debug_info    0x0000000000008e6d      0x46c contiki-micaz.a(ctimer.o)
 .debug_info    0x00000000000092d9      0x103 contiki-micaz.a(energest.o)
 .debug_info    0x00000000000093dc      0x1be contiki-micaz.a(rtimer.o)
 .debug_info    0x000000000000959a       0xa7 contiki-micaz.a(random.o)
 .debug_info    0x0000000000009641      0x6e6 contiki-micaz.a(queuebuf.o)
 .debug_info    0x0000000000009d27      0x420 contiki-micaz.a(rs232.o)
 .debug_info    0x000000000000a147       0xc1 contiki-micaz.a(leds-arch.o)
 .debug_info    0x000000000000a208     0x13fb contiki-micaz.a(cc2420.o)
 .debug_info    0x000000000000b603      0x16e contiki-micaz.a(cc2420-arch.o)
 .debug_info    0x000000000000b771       0xf9 contiki-micaz.a(rtimer-arch.o)
 .debug_info    0x000000000000b86a       0xdd contiki-micaz.a(watchdog.o)
 .debug_info    0x000000000000b947      0x4ac contiki-micaz.a(frame802154.o)
 .debug_info    0x000000000000bdf3       0x97 contiki-micaz.a(spi.o)
 *(.gnu.linkonce.wi.*)

.debug_abbrev   0x0000000000000000     0x4767
 *(.debug_abbrev)
 .debug_abbrev  0x0000000000000000      0x231 attilio_send.co
 .debug_abbrev  0x0000000000000231       0x82 symbols.o
 .debug_abbrev  0x00000000000002b3      0x1ff obj_micaz/packages.o
 .debug_abbrev  0x00000000000004b2      0x1aa obj_micaz/pebble_functions.o
 .debug_abbrev  0x000000000000065c      0x213 contiki-micaz.a(broadcast.o)
 .debug_abbrev  0x000000000000086f      0x199 contiki-micaz.a(abc.o)
 .debug_abbrev  0x0000000000000a08      0x180 contiki-micaz.a(channel.o)
 .debug_abbrev  0x0000000000000b88      0x151 contiki-micaz.a(list.o)
 .debug_abbrev  0x0000000000000cd9      0x275 contiki-micaz.a(etimer.o)
 .debug_abbrev  0x0000000000000f4e      0x272 contiki-micaz.a(packetbuf.o)
 .debug_abbrev  0x00000000000011c0      0x139 contiki-micaz.a(contiki-micaz-m)
 .debug_abbrev  0x00000000000012f9      0x1a2 contiki-micaz.a(init-net.o)
 .debug_abbrev  0x000000000000149b       0xcc contiki-micaz.a(node-id.o)
 .debug_abbrev  0x0000000000001567      0x138 contiki-micaz.a(clock.o)
 .debug_abbrev  0x000000000000169f      0x193 contiki-micaz.a(ds2401.o)
 .debug_abbrev  0x0000000000001832       0x8a contiki-micaz.a(eeprom.o)
 .debug_abbrev  0x00000000000018bc       0xeb contiki-micaz.a(leds.o)
 .debug_abbrev  0x00000000000019a7      0x110 contiki-micaz.a(rimeaddr.o)
 .debug_abbrev  0x0000000000001ab7      0x1ee contiki-micaz.a(rime.o)
 .debug_abbrev  0x0000000000001ca5       0x5d contiki-micaz.a(rimestats.o)
 .debug_abbrev  0x0000000000001d02      0x181 contiki-micaz.a(announcement.o)
 .debug_abbrev  0x0000000000001e83      0x2c2 contiki-micaz.a(broadcast-annou)
 .debug_abbrev  0x0000000000002145      0x1e5 contiki-micaz.a(chameleon.o)
 .debug_abbrev  0x000000000000232a      0x2f4 contiki-micaz.a(chameleon-bitop)
 .debug_abbrev  0x000000000000261e      0x3c5 contiki-micaz.a(cxmac.o)
 .debug_abbrev  0x00000000000029e3      0x1d4 contiki-micaz.a(nullmac.o)
 .debug_abbrev  0x0000000000002bb7       0xa0 contiki-micaz.a(mac.o)
 .debug_abbrev  0x0000000000002c57      0x227 contiki-micaz.a(framer-802154.o)
 .debug_abbrev  0x0000000000002e7e      0x33e contiki-micaz.a(process.o)
 .debug_abbrev  0x00000000000031bc       0xf5 contiki-micaz.a(autostart.o)
 .debug_abbrev  0x00000000000032b1      0x21a contiki-micaz.a(compower.o)
 .debug_abbrev  0x00000000000034cb       0xea contiki-micaz.a(memb.o)
 .debug_abbrev  0x00000000000035b5       0xe9 contiki-micaz.a(timer.o)
 .debug_abbrev  0x000000000000369e      0x1b5 contiki-micaz.a(ctimer.o)
 .debug_abbrev  0x0000000000003853       0x8d contiki-micaz.a(energest.o)
 .debug_abbrev  0x00000000000038e0      0x12a contiki-micaz.a(rtimer.o)
 .debug_abbrev  0x0000000000003a0a       0x67 contiki-micaz.a(random.o)
 .debug_abbrev  0x0000000000003a71      0x223 contiki-micaz.a(queuebuf.o)
 .debug_abbrev  0x0000000000003c94      0x215 contiki-micaz.a(rs232.o)
 .debug_abbrev  0x0000000000003ea9       0x87 contiki-micaz.a(leds-arch.o)
 .debug_abbrev  0x0000000000003f30      0x48c contiki-micaz.a(cc2420.o)
 .debug_abbrev  0x00000000000043bc       0xdd contiki-micaz.a(cc2420-arch.o)
 .debug_abbrev  0x0000000000004499       0x96 contiki-micaz.a(rtimer-arch.o)
 .debug_abbrev  0x000000000000452f       0x4c contiki-micaz.a(watchdog.o)
 .debug_abbrev  0x000000000000457b      0x18f contiki-micaz.a(frame802154.o)
 .debug_abbrev  0x000000000000470a       0x5d contiki-micaz.a(spi.o)

.debug_line     0x0000000000000000     0x393f
 *(.debug_line)
 .debug_line    0x0000000000000000      0x1e9 attilio_send.co
 .debug_line    0x00000000000001e9       0x46 symbols.o
 .debug_line    0x000000000000022f      0x19c obj_micaz/packages.o
 .debug_line    0x00000000000003cb      0x164 obj_micaz/pebble_functions.o
 .debug_line    0x000000000000052f      0x132 contiki-micaz.a(broadcast.o)
 .debug_line    0x0000000000000661      0x10d contiki-micaz.a(abc.o)
 .debug_line    0x000000000000076e      0x12f contiki-micaz.a(channel.o)
 .debug_line    0x000000000000089d       0xc5 contiki-micaz.a(list.o)
 .debug_line    0x0000000000000962      0x151 contiki-micaz.a(etimer.o)
 .debug_line    0x0000000000000ab3      0x19d contiki-micaz.a(packetbuf.o)
 .debug_line    0x0000000000000c50      0x1b7 contiki-micaz.a(contiki-micaz-m)
 .debug_line    0x0000000000000e07      0x18a contiki-micaz.a(init-net.o)
 .debug_line    0x0000000000000f91       0xf0 contiki-micaz.a(node-id.o)
 .debug_line    0x0000000000001081      0x13d contiki-micaz.a(clock.o)
 .debug_line    0x00000000000011be      0x15c contiki-micaz.a(ds2401.o)
 .debug_line    0x000000000000131a       0xe5 contiki-micaz.a(eeprom.o)
 .debug_line    0x00000000000013ff       0x6a contiki-micaz.a(leds.o)
 .debug_line    0x0000000000001469       0xd6 contiki-micaz.a(rimeaddr.o)
 .debug_line    0x000000000000153f      0x182 contiki-micaz.a(rime.o)
 .debug_line    0x00000000000016c1       0x4c contiki-micaz.a(rimestats.o)
 .debug_line    0x000000000000170d      0x133 contiki-micaz.a(announcement.o)
 .debug_line    0x0000000000001840      0x212 contiki-micaz.a(broadcast-annou)
 .debug_line    0x0000000000001a52      0x130 contiki-micaz.a(chameleon.o)
 .debug_line    0x0000000000001b82      0x20c contiki-micaz.a(chameleon-bitop)
 .debug_line    0x0000000000001d8e      0x39b contiki-micaz.a(cxmac.o)
 .debug_line    0x0000000000002129      0x12c contiki-micaz.a(nullmac.o)
 .debug_line    0x0000000000002255       0x52 contiki-micaz.a(mac.o)
 .debug_line    0x00000000000022a7      0x18c contiki-micaz.a(framer-802154.o)
 .debug_line    0x0000000000002433      0x13a contiki-micaz.a(process.o)
 .debug_line    0x000000000000256d       0x86 contiki-micaz.a(autostart.o)
 .debug_line    0x00000000000025f3      0x14a contiki-micaz.a(compower.o)
 .debug_line    0x000000000000273d       0x8e contiki-micaz.a(memb.o)
 .debug_line    0x00000000000027cb       0x8f contiki-micaz.a(timer.o)
 .debug_line    0x000000000000285a      0x13c contiki-micaz.a(ctimer.o)
 .debug_line    0x0000000000002996       0x4e contiki-micaz.a(energest.o)
 .debug_line    0x00000000000029e4       0x61 contiki-micaz.a(rtimer.o)
 .debug_line    0x0000000000002a45       0x49 contiki-micaz.a(random.o)
 .debug_line    0x0000000000002a8e      0x156 contiki-micaz.a(queuebuf.o)
 .debug_line    0x0000000000002be4      0x13b contiki-micaz.a(rs232.o)
 .debug_line    0x0000000000002d1f       0xf5 contiki-micaz.a(leds-arch.o)
 .debug_line    0x0000000000002e14      0x598 contiki-micaz.a(cc2420.o)
 .debug_line    0x00000000000033ac      0x117 contiki-micaz.a(cc2420-arch.o)
 .debug_line    0x00000000000034c3       0xfb contiki-micaz.a(rtimer-arch.o)
 .debug_line    0x00000000000035be       0xcb contiki-micaz.a(watchdog.o)
 .debug_line    0x0000000000003689      0x1fb contiki-micaz.a(frame802154.o)
 .debug_line    0x0000000000003884       0xbb contiki-micaz.a(spi.o)

.debug_frame    0x0000000000000000     0x1f84
 *(.debug_frame)
 .debug_frame   0x0000000000000000       0x4c attilio_send.co
 .debug_frame   0x000000000000004c      0x168 obj_micaz/packages.o
 .debug_frame   0x00000000000001b4       0x64 obj_micaz/pebble_functions.o
 .debug_frame   0x0000000000000218       0xac contiki-micaz.a(broadcast.o)
 .debug_frame   0x00000000000002c4       0x84 contiki-micaz.a(abc.o)
 .debug_frame   0x0000000000000348       0x84 contiki-micaz.a(channel.o)
 .debug_frame   0x00000000000003cc      0x108 contiki-micaz.a(list.o)
 .debug_frame   0x00000000000004d4      0x150 contiki-micaz.a(etimer.o)
 .debug_frame   0x0000000000000624      0x1ec contiki-micaz.a(packetbuf.o)
 .debug_frame   0x0000000000000810       0x40 contiki-micaz.a(contiki-micaz-m)
 .debug_frame   0x0000000000000850       0x64 contiki-micaz.a(init-net.o)
 .debug_frame   0x00000000000008b4       0x54 contiki-micaz.a(node-id.o)
 .debug_frame   0x0000000000000908       0xec contiki-micaz.a(clock.o)
 .debug_frame   0x00000000000009f4       0x6c contiki-micaz.a(ds2401.o)
 .debug_frame   0x0000000000000a60       0x34 contiki-micaz.a(eeprom.o)
 .debug_frame   0x0000000000000a94       0x9c contiki-micaz.a(leds.o)
 .debug_frame   0x0000000000000b30       0x44 contiki-micaz.a(rimeaddr.o)
 .debug_frame   0x0000000000000b74       0xbc contiki-micaz.a(rime.o)
 .debug_frame   0x0000000000000c30      0x10c contiki-micaz.a(announcement.o)
 .debug_frame   0x0000000000000d3c      0x128 contiki-micaz.a(broadcast-annou)
 .debug_frame   0x0000000000000e64       0x60 contiki-micaz.a(chameleon.o)
 .debug_frame   0x0000000000000ec4      0x190 contiki-micaz.a(chameleon-bitop)
 .debug_frame   0x0000000000001054      0x168 contiki-micaz.a(cxmac.o)
 .debug_frame   0x00000000000011bc       0x74 contiki-micaz.a(nullmac.o)
 .debug_frame   0x0000000000001230       0x24 contiki-micaz.a(mac.o)
 .debug_frame   0x0000000000001254       0x6c contiki-micaz.a(framer-802154.o)
 .debug_frame   0x00000000000012c0      0x138 contiki-micaz.a(process.o)
 .debug_frame   0x00000000000013f8       0x4c contiki-micaz.a(autostart.o)
 .debug_frame   0x0000000000001444       0x78 contiki-micaz.a(compower.o)
 .debug_frame   0x00000000000014bc       0x60 contiki-micaz.a(memb.o)
 .debug_frame   0x000000000000151c       0x94 contiki-micaz.a(timer.o)
 .debug_frame   0x00000000000015b0       0xf8 contiki-micaz.a(ctimer.o)
 .debug_frame   0x00000000000016a8       0x54 contiki-micaz.a(energest.o)
 .debug_frame   0x00000000000016fc       0x50 contiki-micaz.a(rtimer.o)
 .debug_frame   0x000000000000174c       0x34 contiki-micaz.a(random.o)
 .debug_frame   0x0000000000001780       0xec contiki-micaz.a(queuebuf.o)
 .debug_frame   0x000000000000186c      0x14c contiki-micaz.a(rs232.o)
 .debug_frame   0x00000000000019b8       0x44 contiki-micaz.a(leds-arch.o)
 .debug_frame   0x00000000000019fc      0x32c contiki-micaz.a(cc2420.o)
 .debug_frame   0x0000000000001d28       0x7c contiki-micaz.a(cc2420-arch.o)
 .debug_frame   0x0000000000001da4       0x8c contiki-micaz.a(rtimer-arch.o)
 .debug_frame   0x0000000000001e30       0x64 contiki-micaz.a(watchdog.o)
 .debug_frame   0x0000000000001e94       0xcc contiki-micaz.a(frame802154.o)
 .debug_frame   0x0000000000001f60       0x24 contiki-micaz.a(spi.o)

.debug_str      0x0000000000000000     0x2e25
 *(.debug_str)
 .debug_str     0x0000000000000000      0x2d9 attilio_send.co
                                        0x39d (size before relaxing)
 .debug_str     0x00000000000002d9       0x20 symbols.o
                                         0x93 (size before relaxing)
 .debug_str     0x00000000000002f9       0xaf obj_micaz/packages.o
                                        0x339 (size before relaxing)
 .debug_str     0x00000000000003a8      0x14a obj_micaz/pebble_functions.o
                                        0x2ca (size before relaxing)
 .debug_str     0x00000000000004f2      0x368 contiki-micaz.a(broadcast.o)
                                        0x54d (size before relaxing)
 .debug_str     0x000000000000085a       0x49 contiki-micaz.a(abc.o)
                                        0x4de (size before relaxing)
 .debug_str     0x00000000000008a3       0x92 contiki-micaz.a(channel.o)
                                        0x217 (size before relaxing)
 .debug_str     0x0000000000000935       0xa8 contiki-micaz.a(list.o)
                                        0x119 (size before relaxing)
 .debug_str     0x00000000000009dd      0x143 contiki-micaz.a(etimer.o)
                                        0x2b6 (size before relaxing)
 .debug_str     0x0000000000000b20      0x1ed contiki-micaz.a(packetbuf.o)
                                        0x62c (size before relaxing)
 .debug_str     0x0000000000000d0d       0x4e contiki-micaz.a(contiki-micaz-m)
                                        0x1f6 (size before relaxing)
 .debug_str     0x0000000000000d5b       0xe5 contiki-micaz.a(init-net.o)
                                        0x22f (size before relaxing)
 .debug_str     0x0000000000000e40       0x62 contiki-micaz.a(node-id.o)
                                        0x152 (size before relaxing)
 .debug_str     0x0000000000000ea2       0x81 contiki-micaz.a(clock.o)
                                        0x17f (size before relaxing)
 .debug_str     0x0000000000000f23       0x72 contiki-micaz.a(ds2401.o)
                                        0x172 (size before relaxing)
 .debug_str     0x0000000000000f95       0x29 contiki-micaz.a(eeprom.o)
                                        0x132 (size before relaxing)
 .debug_str     0x0000000000000fbe       0x74 contiki-micaz.a(leds.o)
                                        0x150 (size before relaxing)
 .debug_str     0x0000000000001032       0x5d contiki-micaz.a(rimeaddr.o)
                                        0x166 (size before relaxing)
 .debug_str     0x000000000000108f      0x16a contiki-micaz.a(rime.o)
                                        0x38c (size before relaxing)
 .debug_str     0x00000000000011f9       0x20 contiki-micaz.a(rimestats.o)
                                        0x11b (size before relaxing)
 .debug_str     0x0000000000001219      0x19f contiki-micaz.a(announcement.o)
                                        0x2f1 (size before relaxing)
 .debug_str     0x00000000000013b8      0x187 contiki-micaz.a(broadcast-annou)
                                        0x444 (size before relaxing)
 .debug_str     0x000000000000153f       0x97 contiki-micaz.a(chameleon.o)
                                        0x4f5 (size before relaxing)
 .debug_str     0x00000000000015d6       0xc4 contiki-micaz.a(chameleon-bitop)
                                        0x58c (size before relaxing)
 .debug_str     0x000000000000169a      0x370 contiki-micaz.a(cxmac.o)
                                        0xa54 (size before relaxing)
 .debug_str     0x0000000000001a0a       0x2a contiki-micaz.a(nullmac.o)
                                        0x233 (size before relaxing)
 .debug_str     0x0000000000001a34       0x30 contiki-micaz.a(mac.o)
                                        0x17b (size before relaxing)
 .debug_str     0x0000000000001a64      0x1b3 contiki-micaz.a(framer-802154.o)
                                        0x63b (size before relaxing)
 .debug_str     0x0000000000001c17      0x15f contiki-micaz.a(process.o)
                                        0x2a9 (size before relaxing)
 .debug_str     0x0000000000001d76       0x3a contiki-micaz.a(autostart.o)
                                        0x161 (size before relaxing)
 .debug_str     0x0000000000001db0      0x1b8 contiki-micaz.a(compower.o)
                                        0x61e (size before relaxing)
 .debug_str     0x0000000000001f68       0x46 contiki-micaz.a(memb.o)
                                        0x12b (size before relaxing)
 .debug_str     0x0000000000001fae       0x27 contiki-micaz.a(timer.o)
                                        0x150 (size before relaxing)
 .debug_str     0x0000000000001fd5       0xad contiki-micaz.a(ctimer.o)
                                        0x24a (size before relaxing)
 .debug_str     0x0000000000002082       0x5c contiki-micaz.a(energest.o)
                                        0x131 (size before relaxing)
 .debug_str     0x00000000000020de       0xb8 contiki-micaz.a(rtimer.o)
                                        0x1a8 (size before relaxing)
 .debug_str     0x0000000000002196       0x35 contiki-micaz.a(random.o)
                                        0x105 (size before relaxing)
 .debug_str     0x00000000000021cb      0x18a contiki-micaz.a(queuebuf.o)
                                        0x5fa (size before relaxing)
 .debug_str     0x0000000000002355      0x10a contiki-micaz.a(rs232.o)
                                        0x1f1 (size before relaxing)
 .debug_str     0x000000000000245f       0x50 contiki-micaz.a(leds-arch.o)
                                        0x12d (size before relaxing)
 .debug_str     0x00000000000024af      0x789 contiki-micaz.a(cc2420.o)
                                        0xdfd (size before relaxing)
 .debug_str     0x0000000000002c38       0x43 contiki-micaz.a(cc2420-arch.o)
                                        0x188 (size before relaxing)
 .debug_str     0x0000000000002c7b       0x50 contiki-micaz.a(rtimer-arch.o)
                                        0x14a (size before relaxing)
 .debug_str     0x0000000000002ccb       0x68 contiki-micaz.a(watchdog.o)
                                        0x136 (size before relaxing)
 .debug_str     0x0000000000002d33       0xca contiki-micaz.a(frame802154.o)
                                        0x324 (size before relaxing)
 .debug_str     0x0000000000002dfd       0x28 contiki-micaz.a(spi.o)
                                        0x100 (size before relaxing)

.debug_loc      0x0000000000000000     0x6be3
 *(.debug_loc)
 .debug_loc     0x0000000000000000      0x110 attilio_send.co
 .debug_loc     0x0000000000000110      0x5cf obj_micaz/packages.o
 .debug_loc     0x00000000000006df       0xa9 obj_micaz/pebble_functions.o
 .debug_loc     0x0000000000000788      0x234 contiki-micaz.a(broadcast.o)
 .debug_loc     0x00000000000009bc      0x16b contiki-micaz.a(abc.o)
 .debug_loc     0x0000000000000b27      0x1a4 contiki-micaz.a(channel.o)
 .debug_loc     0x0000000000000ccb      0x425 contiki-micaz.a(list.o)
 .debug_loc     0x00000000000010f0      0x54d contiki-micaz.a(etimer.o)
 .debug_loc     0x000000000000163d      0x3d3 contiki-micaz.a(packetbuf.o)
 .debug_loc     0x0000000000001a10       0x2f contiki-micaz.a(contiki-micaz-m)
 .debug_loc     0x0000000000001a3f       0xe5 contiki-micaz.a(init-net.o)
 .debug_loc     0x0000000000001b24       0xf2 contiki-micaz.a(node-id.o)
 .debug_loc     0x0000000000001c16      0x1a1 contiki-micaz.a(clock.o)
 .debug_loc     0x0000000000001db7      0x33e contiki-micaz.a(ds2401.o)
 .debug_loc     0x00000000000020f5       0xd0 contiki-micaz.a(eeprom.o)
 .debug_loc     0x00000000000021c5       0xe0 contiki-micaz.a(leds.o)
 .debug_loc     0x00000000000022a5       0xc4 contiki-micaz.a(rimeaddr.o)
 .debug_loc     0x0000000000002369      0x2c5 contiki-micaz.a(rime.o)
 .debug_loc     0x000000000000262e      0x319 contiki-micaz.a(announcement.o)
 .debug_loc     0x0000000000002947      0x447 contiki-micaz.a(broadcast-annou)
 .debug_loc     0x0000000000002d8e       0xe7 contiki-micaz.a(chameleon.o)
 .debug_loc     0x0000000000002e75      0x942 contiki-micaz.a(chameleon-bitop)
 .debug_loc     0x00000000000037b7      0x8ef contiki-micaz.a(cxmac.o)
 .debug_loc     0x00000000000040a6       0x48 contiki-micaz.a(nullmac.o)
 .debug_loc     0x00000000000040ee       0x90 contiki-micaz.a(mac.o)
 .debug_loc     0x000000000000417e      0x178 contiki-micaz.a(framer-802154.o)
 .debug_loc     0x00000000000042f6      0x494 contiki-micaz.a(process.o)
 .debug_loc     0x000000000000478a       0xb6 contiki-micaz.a(autostart.o)
 .debug_loc     0x0000000000004840       0xf5 contiki-micaz.a(compower.o)
 .debug_loc     0x0000000000004935      0x15b contiki-micaz.a(memb.o)
 .debug_loc     0x0000000000004a90      0x1c8 contiki-micaz.a(timer.o)
 .debug_loc     0x0000000000004c58      0x48d contiki-micaz.a(ctimer.o)
 .debug_loc     0x00000000000050e5       0xf6 contiki-micaz.a(rtimer.o)
 .debug_loc     0x00000000000051db       0x18 contiki-micaz.a(random.o)
 .debug_loc     0x00000000000051f3      0x2ec contiki-micaz.a(queuebuf.o)
 .debug_loc     0x00000000000054df      0x32a contiki-micaz.a(rs232.o)
 .debug_loc     0x0000000000005809      0xbfc contiki-micaz.a(cc2420.o)
 .debug_loc     0x0000000000006405       0xcb contiki-micaz.a(cc2420-arch.o)
 .debug_loc     0x00000000000064d0       0xef contiki-micaz.a(rtimer-arch.o)
 .debug_loc     0x00000000000065bf      0x624 contiki-micaz.a(frame802154.o)

.debug_macinfo
 *(.debug_macinfo)
OUTPUT(attilio_send.elf elf32-avr)
LOAD linker stubs

.bootloader     0x000000000001f800        0x0

.debug_ranges   0x0000000000000000      0x1c8
 .debug_ranges  0x0000000000000000       0x18 contiki-micaz.a(contiki-micaz-m)
 .debug_ranges  0x0000000000000018       0xd8 contiki-micaz.a(ds2401.o)
 .debug_ranges  0x00000000000000f0       0x60 contiki-micaz.a(chameleon-bitop)
 .debug_ranges  0x0000000000000150       0x78 contiki-micaz.a(cxmac.o)
